[2025-04-22T09:15:16.530+0200][gc,heap] Heap region size: 1M
[2025-04-22T09:15:16.567+0200][gc     ] Using G1
[2025-04-22T09:15:16.567+0200][gc,heap,coops] Heap address: 0x00000000c0000000, size: 1024 MB, Compressed Oops mode: 32-bit
[2025-04-22T09:15:16.568+0200][gc,cds       ] Mark closed archive regions in map: [0x00000000fff00000, 0x00000000fff6bff8]
[2025-04-22T09:15:16.568+0200][gc,cds       ] Mark open archive regions in map: [0x00000000ffe00000, 0x00000000ffe47ff8]
[2025-04-22T09:15:19.072+0200][gc,start     ] GC(0) Pause Young (Normal) (G1 Evacuation Pause)
[2025-04-22T09:15:19.074+0200][gc,task      ] GC(0) Using 8 workers of 8 for evacuation
[2025-04-22T09:15:19.086+0200][gc,phases    ] GC(0)   Pre Evacuate Collection Set: 0.0ms
[2025-04-22T09:15:19.086+0200][gc,phases    ] GC(0)   Evacuate Collection Set: 10.9ms
[2025-04-22T09:15:19.086+0200][gc,phases    ] GC(0)   Post Evacuate Collection Set: 0.7ms
[2025-04-22T09:15:19.086+0200][gc,phases    ] GC(0)   Other: 2.4ms
[2025-04-22T09:15:19.086+0200][gc,heap      ] GC(0) Eden regions: 51->0(44)
[2025-04-22T09:15:19.087+0200][gc,heap      ] GC(0) Survivor regions: 0->7(7)
[2025-04-22T09:15:19.087+0200][gc,heap      ] GC(0) Old regions: 2->2
[2025-04-22T09:15:19.087+0200][gc,heap      ] GC(0) Humongous regions: 0->0
[2025-04-22T09:15:19.087+0200][gc,metaspace ] GC(0) Metaspace: 13989K(14720K)->13989K(14720K) NonClass: 12272K(12800K)->12272K(12800K) Class: 1716K(1920K)->1716K(1920K)
[2025-04-22T09:15:19.087+0200][gc           ] GC(0) Pause Young (Normal) (G1 Evacuation Pause) 51M->7M(1024M) 14.269ms
[2025-04-22T09:15:19.087+0200][gc,cpu       ] GC(0) User=0.06s Sys=0.03s Real=0.01s
[2025-04-22T09:15:20.317+0200][gc,start     ] GC(1) Pause Young (Concurrent Start) (Metadata GC Threshold)
[2025-04-22T09:15:20.317+0200][gc,task      ] GC(1) Using 8 workers of 8 for evacuation
[2025-04-22T09:15:20.337+0200][gc,phases    ] GC(1)   Pre Evacuate Collection Set: 0.1ms
[2025-04-22T09:15:20.337+0200][gc,phases    ] GC(1)   Evacuate Collection Set: 18.3ms
[2025-04-22T09:15:20.337+0200][gc,phases    ] GC(1)   Post Evacuate Collection Set: 0.7ms
[2025-04-22T09:15:20.337+0200][gc,phases    ] GC(1)   Other: 0.6ms
[2025-04-22T09:15:20.337+0200][gc,heap      ] GC(1) Eden regions: 32->0(49)
[2025-04-22T09:15:20.337+0200][gc,heap      ] GC(1) Survivor regions: 7->2(7)
[2025-04-22T09:15:20.337+0200][gc,heap      ] GC(1) Old regions: 2->9
[2025-04-22T09:15:20.337+0200][gc,heap      ] GC(1) Humongous regions: 0->0
[2025-04-22T09:15:20.337+0200][gc,metaspace ] GC(1) Metaspace: 20630K(21248K)->20630K(21248K) NonClass: 18128K(18432K)->18128K(18432K) Class: 2502K(2816K)->2502K(2816K)
[2025-04-22T09:15:20.337+0200][gc           ] GC(1) Pause Young (Concurrent Start) (Metadata GC Threshold) 39M->8M(1024M) 19.972ms
[2025-04-22T09:15:20.337+0200][gc,cpu       ] GC(1) User=0.06s Sys=0.01s Real=0.02s
[2025-04-22T09:15:20.337+0200][gc           ] GC(2) Concurrent Cycle
[2025-04-22T09:15:20.337+0200][gc,marking   ] GC(2) Concurrent Clear Claimed Marks
[2025-04-22T09:15:20.337+0200][gc,marking   ] GC(2) Concurrent Clear Claimed Marks 0.034ms
[2025-04-22T09:15:20.337+0200][gc,marking   ] GC(2) Concurrent Scan Root Regions
[2025-04-22T09:15:20.339+0200][gc,marking   ] GC(2) Concurrent Scan Root Regions 1.477ms
[2025-04-22T09:15:20.339+0200][gc,marking   ] GC(2) Concurrent Mark (3.815s)
[2025-04-22T09:15:20.339+0200][gc,marking   ] GC(2) Concurrent Mark From Roots
[2025-04-22T09:15:20.339+0200][gc,task      ] GC(2) Using 2 workers of 2 for marking
[2025-04-22T09:15:20.349+0200][gc,marking   ] GC(2) Concurrent Mark From Roots 9.941ms
[2025-04-22T09:15:20.349+0200][gc,marking   ] GC(2) Concurrent Preclean
[2025-04-22T09:15:20.349+0200][gc,marking   ] GC(2) Concurrent Preclean 0.497ms
[2025-04-22T09:15:20.349+0200][gc,marking   ] GC(2) Concurrent Mark (3.815s, 3.826s) 10.539ms
[2025-04-22T09:15:20.350+0200][gc,start     ] GC(2) Pause Remark
[2025-04-22T09:15:20.352+0200][gc,stringtable] GC(2) Cleaned string and symbol table, strings: 5754 processed, 0 removed, symbols: 53630 processed, 45 removed
[2025-04-22T09:15:20.353+0200][gc            ] GC(2) Pause Remark 9M->9M(1024M) 3.153ms
[2025-04-22T09:15:20.353+0200][gc,cpu        ] GC(2) User=0.01s Sys=0.00s Real=0.01s
[2025-04-22T09:15:20.353+0200][gc,marking    ] GC(2) Concurrent Rebuild Remembered Sets
[2025-04-22T09:15:20.357+0200][gc,marking    ] GC(2) Concurrent Rebuild Remembered Sets 3.843ms
[2025-04-22T09:15:20.357+0200][gc,start      ] GC(2) Pause Cleanup
[2025-04-22T09:15:20.357+0200][gc            ] GC(2) Pause Cleanup 9M->9M(1024M) 0.406ms
[2025-04-22T09:15:20.357+0200][gc,cpu        ] GC(2) User=0.00s Sys=0.00s Real=0.00s
[2025-04-22T09:15:20.357+0200][gc,marking    ] GC(2) Concurrent Cleanup for Next Mark
[2025-04-22T09:15:20.370+0200][gc,marking    ] GC(2) Concurrent Cleanup for Next Mark 12.518ms
[2025-04-22T09:15:20.370+0200][gc            ] GC(2) Concurrent Cycle 32.972ms
[2025-04-22T09:15:21.610+0200][gc,start      ] GC(3) Pause Young (Normal) (G1 Evacuation Pause)
[2025-04-22T09:15:21.610+0200][gc,task       ] GC(3) Using 8 workers of 8 for evacuation
[2025-04-22T09:15:21.616+0200][gc,phases     ] GC(3)   Pre Evacuate Collection Set: 0.0ms
[2025-04-22T09:15:21.616+0200][gc,phases     ] GC(3)   Evacuate Collection Set: 5.0ms
[2025-04-22T09:15:21.616+0200][gc,phases     ] GC(3)   Post Evacuate Collection Set: 0.6ms
[2025-04-22T09:15:21.616+0200][gc,phases     ] GC(3)   Other: 0.4ms
[2025-04-22T09:15:21.616+0200][gc,heap       ] GC(3) Eden regions: 49->0(46)
[2025-04-22T09:15:21.616+0200][gc,heap       ] GC(3) Survivor regions: 2->5(7)
[2025-04-22T09:15:21.616+0200][gc,heap       ] GC(3) Old regions: 9->9
[2025-04-22T09:15:21.616+0200][gc,heap       ] GC(3) Humongous regions: 129->129
[2025-04-22T09:15:21.616+0200][gc,metaspace  ] GC(3) Metaspace: 28337K(29440K)->28337K(29440K) NonClass: 25036K(25600K)->25036K(25600K) Class: 3301K(3840K)->3301K(3840K)
[2025-04-22T09:15:21.616+0200][gc            ] GC(3) Pause Young (Normal) (G1 Evacuation Pause) 186M->141M(1024M) 6.243ms
[2025-04-22T09:15:21.616+0200][gc,cpu        ] GC(3) User=0.03s Sys=0.00s Real=0.01s
[2025-04-22T09:15:22.364+0200][gc,start      ] GC(4) Pause Young (Concurrent Start) (Metadata GC Threshold)
[2025-04-22T09:15:22.364+0200][gc,task       ] GC(4) Using 8 workers of 8 for evacuation
[2025-04-22T09:15:22.377+0200][gc,phases     ] GC(4)   Pre Evacuate Collection Set: 0.1ms
[2025-04-22T09:15:22.377+0200][gc,phases     ] GC(4)   Evacuate Collection Set: 12.0ms
[2025-04-22T09:15:22.377+0200][gc,phases     ] GC(4)   Post Evacuate Collection Set: 0.6ms
[2025-04-22T09:15:22.377+0200][gc,phases     ] GC(4)   Other: 0.6ms
[2025-04-22T09:15:22.377+0200][gc,heap       ] GC(4) Eden regions: 32->0(48)
[2025-04-22T09:15:22.377+0200][gc,heap       ] GC(4) Survivor regions: 5->3(7)
[2025-04-22T09:15:22.377+0200][gc,heap       ] GC(4) Old regions: 9->14
[2025-04-22T09:15:22.377+0200][gc,heap       ] GC(4) Humongous regions: 129->129
[2025-04-22T09:15:22.377+0200][gc,metaspace  ] GC(4) Metaspace: 34346K(35840K)->34346K(35840K) NonClass: 30341K(31232K)->30341K(31232K) Class: 4004K(4608K)->4004K(4608K)
[2025-04-22T09:15:22.377+0200][gc            ] GC(4) Pause Young (Concurrent Start) (Metadata GC Threshold) 172M->143M(1024M) 13.594ms
[2025-04-22T09:15:22.377+0200][gc,cpu        ] GC(4) User=0.04s Sys=0.01s Real=0.01s
[2025-04-22T09:15:22.377+0200][gc            ] GC(5) Concurrent Cycle
[2025-04-22T09:15:22.377+0200][gc,marking    ] GC(5) Concurrent Clear Claimed Marks
[2025-04-22T09:15:22.377+0200][gc,marking    ] GC(5) Concurrent Clear Claimed Marks 0.050ms
[2025-04-22T09:15:22.377+0200][gc,marking    ] GC(5) Concurrent Scan Root Regions
[2025-04-22T09:15:22.379+0200][gc,marking    ] GC(5) Concurrent Scan Root Regions 1.625ms
[2025-04-22T09:15:22.379+0200][gc,marking    ] GC(5) Concurrent Mark (5.856s)
[2025-04-22T09:15:22.379+0200][gc,marking    ] GC(5) Concurrent Mark From Roots
[2025-04-22T09:15:22.379+0200][gc,task       ] GC(5) Using 2 workers of 2 for marking
[2025-04-22T09:15:22.421+0200][gc,marking    ] GC(5) Concurrent Mark From Roots 41.899ms
[2025-04-22T09:15:22.421+0200][gc,marking    ] GC(5) Concurrent Preclean
[2025-04-22T09:15:22.422+0200][gc,marking    ] GC(5) Concurrent Preclean 0.494ms
[2025-04-22T09:15:22.422+0200][gc,marking    ] GC(5) Concurrent Mark (5.856s, 5.898s) 42.504ms
[2025-04-22T09:15:22.422+0200][gc,start      ] GC(5) Pause Remark
[2025-04-22T09:15:22.427+0200][gc,stringtable] GC(5) Cleaned string and symbol table, strings: 11533 processed, 11 removed, symbols: 87033 processed, 15 removed
[2025-04-22T09:15:22.427+0200][gc            ] GC(5) Pause Remark 145M->145M(1024M) 5.512ms
[2025-04-22T09:15:22.428+0200][gc,cpu        ] GC(5) User=0.03s Sys=0.00s Real=0.00s
[2025-04-22T09:15:22.428+0200][gc,marking    ] GC(5) Concurrent Rebuild Remembered Sets
[2025-04-22T09:15:22.438+0200][gc,marking    ] GC(5) Concurrent Rebuild Remembered Sets 10.539ms
[2025-04-22T09:15:22.439+0200][gc,start      ] GC(5) Pause Cleanup
[2025-04-22T09:15:22.439+0200][gc            ] GC(5) Pause Cleanup 146M->146M(1024M) 0.462ms
[2025-04-22T09:15:22.439+0200][gc,cpu        ] GC(5) User=0.00s Sys=0.00s Real=0.00s
[2025-04-22T09:15:22.440+0200][gc,marking    ] GC(5) Concurrent Cleanup for Next Mark
[2025-04-22T09:15:22.457+0200][gc,marking    ] GC(5) Concurrent Cleanup for Next Mark 17.018ms
[2025-04-22T09:15:22.457+0200][gc            ] GC(5) Concurrent Cycle 79.362ms
[2025-04-22T10:41:21.281+0200][gc,start      ] GC(6) Pause Young (Normal) (G1 Evacuation Pause)
[2025-04-22T10:41:21.281+0200][gc,task       ] GC(6) Using 8 workers of 8 for evacuation
[2025-04-22T10:41:21.289+0200][gc,phases     ] GC(6)   Pre Evacuate Collection Set: 0.4ms
[2025-04-22T10:41:21.290+0200][gc,phases     ] GC(6)   Evacuate Collection Set: 7.1ms
[2025-04-22T10:41:21.290+0200][gc,phases     ] GC(6)   Post Evacuate Collection Set: 0.7ms
[2025-04-22T10:41:21.290+0200][gc,phases     ] GC(6)   Other: 0.5ms
[2025-04-22T10:41:21.290+0200][gc,heap       ] GC(6) Eden regions: 48->0(48)
[2025-04-22T10:41:21.290+0200][gc,heap       ] GC(6) Survivor regions: 3->3(7)
[2025-04-22T10:41:21.290+0200][gc,heap       ] GC(6) Old regions: 14->14
[2025-04-22T10:41:21.290+0200][gc,heap       ] GC(6) Humongous regions: 129->129
[2025-04-22T10:41:21.290+0200][gc,metaspace  ] GC(6) Metaspace: 37118K(38860K)->37118K(38860K) NonClass: 32738K(33740K)->32738K(33740K) Class: 4379K(5120K)->4379K(5120K)
[2025-04-22T10:41:21.290+0200][gc            ] GC(6) Pause Young (Normal) (G1 Evacuation Pause) 191M->143M(1024M) 8.838ms
[2025-04-22T10:41:21.290+0200][gc,cpu        ] GC(6) User=0.05s Sys=0.00s Real=0.01s
[2025-04-22T12:39:07.974+0200][gc,start      ] GC(7) Pause Young (Normal) (G1 Evacuation Pause)
[2025-04-22T12:39:07.974+0200][gc,task       ] GC(7) Using 8 workers of 8 for evacuation
[2025-04-22T12:39:08.002+0200][gc,mmu        ] GC(7) MMU target violated: 21.0ms (20.0ms/21.0ms)
[2025-04-22T12:39:08.002+0200][gc,phases     ] GC(7)   Pre Evacuate Collection Set: 2.6ms
[2025-04-22T12:39:08.002+0200][gc,phases     ] GC(7)   Evacuate Collection Set: 20.5ms
[2025-04-22T12:39:08.002+0200][gc,phases     ] GC(7)   Post Evacuate Collection Set: 3.6ms
[2025-04-22T12:39:08.002+0200][gc,phases     ] GC(7)   Other: 0.5ms
[2025-04-22T12:39:08.002+0200][gc,heap       ] GC(7) Eden regions: 48->0(48)
[2025-04-22T12:39:08.002+0200][gc,heap       ] GC(7) Survivor regions: 3->3(7)
[2025-04-22T12:39:08.002+0200][gc,heap       ] GC(7) Old regions: 14->14
[2025-04-22T12:39:08.002+0200][gc,heap       ] GC(7) Humongous regions: 129->129
[2025-04-22T12:39:08.002+0200][gc,metaspace  ] GC(7) Metaspace: 37317K(38860K)->37317K(38860K) NonClass: 32937K(33740K)->32937K(33740K) Class: 4379K(5120K)->4379K(5120K)
[2025-04-22T12:39:08.002+0200][gc            ] GC(7) Pause Young (Normal) (G1 Evacuation Pause) 191M->143M(1024M) 27.492ms
[2025-04-22T12:39:08.002+0200][gc,cpu        ] GC(7) User=0.18s Sys=0.00s Real=0.03s
[2025-04-22T13:53:35.914+0200][gc,start      ] GC(8) Pause Young (Normal) (G1 Evacuation Pause)
[2025-04-22T13:53:35.938+0200][gc,task       ] GC(8) Using 8 workers of 8 for evacuation
[2025-04-22T13:53:35.946+0200][gc,phases     ] GC(8)   Pre Evacuate Collection Set: 0.3ms
[2025-04-22T13:53:35.946+0200][gc,phases     ] GC(8)   Evacuate Collection Set: 4.4ms
[2025-04-22T13:53:35.947+0200][gc,phases     ] GC(8)   Post Evacuate Collection Set: 3.0ms
[2025-04-22T13:53:35.947+0200][gc,phases     ] GC(8)   Other: 24.8ms
[2025-04-22T13:53:35.947+0200][gc,heap       ] GC(8) Eden regions: 48->0(47)
[2025-04-22T13:53:35.947+0200][gc,heap       ] GC(8) Survivor regions: 3->4(7)
[2025-04-22T13:53:35.947+0200][gc,heap       ] GC(8) Old regions: 14->14
[2025-04-22T13:53:35.947+0200][gc,heap       ] GC(8) Humongous regions: 129->129
[2025-04-22T13:53:35.947+0200][gc,metaspace  ] GC(8) Metaspace: 40702K(43084K)->40702K(43084K) NonClass: 35543K(36812K)->35543K(36812K) Class: 5158K(6272K)->5158K(6272K)
[2025-04-22T13:53:35.947+0200][gc            ] GC(8) Pause Young (Normal) (G1 Evacuation Pause) 191M->144M(1024M) 32.789ms
[2025-04-22T13:53:35.947+0200][gc,cpu        ] GC(8) User=0.04s Sys=0.00s Real=0.03s
[2025-04-22T13:59:58.567+0200][gc,start      ] GC(9) Pause Young (Normal) (G1 Evacuation Pause)
[2025-04-22T13:59:58.567+0200][gc,task       ] GC(9) Using 8 workers of 8 for evacuation
[2025-04-22T13:59:58.589+0200][gc,mmu        ] GC(9) MMU target violated: 21.0ms (20.0ms/21.0ms)
[2025-04-22T13:59:58.589+0200][gc,phases     ] GC(9)   Pre Evacuate Collection Set: 0.5ms
[2025-04-22T13:59:58.589+0200][gc,phases     ] GC(9)   Evacuate Collection Set: 18.8ms
[2025-04-22T13:59:58.589+0200][gc,phases     ] GC(9)   Post Evacuate Collection Set: 1.4ms
[2025-04-22T13:59:58.589+0200][gc,phases     ] GC(9)   Other: 0.7ms
[2025-04-22T13:59:58.589+0200][gc,heap       ] GC(9) Eden regions: 47->0(44)
[2025-04-22T13:59:58.589+0200][gc,heap       ] GC(9) Survivor regions: 4->7(7)
[2025-04-22T13:59:58.589+0200][gc,heap       ] GC(9) Old regions: 14->14
[2025-04-22T13:59:58.589+0200][gc,heap       ] GC(9) Humongous regions: 129->129
[2025-04-22T13:59:58.589+0200][gc,metaspace  ] GC(9) Metaspace: 43886K(46796K)->43886K(46796K) NonClass: 38313K(39884K)->38313K(39884K) Class: 5572K(6912K)->5572K(6912K)
[2025-04-22T13:59:58.589+0200][gc            ] GC(9) Pause Young (Normal) (G1 Evacuation Pause) 191M->147M(1024M) 21.574ms
[2025-04-22T13:59:58.589+0200][gc,cpu        ] GC(9) User=0.14s Sys=0.00s Real=0.02s
[2025-04-22T14:11:56.209+0200][gc,start      ] GC(10) Pause Young (Normal) (G1 Evacuation Pause)
[2025-04-22T14:11:56.209+0200][gc,task       ] GC(10) Using 8 workers of 8 for evacuation
[2025-04-22T14:11:56.234+0200][gc,mmu        ] GC(10) MMU target violated: 21.0ms (20.0ms/21.0ms)
[2025-04-22T14:11:56.234+0200][gc,phases     ] GC(10)   Pre Evacuate Collection Set: 0.2ms
[2025-04-22T14:11:56.234+0200][gc,phases     ] GC(10)   Evacuate Collection Set: 22.9ms
[2025-04-22T14:11:56.234+0200][gc,phases     ] GC(10)   Post Evacuate Collection Set: 0.9ms
[2025-04-22T14:11:56.234+0200][gc,phases     ] GC(10)   Other: 0.5ms
[2025-04-22T14:11:56.234+0200][gc,heap       ] GC(10) Eden regions: 44->0(46)
[2025-04-22T14:11:56.234+0200][gc,heap       ] GC(10) Survivor regions: 7->5(7)
[2025-04-22T14:11:56.234+0200][gc,heap       ] GC(10) Old regions: 14->17
[2025-04-22T14:11:56.234+0200][gc,heap       ] GC(10) Humongous regions: 129->129
[2025-04-22T14:11:56.234+0200][gc,metaspace  ] GC(10) Metaspace: 44316K(47180K)->44316K(47180K) NonClass: 38644K(40140K)->38644K(40140K) Class: 5671K(7040K)->5671K(7040K)
[2025-04-22T14:11:56.234+0200][gc            ] GC(10) Pause Young (Normal) (G1 Evacuation Pause) 191M->148M(1024M) 24.801ms
[2025-04-22T14:11:56.234+0200][gc,cpu        ] GC(10) User=0.16s Sys=0.00s Real=0.03s
[2025-04-22T14:26:19.450+0200][gc,start      ] GC(11) Pause Young (Normal) (G1 Evacuation Pause)
[2025-04-22T14:26:19.450+0200][gc,task       ] GC(11) Using 8 workers of 8 for evacuation
[2025-04-22T14:26:19.468+0200][gc,phases     ] GC(11)   Pre Evacuate Collection Set: 0.3ms
[2025-04-22T14:26:19.468+0200][gc,phases     ] GC(11)   Evacuate Collection Set: 16.6ms
[2025-04-22T14:26:19.468+0200][gc,phases     ] GC(11)   Post Evacuate Collection Set: 0.6ms
[2025-04-22T14:26:19.468+0200][gc,phases     ] GC(11)   Other: 0.4ms
[2025-04-22T14:26:19.468+0200][gc,heap       ] GC(11) Eden regions: 46->0(52)
[2025-04-22T14:26:19.468+0200][gc,heap       ] GC(11) Survivor regions: 5->2(7)
[2025-04-22T14:26:19.468+0200][gc,heap       ] GC(11) Old regions: 17->19
[2025-04-22T14:26:19.468+0200][gc,heap       ] GC(11) Humongous regions: 129->129
[2025-04-22T14:26:19.468+0200][gc,metaspace  ] GC(11) Metaspace: 44348K(47180K)->44348K(47180K) NonClass: 38676K(40140K)->38676K(40140K) Class: 5671K(7040K)->5671K(7040K)
[2025-04-22T14:26:19.468+0200][gc            ] GC(11) Pause Young (Normal) (G1 Evacuation Pause) 194M->148M(1024M) 18.307ms
[2025-04-22T14:26:19.468+0200][gc,cpu        ] GC(11) User=0.10s Sys=0.00s Real=0.02s
[2025-04-22T15:05:36.643+0200][gc,start      ] GC(12) Pause Young (Normal) (G1 Evacuation Pause)
[2025-04-22T15:05:36.643+0200][gc,task       ] GC(12) Using 8 workers of 8 for evacuation
[2025-04-22T15:05:36.660+0200][gc,phases     ] GC(12)   Pre Evacuate Collection Set: 0.2ms
[2025-04-22T15:05:36.660+0200][gc,phases     ] GC(12)   Evacuate Collection Set: 14.9ms
[2025-04-22T15:05:36.660+0200][gc,phases     ] GC(12)   Post Evacuate Collection Set: 1.4ms
[2025-04-22T15:05:36.660+0200][gc,phases     ] GC(12)   Other: 0.5ms
[2025-04-22T15:05:36.660+0200][gc,heap       ] GC(12) Eden regions: 52->0(52)
[2025-04-22T15:05:36.660+0200][gc,heap       ] GC(12) Survivor regions: 2->2(7)
[2025-04-22T15:05:36.660+0200][gc,heap       ] GC(12) Old regions: 19->19
[2025-04-22T15:05:36.660+0200][gc,heap       ] GC(12) Humongous regions: 129->129
[2025-04-22T15:05:36.660+0200][gc,metaspace  ] GC(12) Metaspace: 44431K(47436K)->44431K(47436K) NonClass: 38755K(40396K)->38755K(40396K) Class: 5675K(7040K)->5675K(7040K)
[2025-04-22T15:05:36.660+0200][gc            ] GC(12) Pause Young (Normal) (G1 Evacuation Pause) 200M->148M(1024M) 17.288ms
[2025-04-22T15:05:36.660+0200][gc,cpu        ] GC(12) User=0.11s Sys=0.00s Real=0.01s
[2025-04-22T15:43:10.248+0200][gc,start      ] GC(13) Pause Young (Normal) (G1 Evacuation Pause)
[2025-04-22T15:43:10.248+0200][gc,task       ] GC(13) Using 8 workers of 8 for evacuation
[2025-04-22T15:43:10.269+0200][gc,mmu        ] GC(13) MMU target violated: 20.2ms (20.0ms/21.0ms)
[2025-04-22T15:43:10.269+0200][gc,phases     ] GC(13)   Pre Evacuate Collection Set: 0.2ms
[2025-04-22T15:43:10.269+0200][gc,phases     ] GC(13)   Evacuate Collection Set: 16.3ms
[2025-04-22T15:43:10.269+0200][gc,phases     ] GC(13)   Post Evacuate Collection Set: 3.5ms
[2025-04-22T15:43:10.269+0200][gc,phases     ] GC(13)   Other: 0.5ms
[2025-04-22T15:43:10.269+0200][gc,heap       ] GC(13) Eden regions: 52->0(51)
[2025-04-22T15:43:10.269+0200][gc,heap       ] GC(13) Survivor regions: 2->3(7)
[2025-04-22T15:43:10.269+0200][gc,heap       ] GC(13) Old regions: 19->19
[2025-04-22T15:43:10.269+0200][gc,heap       ] GC(13) Humongous regions: 129->129
[2025-04-22T15:43:10.269+0200][gc,metaspace  ] GC(13) Metaspace: 44475K(47436K)->44475K(47436K) NonClass: 38799K(40396K)->38799K(40396K) Class: 5675K(7040K)->5675K(7040K)
[2025-04-22T15:43:10.269+0200][gc            ] GC(13) Pause Young (Normal) (G1 Evacuation Pause) 200M->148M(1024M) 20.703ms
[2025-04-22T15:43:10.269+0200][gc,cpu        ] GC(13) User=0.14s Sys=0.00s Real=0.02s
[2025-04-22T16:13:54.123+0200][gc,start      ] GC(14) Pause Young (Normal) (G1 Evacuation Pause)
[2025-04-22T16:13:54.123+0200][gc,task       ] GC(14) Using 8 workers of 8 for evacuation
[2025-04-22T16:13:54.143+0200][gc,mmu        ] GC(14) MMU target violated: 20.0ms (20.0ms/21.0ms)
[2025-04-22T16:13:54.143+0200][gc,phases     ] GC(14)   Pre Evacuate Collection Set: 0.6ms
[2025-04-22T16:13:54.143+0200][gc,phases     ] GC(14)   Evacuate Collection Set: 18.4ms
[2025-04-22T16:13:54.143+0200][gc,phases     ] GC(14)   Post Evacuate Collection Set: 0.7ms
[2025-04-22T16:13:54.144+0200][gc,phases     ] GC(14)   Other: 0.6ms
[2025-04-22T16:13:54.144+0200][gc,heap       ] GC(14) Eden regions: 51->0(49)
[2025-04-22T16:13:54.144+0200][gc,heap       ] GC(14) Survivor regions: 3->4(7)
[2025-04-22T16:13:54.144+0200][gc,heap       ] GC(14) Old regions: 19->19
[2025-04-22T16:13:54.144+0200][gc,heap       ] GC(14) Humongous regions: 129->129
[2025-04-22T16:13:54.144+0200][gc,metaspace  ] GC(14) Metaspace: 44561K(47436K)->44561K(47436K) NonClass: 38885K(40396K)->38885K(40396K) Class: 5675K(7040K)->5675K(7040K)
[2025-04-22T16:13:54.144+0200][gc            ] GC(14) Pause Young (Normal) (G1 Evacuation Pause) 199M->149M(1024M) 20.559ms
[2025-04-22T16:13:54.144+0200][gc,cpu        ] GC(14) User=0.14s Sys=0.00s Real=0.02s
[2025-04-22T16:28:28.455+0200][gc,start      ] GC(15) Pause Young (Normal) (G1 Evacuation Pause)
[2025-04-22T16:28:28.455+0200][gc,task       ] GC(15) Using 8 workers of 8 for evacuation
[2025-04-22T16:28:28.477+0200][gc,mmu        ] GC(15) MMU target violated: 21.0ms (20.0ms/21.0ms)
[2025-04-22T16:28:28.477+0200][gc,phases     ] GC(15)   Pre Evacuate Collection Set: 0.1ms
[2025-04-22T16:28:28.477+0200][gc,phases     ] GC(15)   Evacuate Collection Set: 20.0ms
[2025-04-22T16:28:28.477+0200][gc,phases     ] GC(15)   Post Evacuate Collection Set: 0.8ms
[2025-04-22T16:28:28.477+0200][gc,phases     ] GC(15)   Other: 0.5ms
[2025-04-22T16:28:28.477+0200][gc,heap       ] GC(15) Eden regions: 49->0(50)
[2025-04-22T16:28:28.477+0200][gc,heap       ] GC(15) Survivor regions: 4->4(7)
[2025-04-22T16:28:28.477+0200][gc,heap       ] GC(15) Old regions: 19->19
[2025-04-22T16:28:28.477+0200][gc,heap       ] GC(15) Humongous regions: 129->129
[2025-04-22T16:28:28.477+0200][gc,metaspace  ] GC(15) Metaspace: 44569K(47436K)->44569K(47436K) NonClass: 38893K(40396K)->38893K(40396K) Class: 5675K(7040K)->5675K(7040K)
[2025-04-22T16:28:28.477+0200][gc            ] GC(15) Pause Young (Normal) (G1 Evacuation Pause) 198M->149M(1024M) 21.654ms
[2025-04-22T16:28:28.477+0200][gc,cpu        ] GC(15) User=0.16s Sys=0.00s Real=0.02s
[2025-04-22T16:44:25.503+0200][gc,start      ] GC(16) Pause Young (Normal) (G1 Evacuation Pause)
[2025-04-22T16:44:25.503+0200][gc,task       ] GC(16) Using 8 workers of 8 for evacuation
[2025-04-22T16:44:25.522+0200][gc,phases     ] GC(16)   Pre Evacuate Collection Set: 0.2ms
[2025-04-22T16:44:25.522+0200][gc,phases     ] GC(16)   Evacuate Collection Set: 10.4ms
[2025-04-22T16:44:25.522+0200][gc,phases     ] GC(16)   Post Evacuate Collection Set: 8.0ms
[2025-04-22T16:44:25.522+0200][gc,phases     ] GC(16)   Other: 0.4ms
[2025-04-22T16:44:25.522+0200][gc,heap       ] GC(16) Eden regions: 50->0(51)
[2025-04-22T16:44:25.522+0200][gc,heap       ] GC(16) Survivor regions: 4->4(7)
[2025-04-22T16:44:25.522+0200][gc,heap       ] GC(16) Old regions: 19->19
[2025-04-22T16:44:25.522+0200][gc,heap       ] GC(16) Humongous regions: 129->129
[2025-04-22T16:44:25.522+0200][gc,metaspace  ] GC(16) Metaspace: 44572K(47436K)->44572K(47436K) NonClass: 38896K(40396K)->38896K(40396K) Class: 5675K(7040K)->5675K(7040K)
[2025-04-22T16:44:25.522+0200][gc            ] GC(16) Pause Young (Normal) (G1 Evacuation Pause) 199M->149M(1024M) 19.297ms
[2025-04-22T16:44:25.522+0200][gc,cpu        ] GC(16) User=0.11s Sys=0.00s Real=0.02s
[2025-04-22T17:00:52.693+0200][gc,start      ] GC(17) Pause Young (Normal) (G1 Evacuation Pause)
[2025-04-22T17:00:52.693+0200][gc,task       ] GC(17) Using 8 workers of 8 for evacuation
[2025-04-22T17:00:52.719+0200][gc,mmu        ] GC(17) MMU target violated: 21.0ms (20.0ms/21.0ms)
[2025-04-22T17:00:52.719+0200][gc,phases     ] GC(17)   Pre Evacuate Collection Set: 0.3ms
[2025-04-22T17:00:52.719+0200][gc,phases     ] GC(17)   Evacuate Collection Set: 24.5ms
[2025-04-22T17:00:52.719+0200][gc,phases     ] GC(17)   Post Evacuate Collection Set: 0.9ms
[2025-04-22T17:00:52.719+0200][gc,phases     ] GC(17)   Other: 0.8ms
[2025-04-22T17:00:52.719+0200][gc,heap       ] GC(17) Eden regions: 51->0(54)
[2025-04-22T17:00:52.719+0200][gc,heap       ] GC(17) Survivor regions: 4->4(7)
[2025-04-22T17:00:52.719+0200][gc,heap       ] GC(17) Old regions: 19->19
[2025-04-22T17:00:52.719+0200][gc,heap       ] GC(17) Humongous regions: 129->129
[2025-04-22T17:00:52.719+0200][gc,metaspace  ] GC(17) Metaspace: 44575K(47436K)->44575K(47436K) NonClass: 38899K(40396K)->38899K(40396K) Class: 5675K(7040K)->5675K(7040K)
[2025-04-22T17:00:52.719+0200][gc            ] GC(17) Pause Young (Normal) (G1 Evacuation Pause) 200M->149M(1024M) 26.541ms
[2025-04-22T17:00:52.719+0200][gc,cpu        ] GC(17) User=0.18s Sys=0.00s Real=0.02s
[2025-04-22T17:17:29.599+0200][gc,start      ] GC(18) Pause Young (Normal) (G1 Evacuation Pause)
[2025-04-22T17:17:29.600+0200][gc,task       ] GC(18) Using 8 workers of 8 for evacuation
[2025-04-22T17:17:29.610+0200][gc,phases     ] GC(18)   Pre Evacuate Collection Set: 0.1ms
[2025-04-22T17:17:29.610+0200][gc,phases     ] GC(18)   Evacuate Collection Set: 6.6ms
[2025-04-22T17:17:29.610+0200][gc,phases     ] GC(18)   Post Evacuate Collection Set: 3.0ms
[2025-04-22T17:17:29.610+0200][gc,phases     ] GC(18)   Other: 0.5ms
[2025-04-22T17:17:29.610+0200][gc,heap       ] GC(18) Eden regions: 54->0(89)
[2025-04-22T17:17:29.610+0200][gc,heap       ] GC(18) Survivor regions: 4->4(8)
[2025-04-22T17:17:29.610+0200][gc,heap       ] GC(18) Old regions: 19->19
[2025-04-22T17:17:29.610+0200][gc,heap       ] GC(18) Humongous regions: 129->129
[2025-04-22T17:17:29.610+0200][gc,metaspace  ] GC(18) Metaspace: 44575K(47436K)->44575K(47436K) NonClass: 38900K(40396K)->38900K(40396K) Class: 5675K(7040K)->5675K(7040K)
[2025-04-22T17:17:29.610+0200][gc            ] GC(18) Pause Young (Normal) (G1 Evacuation Pause) 203M->149M(1024M) 10.374ms
[2025-04-22T17:17:29.610+0200][gc,cpu        ] GC(18) User=0.05s Sys=0.01s Real=0.02s
[2025-04-22T17:46:27.896+0200][gc,start      ] GC(19) Pause Young (Normal) (G1 Evacuation Pause)
[2025-04-22T17:46:27.897+0200][gc,task       ] GC(19) Using 8 workers of 8 for evacuation
[2025-04-22T17:46:27.938+0200][gc,mmu        ] GC(19) MMU target violated: 21.0ms (20.0ms/21.0ms)
[2025-04-22T17:46:27.938+0200][gc,phases     ] GC(19)   Pre Evacuate Collection Set: 3.8ms
[2025-04-22T17:46:27.938+0200][gc,phases     ] GC(19)   Evacuate Collection Set: 36.2ms
[2025-04-22T17:46:27.938+0200][gc,phases     ] GC(19)   Post Evacuate Collection Set: 1.0ms
[2025-04-22T17:46:27.938+0200][gc,phases     ] GC(19)   Other: 0.8ms
[2025-04-22T17:46:27.938+0200][gc,heap       ] GC(19) Eden regions: 89->0(47)
[2025-04-22T17:46:27.938+0200][gc,heap       ] GC(19) Survivor regions: 4->4(12)
[2025-04-22T17:46:27.938+0200][gc,heap       ] GC(19) Old regions: 19->19
[2025-04-22T17:46:27.938+0200][gc,heap       ] GC(19) Humongous regions: 129->129
[2025-04-22T17:46:27.938+0200][gc,metaspace  ] GC(19) Metaspace: 44602K(47436K)->44602K(47436K) NonClass: 38926K(40396K)->38926K(40396K) Class: 5675K(7040K)->5675K(7040K)
[2025-04-22T17:46:27.938+0200][gc            ] GC(19) Pause Young (Normal) (G1 Evacuation Pause) 238M->150M(1024M) 42.078ms
[2025-04-22T17:46:27.938+0200][gc,cpu        ] GC(19) User=0.24s Sys=0.00s Real=0.04s
[2025-04-22T18:01:44.599+0200][gc,start      ] GC(20) Pause Young (Normal) (G1 Evacuation Pause)
[2025-04-22T18:01:44.599+0200][gc,task       ] GC(20) Using 8 workers of 8 for evacuation
[2025-04-22T18:01:44.608+0200][gc,phases     ] GC(20)   Pre Evacuate Collection Set: 0.1ms
[2025-04-22T18:01:44.609+0200][gc,phases     ] GC(20)   Evacuate Collection Set: 7.9ms
[2025-04-22T18:01:44.609+0200][gc,phases     ] GC(20)   Post Evacuate Collection Set: 0.6ms
[2025-04-22T18:01:44.609+0200][gc,phases     ] GC(20)   Other: 0.6ms
[2025-04-22T18:01:44.609+0200][gc,heap       ] GC(20) Eden regions: 47->0(610)
[2025-04-22T18:01:44.609+0200][gc,heap       ] GC(20) Survivor regions: 4->4(7)
[2025-04-22T18:01:44.609+0200][gc,heap       ] GC(20) Old regions: 19->19
[2025-04-22T18:01:44.609+0200][gc,heap       ] GC(20) Humongous regions: 129->129
[2025-04-22T18:01:44.609+0200][gc,metaspace  ] GC(20) Metaspace: 44611K(47436K)->44611K(47436K) NonClass: 38935K(40396K)->38935K(40396K) Class: 5676K(7040K)->5676K(7040K)
[2025-04-22T18:01:44.609+0200][gc            ] GC(20) Pause Young (Normal) (G1 Evacuation Pause) 197M->150M(1024M) 9.408ms
[2025-04-22T18:01:44.609+0200][gc,cpu        ] GC(20) User=0.05s Sys=0.00s Real=0.01s
[2025-04-22T20:31:03.434+0200][gc,start      ] GC(21) Pause Young (Normal) (G1 Evacuation Pause)
[2025-04-22T20:31:03.458+0200][gc,task       ] GC(21) Using 8 workers of 8 for evacuation
[2025-04-22T20:31:03.476+0200][gc,phases     ] GC(21)   Pre Evacuate Collection Set: 0.2ms
[2025-04-22T20:31:03.476+0200][gc,phases     ] GC(21)   Evacuate Collection Set: 15.4ms
[2025-04-22T20:31:03.476+0200][gc,phases     ] GC(21)   Post Evacuate Collection Set: 2.1ms
[2025-04-22T20:31:03.476+0200][gc,phases     ] GC(21)   Other: 24.1ms
[2025-04-22T20:31:03.476+0200][gc,heap       ] GC(21) Eden regions: 610->0(610)
[2025-04-22T20:31:03.476+0200][gc,heap       ] GC(21) Survivor regions: 4->4(77)
[2025-04-22T20:31:03.476+0200][gc,heap       ] GC(21) Old regions: 19->19
[2025-04-22T20:31:03.476+0200][gc,heap       ] GC(21) Humongous regions: 129->129
[2025-04-22T20:31:03.476+0200][gc,metaspace  ] GC(21) Metaspace: 44679K(47820K)->44679K(47820K) NonClass: 39002K(40652K)->39002K(40652K) Class: 5676K(7168K)->5676K(7168K)
[2025-04-22T20:31:03.476+0200][gc            ] GC(21) Pause Young (Normal) (G1 Evacuation Pause) 760M->150M(1024M) 42.042ms
[2025-04-22T20:31:03.476+0200][gc,cpu        ] GC(21) User=0.10s Sys=0.00s Real=0.04s
[2025-04-22T22:44:04.599+0200][gc,start      ] GC(22) Pause Young (Normal) (G1 Evacuation Pause)
[2025-04-22T22:44:04.621+0200][gc,task       ] GC(22) Using 8 workers of 8 for evacuation
[2025-04-22T22:44:04.673+0200][gc,mmu        ] GC(22) MMU target violated: 21.0ms (20.0ms/21.0ms)
[2025-04-22T22:44:04.673+0200][gc,phases     ] GC(22)   Pre Evacuate Collection Set: 0.2ms
[2025-04-22T22:44:04.673+0200][gc,phases     ] GC(22)   Evacuate Collection Set: 40.5ms
[2025-04-22T22:44:04.673+0200][gc,phases     ] GC(22)   Post Evacuate Collection Set: 10.6ms
[2025-04-22T22:44:04.673+0200][gc,phases     ] GC(22)   Other: 22.4ms
[2025-04-22T22:44:04.673+0200][gc,heap       ] GC(22) Eden regions: 610->0(204)
[2025-04-22T22:44:04.673+0200][gc,heap       ] GC(22) Survivor regions: 4->4(77)
[2025-04-22T22:44:04.673+0200][gc,heap       ] GC(22) Old regions: 19->19
[2025-04-22T22:44:04.673+0200][gc,heap       ] GC(22) Humongous regions: 129->129
[2025-04-22T22:44:04.682+0200][gc,metaspace  ] GC(22) Metaspace: 44754K(47820K)->44754K(47820K) NonClass: 39077K(40652K)->39077K(40652K) Class: 5677K(7168K)->5677K(7168K)
[2025-04-22T22:44:04.682+0200][gc            ] GC(22) Pause Young (Normal) (G1 Evacuation Pause) 760M->149M(1024M) 83.161ms
[2025-04-22T22:44:04.682+0200][gc,cpu        ] GC(22) User=0.28s Sys=0.00s Real=0.09s
[2025-04-22T23:25:23.647+0200][gc,start      ] GC(23) Pause Young (Normal) (G1 Evacuation Pause)
[2025-04-22T23:25:23.647+0200][gc,task       ] GC(23) Using 8 workers of 8 for evacuation
[2025-04-22T23:25:23.717+0200][gc,mmu        ] GC(23) MMU target violated: 21.0ms (20.0ms/21.0ms)
[2025-04-22T23:25:23.717+0200][gc,phases     ] GC(23)   Pre Evacuate Collection Set: 0.1ms
[2025-04-22T23:25:23.717+0200][gc,phases     ] GC(23)   Evacuate Collection Set: 68.4ms
[2025-04-22T23:25:23.717+0200][gc,phases     ] GC(23)   Post Evacuate Collection Set: 0.9ms
[2025-04-22T23:25:23.717+0200][gc,phases     ] GC(23)   Other: 0.6ms
[2025-04-22T23:25:23.717+0200][gc,heap       ] GC(23) Eden regions: 204->0(48)
[2025-04-22T23:25:23.717+0200][gc,heap       ] GC(23) Survivor regions: 4->3(26)
[2025-04-22T23:25:23.717+0200][gc,heap       ] GC(23) Old regions: 19->19
[2025-04-22T23:25:23.717+0200][gc,heap       ] GC(23) Humongous regions: 129->129
[2025-04-22T23:25:23.717+0200][gc,metaspace  ] GC(23) Metaspace: 44775K(47820K)->44775K(47820K) NonClass: 39097K(40652K)->39097K(40652K) Class: 5677K(7168K)->5677K(7168K)
[2025-04-22T23:25:23.717+0200][gc            ] GC(23) Pause Young (Normal) (G1 Evacuation Pause) 353M->149M(1024M) 70.239ms
[2025-04-22T23:25:23.717+0200][gc,cpu        ] GC(23) User=0.48s Sys=0.00s Real=0.07s
[2025-04-22T23:32:46.031+0200][gc,start      ] GC(24) Pause Young (Normal) (G1 Evacuation Pause)
[2025-04-22T23:32:46.031+0200][gc,task       ] GC(24) Using 8 workers of 8 for evacuation
[2025-04-22T23:32:46.043+0200][gc,phases     ] GC(24)   Pre Evacuate Collection Set: 0.1ms
[2025-04-22T23:32:46.044+0200][gc,phases     ] GC(24)   Evacuate Collection Set: 10.9ms
[2025-04-22T23:32:46.044+0200][gc,phases     ] GC(24)   Post Evacuate Collection Set: 0.7ms
[2025-04-22T23:32:46.044+0200][gc,phases     ] GC(24)   Other: 0.5ms
[2025-04-22T23:32:46.044+0200][gc,heap       ] GC(24) Eden regions: 48->0(51)
[2025-04-22T23:32:46.044+0200][gc,heap       ] GC(24) Survivor regions: 3->4(7)
[2025-04-22T23:32:46.044+0200][gc,heap       ] GC(24) Old regions: 19->19
[2025-04-22T23:32:46.044+0200][gc,heap       ] GC(24) Humongous regions: 129->129
[2025-04-22T23:32:46.044+0200][gc,metaspace  ] GC(24) Metaspace: 44777K(47820K)->44777K(47820K) NonClass: 39099K(40652K)->39099K(40652K) Class: 5677K(7168K)->5677K(7168K)
[2025-04-22T23:32:46.044+0200][gc            ] GC(24) Pause Young (Normal) (G1 Evacuation Pause) 197M->150M(1024M) 12.620ms
[2025-04-22T23:32:46.044+0200][gc,cpu        ] GC(24) User=0.07s Sys=0.00s Real=0.01s
