[2025-04-27T07:54:27.848+0200][gc,heap] Heap region size: 1M
[2025-04-27T07:54:27.886+0200][gc     ] Using G1
[2025-04-27T07:54:27.886+0200][gc,heap,coops] Heap address: 0x00000000c0000000, size: 1024 MB, Compressed Oops mode: 32-bit
[2025-04-27T07:54:27.886+0200][gc,cds       ] Mark closed archive regions in map: [0x00000000fff00000, 0x00000000fff6bff8]
[2025-04-27T07:54:27.886+0200][gc,cds       ] Mark open archive regions in map: [0x00000000ffe00000, 0x00000000ffe47ff8]
[2025-04-27T07:54:30.377+0200][gc,start     ] GC(0) Pause Young (Normal) (G1 Evacuation Pause)
[2025-04-27T07:54:30.379+0200][gc,task      ] GC(0) Using 8 workers of 8 for evacuation
[2025-04-27T07:54:30.396+0200][gc,phases    ] GC(0)   Pre Evacuate Collection Set: 0.0ms
[2025-04-27T07:54:30.396+0200][gc,phases    ] GC(0)   Evacuate Collection Set: 15.4ms
[2025-04-27T07:54:30.396+0200][gc,phases    ] GC(0)   Post Evacuate Collection Set: 0.8ms
[2025-04-27T07:54:30.396+0200][gc,phases    ] GC(0)   Other: 2.0ms
[2025-04-27T07:54:30.396+0200][gc,heap      ] GC(0) Eden regions: 51->0(44)
[2025-04-27T07:54:30.396+0200][gc,heap      ] GC(0) Survivor regions: 0->7(7)
[2025-04-27T07:54:30.396+0200][gc,heap      ] GC(0) Old regions: 2->3
[2025-04-27T07:54:30.396+0200][gc,heap      ] GC(0) Humongous regions: 0->0
[2025-04-27T07:54:30.396+0200][gc,metaspace ] GC(0) Metaspace: 14234K(15104K)->14234K(15104K) NonClass: 12488K(13056K)->12488K(13056K) Class: 1746K(2048K)->1746K(2048K)
[2025-04-27T07:54:30.396+0200][gc           ] GC(0) Pause Young (Normal) (G1 Evacuation Pause) 51M->7M(1024M) 18.559ms
[2025-04-27T07:54:30.396+0200][gc,cpu       ] GC(0) User=0.07s Sys=0.02s Real=0.02s
[2025-04-27T07:54:31.496+0200][gc,start     ] GC(1) Pause Young (Concurrent Start) (Metadata GC Threshold)
[2025-04-27T07:54:31.496+0200][gc,task      ] GC(1) Using 8 workers of 8 for evacuation
[2025-04-27T07:54:31.515+0200][gc,phases    ] GC(1)   Pre Evacuate Collection Set: 0.1ms
[2025-04-27T07:54:31.515+0200][gc,phases    ] GC(1)   Evacuate Collection Set: 17.2ms
[2025-04-27T07:54:31.515+0200][gc,phases    ] GC(1)   Post Evacuate Collection Set: 0.6ms
[2025-04-27T07:54:31.515+0200][gc,phases    ] GC(1)   Other: 0.7ms
[2025-04-27T07:54:31.515+0200][gc,heap      ] GC(1) Eden regions: 29->0(49)
[2025-04-27T07:54:31.515+0200][gc,heap      ] GC(1) Survivor regions: 7->2(7)
[2025-04-27T07:54:31.515+0200][gc,heap      ] GC(1) Old regions: 3->9
[2025-04-27T07:54:31.515+0200][gc,heap      ] GC(1) Humongous regions: 0->0
[2025-04-27T07:54:31.515+0200][gc,metaspace ] GC(1) Metaspace: 20531K(21248K)->20531K(21248K) NonClass: 18041K(18432K)->18041K(18432K) Class: 2489K(2816K)->2489K(2816K)
[2025-04-27T07:54:31.515+0200][gc           ] GC(1) Pause Young (Concurrent Start) (Metadata GC Threshold) 36M->8M(1024M) 18.813ms
[2025-04-27T07:54:31.515+0200][gc,cpu       ] GC(1) User=0.04s Sys=0.03s Real=0.02s
[2025-04-27T07:54:31.515+0200][gc           ] GC(2) Concurrent Cycle
[2025-04-27T07:54:31.515+0200][gc,marking   ] GC(2) Concurrent Clear Claimed Marks
[2025-04-27T07:54:31.515+0200][gc,marking   ] GC(2) Concurrent Clear Claimed Marks 0.038ms
[2025-04-27T07:54:31.515+0200][gc,marking   ] GC(2) Concurrent Scan Root Regions
[2025-04-27T07:54:31.517+0200][gc,marking   ] GC(2) Concurrent Scan Root Regions 1.387ms
[2025-04-27T07:54:31.517+0200][gc,marking   ] GC(2) Concurrent Mark (3.675s)
[2025-04-27T07:54:31.517+0200][gc,marking   ] GC(2) Concurrent Mark From Roots
[2025-04-27T07:54:31.517+0200][gc,task      ] GC(2) Using 2 workers of 2 for marking
[2025-04-27T07:54:31.527+0200][gc,marking   ] GC(2) Concurrent Mark From Roots 9.906ms
[2025-04-27T07:54:31.527+0200][gc,marking   ] GC(2) Concurrent Preclean
[2025-04-27T07:54:31.527+0200][gc,marking   ] GC(2) Concurrent Preclean 0.544ms
[2025-04-27T07:54:31.527+0200][gc,marking   ] GC(2) Concurrent Mark (3.675s, 3.686s) 10.548ms
[2025-04-27T07:54:31.528+0200][gc,start     ] GC(2) Pause Remark
[2025-04-27T07:54:31.533+0200][gc,stringtable] GC(2) Cleaned string and symbol table, strings: 5721 processed, 0 removed, symbols: 53457 processed, 45 removed
[2025-04-27T07:54:31.533+0200][gc            ] GC(2) Pause Remark 9M->9M(1024M) 5.883ms
[2025-04-27T07:54:31.533+0200][gc,cpu        ] GC(2) User=0.04s Sys=0.00s Real=0.00s
[2025-04-27T07:54:31.534+0200][gc,marking    ] GC(2) Concurrent Rebuild Remembered Sets
[2025-04-27T07:54:31.540+0200][gc,marking    ] GC(2) Concurrent Rebuild Remembered Sets 6.244ms
[2025-04-27T07:54:31.540+0200][gc,start      ] GC(2) Pause Cleanup
[2025-04-27T07:54:31.540+0200][gc            ] GC(2) Pause Cleanup 9M->9M(1024M) 0.397ms
[2025-04-27T07:54:31.540+0200][gc,cpu        ] GC(2) User=0.01s Sys=0.00s Real=0.00s
[2025-04-27T07:54:31.541+0200][gc,marking    ] GC(2) Concurrent Cleanup for Next Mark
[2025-04-27T07:54:31.555+0200][gc,marking    ] GC(2) Concurrent Cleanup for Next Mark 13.977ms
[2025-04-27T07:54:31.555+0200][gc            ] GC(2) Concurrent Cycle 39.349ms
[2025-04-27T07:54:32.835+0200][gc,start      ] GC(3) Pause Young (Normal) (G1 Evacuation Pause)
[2025-04-27T07:54:32.835+0200][gc,task       ] GC(3) Using 8 workers of 8 for evacuation
[2025-04-27T07:54:32.841+0200][gc,phases     ] GC(3)   Pre Evacuate Collection Set: 0.1ms
[2025-04-27T07:54:32.841+0200][gc,phases     ] GC(3)   Evacuate Collection Set: 4.7ms
[2025-04-27T07:54:32.841+0200][gc,phases     ] GC(3)   Post Evacuate Collection Set: 0.7ms
[2025-04-27T07:54:32.841+0200][gc,phases     ] GC(3)   Other: 0.4ms
[2025-04-27T07:54:32.841+0200][gc,heap       ] GC(3) Eden regions: 49->0(46)
[2025-04-27T07:54:32.841+0200][gc,heap       ] GC(3) Survivor regions: 2->5(7)
[2025-04-27T07:54:32.841+0200][gc,heap       ] GC(3) Old regions: 9->9
[2025-04-27T07:54:32.841+0200][gc,heap       ] GC(3) Humongous regions: 129->129
[2025-04-27T07:54:32.841+0200][gc,metaspace  ] GC(3) Metaspace: 28280K(29696K)->28280K(29696K) NonClass: 24986K(25856K)->24986K(25856K) Class: 3293K(3840K)->3293K(3840K)
[2025-04-27T07:54:32.841+0200][gc            ] GC(3) Pause Young (Normal) (G1 Evacuation Pause) 186M->140M(1024M) 6.104ms
[2025-04-27T07:54:32.841+0200][gc,cpu        ] GC(3) User=0.03s Sys=0.01s Real=0.01s
[2025-04-27T07:54:33.519+0200][gc,start      ] GC(4) Pause Young (Concurrent Start) (Metadata GC Threshold)
[2025-04-27T07:54:33.520+0200][gc,task       ] GC(4) Using 8 workers of 8 for evacuation
[2025-04-27T07:54:33.535+0200][gc,phases     ] GC(4)   Pre Evacuate Collection Set: 0.1ms
[2025-04-27T07:54:33.535+0200][gc,phases     ] GC(4)   Evacuate Collection Set: 14.0ms
[2025-04-27T07:54:33.535+0200][gc,phases     ] GC(4)   Post Evacuate Collection Set: 0.8ms
[2025-04-27T07:54:33.535+0200][gc,phases     ] GC(4)   Other: 0.5ms
[2025-04-27T07:54:33.535+0200][gc,heap       ] GC(4) Eden regions: 33->0(48)
[2025-04-27T07:54:33.535+0200][gc,heap       ] GC(4) Survivor regions: 5->3(7)
[2025-04-27T07:54:33.535+0200][gc,heap       ] GC(4) Old regions: 9->14
[2025-04-27T07:54:33.535+0200][gc,heap       ] GC(4) Humongous regions: 129->129
[2025-04-27T07:54:33.535+0200][gc,metaspace  ] GC(4) Metaspace: 34301K(35840K)->34301K(35840K) NonClass: 30296K(31232K)->30296K(31232K) Class: 4004K(4608K)->4004K(4608K)
[2025-04-27T07:54:33.535+0200][gc            ] GC(4) Pause Young (Concurrent Start) (Metadata GC Threshold) 173M->143M(1024M) 15.722ms
[2025-04-27T07:54:33.535+0200][gc,cpu        ] GC(4) User=0.04s Sys=0.01s Real=0.02s
[2025-04-27T07:54:33.535+0200][gc            ] GC(5) Concurrent Cycle
[2025-04-27T07:54:33.535+0200][gc,marking    ] GC(5) Concurrent Clear Claimed Marks
[2025-04-27T07:54:33.535+0200][gc,marking    ] GC(5) Concurrent Clear Claimed Marks 0.053ms
[2025-04-27T07:54:33.535+0200][gc,marking    ] GC(5) Concurrent Scan Root Regions
[2025-04-27T07:54:33.537+0200][gc,marking    ] GC(5) Concurrent Scan Root Regions 1.773ms
[2025-04-27T07:54:33.537+0200][gc,marking    ] GC(5) Concurrent Mark (5.696s)
[2025-04-27T07:54:33.537+0200][gc,marking    ] GC(5) Concurrent Mark From Roots
[2025-04-27T07:54:33.537+0200][gc,task       ] GC(5) Using 2 workers of 2 for marking
[2025-04-27T07:54:33.555+0200][gc,marking    ] GC(5) Concurrent Mark From Roots 17.357ms
[2025-04-27T07:54:33.555+0200][gc,marking    ] GC(5) Concurrent Preclean
[2025-04-27T07:54:33.555+0200][gc,marking    ] GC(5) Concurrent Preclean 0.535ms
[2025-04-27T07:54:33.555+0200][gc,marking    ] GC(5) Concurrent Mark (5.696s, 5.714s) 18.002ms
[2025-04-27T07:54:33.559+0200][gc,start      ] GC(5) Pause Remark
[2025-04-27T07:54:33.562+0200][gc,stringtable] GC(5) Cleaned string and symbol table, strings: 11500 processed, 13 removed, symbols: 86927 processed, 16 removed
[2025-04-27T07:54:33.563+0200][gc            ] GC(5) Pause Remark 145M->145M(1024M) 3.985ms
[2025-04-27T07:54:33.563+0200][gc,cpu        ] GC(5) User=0.02s Sys=0.00s Real=0.00s
[2025-04-27T07:54:33.563+0200][gc,marking    ] GC(5) Concurrent Rebuild Remembered Sets
[2025-04-27T07:54:33.572+0200][gc,marking    ] GC(5) Concurrent Rebuild Remembered Sets 9.312ms
[2025-04-27T07:54:33.574+0200][gc,start      ] GC(5) Pause Cleanup
[2025-04-27T07:54:33.574+0200][gc            ] GC(5) Pause Cleanup 145M->145M(1024M) 0.475ms
[2025-04-27T07:54:33.574+0200][gc,cpu        ] GC(5) User=0.00s Sys=0.00s Real=0.00s
[2025-04-27T07:54:33.574+0200][gc,marking    ] GC(5) Concurrent Cleanup for Next Mark
[2025-04-27T07:54:33.590+0200][gc,marking    ] GC(5) Concurrent Cleanup for Next Mark 15.792ms
[2025-04-27T07:54:33.590+0200][gc            ] GC(5) Concurrent Cycle 54.719ms
[2025-04-27T09:01:18.558+0200][gc,start      ] GC(6) Pause Young (Normal) (G1 Evacuation Pause)
[2025-04-27T09:01:18.558+0200][gc,task       ] GC(6) Using 8 workers of 8 for evacuation
[2025-04-27T09:01:18.564+0200][gc,phases     ] GC(6)   Pre Evacuate Collection Set: 0.3ms
[2025-04-27T09:01:18.564+0200][gc,phases     ] GC(6)   Evacuate Collection Set: 4.7ms
[2025-04-27T09:01:18.564+0200][gc,phases     ] GC(6)   Post Evacuate Collection Set: 0.7ms
[2025-04-27T09:01:18.564+0200][gc,phases     ] GC(6)   Other: 0.4ms
[2025-04-27T09:01:18.564+0200][gc,heap       ] GC(6) Eden regions: 48->0(47)
[2025-04-27T09:01:18.564+0200][gc,heap       ] GC(6) Survivor regions: 3->4(7)
[2025-04-27T09:01:18.564+0200][gc,heap       ] GC(6) Old regions: 14->14
[2025-04-27T09:01:18.564+0200][gc,heap       ] GC(6) Humongous regions: 129->129
[2025-04-27T09:01:18.564+0200][gc,metaspace  ] GC(6) Metaspace: 38372K(40524K)->38372K(40524K) NonClass: 33590K(34764K)->33590K(34764K) Class: 4782K(5760K)->4782K(5760K)
[2025-04-27T09:01:18.564+0200][gc            ] GC(6) Pause Young (Normal) (G1 Evacuation Pause) 191M->144M(1024M) 6.358ms
[2025-04-27T09:01:18.564+0200][gc,cpu        ] GC(6) User=0.04s Sys=0.00s Real=0.01s
[2025-04-27T09:47:08.808+0200][gc,start      ] GC(7) Pause Young (Normal) (G1 Evacuation Pause)
[2025-04-27T09:47:08.808+0200][gc,task       ] GC(7) Using 8 workers of 8 for evacuation
[2025-04-27T09:47:08.827+0200][gc,phases     ] GC(7)   Pre Evacuate Collection Set: 0.4ms
[2025-04-27T09:47:08.827+0200][gc,phases     ] GC(7)   Evacuate Collection Set: 16.6ms
[2025-04-27T09:47:08.827+0200][gc,phases     ] GC(7)   Post Evacuate Collection Set: 1.2ms
[2025-04-27T09:47:08.827+0200][gc,phases     ] GC(7)   Other: 0.6ms
[2025-04-27T09:47:08.827+0200][gc,heap       ] GC(7) Eden regions: 47->0(47)
[2025-04-27T09:47:08.827+0200][gc,heap       ] GC(7) Survivor regions: 4->4(7)
[2025-04-27T09:47:08.827+0200][gc,heap       ] GC(7) Old regions: 14->14
[2025-04-27T09:47:08.827+0200][gc,heap       ] GC(7) Humongous regions: 129->129
[2025-04-27T09:47:08.827+0200][gc,metaspace  ] GC(7) Metaspace: 41003K(43596K)->41003K(43596K) NonClass: 35733K(37068K)->35733K(37068K) Class: 5269K(6528K)->5269K(6528K)
[2025-04-27T09:47:08.827+0200][gc            ] GC(7) Pause Young (Normal) (G1 Evacuation Pause) 191M->144M(1024M) 19.004ms
[2025-04-27T09:47:08.827+0200][gc,cpu        ] GC(7) User=0.13s Sys=0.00s Real=0.02s
[2025-04-27T09:53:30.973+0200][gc,start      ] GC(8) Pause Young (Normal) (G1 Evacuation Pause)
[2025-04-27T09:53:30.973+0200][gc,task       ] GC(8) Using 8 workers of 8 for evacuation
[2025-04-27T09:53:30.987+0200][gc,phases     ] GC(8)   Pre Evacuate Collection Set: 0.4ms
[2025-04-27T09:53:30.988+0200][gc,phases     ] GC(8)   Evacuate Collection Set: 8.3ms
[2025-04-27T09:53:30.988+0200][gc,phases     ] GC(8)   Post Evacuate Collection Set: 5.1ms
[2025-04-27T09:53:30.988+0200][gc,phases     ] GC(8)   Other: 0.5ms
[2025-04-27T09:53:30.988+0200][gc,heap       ] GC(8) Eden regions: 47->0(44)
[2025-04-27T09:53:30.988+0200][gc,heap       ] GC(8) Survivor regions: 4->7(7)
[2025-04-27T09:53:30.988+0200][gc,heap       ] GC(8) Old regions: 14->14
[2025-04-27T09:53:30.988+0200][gc,heap       ] GC(8) Humongous regions: 129->129
[2025-04-27T09:53:30.988+0200][gc,metaspace  ] GC(8) Metaspace: 44305K(47308K)->44305K(47308K) NonClass: 38583K(40140K)->38583K(40140K) Class: 5721K(7168K)->5721K(7168K)
[2025-04-27T09:53:30.988+0200][gc            ] GC(8) Pause Young (Normal) (G1 Evacuation Pause) 191M->147M(1024M) 14.610ms
[2025-04-27T09:53:30.988+0200][gc,cpu        ] GC(8) User=0.07s Sys=0.00s Real=0.02s
[2025-04-27T10:01:37.486+0200][gc,start      ] GC(9) Pause Young (Normal) (G1 Evacuation Pause)
[2025-04-27T10:01:37.487+0200][gc,task       ] GC(9) Using 8 workers of 8 for evacuation
[2025-04-27T10:01:37.511+0200][gc,mmu        ] GC(9) MMU target violated: 21.0ms (20.0ms/21.0ms)
[2025-04-27T10:01:37.512+0200][gc,phases     ] GC(9)   Pre Evacuate Collection Set: 0.4ms
[2025-04-27T10:01:37.512+0200][gc,phases     ] GC(9)   Evacuate Collection Set: 23.2ms
[2025-04-27T10:01:37.512+0200][gc,phases     ] GC(9)   Post Evacuate Collection Set: 1.0ms
[2025-04-27T10:01:37.512+0200][gc,phases     ] GC(9)   Other: 0.5ms
[2025-04-27T10:01:37.512+0200][gc,heap       ] GC(9) Eden regions: 44->0(46)
[2025-04-27T10:01:37.512+0200][gc,heap       ] GC(9) Survivor regions: 7->5(7)
[2025-04-27T10:01:37.512+0200][gc,heap       ] GC(9) Old regions: 14->17
[2025-04-27T10:01:37.512+0200][gc,heap       ] GC(9) Humongous regions: 129->129
[2025-04-27T10:01:37.512+0200][gc,metaspace  ] GC(9) Metaspace: 44507K(47308K)->44507K(47308K) NonClass: 38751K(40140K)->38751K(40140K) Class: 5756K(7168K)->5756K(7168K)
[2025-04-27T10:01:37.512+0200][gc            ] GC(9) Pause Young (Normal) (G1 Evacuation Pause) 191M->148M(1024M) 25.270ms
[2025-04-27T10:01:37.512+0200][gc,cpu        ] GC(9) User=0.15s Sys=0.00s Real=0.02s
[2025-04-27T10:10:18.164+0200][gc,start      ] GC(10) Pause Young (Normal) (G1 Evacuation Pause)
[2025-04-27T10:10:18.164+0200][gc,task       ] GC(10) Using 8 workers of 8 for evacuation
[2025-04-27T10:10:18.174+0200][gc,phases     ] GC(10)   Pre Evacuate Collection Set: 0.1ms
[2025-04-27T10:10:18.174+0200][gc,phases     ] GC(10)   Evacuate Collection Set: 8.9ms
[2025-04-27T10:10:18.174+0200][gc,phases     ] GC(10)   Post Evacuate Collection Set: 0.9ms
[2025-04-27T10:10:18.174+0200][gc,phases     ] GC(10)   Other: 0.5ms
[2025-04-27T10:10:18.174+0200][gc,heap       ] GC(10) Eden regions: 46->0(48)
[2025-04-27T10:10:18.174+0200][gc,heap       ] GC(10) Survivor regions: 5->3(7)
[2025-04-27T10:10:18.174+0200][gc,heap       ] GC(10) Old regions: 17->19
[2025-04-27T10:10:18.174+0200][gc,heap       ] GC(10) Humongous regions: 129->129
[2025-04-27T10:10:18.174+0200][gc,metaspace  ] GC(10) Metaspace: 44558K(47564K)->44558K(47564K) NonClass: 38801K(40396K)->38801K(40396K) Class: 5756K(7168K)->5756K(7168K)
[2025-04-27T10:10:18.174+0200][gc            ] GC(10) Pause Young (Normal) (G1 Evacuation Pause) 194M->149M(1024M) 10.591ms
[2025-04-27T10:10:18.174+0200][gc,cpu        ] GC(10) User=0.04s Sys=0.00s Real=0.00s
[2025-04-27T10:19:47.496+0200][gc,start      ] GC(11) Pause Young (Normal) (G1 Evacuation Pause)
[2025-04-27T10:19:47.496+0200][gc,task       ] GC(11) Using 8 workers of 8 for evacuation
[2025-04-27T10:19:47.518+0200][gc,mmu        ] GC(11) MMU target violated: 21.0ms (20.0ms/21.0ms)
[2025-04-27T10:19:47.518+0200][gc,phases     ] GC(11)   Pre Evacuate Collection Set: 0.2ms
[2025-04-27T10:19:47.518+0200][gc,phases     ] GC(11)   Evacuate Collection Set: 15.6ms
[2025-04-27T10:19:47.518+0200][gc,phases     ] GC(11)   Post Evacuate Collection Set: 5.3ms
[2025-04-27T10:19:47.518+0200][gc,phases     ] GC(11)   Other: 0.5ms
[2025-04-27T10:19:47.518+0200][gc,heap       ] GC(11) Eden regions: 48->0(47)
[2025-04-27T10:19:47.518+0200][gc,heap       ] GC(11) Survivor regions: 3->4(7)
[2025-04-27T10:19:47.518+0200][gc,heap       ] GC(11) Old regions: 19->19
[2025-04-27T10:19:47.518+0200][gc,heap       ] GC(11) Humongous regions: 129->129
[2025-04-27T10:19:47.518+0200][gc,metaspace  ] GC(11) Metaspace: 44576K(47564K)->44576K(47564K) NonClass: 38819K(40396K)->38819K(40396K) Class: 5756K(7168K)->5756K(7168K)
[2025-04-27T10:19:47.518+0200][gc            ] GC(11) Pause Young (Normal) (G1 Evacuation Pause) 197M->150M(1024M) 21.872ms
[2025-04-27T10:19:47.518+0200][gc,cpu        ] GC(11) User=0.14s Sys=0.00s Real=0.02s
[2025-04-27T10:29:18.808+0200][gc,start      ] GC(12) Pause Young (Normal) (G1 Evacuation Pause)
[2025-04-27T10:29:18.808+0200][gc,task       ] GC(12) Using 8 workers of 8 for evacuation
[2025-04-27T10:29:18.833+0200][gc,mmu        ] GC(12) MMU target violated: 21.0ms (20.0ms/21.0ms)
[2025-04-27T10:29:18.833+0200][gc,phases     ] GC(12)   Pre Evacuate Collection Set: 0.2ms
[2025-04-27T10:29:18.833+0200][gc,phases     ] GC(12)   Evacuate Collection Set: 20.8ms
[2025-04-27T10:29:18.833+0200][gc,phases     ] GC(12)   Post Evacuate Collection Set: 3.2ms
[2025-04-27T10:29:18.833+0200][gc,phases     ] GC(12)   Other: 0.6ms
[2025-04-27T10:29:18.833+0200][gc,heap       ] GC(12) Eden regions: 47->0(48)
[2025-04-27T10:29:18.833+0200][gc,heap       ] GC(12) Survivor regions: 4->3(7)
[2025-04-27T10:29:18.833+0200][gc,heap       ] GC(12) Old regions: 19->19
[2025-04-27T10:29:18.833+0200][gc,heap       ] GC(12) Humongous regions: 129->129
[2025-04-27T10:29:18.833+0200][gc,metaspace  ] GC(12) Metaspace: 44584K(47564K)->44584K(47564K) NonClass: 38828K(40396K)->38828K(40396K) Class: 5756K(7168K)->5756K(7168K)
[2025-04-27T10:29:18.833+0200][gc            ] GC(12) Pause Young (Normal) (G1 Evacuation Pause) 197M->149M(1024M) 24.941ms
[2025-04-27T10:29:18.833+0200][gc,cpu        ] GC(12) User=0.18s Sys=0.00s Real=0.02s
[2025-04-27T10:39:10.842+0200][gc,start      ] GC(13) Pause Young (Normal) (G1 Evacuation Pause)
[2025-04-27T10:39:10.842+0200][gc,task       ] GC(13) Using 8 workers of 8 for evacuation
[2025-04-27T10:39:10.867+0200][gc,mmu        ] GC(13) MMU target violated: 21.0ms (20.0ms/21.0ms)
[2025-04-27T10:39:10.867+0200][gc,phases     ] GC(13)   Pre Evacuate Collection Set: 0.2ms
[2025-04-27T10:39:10.867+0200][gc,phases     ] GC(13)   Evacuate Collection Set: 23.6ms
[2025-04-27T10:39:10.867+0200][gc,phases     ] GC(13)   Post Evacuate Collection Set: 0.8ms
[2025-04-27T10:39:10.867+0200][gc,phases     ] GC(13)   Other: 0.8ms
[2025-04-27T10:39:10.867+0200][gc,heap       ] GC(13) Eden regions: 48->0(47)
[2025-04-27T10:39:10.867+0200][gc,heap       ] GC(13) Survivor regions: 3->4(7)
[2025-04-27T10:39:10.867+0200][gc,heap       ] GC(13) Old regions: 19->19
[2025-04-27T10:39:10.867+0200][gc,heap       ] GC(13) Humongous regions: 129->129
[2025-04-27T10:39:10.867+0200][gc,metaspace  ] GC(13) Metaspace: 44595K(47564K)->44595K(47564K) NonClass: 38838K(40396K)->38838K(40396K) Class: 5756K(7168K)->5756K(7168K)
[2025-04-27T10:39:10.867+0200][gc            ] GC(13) Pause Young (Normal) (G1 Evacuation Pause) 197M->149M(1024M) 25.436ms
[2025-04-27T10:39:10.867+0200][gc,cpu        ] GC(13) User=0.18s Sys=0.00s Real=0.03s
[2025-04-27T10:48:16.982+0200][gc,start      ] GC(14) Pause Young (Normal) (G1 Evacuation Pause)
[2025-04-27T10:48:16.982+0200][gc,task       ] GC(14) Using 8 workers of 8 for evacuation
[2025-04-27T10:48:17.011+0200][gc,mmu        ] GC(14) MMU target violated: 21.0ms (20.0ms/21.0ms)
[2025-04-27T10:48:17.011+0200][gc,phases     ] GC(14)   Pre Evacuate Collection Set: 0.2ms
[2025-04-27T10:48:17.011+0200][gc,phases     ] GC(14)   Evacuate Collection Set: 24.0ms
[2025-04-27T10:48:17.011+0200][gc,phases     ] GC(14)   Post Evacuate Collection Set: 4.6ms
[2025-04-27T10:48:17.011+0200][gc,phases     ] GC(14)   Other: 0.7ms
[2025-04-27T10:48:17.011+0200][gc,heap       ] GC(14) Eden regions: 47->0(46)
[2025-04-27T10:48:17.011+0200][gc,heap       ] GC(14) Survivor regions: 4->5(7)
[2025-04-27T10:48:17.011+0200][gc,heap       ] GC(14) Old regions: 19->19
[2025-04-27T10:48:17.011+0200][gc,heap       ] GC(14) Humongous regions: 129->129
[2025-04-27T10:48:17.011+0200][gc,metaspace  ] GC(14) Metaspace: 44599K(47564K)->44599K(47564K) NonClass: 38842K(40396K)->38842K(40396K) Class: 5756K(7168K)->5756K(7168K)
[2025-04-27T10:48:17.011+0200][gc            ] GC(14) Pause Young (Normal) (G1 Evacuation Pause) 196M->151M(1024M) 29.640ms
[2025-04-27T10:48:17.011+0200][gc,cpu        ] GC(14) User=0.21s Sys=0.00s Real=0.03s
[2025-04-27T10:57:44.237+0200][gc,start      ] GC(15) Pause Young (Normal) (G1 Evacuation Pause)
[2025-04-27T10:57:44.237+0200][gc,task       ] GC(15) Using 8 workers of 8 for evacuation
[2025-04-27T10:57:44.263+0200][gc,mmu        ] GC(15) MMU target violated: 21.0ms (20.0ms/21.0ms)
[2025-04-27T10:57:44.263+0200][gc,phases     ] GC(15)   Pre Evacuate Collection Set: 1.6ms
[2025-04-27T10:57:44.263+0200][gc,phases     ] GC(15)   Evacuate Collection Set: 23.4ms
[2025-04-27T10:57:44.263+0200][gc,phases     ] GC(15)   Post Evacuate Collection Set: 0.7ms
[2025-04-27T10:57:44.264+0200][gc,phases     ] GC(15)   Other: 1.3ms
[2025-04-27T10:57:44.264+0200][gc,heap       ] GC(15) Eden regions: 46->0(47)
[2025-04-27T10:57:44.264+0200][gc,heap       ] GC(15) Survivor regions: 5->4(7)
[2025-04-27T10:57:44.264+0200][gc,heap       ] GC(15) Old regions: 19->20
[2025-04-27T10:57:44.264+0200][gc,heap       ] GC(15) Humongous regions: 129->129
[2025-04-27T10:57:44.264+0200][gc,metaspace  ] GC(15) Metaspace: 44612K(47564K)->44612K(47564K) NonClass: 38855K(40396K)->38855K(40396K) Class: 5756K(7168K)->5756K(7168K)
[2025-04-27T10:57:44.264+0200][gc            ] GC(15) Pause Young (Normal) (G1 Evacuation Pause) 197M->151M(1024M) 27.094ms
[2025-04-27T10:57:44.264+0200][gc,cpu        ] GC(15) User=0.17s Sys=0.00s Real=0.03s
[2025-04-27T11:07:19.200+0200][gc,start      ] GC(16) Pause Young (Normal) (G1 Evacuation Pause)
[2025-04-27T11:07:19.200+0200][gc,task       ] GC(16) Using 8 workers of 8 for evacuation
[2025-04-27T11:07:19.212+0200][gc,phases     ] GC(16)   Pre Evacuate Collection Set: 0.2ms
[2025-04-27T11:07:19.212+0200][gc,phases     ] GC(16)   Evacuate Collection Set: 11.0ms
[2025-04-27T11:07:19.212+0200][gc,phases     ] GC(16)   Post Evacuate Collection Set: 0.6ms
[2025-04-27T11:07:19.212+0200][gc,phases     ] GC(16)   Other: 0.4ms
[2025-04-27T11:07:19.212+0200][gc,heap       ] GC(16) Eden regions: 47->0(56)
[2025-04-27T11:07:19.212+0200][gc,heap       ] GC(16) Survivor regions: 4->3(7)
[2025-04-27T11:07:19.212+0200][gc,heap       ] GC(16) Old regions: 20->21
[2025-04-27T11:07:19.212+0200][gc,heap       ] GC(16) Humongous regions: 129->129
[2025-04-27T11:07:19.212+0200][gc,metaspace  ] GC(16) Metaspace: 44615K(47564K)->44615K(47564K) NonClass: 38859K(40396K)->38859K(40396K) Class: 5756K(7168K)->5756K(7168K)
[2025-04-27T11:07:19.213+0200][gc            ] GC(16) Pause Young (Normal) (G1 Evacuation Pause) 198M->150M(1024M) 12.467ms
[2025-04-27T11:07:19.213+0200][gc,cpu        ] GC(16) User=0.08s Sys=0.00s Real=0.01s
[2025-04-27T11:18:25.715+0200][gc,start      ] GC(17) Pause Young (Normal) (G1 Evacuation Pause)
[2025-04-27T11:18:25.715+0200][gc,task       ] GC(17) Using 8 workers of 8 for evacuation
[2025-04-27T11:18:25.736+0200][gc,mmu        ] GC(17) MMU target violated: 21.0ms (20.0ms/21.0ms)
[2025-04-27T11:18:25.736+0200][gc,phases     ] GC(17)   Pre Evacuate Collection Set: 0.2ms
[2025-04-27T11:18:25.737+0200][gc,phases     ] GC(17)   Evacuate Collection Set: 19.7ms
[2025-04-27T11:18:25.737+0200][gc,phases     ] GC(17)   Post Evacuate Collection Set: 0.7ms
[2025-04-27T11:18:25.737+0200][gc,phases     ] GC(17)   Other: 0.6ms
[2025-04-27T11:18:25.737+0200][gc,heap       ] GC(17) Eden regions: 54->0(57)
[2025-04-27T11:18:25.737+0200][gc,heap       ] GC(17) Survivor regions: 3->4(8)
[2025-04-27T11:18:25.737+0200][gc,heap       ] GC(17) Old regions: 21->21
[2025-04-27T11:18:25.737+0200][gc,heap       ] GC(17) Humongous regions: 129->129
[2025-04-27T11:18:25.737+0200][gc,metaspace  ] GC(17) Metaspace: 44628K(47564K)->44628K(47564K) NonClass: 38871K(40396K)->38871K(40396K) Class: 5756K(7168K)->5756K(7168K)
[2025-04-27T11:18:25.737+0200][gc            ] GC(17) Pause Young (Normal) (G1 Evacuation Pause) 204M->151M(1024M) 21.469ms
[2025-04-27T11:18:25.737+0200][gc,cpu        ] GC(17) User=0.14s Sys=0.00s Real=0.02s
[2025-04-27T11:30:05.908+0200][gc,start      ] GC(18) Pause Young (Normal) (G1 Evacuation Pause)
[2025-04-27T11:30:05.908+0200][gc,task       ] GC(18) Using 8 workers of 8 for evacuation
[2025-04-27T11:30:05.916+0200][gc,phases     ] GC(18)   Pre Evacuate Collection Set: 0.2ms
[2025-04-27T11:30:05.916+0200][gc,phases     ] GC(18)   Evacuate Collection Set: 6.9ms
[2025-04-27T11:30:05.916+0200][gc,phases     ] GC(18)   Post Evacuate Collection Set: 0.6ms
[2025-04-27T11:30:05.916+0200][gc,phases     ] GC(18)   Other: 0.5ms
[2025-04-27T11:30:05.916+0200][gc,heap       ] GC(18) Eden regions: 57->0(211)
[2025-04-27T11:30:05.916+0200][gc,heap       ] GC(18) Survivor regions: 4->4(8)
[2025-04-27T11:30:05.916+0200][gc,heap       ] GC(18) Old regions: 21->21
[2025-04-27T11:30:05.916+0200][gc,heap       ] GC(18) Humongous regions: 129->129
[2025-04-27T11:30:05.916+0200][gc,metaspace  ] GC(18) Metaspace: 44630K(47564K)->44630K(47564K) NonClass: 38873K(40396K)->38873K(40396K) Class: 5756K(7168K)->5756K(7168K)
[2025-04-27T11:30:05.916+0200][gc            ] GC(18) Pause Young (Normal) (G1 Evacuation Pause) 208M->151M(1024M) 8.380ms
[2025-04-27T11:30:05.916+0200][gc,cpu        ] GC(18) User=0.02s Sys=0.02s Real=0.01s
[2025-04-27T12:13:53.808+0200][gc,start      ] GC(19) Pause Young (Normal) (G1 Evacuation Pause)
[2025-04-27T12:13:53.809+0200][gc,task       ] GC(19) Using 8 workers of 8 for evacuation
[2025-04-27T12:13:53.824+0200][gc,phases     ] GC(19)   Pre Evacuate Collection Set: 0.1ms
[2025-04-27T12:13:53.824+0200][gc,phases     ] GC(19)   Evacuate Collection Set: 13.4ms
[2025-04-27T12:13:53.824+0200][gc,phases     ] GC(19)   Post Evacuate Collection Set: 0.7ms
[2025-04-27T12:13:53.824+0200][gc,phases     ] GC(19)   Other: 1.7ms
[2025-04-27T12:13:53.824+0200][gc,heap       ] GC(19) Eden regions: 211->0(611)
[2025-04-27T12:13:53.824+0200][gc,heap       ] GC(19) Survivor regions: 4->3(27)
[2025-04-27T12:13:53.824+0200][gc,heap       ] GC(19) Old regions: 21->21
[2025-04-27T12:13:53.824+0200][gc,heap       ] GC(19) Humongous regions: 129->129
[2025-04-27T12:13:53.824+0200][gc,metaspace  ] GC(19) Metaspace: 44675K(47564K)->44675K(47564K) NonClass: 38915K(40396K)->38915K(40396K) Class: 5759K(7168K)->5759K(7168K)
[2025-04-27T12:13:53.824+0200][gc            ] GC(19) Pause Young (Normal) (G1 Evacuation Pause) 362M->150M(1024M) 15.945ms
[2025-04-27T12:13:53.824+0200][gc,cpu        ] GC(19) User=0.11s Sys=0.00s Real=0.02s
[2025-04-27T14:20:57.247+0200][gc,start      ] GC(20) Pause Young (Normal) (G1 Evacuation Pause)
[2025-04-27T14:20:57.248+0200][gc,task       ] GC(20) Using 8 workers of 8 for evacuation
[2025-04-27T14:20:57.276+0200][gc,mmu        ] GC(20) MMU target violated: 21.0ms (20.0ms/21.0ms)
[2025-04-27T14:20:57.276+0200][gc,phases     ] GC(20)   Pre Evacuate Collection Set: 1.7ms
[2025-04-27T14:20:57.276+0200][gc,phases     ] GC(20)   Evacuate Collection Set: 23.2ms
[2025-04-27T14:20:57.276+0200][gc,phases     ] GC(20)   Post Evacuate Collection Set: 1.3ms
[2025-04-27T14:20:57.276+0200][gc,phases     ] GC(20)   Other: 3.0ms
[2025-04-27T14:20:57.276+0200][gc,heap       ] GC(20) Eden regions: 611->0(121)
[2025-04-27T14:20:57.276+0200][gc,heap       ] GC(20) Survivor regions: 3->4(77)
[2025-04-27T14:20:57.276+0200][gc,heap       ] GC(20) Old regions: 21->21
[2025-04-27T14:20:57.276+0200][gc,heap       ] GC(20) Humongous regions: 129->129
[2025-04-27T14:20:57.276+0200][gc,metaspace  ] GC(20) Metaspace: 44726K(47820K)->44726K(47820K) NonClass: 38964K(40652K)->38964K(40652K) Class: 5761K(7168K)->5761K(7168K)
[2025-04-27T14:20:57.276+0200][gc            ] GC(20) Pause Young (Normal) (G1 Evacuation Pause) 761M->151M(1024M) 29.225ms
[2025-04-27T14:20:57.276+0200][gc,cpu        ] GC(20) User=0.10s Sys=0.04s Real=0.03s
[2025-04-27T14:46:41.843+0200][gc,start      ] GC(21) Pause Young (Normal) (G1 Evacuation Pause)
[2025-04-27T14:46:41.843+0200][gc,task       ] GC(21) Using 8 workers of 8 for evacuation
[2025-04-27T14:46:41.875+0200][gc,mmu        ] GC(21) MMU target violated: 21.0ms (20.0ms/21.0ms)
[2025-04-27T14:46:41.875+0200][gc,phases     ] GC(21)   Pre Evacuate Collection Set: 0.5ms
[2025-04-27T14:46:41.875+0200][gc,phases     ] GC(21)   Evacuate Collection Set: 21.7ms
[2025-04-27T14:46:41.875+0200][gc,phases     ] GC(21)   Post Evacuate Collection Set: 9.5ms
[2025-04-27T14:46:41.875+0200][gc,phases     ] GC(21)   Other: 1.2ms
[2025-04-27T14:46:41.875+0200][gc,heap       ] GC(21) Eden regions: 121->0(47)
[2025-04-27T14:46:41.875+0200][gc,heap       ] GC(21) Survivor regions: 4->4(16)
[2025-04-27T14:46:41.875+0200][gc,heap       ] GC(21) Old regions: 21->21
[2025-04-27T14:46:41.875+0200][gc,heap       ] GC(21) Humongous regions: 129->129
[2025-04-27T14:46:41.875+0200][gc,metaspace  ] GC(21) Metaspace: 44745K(47820K)->44745K(47820K) NonClass: 38983K(40652K)->38983K(40652K) Class: 5761K(7168K)->5761K(7168K)
[2025-04-27T14:46:41.875+0200][gc            ] GC(21) Pause Young (Normal) (G1 Evacuation Pause) 272M->151M(1024M) 32.653ms
[2025-04-27T14:46:41.876+0200][gc,cpu        ] GC(21) User=0.22s Sys=0.00s Real=0.04s
[2025-04-27T14:56:01.030+0200][gc,start      ] GC(22) Pause Young (Normal) (G1 Evacuation Pause)
[2025-04-27T14:56:01.031+0200][gc,task       ] GC(22) Using 8 workers of 8 for evacuation
[2025-04-27T14:56:01.050+0200][gc,phases     ] GC(22)   Pre Evacuate Collection Set: 0.1ms
[2025-04-27T14:56:01.050+0200][gc,phases     ] GC(22)   Evacuate Collection Set: 18.0ms
[2025-04-27T14:56:01.050+0200][gc,phases     ] GC(22)   Post Evacuate Collection Set: 0.6ms
[2025-04-27T14:56:01.050+0200][gc,phases     ] GC(22)   Other: 0.6ms
[2025-04-27T14:56:01.050+0200][gc,heap       ] GC(22) Eden regions: 47->0(61)
[2025-04-27T14:56:01.050+0200][gc,heap       ] GC(22) Survivor regions: 4->5(7)
[2025-04-27T14:56:01.050+0200][gc,heap       ] GC(22) Old regions: 21->21
[2025-04-27T14:56:01.050+0200][gc,heap       ] GC(22) Humongous regions: 129->129
[2025-04-27T14:56:01.050+0200][gc,metaspace  ] GC(22) Metaspace: 44755K(47820K)->44755K(47820K) NonClass: 38994K(40652K)->38994K(40652K) Class: 5761K(7168K)->5761K(7168K)
[2025-04-27T14:56:01.050+0200][gc            ] GC(22) Pause Young (Normal) (G1 Evacuation Pause) 198M->151M(1024M) 19.494ms
[2025-04-27T14:56:01.050+0200][gc,cpu        ] GC(22) User=0.14s Sys=0.00s Real=0.02s
[2025-04-27T15:05:31.449+0200][gc,start      ] GC(23) Pause Young (Normal) (G1 Evacuation Pause)
[2025-04-27T15:05:31.449+0200][gc,task       ] GC(23) Using 8 workers of 8 for evacuation
[2025-04-27T15:05:31.457+0200][gc,phases     ] GC(23)   Pre Evacuate Collection Set: 0.2ms
[2025-04-27T15:05:31.457+0200][gc,phases     ] GC(23)   Evacuate Collection Set: 7.0ms
[2025-04-27T15:05:31.457+0200][gc,phases     ] GC(23)   Post Evacuate Collection Set: 0.6ms
[2025-04-27T15:05:31.457+0200][gc,phases     ] GC(23)   Other: 0.5ms
[2025-04-27T15:05:31.458+0200][gc,heap       ] GC(23) Eden regions: 46->0(257)
[2025-04-27T15:05:31.458+0200][gc,heap       ] GC(23) Survivor regions: 5->3(7)
[2025-04-27T15:05:31.458+0200][gc,heap       ] GC(23) Old regions: 21->21
[2025-04-27T15:05:31.458+0200][gc,heap       ] GC(23) Humongous regions: 129->129
[2025-04-27T15:05:31.458+0200][gc,metaspace  ] GC(23) Metaspace: 44756K(47820K)->44756K(47820K) NonClass: 38995K(40652K)->38995K(40652K) Class: 5761K(7168K)->5761K(7168K)
[2025-04-27T15:05:31.458+0200][gc            ] GC(23) Pause Young (Normal) (G1 Evacuation Pause) 197M->150M(1024M) 8.412ms
[2025-04-27T15:05:31.458+0200][gc,cpu        ] GC(23) User=0.04s Sys=0.00s Real=0.01s
[2025-04-27T15:59:47.132+0200][gc,start      ] GC(24) Pause Young (Normal) (G1 Evacuation Pause)
[2025-04-27T15:59:47.132+0200][gc,task       ] GC(24) Using 8 workers of 8 for evacuation
[2025-04-27T15:59:47.152+0200][gc,phases     ] GC(24)   Pre Evacuate Collection Set: 0.3ms
[2025-04-27T15:59:47.152+0200][gc,phases     ] GC(24)   Evacuate Collection Set: 17.9ms
[2025-04-27T15:59:47.152+0200][gc,phases     ] GC(24)   Post Evacuate Collection Set: 1.1ms
[2025-04-27T15:59:47.152+0200][gc,phases     ] GC(24)   Other: 0.8ms
[2025-04-27T15:59:47.152+0200][gc,heap       ] GC(24) Eden regions: 257->0(241)
[2025-04-27T15:59:47.152+0200][gc,heap       ] GC(24) Survivor regions: 3->3(33)
[2025-04-27T15:59:47.152+0200][gc,heap       ] GC(24) Old regions: 21->21
[2025-04-27T15:59:47.152+0200][gc,heap       ] GC(24) Humongous regions: 129->129
[2025-04-27T15:59:47.152+0200][gc,metaspace  ] GC(24) Metaspace: 44760K(47820K)->44760K(47820K) NonClass: 38998K(40652K)->38998K(40652K) Class: 5761K(7168K)->5761K(7168K)
[2025-04-27T15:59:47.152+0200][gc            ] GC(24) Pause Young (Normal) (G1 Evacuation Pause) 407M->150M(1024M) 20.153ms
[2025-04-27T15:59:47.152+0200][gc,cpu        ] GC(24) User=0.12s Sys=0.00s Real=0.02s
[2025-04-27T16:29:35.556+0200][gc,start      ] GC(25) Pause Young (Normal) (G1 Evacuation Pause)
[2025-04-27T16:29:35.556+0200][gc,task       ] GC(25) Using 8 workers of 8 for evacuation
[2025-04-27T16:29:35.566+0200][gc,phases     ] GC(25)   Pre Evacuate Collection Set: 0.2ms
[2025-04-27T16:29:35.566+0200][gc,phases     ] GC(25)   Evacuate Collection Set: 9.1ms
[2025-04-27T16:29:35.566+0200][gc,phases     ] GC(25)   Post Evacuate Collection Set: 0.8ms
[2025-04-27T16:29:35.566+0200][gc,phases     ] GC(25)   Other: 0.4ms
[2025-04-27T16:29:35.566+0200][gc,heap       ] GC(25) Eden regions: 149->0(293)
[2025-04-27T16:29:35.566+0200][gc,heap       ] GC(25) Survivor regions: 3->3(19)
[2025-04-27T16:29:35.566+0200][gc,heap       ] GC(25) Old regions: 21->21
[2025-04-27T16:29:35.566+0200][gc,heap       ] GC(25) Humongous regions: 129->129
[2025-04-27T16:29:35.566+0200][gc,metaspace  ] GC(25) Metaspace: 45494K(48716K)->45494K(48716K) NonClass: 39525K(41164K)->39525K(41164K) Class: 5969K(7552K)->5969K(7552K)
[2025-04-27T16:29:35.566+0200][gc            ] GC(25) Pause Young (Normal) (G1 Evacuation Pause) 299M->151M(1024M) 10.660ms
[2025-04-27T16:29:35.567+0200][gc,cpu        ] GC(25) User=0.03s Sys=0.00s Real=0.01s
[2025-04-27T16:29:35.598+0200][gc,heap,exit  ] Heap
[2025-04-27T16:29:35.599+0200][gc,heap,exit  ]  garbage-first heap   total 1048576K, used 156717K [0x00000000c0000000, 0x0000000100000000)
[2025-04-27T16:29:35.599+0200][gc,heap,exit  ]   region size 1024K, 6 young (6144K), 3 survivors (3072K)
[2025-04-27T16:29:35.599+0200][gc,heap,exit  ]  Metaspace       used 45528K, capacity 48579K, committed 48716K, reserved 1091584K
[2025-04-27T16:29:35.599+0200][gc,heap,exit  ]   class space    used 5978K, capacity 7477K, committed 7552K, reserved 1048576K
