[2025-04-25T10:45:24.059+0200][gc,heap] Heap region size: 1M
[2025-04-25T10:45:24.098+0200][gc     ] Using G1
[2025-04-25T10:45:24.098+0200][gc,heap,coops] Heap address: 0x00000000c0000000, size: 1024 MB, Compressed Oops mode: 32-bit
[2025-04-25T10:45:24.099+0200][gc,cds       ] Mark closed archive regions in map: [0x00000000fff00000, 0x00000000fff6bff8]
[2025-04-25T10:45:24.099+0200][gc,cds       ] Mark open archive regions in map: [0x00000000ffe00000, 0x00000000ffe47ff8]
[2025-04-25T10:45:28.181+0200][gc,start     ] GC(0) Pause Young (Normal) (G1 Evacuation Pause)
[2025-04-25T10:45:28.183+0200][gc,task      ] GC(0) Using 8 workers of 8 for evacuation
[2025-04-25T10:45:28.208+0200][gc,mmu       ] GC(0) MMU target violated: 21.0ms (20.0ms/21.0ms)
[2025-04-25T10:45:28.208+0200][gc,phases    ] GC(0)   Pre Evacuate Collection Set: 0.0ms
[2025-04-25T10:45:28.208+0200][gc,phases    ] GC(0)   Evacuate Collection Set: 23.5ms
[2025-04-25T10:45:28.208+0200][gc,phases    ] GC(0)   Post Evacuate Collection Set: 0.9ms
[2025-04-25T10:45:28.208+0200][gc,phases    ] GC(0)   Other: 2.2ms
[2025-04-25T10:45:28.208+0200][gc,heap      ] GC(0) Eden regions: 51->0(44)
[2025-04-25T10:45:28.208+0200][gc,heap      ] GC(0) Survivor regions: 0->7(7)
[2025-04-25T10:45:28.208+0200][gc,heap      ] GC(0) Old regions: 2->3
[2025-04-25T10:45:28.208+0200][gc,heap      ] GC(0) Humongous regions: 0->0
[2025-04-25T10:45:28.208+0200][gc,metaspace ] GC(0) Metaspace: 14199K(15104K)->14199K(15104K) NonClass: 12453K(13056K)->12453K(13056K) Class: 1746K(2048K)->1746K(2048K)
[2025-04-25T10:45:28.208+0200][gc           ] GC(0) Pause Young (Normal) (G1 Evacuation Pause) 51M->7M(1024M) 26.914ms
[2025-04-25T10:45:28.208+0200][gc,cpu       ] GC(0) User=0.07s Sys=0.02s Real=0.02s
[2025-04-25T10:45:29.665+0200][gc,start     ] GC(1) Pause Young (Concurrent Start) (Metadata GC Threshold)
[2025-04-25T10:45:29.665+0200][gc,task      ] GC(1) Using 8 workers of 8 for evacuation
[2025-04-25T10:45:29.685+0200][gc,mmu       ] GC(1) MMU target violated: 20.3ms (20.0ms/21.0ms)
[2025-04-25T10:45:29.685+0200][gc,phases    ] GC(1)   Pre Evacuate Collection Set: 0.1ms
[2025-04-25T10:45:29.685+0200][gc,phases    ] GC(1)   Evacuate Collection Set: 19.0ms
[2025-04-25T10:45:29.685+0200][gc,phases    ] GC(1)   Post Evacuate Collection Set: 0.6ms
[2025-04-25T10:45:29.685+0200][gc,phases    ] GC(1)   Other: 0.7ms
[2025-04-25T10:45:29.685+0200][gc,heap      ] GC(1) Eden regions: 29->0(49)
[2025-04-25T10:45:29.686+0200][gc,heap      ] GC(1) Survivor regions: 7->2(7)
[2025-04-25T10:45:29.686+0200][gc,heap      ] GC(1) Old regions: 3->9
[2025-04-25T10:45:29.686+0200][gc,heap      ] GC(1) Humongous regions: 0->0
[2025-04-25T10:45:29.686+0200][gc,metaspace ] GC(1) Metaspace: 20512K(21248K)->20512K(21248K) NonClass: 18028K(18432K)->18028K(18432K) Class: 2483K(2816K)->2483K(2816K)
[2025-04-25T10:45:29.686+0200][gc           ] GC(1) Pause Young (Concurrent Start) (Metadata GC Threshold) 36M->8M(1024M) 20.680ms
[2025-04-25T10:45:29.686+0200][gc,cpu       ] GC(1) User=0.04s Sys=0.02s Real=0.02s
[2025-04-25T10:45:29.686+0200][gc           ] GC(2) Concurrent Cycle
[2025-04-25T10:45:29.686+0200][gc,marking   ] GC(2) Concurrent Clear Claimed Marks
[2025-04-25T10:45:29.686+0200][gc,marking   ] GC(2) Concurrent Clear Claimed Marks 0.037ms
[2025-04-25T10:45:29.686+0200][gc,marking   ] GC(2) Concurrent Scan Root Regions
[2025-04-25T10:45:29.687+0200][gc,marking   ] GC(2) Concurrent Scan Root Regions 1.556ms
[2025-04-25T10:45:29.687+0200][gc,marking   ] GC(2) Concurrent Mark (5.636s)
[2025-04-25T10:45:29.687+0200][gc,marking   ] GC(2) Concurrent Mark From Roots
[2025-04-25T10:45:29.687+0200][gc,task      ] GC(2) Using 2 workers of 2 for marking
[2025-04-25T10:45:29.697+0200][gc,marking   ] GC(2) Concurrent Mark From Roots 9.574ms
[2025-04-25T10:45:29.697+0200][gc,marking   ] GC(2) Concurrent Preclean
[2025-04-25T10:45:29.698+0200][gc,marking   ] GC(2) Concurrent Preclean 0.525ms
[2025-04-25T10:45:29.698+0200][gc,marking   ] GC(2) Concurrent Mark (5.636s, 5.646s) 10.220ms
[2025-04-25T10:45:29.698+0200][gc,start     ] GC(2) Pause Remark
[2025-04-25T10:45:29.711+0200][gc,stringtable] GC(2) Cleaned string and symbol table, strings: 5673 processed, 0 removed, symbols: 53248 processed, 44 removed
[2025-04-25T10:45:29.711+0200][gc            ] GC(2) Pause Remark 9M->9M(1024M) 13.486ms
[2025-04-25T10:45:29.711+0200][gc,cpu        ] GC(2) User=0.08s Sys=0.00s Real=0.02s
[2025-04-25T10:45:29.712+0200][gc,marking    ] GC(2) Concurrent Rebuild Remembered Sets
[2025-04-25T10:45:29.716+0200][gc,marking    ] GC(2) Concurrent Rebuild Remembered Sets 3.977ms
[2025-04-25T10:45:29.716+0200][gc,start      ] GC(2) Pause Cleanup
[2025-04-25T10:45:29.716+0200][gc            ] GC(2) Pause Cleanup 9M->9M(1024M) 0.437ms
[2025-04-25T10:45:29.716+0200][gc,cpu        ] GC(2) User=0.00s Sys=0.00s Real=0.00s
[2025-04-25T10:45:29.716+0200][gc,marking    ] GC(2) Concurrent Cleanup for Next Mark
[2025-04-25T10:45:29.731+0200][gc,marking    ] GC(2) Concurrent Cleanup for Next Mark 14.828ms
[2025-04-25T10:45:29.731+0200][gc            ] GC(2) Concurrent Cycle 45.556ms
[2025-04-25T10:45:32.180+0200][gc,start      ] GC(3) Pause Young (Normal) (G1 Evacuation Pause)
[2025-04-25T10:45:32.180+0200][gc,task       ] GC(3) Using 8 workers of 8 for evacuation
[2025-04-25T10:45:32.186+0200][gc,phases     ] GC(3)   Pre Evacuate Collection Set: 0.0ms
[2025-04-25T10:45:32.186+0200][gc,phases     ] GC(3)   Evacuate Collection Set: 4.8ms
[2025-04-25T10:45:32.186+0200][gc,phases     ] GC(3)   Post Evacuate Collection Set: 0.6ms
[2025-04-25T10:45:32.186+0200][gc,phases     ] GC(3)   Other: 0.4ms
[2025-04-25T10:45:32.186+0200][gc,heap       ] GC(3) Eden regions: 49->0(47)
[2025-04-25T10:45:32.186+0200][gc,heap       ] GC(3) Survivor regions: 2->4(7)
[2025-04-25T10:45:32.186+0200][gc,heap       ] GC(3) Old regions: 9->9
[2025-04-25T10:45:32.186+0200][gc,heap       ] GC(3) Humongous regions: 129->129
[2025-04-25T10:45:32.186+0200][gc,metaspace  ] GC(3) Metaspace: 28234K(29312K)->28234K(29312K) NonClass: 24957K(25600K)->24957K(25600K) Class: 3277K(3712K)->3277K(3712K)
[2025-04-25T10:45:32.186+0200][gc            ] GC(3) Pause Young (Normal) (G1 Evacuation Pause) 186M->139M(1024M) 6.090ms
[2025-04-25T10:45:32.186+0200][gc,cpu        ] GC(3) User=0.02s Sys=0.01s Real=0.00s
[2025-04-25T10:45:32.999+0200][gc,start      ] GC(4) Pause Young (Concurrent Start) (Metadata GC Threshold)
[2025-04-25T10:45:32.999+0200][gc,task       ] GC(4) Using 8 workers of 8 for evacuation
[2025-04-25T10:45:33.008+0200][gc,phases     ] GC(4)   Pre Evacuate Collection Set: 0.1ms
[2025-04-25T10:45:33.008+0200][gc,phases     ] GC(4)   Evacuate Collection Set: 7.5ms
[2025-04-25T10:45:33.008+0200][gc,phases     ] GC(4)   Post Evacuate Collection Set: 0.7ms
[2025-04-25T10:45:33.008+0200][gc,phases     ] GC(4)   Other: 0.5ms
[2025-04-25T10:45:33.008+0200][gc,heap       ] GC(4) Eden regions: 40->0(44)
[2025-04-25T10:45:33.008+0200][gc,heap       ] GC(4) Survivor regions: 4->7(7)
[2025-04-25T10:45:33.008+0200][gc,heap       ] GC(4) Old regions: 9->9
[2025-04-25T10:45:33.008+0200][gc,heap       ] GC(4) Humongous regions: 129->129
[2025-04-25T10:45:33.008+0200][gc,metaspace  ] GC(4) Metaspace: 34355K(35840K)->34355K(35840K) NonClass: 30347K(31232K)->30347K(31232K) Class: 4008K(4608K)->4008K(4608K)
[2025-04-25T10:45:33.008+0200][gc            ] GC(4) Pause Young (Concurrent Start) (Metadata GC Threshold) 179M->143M(1024M) 9.107ms
[2025-04-25T10:45:33.008+0200][gc,cpu        ] GC(4) User=0.04s Sys=0.00s Real=0.00s
[2025-04-25T10:45:33.008+0200][gc            ] GC(5) Concurrent Cycle
[2025-04-25T10:45:33.008+0200][gc,marking    ] GC(5) Concurrent Clear Claimed Marks
[2025-04-25T10:45:33.008+0200][gc,marking    ] GC(5) Concurrent Clear Claimed Marks 0.052ms
[2025-04-25T10:45:33.008+0200][gc,marking    ] GC(5) Concurrent Scan Root Regions
[2025-04-25T10:45:33.012+0200][gc,marking    ] GC(5) Concurrent Scan Root Regions 3.786ms
[2025-04-25T10:45:33.012+0200][gc,marking    ] GC(5) Concurrent Mark (8.960s)
[2025-04-25T10:45:33.012+0200][gc,marking    ] GC(5) Concurrent Mark From Roots
[2025-04-25T10:45:33.012+0200][gc,task       ] GC(5) Using 2 workers of 2 for marking
[2025-04-25T10:45:33.022+0200][gc,marking    ] GC(5) Concurrent Mark From Roots 10.009ms
[2025-04-25T10:45:33.022+0200][gc,marking    ] GC(5) Concurrent Preclean
[2025-04-25T10:45:33.023+0200][gc,marking    ] GC(5) Concurrent Preclean 0.522ms
[2025-04-25T10:45:33.023+0200][gc,marking    ] GC(5) Concurrent Mark (8.960s, 8.971s) 10.681ms
[2025-04-25T10:45:33.023+0200][gc,start      ] GC(5) Pause Remark
[2025-04-25T10:45:33.028+0200][gc,stringtable] GC(5) Cleaned string and symbol table, strings: 11759 processed, 10 removed, symbols: 85653 processed, 15 removed
[2025-04-25T10:45:33.029+0200][gc            ] GC(5) Pause Remark 145M->145M(1024M) 5.452ms
[2025-04-25T10:45:33.029+0200][gc,cpu        ] GC(5) User=0.03s Sys=0.00s Real=0.00s
[2025-04-25T10:45:33.029+0200][gc,marking    ] GC(5) Concurrent Rebuild Remembered Sets
[2025-04-25T10:45:33.036+0200][gc,marking    ] GC(5) Concurrent Rebuild Remembered Sets 7.480ms
[2025-04-25T10:45:33.037+0200][gc,start      ] GC(5) Pause Cleanup
[2025-04-25T10:45:33.037+0200][gc            ] GC(5) Pause Cleanup 145M->145M(1024M) 0.376ms
[2025-04-25T10:45:33.038+0200][gc,cpu        ] GC(5) User=0.00s Sys=0.00s Real=0.00s
[2025-04-25T10:45:33.038+0200][gc,marking    ] GC(5) Concurrent Cleanup for Next Mark
[2025-04-25T10:45:33.055+0200][gc,marking    ] GC(5) Concurrent Cleanup for Next Mark 17.162ms
[2025-04-25T10:45:33.055+0200][gc            ] GC(5) Concurrent Cycle 46.609ms
[2025-04-25T10:46:19.066+0200][gc,start      ] GC(6) Pause Young (Normal) (G1 Evacuation Pause)
[2025-04-25T10:46:19.066+0200][gc,task       ] GC(6) Using 8 workers of 8 for evacuation
[2025-04-25T10:46:19.085+0200][gc,phases     ] GC(6)   Pre Evacuate Collection Set: 0.0ms
[2025-04-25T10:46:19.085+0200][gc,phases     ] GC(6)   Evacuate Collection Set: 18.0ms
[2025-04-25T10:46:19.085+0200][gc,phases     ] GC(6)   Post Evacuate Collection Set: 1.2ms
[2025-04-25T10:46:19.085+0200][gc,phases     ] GC(6)   Other: 0.4ms
[2025-04-25T10:46:19.085+0200][gc,heap       ] GC(6) Eden regions: 44->0(48)
[2025-04-25T10:46:19.085+0200][gc,heap       ] GC(6) Survivor regions: 7->3(7)
[2025-04-25T10:46:19.085+0200][gc,heap       ] GC(6) Old regions: 9->16
[2025-04-25T10:46:19.085+0200][gc,heap       ] GC(6) Humongous regions: 153->129
[2025-04-25T10:46:19.086+0200][gc,metaspace  ] GC(6) Metaspace: 40714K(43084K)->40714K(43084K) NonClass: 35597K(36812K)->35597K(36812K) Class: 5116K(6272K)->5116K(6272K)
[2025-04-25T10:46:19.086+0200][gc            ] GC(6) Pause Young (Normal) (G1 Evacuation Pause) 211M->145M(1024M) 20.001ms
[2025-04-25T10:46:19.086+0200][gc,cpu        ] GC(6) User=0.12s Sys=0.00s Real=0.02s
[2025-04-25T11:21:13.693+0200][gc,start      ] GC(7) Pause Young (Normal) (G1 Evacuation Pause)
[2025-04-25T11:21:13.693+0200][gc,task       ] GC(7) Using 8 workers of 8 for evacuation
[2025-04-25T11:21:13.716+0200][gc,mmu        ] GC(7) MMU target violated: 21.0ms (20.0ms/21.0ms)
[2025-04-25T11:21:13.716+0200][gc,phases     ] GC(7)   Pre Evacuate Collection Set: 0.0ms
[2025-04-25T11:21:13.716+0200][gc,phases     ] GC(7)   Evacuate Collection Set: 21.7ms
[2025-04-25T11:21:13.716+0200][gc,phases     ] GC(7)   Post Evacuate Collection Set: 0.8ms
[2025-04-25T11:21:13.716+0200][gc,phases     ] GC(7)   Other: 0.7ms
[2025-04-25T11:21:13.716+0200][gc,heap       ] GC(7) Eden regions: 48->0(48)
[2025-04-25T11:21:13.716+0200][gc,heap       ] GC(7) Survivor regions: 3->3(7)
[2025-04-25T11:21:13.716+0200][gc,heap       ] GC(7) Old regions: 16->16
[2025-04-25T11:21:13.716+0200][gc,heap       ] GC(7) Humongous regions: 129->129
[2025-04-25T11:21:13.716+0200][gc,metaspace  ] GC(7) Metaspace: 41329K(43852K)->41329K(43852K) NonClass: 36156K(37580K)->36156K(37580K) Class: 5173K(6272K)->5173K(6272K)
[2025-04-25T11:21:13.716+0200][gc            ] GC(7) Pause Young (Normal) (G1 Evacuation Pause) 193M->145M(1024M) 23.415ms
[2025-04-25T11:21:13.716+0200][gc,cpu        ] GC(7) User=0.15s Sys=0.00s Real=0.02s
[2025-04-25T11:56:13.692+0200][gc,start      ] GC(8) Pause Young (Normal) (G1 Evacuation Pause)
[2025-04-25T11:56:13.692+0200][gc,task       ] GC(8) Using 8 workers of 8 for evacuation
[2025-04-25T11:56:13.718+0200][gc,mmu        ] GC(8) MMU target violated: 21.0ms (20.0ms/21.0ms)
[2025-04-25T11:56:13.718+0200][gc,phases     ] GC(8)   Pre Evacuate Collection Set: 0.6ms
[2025-04-25T11:56:13.718+0200][gc,phases     ] GC(8)   Evacuate Collection Set: 23.3ms
[2025-04-25T11:56:13.718+0200][gc,phases     ] GC(8)   Post Evacuate Collection Set: 1.1ms
[2025-04-25T11:56:13.718+0200][gc,phases     ] GC(8)   Other: 0.6ms
[2025-04-25T11:56:13.718+0200][gc,heap       ] GC(8) Eden regions: 48->0(48)
[2025-04-25T11:56:13.718+0200][gc,heap       ] GC(8) Survivor regions: 3->3(7)
[2025-04-25T11:56:13.718+0200][gc,heap       ] GC(8) Old regions: 16->16
[2025-04-25T11:56:13.718+0200][gc,heap       ] GC(8) Humongous regions: 129->129
[2025-04-25T11:56:13.718+0200][gc,metaspace  ] GC(8) Metaspace: 41980K(44492K)->41980K(44492K) NonClass: 36716K(38092K)->36716K(38092K) Class: 5263K(6400K)->5263K(6400K)
[2025-04-25T11:56:13.718+0200][gc            ] GC(8) Pause Young (Normal) (G1 Evacuation Pause) 193M->145M(1024M) 25.762ms
[2025-04-25T11:56:13.718+0200][gc,cpu        ] GC(8) User=0.17s Sys=0.00s Real=0.02s
[2025-04-25T12:31:33.693+0200][gc,start      ] GC(9) Pause Young (Normal) (G1 Evacuation Pause)
[2025-04-25T12:31:33.693+0200][gc,task       ] GC(9) Using 8 workers of 8 for evacuation
[2025-04-25T12:31:33.705+0200][gc,phases     ] GC(9)   Pre Evacuate Collection Set: 0.1ms
[2025-04-25T12:31:33.705+0200][gc,phases     ] GC(9)   Evacuate Collection Set: 9.8ms
[2025-04-25T12:31:33.705+0200][gc,phases     ] GC(9)   Post Evacuate Collection Set: 2.0ms
[2025-04-25T12:31:33.705+0200][gc,phases     ] GC(9)   Other: 0.5ms
[2025-04-25T12:31:33.705+0200][gc,heap       ] GC(9) Eden regions: 48->0(48)
[2025-04-25T12:31:33.705+0200][gc,heap       ] GC(9) Survivor regions: 3->3(7)
[2025-04-25T12:31:33.705+0200][gc,heap       ] GC(9) Old regions: 16->16
[2025-04-25T12:31:33.705+0200][gc,heap       ] GC(9) Humongous regions: 129->129
[2025-04-25T12:31:33.705+0200][gc,metaspace  ] GC(9) Metaspace: 42172K(44748K)->42172K(44748K) NonClass: 36908K(38348K)->36908K(38348K) Class: 5263K(6400K)->5263K(6400K)
[2025-04-25T12:31:33.705+0200][gc            ] GC(9) Pause Young (Normal) (G1 Evacuation Pause) 193M->145M(1024M) 12.611ms
[2025-04-25T12:31:33.705+0200][gc,cpu        ] GC(9) User=0.07s Sys=0.00s Real=0.01s
[2025-04-25T13:07:05.819+0200][gc,start      ] GC(10) Pause Young (Normal) (G1 Evacuation Pause)
[2025-04-25T13:07:05.820+0200][gc,task       ] GC(10) Using 8 workers of 8 for evacuation
[2025-04-25T13:07:05.838+0200][gc,phases     ] GC(10)   Pre Evacuate Collection Set: 0.1ms
[2025-04-25T13:07:05.838+0200][gc,phases     ] GC(10)   Evacuate Collection Set: 9.9ms
[2025-04-25T13:07:05.838+0200][gc,phases     ] GC(10)   Post Evacuate Collection Set: 8.6ms
[2025-04-25T13:07:05.838+0200][gc,phases     ] GC(10)   Other: 0.4ms
[2025-04-25T13:07:05.838+0200][gc,heap       ] GC(10) Eden regions: 48->0(48)
[2025-04-25T13:07:05.838+0200][gc,heap       ] GC(10) Survivor regions: 3->3(7)
[2025-04-25T13:07:05.838+0200][gc,heap       ] GC(10) Old regions: 16->16
[2025-04-25T13:07:05.839+0200][gc,heap       ] GC(10) Humongous regions: 129->129
[2025-04-25T13:07:05.839+0200][gc,metaspace  ] GC(10) Metaspace: 42469K(45132K)->42469K(45132K) NonClass: 37163K(38604K)->37163K(38604K) Class: 5306K(6528K)->5306K(6528K)
[2025-04-25T13:07:05.839+0200][gc            ] GC(10) Pause Young (Normal) (G1 Evacuation Pause) 193M->146M(1024M) 19.116ms
[2025-04-25T13:07:05.839+0200][gc,cpu        ] GC(10) User=0.12s Sys=0.00s Real=0.01s
[2025-04-25T13:18:02.373+0200][gc,start      ] GC(11) Pause Young (Normal) (G1 Evacuation Pause)
[2025-04-25T13:18:02.373+0200][gc,task       ] GC(11) Using 8 workers of 8 for evacuation
[2025-04-25T13:18:02.391+0200][gc,phases     ] GC(11)   Pre Evacuate Collection Set: 1.2ms
[2025-04-25T13:18:02.391+0200][gc,phases     ] GC(11)   Evacuate Collection Set: 11.5ms
[2025-04-25T13:18:02.391+0200][gc,phases     ] GC(11)   Post Evacuate Collection Set: 4.3ms
[2025-04-25T13:18:02.391+0200][gc,phases     ] GC(11)   Other: 0.5ms
[2025-04-25T13:18:02.391+0200][gc,heap       ] GC(11) Eden regions: 48->0(46)
[2025-04-25T13:18:02.391+0200][gc,heap       ] GC(11) Survivor regions: 3->5(7)
[2025-04-25T13:18:02.391+0200][gc,heap       ] GC(11) Old regions: 16->16
[2025-04-25T13:18:02.391+0200][gc,heap       ] GC(11) Humongous regions: 129->129
[2025-04-25T13:18:02.391+0200][gc,metaspace  ] GC(11) Metaspace: 44438K(47180K)->44438K(47180K) NonClass: 38825K(40140K)->38825K(40140K) Class: 5613K(7040K)->5613K(7040K)
[2025-04-25T13:18:02.391+0200][gc            ] GC(11) Pause Young (Normal) (G1 Evacuation Pause) 194M->147M(1024M) 17.842ms
[2025-04-25T13:18:02.391+0200][gc,cpu        ] GC(11) User=0.08s Sys=0.00s Real=0.02s
[2025-04-25T13:28:54.227+0200][gc,start      ] GC(12) Pause Young (Normal) (G1 Evacuation Pause)
[2025-04-25T13:28:54.227+0200][gc,task       ] GC(12) Using 8 workers of 8 for evacuation
[2025-04-25T13:28:54.268+0200][gc,mmu        ] GC(12) MMU target violated: 21.0ms (20.0ms/21.0ms)
[2025-04-25T13:28:54.269+0200][gc,phases     ] GC(12)   Pre Evacuate Collection Set: 1.4ms
[2025-04-25T13:28:54.269+0200][gc,phases     ] GC(12)   Evacuate Collection Set: 33.1ms
[2025-04-25T13:28:54.269+0200][gc,phases     ] GC(12)   Post Evacuate Collection Set: 6.3ms
[2025-04-25T13:28:54.269+0200][gc,phases     ] GC(12)   Other: 0.9ms
[2025-04-25T13:28:54.269+0200][gc,heap       ] GC(12) Eden regions: 46->0(48)
[2025-04-25T13:28:54.269+0200][gc,heap       ] GC(12) Survivor regions: 5->3(7)
[2025-04-25T13:28:54.269+0200][gc,heap       ] GC(12) Old regions: 16->18
[2025-04-25T13:28:54.269+0200][gc,heap       ] GC(12) Humongous regions: 129->129
[2025-04-25T13:28:54.269+0200][gc,metaspace  ] GC(12) Metaspace: 44727K(47692K)->44727K(47692K) NonClass: 39111K(40652K)->39111K(40652K) Class: 5616K(7040K)->5616K(7040K)
[2025-04-25T13:28:54.269+0200][gc            ] GC(12) Pause Young (Normal) (G1 Evacuation Pause) 193M->148M(1024M) 41.967ms
[2025-04-25T13:28:54.269+0200][gc,cpu        ] GC(12) User=0.28s Sys=0.00s Real=0.04s
[2025-04-25T13:37:51.715+0200][gc,start      ] GC(13) Pause Young (Normal) (G1 Evacuation Pause)
[2025-04-25T13:37:51.715+0200][gc,task       ] GC(13) Using 8 workers of 8 for evacuation
[2025-04-25T13:37:51.740+0200][gc,mmu        ] GC(13) MMU target violated: 21.0ms (20.0ms/21.0ms)
[2025-04-25T13:37:51.740+0200][gc,phases     ] GC(13)   Pre Evacuate Collection Set: 0.0ms
[2025-04-25T13:37:51.740+0200][gc,phases     ] GC(13)   Evacuate Collection Set: 23.1ms
[2025-04-25T13:37:51.740+0200][gc,phases     ] GC(13)   Post Evacuate Collection Set: 0.9ms
[2025-04-25T13:37:51.740+0200][gc,phases     ] GC(13)   Other: 1.5ms
[2025-04-25T13:37:51.740+0200][gc,heap       ] GC(13) Eden regions: 48->0(47)
[2025-04-25T13:37:51.740+0200][gc,heap       ] GC(13) Survivor regions: 3->4(7)
[2025-04-25T13:37:51.740+0200][gc,heap       ] GC(13) Old regions: 18->18
[2025-04-25T13:37:51.740+0200][gc,heap       ] GC(13) Humongous regions: 129->129
[2025-04-25T13:37:51.740+0200][gc,metaspace  ] GC(13) Metaspace: 44808K(47948K)->44808K(47948K) NonClass: 39192K(40908K)->39192K(40908K) Class: 5616K(7040K)->5616K(7040K)
[2025-04-25T13:37:51.740+0200][gc            ] GC(13) Pause Young (Normal) (G1 Evacuation Pause) 196M->148M(1024M) 25.790ms
[2025-04-25T13:37:51.740+0200][gc,cpu        ] GC(13) User=0.17s Sys=0.00s Real=0.03s
[2025-04-25T13:46:53.592+0200][gc,start      ] GC(14) Pause Young (Normal) (G1 Evacuation Pause)
[2025-04-25T13:46:53.592+0200][gc,task       ] GC(14) Using 8 workers of 8 for evacuation
[2025-04-25T13:46:53.625+0200][gc,mmu        ] GC(14) MMU target violated: 21.0ms (20.0ms/21.0ms)
[2025-04-25T13:46:53.626+0200][gc,phases     ] GC(14)   Pre Evacuate Collection Set: 0.2ms
[2025-04-25T13:46:53.626+0200][gc,phases     ] GC(14)   Evacuate Collection Set: 30.6ms
[2025-04-25T13:46:53.626+0200][gc,phases     ] GC(14)   Post Evacuate Collection Set: 2.4ms
[2025-04-25T13:46:53.626+0200][gc,phases     ] GC(14)   Other: 0.6ms
[2025-04-25T13:46:53.626+0200][gc,heap       ] GC(14) Eden regions: 47->0(47)
[2025-04-25T13:46:53.626+0200][gc,heap       ] GC(14) Survivor regions: 4->4(7)
[2025-04-25T13:46:53.626+0200][gc,heap       ] GC(14) Old regions: 18->18
[2025-04-25T13:46:53.626+0200][gc,heap       ] GC(14) Humongous regions: 129->129
[2025-04-25T13:46:53.626+0200][gc,metaspace  ] GC(14) Metaspace: 44908K(47948K)->44908K(47948K) NonClass: 39292K(40908K)->39292K(40908K) Class: 5616K(7040K)->5616K(7040K)
[2025-04-25T13:46:53.626+0200][gc            ] GC(14) Pause Young (Normal) (G1 Evacuation Pause) 195M->148M(1024M) 33.956ms
[2025-04-25T13:46:53.626+0200][gc,cpu        ] GC(14) User=0.25s Sys=0.00s Real=0.03s
[2025-04-25T13:56:02.515+0200][gc,start      ] GC(15) Pause Young (Normal) (G1 Evacuation Pause)
[2025-04-25T13:56:02.516+0200][gc,task       ] GC(15) Using 8 workers of 8 for evacuation
[2025-04-25T13:56:02.541+0200][gc,mmu        ] GC(15) MMU target violated: 21.0ms (20.0ms/21.0ms)
[2025-04-25T13:56:02.541+0200][gc,phases     ] GC(15)   Pre Evacuate Collection Set: 0.3ms
[2025-04-25T13:56:02.541+0200][gc,phases     ] GC(15)   Evacuate Collection Set: 23.9ms
[2025-04-25T13:56:02.541+0200][gc,phases     ] GC(15)   Post Evacuate Collection Set: 1.0ms
[2025-04-25T13:56:02.541+0200][gc,phases     ] GC(15)   Other: 0.6ms
[2025-04-25T13:56:02.541+0200][gc,heap       ] GC(15) Eden regions: 47->0(47)
[2025-04-25T13:56:02.541+0200][gc,heap       ] GC(15) Survivor regions: 4->4(7)
[2025-04-25T13:56:02.541+0200][gc,heap       ] GC(15) Old regions: 18->18
[2025-04-25T13:56:02.541+0200][gc,heap       ] GC(15) Humongous regions: 129->129
[2025-04-25T13:56:02.541+0200][gc,metaspace  ] GC(15) Metaspace: 44940K(47948K)->44940K(47948K) NonClass: 39323K(40908K)->39323K(40908K) Class: 5616K(7040K)->5616K(7040K)
[2025-04-25T13:56:02.541+0200][gc            ] GC(15) Pause Young (Normal) (G1 Evacuation Pause) 195M->148M(1024M) 25.840ms
[2025-04-25T13:56:02.541+0200][gc,cpu        ] GC(15) User=0.19s Sys=0.00s Real=0.03s
[2025-04-25T14:05:13.237+0200][gc,start      ] GC(16) Pause Young (Normal) (G1 Evacuation Pause)
[2025-04-25T14:05:13.237+0200][gc,task       ] GC(16) Using 8 workers of 8 for evacuation
[2025-04-25T14:05:13.256+0200][gc,phases     ] GC(16)   Pre Evacuate Collection Set: 0.8ms
[2025-04-25T14:05:13.257+0200][gc,phases     ] GC(16)   Evacuate Collection Set: 17.2ms
[2025-04-25T14:05:13.257+0200][gc,phases     ] GC(16)   Post Evacuate Collection Set: 1.0ms
[2025-04-25T14:05:13.257+0200][gc,phases     ] GC(16)   Other: 0.5ms
[2025-04-25T14:05:13.257+0200][gc,heap       ] GC(16) Eden regions: 47->0(51)
[2025-04-25T14:05:13.257+0200][gc,heap       ] GC(16) Survivor regions: 4->4(7)
[2025-04-25T14:05:13.257+0200][gc,heap       ] GC(16) Old regions: 18->18
[2025-04-25T14:05:13.257+0200][gc,heap       ] GC(16) Humongous regions: 129->129
[2025-04-25T14:05:13.257+0200][gc,metaspace  ] GC(16) Metaspace: 45056K(47948K)->45056K(47948K) NonClass: 39439K(40908K)->39439K(40908K) Class: 5616K(7040K)->5616K(7040K)
[2025-04-25T14:05:13.257+0200][gc            ] GC(16) Pause Young (Normal) (G1 Evacuation Pause) 195M->148M(1024M) 19.750ms
[2025-04-25T14:05:13.257+0200][gc,cpu        ] GC(16) User=0.12s Sys=0.00s Real=0.02s
[2025-04-25T14:14:37.801+0200][gc,start      ] GC(17) Pause Young (Normal) (G1 Evacuation Pause)
[2025-04-25T14:14:37.801+0200][gc,task       ] GC(17) Using 8 workers of 8 for evacuation
[2025-04-25T14:14:37.829+0200][gc,mmu        ] GC(17) MMU target violated: 21.0ms (20.0ms/21.0ms)
[2025-04-25T14:14:37.829+0200][gc,phases     ] GC(17)   Pre Evacuate Collection Set: 0.0ms
[2025-04-25T14:14:37.829+0200][gc,phases     ] GC(17)   Evacuate Collection Set: 26.2ms
[2025-04-25T14:14:37.829+0200][gc,phases     ] GC(17)   Post Evacuate Collection Set: 1.0ms
[2025-04-25T14:14:37.829+0200][gc,phases     ] GC(17)   Other: 0.5ms
[2025-04-25T14:14:37.829+0200][gc,heap       ] GC(17) Eden regions: 51->0(47)
[2025-04-25T14:14:37.829+0200][gc,heap       ] GC(17) Survivor regions: 4->4(7)
[2025-04-25T14:14:37.829+0200][gc,heap       ] GC(17) Old regions: 18->18
[2025-04-25T14:14:37.829+0200][gc,heap       ] GC(17) Humongous regions: 129->129
[2025-04-25T14:14:37.829+0200][gc,metaspace  ] GC(17) Metaspace: 45068K(47948K)->45068K(47948K) NonClass: 39452K(40908K)->39452K(40908K) Class: 5616K(7040K)->5616K(7040K)
[2025-04-25T14:14:37.829+0200][gc            ] GC(17) Pause Young (Normal) (G1 Evacuation Pause) 199M->148M(1024M) 27.991ms
[2025-04-25T14:14:37.829+0200][gc,cpu        ] GC(17) User=0.20s Sys=0.00s Real=0.02s
[2025-04-25T14:23:56.397+0200][gc,start      ] GC(18) Pause Young (Normal) (G1 Evacuation Pause)
[2025-04-25T14:23:56.397+0200][gc,task       ] GC(18) Using 8 workers of 8 for evacuation
[2025-04-25T14:23:56.421+0200][gc,mmu        ] GC(18) MMU target violated: 21.0ms (20.0ms/21.0ms)
[2025-04-25T14:23:56.421+0200][gc,phases     ] GC(18)   Pre Evacuate Collection Set: 0.0ms
[2025-04-25T14:23:56.421+0200][gc,phases     ] GC(18)   Evacuate Collection Set: 18.6ms
[2025-04-25T14:23:56.421+0200][gc,phases     ] GC(18)   Post Evacuate Collection Set: 3.3ms
[2025-04-25T14:23:56.421+0200][gc,phases     ] GC(18)   Other: 2.6ms
[2025-04-25T14:23:56.421+0200][gc,heap       ] GC(18) Eden regions: 47->0(47)
[2025-04-25T14:23:56.421+0200][gc,heap       ] GC(18) Survivor regions: 4->4(7)
[2025-04-25T14:23:56.421+0200][gc,heap       ] GC(18) Old regions: 18->18
[2025-04-25T14:23:56.421+0200][gc,heap       ] GC(18) Humongous regions: 129->129
[2025-04-25T14:23:56.421+0200][gc,metaspace  ] GC(18) Metaspace: 45077K(47948K)->45077K(47948K) NonClass: 39461K(40908K)->39461K(40908K) Class: 5616K(7040K)->5616K(7040K)
[2025-04-25T14:23:56.421+0200][gc            ] GC(18) Pause Young (Normal) (G1 Evacuation Pause) 195M->149M(1024M) 24.786ms
[2025-04-25T14:23:56.421+0200][gc,cpu        ] GC(18) User=0.15s Sys=0.00s Real=0.03s
[2025-04-25T14:33:05.567+0200][gc,start      ] GC(19) Pause Young (Normal) (G1 Evacuation Pause)
[2025-04-25T14:33:05.567+0200][gc,task       ] GC(19) Using 8 workers of 8 for evacuation
[2025-04-25T14:33:05.575+0200][gc,phases     ] GC(19)   Pre Evacuate Collection Set: 0.1ms
[2025-04-25T14:33:05.575+0200][gc,phases     ] GC(19)   Evacuate Collection Set: 5.5ms
[2025-04-25T14:33:05.575+0200][gc,phases     ] GC(19)   Post Evacuate Collection Set: 1.2ms
[2025-04-25T14:33:05.575+0200][gc,phases     ] GC(19)   Other: 0.6ms
[2025-04-25T14:33:05.575+0200][gc,heap       ] GC(19) Eden regions: 47->0(60)
[2025-04-25T14:33:05.575+0200][gc,heap       ] GC(19) Survivor regions: 4->4(7)
[2025-04-25T14:33:05.575+0200][gc,heap       ] GC(19) Old regions: 18->18
[2025-04-25T14:33:05.575+0200][gc,heap       ] GC(19) Humongous regions: 129->129
[2025-04-25T14:33:05.575+0200][gc,metaspace  ] GC(19) Metaspace: 45091K(48204K)->45091K(48204K) NonClass: 39475K(41164K)->39475K(41164K) Class: 5616K(7040K)->5616K(7040K)
[2025-04-25T14:33:05.575+0200][gc            ] GC(19) Pause Young (Normal) (G1 Evacuation Pause) 196M->149M(1024M) 7.585ms
[2025-04-25T14:33:05.575+0200][gc,cpu        ] GC(19) User=0.03s Sys=0.01s Real=0.01s
[2025-04-25T14:44:56.017+0200][gc,start      ] GC(20) Pause Young (Normal) (G1 Evacuation Pause)
[2025-04-25T14:44:56.062+0200][gc,task       ] GC(20) Using 8 workers of 8 for evacuation
[2025-04-25T14:44:56.092+0200][gc,mmu        ] GC(20) MMU target violated: 21.0ms (20.0ms/21.0ms)
[2025-04-25T14:44:56.092+0200][gc,phases     ] GC(20)   Pre Evacuate Collection Set: 0.2ms
[2025-04-25T14:44:56.092+0200][gc,phases     ] GC(20)   Evacuate Collection Set: 28.8ms
[2025-04-25T14:44:56.092+0200][gc,phases     ] GC(20)   Post Evacuate Collection Set: 1.1ms
[2025-04-25T14:44:56.092+0200][gc,phases     ] GC(20)   Other: 45.5ms
[2025-04-25T14:44:56.092+0200][gc,heap       ] GC(20) Eden regions: 60->0(63)
[2025-04-25T14:44:56.092+0200][gc,heap       ] GC(20) Survivor regions: 4->4(8)
[2025-04-25T14:44:56.092+0200][gc,heap       ] GC(20) Old regions: 18->18
[2025-04-25T14:44:56.092+0200][gc,heap       ] GC(20) Humongous regions: 129->129
[2025-04-25T14:44:56.092+0200][gc,metaspace  ] GC(20) Metaspace: 45117K(48204K)->45117K(48204K) NonClass: 39500K(41164K)->39500K(41164K) Class: 5616K(7040K)->5616K(7040K)
[2025-04-25T14:44:56.092+0200][gc            ] GC(20) Pause Young (Normal) (G1 Evacuation Pause) 209M->149M(1024M) 75.915ms
[2025-04-25T14:44:56.093+0200][gc,cpu        ] GC(20) User=0.22s Sys=0.00s Real=0.08s
[2025-04-25T14:57:14.737+0200][gc,start      ] GC(21) Pause Young (Normal) (G1 Evacuation Pause)
[2025-04-25T14:57:14.737+0200][gc,task       ] GC(21) Using 8 workers of 8 for evacuation
[2025-04-25T14:57:14.768+0200][gc,mmu        ] GC(21) MMU target violated: 21.0ms (20.0ms/21.0ms)
[2025-04-25T14:57:14.768+0200][gc,phases     ] GC(21)   Pre Evacuate Collection Set: 0.0ms
[2025-04-25T14:57:14.768+0200][gc,phases     ] GC(21)   Evacuate Collection Set: 26.8ms
[2025-04-25T14:57:14.768+0200][gc,phases     ] GC(21)   Post Evacuate Collection Set: 3.7ms
[2025-04-25T14:57:14.768+0200][gc,phases     ] GC(21)   Other: 0.8ms
[2025-04-25T14:57:14.768+0200][gc,heap       ] GC(21) Eden regions: 63->0(47)
[2025-04-25T14:57:14.768+0200][gc,heap       ] GC(21) Survivor regions: 4->4(9)
[2025-04-25T14:57:14.768+0200][gc,heap       ] GC(21) Old regions: 18->18
[2025-04-25T14:57:14.768+0200][gc,heap       ] GC(21) Humongous regions: 129->129
[2025-04-25T14:57:14.768+0200][gc,metaspace  ] GC(21) Metaspace: 45242K(48204K)->45242K(48204K) NonClass: 39626K(41164K)->39626K(41164K) Class: 5616K(7040K)->5616K(7040K)
[2025-04-25T14:57:14.768+0200][gc            ] GC(21) Pause Young (Normal) (G1 Evacuation Pause) 212M->149M(1024M) 31.477ms
[2025-04-25T14:57:14.768+0200][gc,cpu        ] GC(21) User=0.23s Sys=0.00s Real=0.03s
[2025-04-25T15:06:05.934+0200][gc,start      ] GC(22) Pause Young (Normal) (G1 Evacuation Pause)
[2025-04-25T15:06:05.934+0200][gc,task       ] GC(22) Using 8 workers of 8 for evacuation
[2025-04-25T15:06:05.947+0200][gc,phases     ] GC(22)   Pre Evacuate Collection Set: 0.0ms
[2025-04-25T15:06:05.947+0200][gc,phases     ] GC(22)   Evacuate Collection Set: 11.3ms
[2025-04-25T15:06:05.947+0200][gc,phases     ] GC(22)   Post Evacuate Collection Set: 1.1ms
[2025-04-25T15:06:05.947+0200][gc,phases     ] GC(22)   Other: 0.5ms
[2025-04-25T15:06:05.948+0200][gc,heap       ] GC(22) Eden regions: 47->0(56)
[2025-04-25T15:06:05.948+0200][gc,heap       ] GC(22) Survivor regions: 4->4(7)
[2025-04-25T15:06:05.948+0200][gc,heap       ] GC(22) Old regions: 18->18
[2025-04-25T15:06:05.948+0200][gc,heap       ] GC(22) Humongous regions: 129->129
[2025-04-25T15:06:05.948+0200][gc,metaspace  ] GC(22) Metaspace: 45272K(48204K)->45272K(48204K) NonClass: 39655K(41164K)->39655K(41164K) Class: 5616K(7040K)->5616K(7040K)
[2025-04-25T15:06:05.948+0200][gc            ] GC(22) Pause Young (Normal) (G1 Evacuation Pause) 196M->149M(1024M) 13.209ms
[2025-04-25T15:06:05.948+0200][gc,cpu        ] GC(22) User=0.07s Sys=0.00s Real=0.01s
[2025-04-25T15:16:27.495+0200][gc,start      ] GC(23) Pause Young (Normal) (G1 Evacuation Pause)
[2025-04-25T15:16:27.495+0200][gc,task       ] GC(23) Using 8 workers of 8 for evacuation
[2025-04-25T15:16:27.530+0200][gc,mmu        ] GC(23) MMU target violated: 21.0ms (20.0ms/21.0ms)
[2025-04-25T15:16:27.530+0200][gc,phases     ] GC(23)   Pre Evacuate Collection Set: 0.0ms
[2025-04-25T15:16:27.530+0200][gc,phases     ] GC(23)   Evacuate Collection Set: 33.7ms
[2025-04-25T15:16:27.530+0200][gc,phases     ] GC(23)   Post Evacuate Collection Set: 0.9ms
[2025-04-25T15:16:27.530+0200][gc,phases     ] GC(23)   Other: 0.6ms
[2025-04-25T15:16:27.530+0200][gc,heap       ] GC(23) Eden regions: 56->0(47)
[2025-04-25T15:16:27.530+0200][gc,heap       ] GC(23) Survivor regions: 4->4(8)
[2025-04-25T15:16:27.530+0200][gc,heap       ] GC(23) Old regions: 18->18
[2025-04-25T15:16:27.530+0200][gc,heap       ] GC(23) Humongous regions: 129->129
[2025-04-25T15:16:27.530+0200][gc,metaspace  ] GC(23) Metaspace: 45274K(48204K)->45274K(48204K) NonClass: 39658K(41164K)->39658K(41164K) Class: 5616K(7040K)->5616K(7040K)
[2025-04-25T15:16:27.530+0200][gc            ] GC(23) Pause Young (Normal) (G1 Evacuation Pause) 205M->149M(1024M) 35.303ms
[2025-04-25T15:16:27.530+0200][gc,cpu        ] GC(23) User=0.26s Sys=0.00s Real=0.03s
[2025-04-25T15:25:29.566+0200][gc,start      ] GC(24) Pause Young (Normal) (G1 Evacuation Pause)
[2025-04-25T15:25:29.566+0200][gc,task       ] GC(24) Using 8 workers of 8 for evacuation
[2025-04-25T15:25:29.586+0200][gc,phases     ] GC(24)   Pre Evacuate Collection Set: 0.1ms
[2025-04-25T15:25:29.586+0200][gc,phases     ] GC(24)   Evacuate Collection Set: 18.5ms
[2025-04-25T15:25:29.586+0200][gc,phases     ] GC(24)   Post Evacuate Collection Set: 1.0ms
[2025-04-25T15:25:29.586+0200][gc,phases     ] GC(24)   Other: 0.5ms
[2025-04-25T15:25:29.586+0200][gc,heap       ] GC(24) Eden regions: 47->0(47)
[2025-04-25T15:25:29.586+0200][gc,heap       ] GC(24) Survivor regions: 4->4(7)
[2025-04-25T15:25:29.586+0200][gc,heap       ] GC(24) Old regions: 18->18
[2025-04-25T15:25:29.586+0200][gc,heap       ] GC(24) Humongous regions: 129->129
[2025-04-25T15:25:29.586+0200][gc,metaspace  ] GC(24) Metaspace: 45278K(48204K)->45278K(48204K) NonClass: 39661K(41164K)->39661K(41164K) Class: 5616K(7040K)->5616K(7040K)
[2025-04-25T15:25:29.586+0200][gc            ] GC(24) Pause Young (Normal) (G1 Evacuation Pause) 196M->149M(1024M) 20.307ms
[2025-04-25T15:25:29.586+0200][gc,cpu        ] GC(24) User=0.14s Sys=0.00s Real=0.02s
[2025-04-25T15:34:37.040+0200][gc,start      ] GC(25) Pause Young (Normal) (G1 Evacuation Pause)
[2025-04-25T15:34:37.040+0200][gc,task       ] GC(25) Using 8 workers of 8 for evacuation
[2025-04-25T15:34:37.058+0200][gc,phases     ] GC(25)   Pre Evacuate Collection Set: 0.1ms
[2025-04-25T15:34:37.058+0200][gc,phases     ] GC(25)   Evacuate Collection Set: 11.9ms
[2025-04-25T15:34:37.058+0200][gc,phases     ] GC(25)   Post Evacuate Collection Set: 3.6ms
[2025-04-25T15:34:37.058+0200][gc,phases     ] GC(25)   Other: 1.9ms
[2025-04-25T15:34:37.058+0200][gc,heap       ] GC(25) Eden regions: 47->0(52)
[2025-04-25T15:34:37.058+0200][gc,heap       ] GC(25) Survivor regions: 4->4(7)
[2025-04-25T15:34:37.058+0200][gc,heap       ] GC(25) Old regions: 18->19
[2025-04-25T15:34:37.058+0200][gc,heap       ] GC(25) Humongous regions: 129->129
[2025-04-25T15:34:37.058+0200][gc,metaspace  ] GC(25) Metaspace: 45282K(48204K)->45282K(48204K) NonClass: 39665K(41164K)->39665K(41164K) Class: 5616K(7040K)->5616K(7040K)
[2025-04-25T15:34:37.058+0200][gc            ] GC(25) Pause Young (Normal) (G1 Evacuation Pause) 196M->149M(1024M) 17.659ms
[2025-04-25T15:34:37.058+0200][gc,cpu        ] GC(25) User=0.10s Sys=0.00s Real=0.01s
[2025-04-25T15:44:47.437+0200][gc,start      ] GC(26) Pause Young (Normal) (G1 Evacuation Pause)
[2025-04-25T15:44:47.437+0200][gc,task       ] GC(26) Using 8 workers of 8 for evacuation
[2025-04-25T15:44:47.457+0200][gc,phases     ] GC(26)   Pre Evacuate Collection Set: 0.4ms
[2025-04-25T15:44:47.457+0200][gc,phases     ] GC(26)   Evacuate Collection Set: 18.1ms
[2025-04-25T15:44:47.457+0200][gc,phases     ] GC(26)   Post Evacuate Collection Set: 0.8ms
[2025-04-25T15:44:47.457+0200][gc,phases     ] GC(26)   Other: 0.6ms
[2025-04-25T15:44:47.457+0200][gc,heap       ] GC(26) Eden regions: 52->0(55)
[2025-04-25T15:44:47.457+0200][gc,heap       ] GC(26) Survivor regions: 4->4(7)
[2025-04-25T15:44:47.457+0200][gc,heap       ] GC(26) Old regions: 19->19
[2025-04-25T15:44:47.457+0200][gc,heap       ] GC(26) Humongous regions: 129->129
[2025-04-25T15:44:47.457+0200][gc,metaspace  ] GC(26) Metaspace: 45282K(48204K)->45282K(48204K) NonClass: 39666K(41164K)->39666K(41164K) Class: 5616K(7040K)->5616K(7040K)
[2025-04-25T15:44:47.458+0200][gc            ] GC(26) Pause Young (Normal) (G1 Evacuation Pause) 201M->149M(1024M) 20.074ms
[2025-04-25T15:44:47.458+0200][gc,cpu        ] GC(26) User=0.14s Sys=0.00s Real=0.02s
[2025-04-25T15:55:30.152+0200][gc,start      ] GC(27) Pause Young (Normal) (G1 Evacuation Pause)
[2025-04-25T15:55:30.152+0200][gc,task       ] GC(27) Using 8 workers of 8 for evacuation
[2025-04-25T15:55:30.177+0200][gc,mmu        ] GC(27) MMU target violated: 21.0ms (20.0ms/21.0ms)
[2025-04-25T15:55:30.177+0200][gc,phases     ] GC(27)   Pre Evacuate Collection Set: 0.0ms
[2025-04-25T15:55:30.177+0200][gc,phases     ] GC(27)   Evacuate Collection Set: 23.9ms
[2025-04-25T15:55:30.177+0200][gc,phases     ] GC(27)   Post Evacuate Collection Set: 0.6ms
[2025-04-25T15:55:30.177+0200][gc,phases     ] GC(27)   Other: 0.5ms
[2025-04-25T15:55:30.177+0200][gc,heap       ] GC(27) Eden regions: 55->0(60)
[2025-04-25T15:55:30.177+0200][gc,heap       ] GC(27) Survivor regions: 4->4(8)
[2025-04-25T15:55:30.177+0200][gc,heap       ] GC(27) Old regions: 19->19
[2025-04-25T15:55:30.177+0200][gc,heap       ] GC(27) Humongous regions: 129->129
[2025-04-25T15:55:30.177+0200][gc,metaspace  ] GC(27) Metaspace: 45287K(48204K)->45287K(48204K) NonClass: 39670K(41164K)->39670K(41164K) Class: 5616K(7040K)->5616K(7040K)
[2025-04-25T15:55:30.177+0200][gc            ] GC(27) Pause Young (Normal) (G1 Evacuation Pause) 204M->149M(1024M) 25.245ms
[2025-04-25T15:55:30.177+0200][gc,cpu        ] GC(27) User=0.18s Sys=0.00s Real=0.02s
[2025-04-25T16:06:58.409+0200][gc,start      ] GC(28) Pause Young (Normal) (G1 Evacuation Pause)
[2025-04-25T16:06:58.409+0200][gc,task       ] GC(28) Using 8 workers of 8 for evacuation
[2025-04-25T16:06:58.438+0200][gc,mmu        ] GC(28) MMU target violated: 21.0ms (20.0ms/21.0ms)
[2025-04-25T16:06:58.438+0200][gc,phases     ] GC(28)   Pre Evacuate Collection Set: 0.1ms
[2025-04-25T16:06:58.438+0200][gc,phases     ] GC(28)   Evacuate Collection Set: 28.2ms
[2025-04-25T16:06:58.438+0200][gc,phases     ] GC(28)   Post Evacuate Collection Set: 0.6ms
[2025-04-25T16:06:58.438+0200][gc,phases     ] GC(28)   Other: 0.5ms
[2025-04-25T16:06:58.438+0200][gc,heap       ] GC(28) Eden regions: 60->0(54)
[2025-04-25T16:06:58.438+0200][gc,heap       ] GC(28) Survivor regions: 4->4(8)
[2025-04-25T16:06:58.438+0200][gc,heap       ] GC(28) Old regions: 19->19
[2025-04-25T16:06:58.438+0200][gc,heap       ] GC(28) Humongous regions: 129->129
[2025-04-25T16:06:58.438+0200][gc,metaspace  ] GC(28) Metaspace: 45290K(48204K)->45290K(48204K) NonClass: 39673K(41164K)->39673K(41164K) Class: 5616K(7040K)->5616K(7040K)
[2025-04-25T16:06:58.438+0200][gc            ] GC(28) Pause Young (Normal) (G1 Evacuation Pause) 209M->149M(1024M) 29.566ms
[2025-04-25T16:06:58.438+0200][gc,cpu        ] GC(28) User=0.22s Sys=0.00s Real=0.03s
[2025-04-25T16:16:51.371+0200][gc,start      ] GC(29) Pause Young (Normal) (G1 Evacuation Pause)
[2025-04-25T16:16:51.371+0200][gc,task       ] GC(29) Using 8 workers of 8 for evacuation
[2025-04-25T16:16:51.389+0200][gc,phases     ] GC(29)   Pre Evacuate Collection Set: 0.1ms
[2025-04-25T16:16:51.390+0200][gc,phases     ] GC(29)   Evacuate Collection Set: 17.1ms
[2025-04-25T16:16:51.390+0200][gc,phases     ] GC(29)   Post Evacuate Collection Set: 0.6ms
[2025-04-25T16:16:51.390+0200][gc,phases     ] GC(29)   Other: 0.4ms
[2025-04-25T16:16:51.390+0200][gc,heap       ] GC(29) Eden regions: 54->0(60)
[2025-04-25T16:16:51.390+0200][gc,heap       ] GC(29) Survivor regions: 4->4(8)
[2025-04-25T16:16:51.390+0200][gc,heap       ] GC(29) Old regions: 19->19
[2025-04-25T16:16:51.390+0200][gc,heap       ] GC(29) Humongous regions: 129->129
[2025-04-25T16:16:51.390+0200][gc,metaspace  ] GC(29) Metaspace: 45292K(48204K)->45292K(48204K) NonClass: 39675K(41164K)->39675K(41164K) Class: 5616K(7040K)->5616K(7040K)
[2025-04-25T16:16:51.390+0200][gc            ] GC(29) Pause Young (Normal) (G1 Evacuation Pause) 203M->149M(1024M) 18.431ms
[2025-04-25T16:16:51.390+0200][gc,cpu        ] GC(29) User=0.13s Sys=0.00s Real=0.01s
[2025-04-25T16:33:19.038+0200][gc,start      ] GC(30) Pause Young (Normal) (G1 Evacuation Pause)
[2025-04-25T16:33:19.058+0200][gc,task       ] GC(30) Using 8 workers of 8 for evacuation
[2025-04-25T16:33:19.099+0200][gc,mmu        ] GC(30) MMU target violated: 21.0ms (20.0ms/21.0ms)
[2025-04-25T16:33:19.099+0200][gc,phases     ] GC(30)   Pre Evacuate Collection Set: 0.1ms
[2025-04-25T16:33:19.099+0200][gc,phases     ] GC(30)   Evacuate Collection Set: 38.6ms
[2025-04-25T16:33:19.099+0200][gc,phases     ] GC(30)   Post Evacuate Collection Set: 0.6ms
[2025-04-25T16:33:19.099+0200][gc,phases     ] GC(30)   Other: 21.5ms
[2025-04-25T16:33:19.099+0200][gc,heap       ] GC(30) Eden regions: 60->0(72)
[2025-04-25T16:33:19.099+0200][gc,heap       ] GC(30) Survivor regions: 4->4(8)
[2025-04-25T16:33:19.099+0200][gc,heap       ] GC(30) Old regions: 19->19
[2025-04-25T16:33:19.099+0200][gc,heap       ] GC(30) Humongous regions: 129->129
[2025-04-25T16:33:19.099+0200][gc,metaspace  ] GC(30) Metaspace: 45299K(48204K)->45299K(48204K) NonClass: 39682K(41164K)->39682K(41164K) Class: 5616K(7040K)->5616K(7040K)
[2025-04-25T16:33:19.099+0200][gc            ] GC(30) Pause Young (Normal) (G1 Evacuation Pause) 209M->150M(1024M) 60.999ms
[2025-04-25T16:33:19.099+0200][gc,cpu        ] GC(30) User=0.05s Sys=0.00s Real=0.07s
[2025-04-25T16:57:29.903+0200][gc,start      ] GC(31) Pause Young (Normal) (G1 Evacuation Pause)
[2025-04-25T16:57:29.938+0200][gc,task       ] GC(31) Using 8 workers of 8 for evacuation
[2025-04-25T16:57:29.972+0200][gc,mmu        ] GC(31) MMU target violated: 21.0ms (20.0ms/21.0ms)
[2025-04-25T16:57:29.972+0200][gc,phases     ] GC(31)   Pre Evacuate Collection Set: 0.6ms
[2025-04-25T16:57:29.972+0200][gc,phases     ] GC(31)   Evacuate Collection Set: 32.1ms
[2025-04-25T16:57:29.972+0200][gc,phases     ] GC(31)   Post Evacuate Collection Set: 0.5ms
[2025-04-25T16:57:29.972+0200][gc,phases     ] GC(31)   Other: 36.0ms
[2025-04-25T16:57:29.972+0200][gc,heap       ] GC(31) Eden regions: 72->0(85)
[2025-04-25T16:57:29.972+0200][gc,heap       ] GC(31) Survivor regions: 4->4(10)
[2025-04-25T16:57:29.972+0200][gc,heap       ] GC(31) Old regions: 19->19
[2025-04-25T16:57:29.972+0200][gc,heap       ] GC(31) Humongous regions: 129->129
[2025-04-25T16:57:29.972+0200][gc,metaspace  ] GC(31) Metaspace: 45304K(48204K)->45304K(48204K) NonClass: 39687K(41164K)->39687K(41164K) Class: 5616K(7040K)->5616K(7040K)
[2025-04-25T16:57:29.972+0200][gc            ] GC(31) Pause Young (Normal) (G1 Evacuation Pause) 222M->149M(1024M) 69.412ms
[2025-04-25T16:57:29.972+0200][gc,cpu        ] GC(31) User=0.24s Sys=0.00s Real=0.07s
[2025-04-25T17:25:13.694+0200][gc,start      ] GC(32) Pause Young (Normal) (G1 Evacuation Pause)
[2025-04-25T17:25:13.694+0200][gc,task       ] GC(32) Using 8 workers of 8 for evacuation
[2025-04-25T17:25:13.713+0200][gc,phases     ] GC(32)   Pre Evacuate Collection Set: 0.2ms
[2025-04-25T17:25:13.713+0200][gc,phases     ] GC(32)   Evacuate Collection Set: 16.9ms
[2025-04-25T17:25:13.713+0200][gc,phases     ] GC(32)   Post Evacuate Collection Set: 0.7ms
[2025-04-25T17:25:13.713+0200][gc,phases     ] GC(32)   Other: 0.5ms
[2025-04-25T17:25:13.713+0200][gc,heap       ] GC(32) Eden regions: 85->0(92)
[2025-04-25T17:25:13.713+0200][gc,heap       ] GC(32) Survivor regions: 4->4(12)
[2025-04-25T17:25:13.713+0200][gc,heap       ] GC(32) Old regions: 19->19
[2025-04-25T17:25:13.713+0200][gc,heap       ] GC(32) Humongous regions: 129->129
[2025-04-25T17:25:13.713+0200][gc,metaspace  ] GC(32) Metaspace: 45317K(48460K)->45317K(48460K) NonClass: 39700K(41420K)->39700K(41420K) Class: 5616K(7040K)->5616K(7040K)
[2025-04-25T17:25:13.713+0200][gc            ] GC(32) Pause Young (Normal) (G1 Evacuation Pause) 234M->150M(1024M) 18.567ms
[2025-04-25T17:25:13.713+0200][gc,cpu        ] GC(32) User=0.12s Sys=0.00s Real=0.02s
[2025-04-25T17:56:23.297+0200][gc,start      ] GC(33) Pause Young (Normal) (G1 Evacuation Pause)
[2025-04-25T17:56:23.297+0200][gc,task       ] GC(33) Using 8 workers of 8 for evacuation
[2025-04-25T17:56:23.311+0200][gc,phases     ] GC(33)   Pre Evacuate Collection Set: 0.1ms
[2025-04-25T17:56:23.311+0200][gc,phases     ] GC(33)   Evacuate Collection Set: 13.4ms
[2025-04-25T17:56:23.311+0200][gc,phases     ] GC(33)   Post Evacuate Collection Set: 0.7ms
[2025-04-25T17:56:23.311+0200][gc,phases     ] GC(33)   Other: 0.6ms
[2025-04-25T17:56:23.311+0200][gc,heap       ] GC(33) Eden regions: 92->0(113)
[2025-04-25T17:56:23.312+0200][gc,heap       ] GC(33) Survivor regions: 4->4(12)
[2025-04-25T17:56:23.312+0200][gc,heap       ] GC(33) Old regions: 19->19
[2025-04-25T17:56:23.312+0200][gc,heap       ] GC(33) Humongous regions: 129->129
[2025-04-25T17:56:23.312+0200][gc,metaspace  ] GC(33) Metaspace: 45325K(48460K)->45325K(48460K) NonClass: 39709K(41420K)->39709K(41420K) Class: 5616K(7040K)->5616K(7040K)
[2025-04-25T17:56:23.312+0200][gc            ] GC(33) Pause Young (Normal) (G1 Evacuation Pause) 242M->150M(1024M) 15.089ms
[2025-04-25T17:56:23.312+0200][gc,cpu        ] GC(33) User=0.10s Sys=0.00s Real=0.02s
[2025-04-25T18:33:48.693+0200][gc,start      ] GC(34) Pause Young (Normal) (G1 Evacuation Pause)
[2025-04-25T18:33:48.693+0200][gc,task       ] GC(34) Using 8 workers of 8 for evacuation
[2025-04-25T18:33:48.716+0200][gc,mmu        ] GC(34) MMU target violated: 21.0ms (20.0ms/21.0ms)
[2025-04-25T18:33:48.716+0200][gc,phases     ] GC(34)   Pre Evacuate Collection Set: 0.1ms
[2025-04-25T18:33:48.716+0200][gc,phases     ] GC(34)   Evacuate Collection Set: 22.2ms
[2025-04-25T18:33:48.716+0200][gc,phases     ] GC(34)   Post Evacuate Collection Set: 0.6ms
[2025-04-25T18:33:48.716+0200][gc,phases     ] GC(34)   Other: 0.7ms
[2025-04-25T18:33:48.717+0200][gc,heap       ] GC(34) Eden regions: 113->0(166)
[2025-04-25T18:33:48.717+0200][gc,heap       ] GC(34) Survivor regions: 4->5(15)
[2025-04-25T18:33:48.717+0200][gc,heap       ] GC(34) Old regions: 19->19
[2025-04-25T18:33:48.717+0200][gc,heap       ] GC(34) Humongous regions: 129->129
[2025-04-25T18:33:48.717+0200][gc,metaspace  ] GC(34) Metaspace: 45327K(48460K)->45327K(48460K) NonClass: 39711K(41420K)->39711K(41420K) Class: 5616K(7040K)->5616K(7040K)
[2025-04-25T18:33:48.717+0200][gc            ] GC(34) Pause Young (Normal) (G1 Evacuation Pause) 263M->150M(1024M) 24.163ms
[2025-04-25T18:33:48.717+0200][gc,cpu        ] GC(34) User=0.16s Sys=0.01s Real=0.02s
[2025-04-25T19:29:25.508+0200][gc,start      ] GC(35) Pause Young (Normal) (G1 Evacuation Pause)
[2025-04-25T19:29:25.533+0200][gc,task       ] GC(35) Using 8 workers of 8 for evacuation
[2025-04-25T19:29:25.593+0200][gc,mmu        ] GC(35) MMU target violated: 21.0ms (20.0ms/21.0ms)
[2025-04-25T19:29:25.593+0200][gc,phases     ] GC(35)   Pre Evacuate Collection Set: 0.0ms
[2025-04-25T19:29:25.593+0200][gc,phases     ] GC(35)   Evacuate Collection Set: 58.9ms
[2025-04-25T19:29:25.593+0200][gc,phases     ] GC(35)   Post Evacuate Collection Set: 0.8ms
[2025-04-25T19:29:25.593+0200][gc,phases     ] GC(35)   Other: 31.5ms
[2025-04-25T19:29:25.593+0200][gc,heap       ] GC(35) Eden regions: 166->0(610)
[2025-04-25T19:29:25.593+0200][gc,heap       ] GC(35) Survivor regions: 5->4(22)
[2025-04-25T19:29:25.593+0200][gc,heap       ] GC(35) Old regions: 19->19
[2025-04-25T19:29:25.593+0200][gc,heap       ] GC(35) Humongous regions: 129->129
[2025-04-25T19:29:25.593+0200][gc,metaspace  ] GC(35) Metaspace: 45363K(48460K)->45363K(48460K) NonClass: 39747K(41420K)->39747K(41420K) Class: 5616K(7040K)->5616K(7040K)
[2025-04-25T19:29:25.594+0200][gc            ] GC(35) Pause Young (Normal) (G1 Evacuation Pause) 316M->150M(1024M) 85.648ms
[2025-04-25T19:29:25.594+0200][gc,cpu        ] GC(35) User=0.12s Sys=0.00s Real=0.09s
[2025-04-25T22:55:56.072+0200][gc,start      ] GC(36) Pause Young (Normal) (G1 Evacuation Pause)
[2025-04-25T22:55:56.096+0200][gc,task       ] GC(36) Using 8 workers of 8 for evacuation
[2025-04-25T22:55:56.558+0200][gc,mmu        ] GC(36) MMU target violated: 21.0ms (20.0ms/21.0ms)
[2025-04-25T22:55:56.558+0200][gc,phases     ] GC(36)   Pre Evacuate Collection Set: 4.2ms
[2025-04-25T22:55:56.558+0200][gc,phases     ] GC(36)   Evacuate Collection Set: 284.6ms
[2025-04-25T22:55:56.558+0200][gc,phases     ] GC(36)   Post Evacuate Collection Set: 36.7ms
[2025-04-25T22:55:56.558+0200][gc,phases     ] GC(36)   Other: 161.4ms
[2025-04-25T22:55:56.558+0200][gc,heap       ] GC(36) Eden regions: 610->0(47)
[2025-04-25T22:55:56.558+0200][gc,heap       ] GC(36) Survivor regions: 4->4(77)
[2025-04-25T22:55:56.558+0200][gc,heap       ] GC(36) Old regions: 19->19
[2025-04-25T22:55:56.558+0200][gc,heap       ] GC(36) Humongous regions: 129->129
[2025-04-25T22:55:56.558+0200][gc,metaspace  ] GC(36) Metaspace: 45378K(48460K)->45378K(48460K) NonClass: 39761K(41420K)->39761K(41420K) Class: 5617K(7040K)->5617K(7040K)
[2025-04-25T22:55:56.558+0200][gc            ] GC(36) Pause Young (Normal) (G1 Evacuation Pause) 760M->149M(1024M) 486.647ms
[2025-04-25T22:55:56.558+0200][gc,cpu        ] GC(36) User=0.26s Sys=0.00s Real=0.48s
