[2025-04-20T22:52:10.186+0200][gc,heap] Heap region size: 1M
[2025-04-20T22:52:10.225+0200][gc     ] Using G1
[2025-04-20T22:52:10.225+0200][gc,heap,coops] Heap address: 0x00000000c0000000, size: 1024 MB, Compressed Oops mode: 32-bit
[2025-04-20T22:52:10.226+0200][gc,cds       ] Mark closed archive regions in map: [0x00000000fff00000, 0x00000000fff6bff8]
[2025-04-20T22:52:10.226+0200][gc,cds       ] Mark open archive regions in map: [0x00000000ffe00000, 0x00000000ffe47ff8]
[2025-04-20T22:52:12.883+0200][gc,start     ] GC(0) Pause Young (Normal) (G1 Evacuation Pause)
[2025-04-20T22:52:12.885+0200][gc,task      ] GC(0) Using 8 workers of 8 for evacuation
[2025-04-20T22:52:12.906+0200][gc,mmu       ] GC(0) MMU target violated: 21.0ms (20.0ms/21.0ms)
[2025-04-20T22:52:12.906+0200][gc,phases    ] GC(0)   Pre Evacuate Collection Set: 0.0ms
[2025-04-20T22:52:12.906+0200][gc,phases    ] GC(0)   Evacuate Collection Set: 20.6ms
[2025-04-20T22:52:12.906+0200][gc,phases    ] GC(0)   Post Evacuate Collection Set: 0.8ms
[2025-04-20T22:52:12.906+0200][gc,phases    ] GC(0)   Other: 2.1ms
[2025-04-20T22:52:12.907+0200][gc,heap      ] GC(0) Eden regions: 51->0(44)
[2025-04-20T22:52:12.907+0200][gc,heap      ] GC(0) Survivor regions: 0->7(7)
[2025-04-20T22:52:12.907+0200][gc,heap      ] GC(0) Old regions: 2->3
[2025-04-20T22:52:12.907+0200][gc,heap      ] GC(0) Humongous regions: 0->0
[2025-04-20T22:52:12.907+0200][gc,metaspace ] GC(0) Metaspace: 14233K(15104K)->14233K(15104K) NonClass: 12486K(13056K)->12486K(13056K) Class: 1746K(2048K)->1746K(2048K)
[2025-04-20T22:52:12.907+0200][gc           ] GC(0) Pause Young (Normal) (G1 Evacuation Pause) 51M->7M(1024M) 23.756ms
[2025-04-20T22:52:12.907+0200][gc,cpu       ] GC(0) User=0.09s Sys=0.02s Real=0.02s
[2025-04-20T22:52:14.064+0200][gc,start     ] GC(1) Pause Young (Concurrent Start) (Metadata GC Threshold)
[2025-04-20T22:52:14.064+0200][gc,task      ] GC(1) Using 8 workers of 8 for evacuation
[2025-04-20T22:52:14.090+0200][gc,mmu       ] GC(1) MMU target violated: 21.0ms (20.0ms/21.0ms)
[2025-04-20T22:52:14.090+0200][gc,phases    ] GC(1)   Pre Evacuate Collection Set: 0.1ms
[2025-04-20T22:52:14.090+0200][gc,phases    ] GC(1)   Evacuate Collection Set: 24.2ms
[2025-04-20T22:52:14.090+0200][gc,phases    ] GC(1)   Post Evacuate Collection Set: 0.7ms
[2025-04-20T22:52:14.090+0200][gc,phases    ] GC(1)   Other: 0.7ms
[2025-04-20T22:52:14.090+0200][gc,heap      ] GC(1) Eden regions: 29->0(49)
[2025-04-20T22:52:14.090+0200][gc,heap      ] GC(1) Survivor regions: 7->2(7)
[2025-04-20T22:52:14.090+0200][gc,heap      ] GC(1) Old regions: 3->9
[2025-04-20T22:52:14.090+0200][gc,heap      ] GC(1) Humongous regions: 0->0
[2025-04-20T22:52:14.090+0200][gc,metaspace ] GC(1) Metaspace: 20500K(21248K)->20500K(21248K) NonClass: 18013K(18432K)->18013K(18432K) Class: 2487K(2816K)->2487K(2816K)
[2025-04-20T22:52:14.090+0200][gc           ] GC(1) Pause Young (Concurrent Start) (Metadata GC Threshold) 36M->8M(1024M) 25.861ms
[2025-04-20T22:52:14.090+0200][gc,cpu       ] GC(1) User=0.08s Sys=0.02s Real=0.03s
[2025-04-20T22:52:14.090+0200][gc           ] GC(2) Concurrent Cycle
[2025-04-20T22:52:14.090+0200][gc,marking   ] GC(2) Concurrent Clear Claimed Marks
[2025-04-20T22:52:14.090+0200][gc,marking   ] GC(2) Concurrent Clear Claimed Marks 0.041ms
[2025-04-20T22:52:14.090+0200][gc,marking   ] GC(2) Concurrent Scan Root Regions
[2025-04-20T22:52:14.092+0200][gc,marking   ] GC(2) Concurrent Scan Root Regions 1.642ms
[2025-04-20T22:52:14.092+0200][gc,marking   ] GC(2) Concurrent Mark (3.913s)
[2025-04-20T22:52:14.092+0200][gc,marking   ] GC(2) Concurrent Mark From Roots
[2025-04-20T22:52:14.092+0200][gc,task      ] GC(2) Using 2 workers of 2 for marking
[2025-04-20T22:52:14.101+0200][gc,marking   ] GC(2) Concurrent Mark From Roots 9.592ms
[2025-04-20T22:52:14.102+0200][gc,marking   ] GC(2) Concurrent Preclean
[2025-04-20T22:52:14.102+0200][gc,marking   ] GC(2) Concurrent Preclean 0.540ms
[2025-04-20T22:52:14.102+0200][gc,marking   ] GC(2) Concurrent Mark (3.913s, 3.923s) 10.238ms
[2025-04-20T22:52:14.110+0200][gc,start     ] GC(2) Pause Remark
[2025-04-20T22:52:14.115+0200][gc,stringtable] GC(2) Cleaned string and symbol table, strings: 5717 processed, 0 removed, symbols: 53401 processed, 44 removed
[2025-04-20T22:52:14.116+0200][gc            ] GC(2) Pause Remark 9M->9M(1024M) 5.414ms
[2025-04-20T22:52:14.116+0200][gc,cpu        ] GC(2) User=0.03s Sys=0.00s Real=0.00s
[2025-04-20T22:52:14.116+0200][gc,marking    ] GC(2) Concurrent Rebuild Remembered Sets
[2025-04-20T22:52:14.120+0200][gc,marking    ] GC(2) Concurrent Rebuild Remembered Sets 3.704ms
[2025-04-20T22:52:14.120+0200][gc,start      ] GC(2) Pause Cleanup
[2025-04-20T22:52:14.120+0200][gc            ] GC(2) Pause Cleanup 9M->9M(1024M) 0.399ms
[2025-04-20T22:52:14.121+0200][gc,cpu        ] GC(2) User=0.00s Sys=0.00s Real=0.00s
[2025-04-20T22:52:14.121+0200][gc,marking    ] GC(2) Concurrent Cleanup for Next Mark
[2025-04-20T22:52:14.138+0200][gc,marking    ] GC(2) Concurrent Cleanup for Next Mark 17.560ms
[2025-04-20T22:52:14.138+0200][gc            ] GC(2) Concurrent Cycle 48.146ms
[2025-04-20T22:52:15.571+0200][gc,start      ] GC(3) Pause Young (Normal) (G1 Evacuation Pause)
[2025-04-20T22:52:15.571+0200][gc,task       ] GC(3) Using 8 workers of 8 for evacuation
[2025-04-20T22:52:15.576+0200][gc,phases     ] GC(3)   Pre Evacuate Collection Set: 0.0ms
[2025-04-20T22:52:15.576+0200][gc,phases     ] GC(3)   Evacuate Collection Set: 3.9ms
[2025-04-20T22:52:15.576+0200][gc,phases     ] GC(3)   Post Evacuate Collection Set: 0.7ms
[2025-04-20T22:52:15.576+0200][gc,phases     ] GC(3)   Other: 0.4ms
[2025-04-20T22:52:15.576+0200][gc,heap       ] GC(3) Eden regions: 49->0(46)
[2025-04-20T22:52:15.576+0200][gc,heap       ] GC(3) Survivor regions: 2->5(7)
[2025-04-20T22:52:15.576+0200][gc,heap       ] GC(3) Old regions: 9->9
[2025-04-20T22:52:15.576+0200][gc,heap       ] GC(3) Humongous regions: 129->129
[2025-04-20T22:52:15.576+0200][gc,metaspace  ] GC(3) Metaspace: 28264K(29440K)->28264K(29440K) NonClass: 24970K(25600K)->24970K(25600K) Class: 3293K(3840K)->3293K(3840K)
[2025-04-20T22:52:15.576+0200][gc            ] GC(3) Pause Young (Normal) (G1 Evacuation Pause) 186M->141M(1024M) 5.195ms
[2025-04-20T22:52:15.576+0200][gc,cpu        ] GC(3) User=0.03s Sys=0.00s Real=0.00s
[2025-04-20T22:52:16.251+0200][gc,start      ] GC(4) Pause Young (Concurrent Start) (Metadata GC Threshold)
[2025-04-20T22:52:16.251+0200][gc,task       ] GC(4) Using 8 workers of 8 for evacuation
[2025-04-20T22:52:16.263+0200][gc,phases     ] GC(4)   Pre Evacuate Collection Set: 0.1ms
[2025-04-20T22:52:16.264+0200][gc,phases     ] GC(4)   Evacuate Collection Set: 10.9ms
[2025-04-20T22:52:16.264+0200][gc,phases     ] GC(4)   Post Evacuate Collection Set: 0.7ms
[2025-04-20T22:52:16.264+0200][gc,phases     ] GC(4)   Other: 0.5ms
[2025-04-20T22:52:16.264+0200][gc,heap       ] GC(4) Eden regions: 33->0(48)
[2025-04-20T22:52:16.264+0200][gc,heap       ] GC(4) Survivor regions: 5->3(7)
[2025-04-20T22:52:16.264+0200][gc,heap       ] GC(4) Old regions: 9->14
[2025-04-20T22:52:16.264+0200][gc,heap       ] GC(4) Humongous regions: 129->129
[2025-04-20T22:52:16.264+0200][gc,metaspace  ] GC(4) Metaspace: 34365K(35840K)->34365K(35840K) NonClass: 30367K(31232K)->30367K(31232K) Class: 3997K(4608K)->3997K(4608K)
[2025-04-20T22:52:16.264+0200][gc            ] GC(4) Pause Young (Concurrent Start) (Metadata GC Threshold) 173M->143M(1024M) 12.539ms
[2025-04-20T22:52:16.264+0200][gc,cpu        ] GC(4) User=0.03s Sys=0.01s Real=0.01s
[2025-04-20T22:52:16.264+0200][gc            ] GC(5) Concurrent Cycle
[2025-04-20T22:52:16.264+0200][gc,marking    ] GC(5) Concurrent Clear Claimed Marks
[2025-04-20T22:52:16.264+0200][gc,marking    ] GC(5) Concurrent Clear Claimed Marks 0.051ms
[2025-04-20T22:52:16.264+0200][gc,marking    ] GC(5) Concurrent Scan Root Regions
[2025-04-20T22:52:16.266+0200][gc,marking    ] GC(5) Concurrent Scan Root Regions 1.703ms
[2025-04-20T22:52:16.266+0200][gc,marking    ] GC(5) Concurrent Mark (6.087s)
[2025-04-20T22:52:16.266+0200][gc,marking    ] GC(5) Concurrent Mark From Roots
[2025-04-20T22:52:16.266+0200][gc,task       ] GC(5) Using 2 workers of 2 for marking
[2025-04-20T22:52:16.284+0200][gc,marking    ] GC(5) Concurrent Mark From Roots 17.823ms
[2025-04-20T22:52:16.284+0200][gc,marking    ] GC(5) Concurrent Preclean
[2025-04-20T22:52:16.284+0200][gc,marking    ] GC(5) Concurrent Preclean 0.513ms
[2025-04-20T22:52:16.284+0200][gc,marking    ] GC(5) Concurrent Mark (6.087s, 6.105s) 18.447ms
[2025-04-20T22:52:16.301+0200][gc,start      ] GC(5) Pause Remark
[2025-04-20T22:52:16.304+0200][gc,stringtable] GC(5) Cleaned string and symbol table, strings: 11512 processed, 13 removed, symbols: 86947 processed, 16 removed
[2025-04-20T22:52:16.305+0200][gc            ] GC(5) Pause Remark 145M->145M(1024M) 4.064ms
[2025-04-20T22:52:16.305+0200][gc,cpu        ] GC(5) User=0.01s Sys=0.00s Real=0.00s
[2025-04-20T22:52:16.305+0200][gc,marking    ] GC(5) Concurrent Rebuild Remembered Sets
[2025-04-20T22:52:16.318+0200][gc,marking    ] GC(5) Concurrent Rebuild Remembered Sets 13.366ms
[2025-04-20T22:52:16.333+0200][gc,start      ] GC(5) Pause Cleanup
[2025-04-20T22:52:16.333+0200][gc            ] GC(5) Pause Cleanup 146M->146M(1024M) 0.347ms
[2025-04-20T22:52:16.333+0200][gc,cpu        ] GC(5) User=0.00s Sys=0.00s Real=0.00s
[2025-04-20T22:52:16.333+0200][gc,marking    ] GC(5) Concurrent Cleanup for Next Mark
[2025-04-20T22:52:16.350+0200][gc,marking    ] GC(5) Concurrent Cleanup for Next Mark 16.908ms
[2025-04-20T22:52:16.350+0200][gc            ] GC(5) Concurrent Cycle 86.257ms
[2025-04-20T22:53:41.083+0200][gc,start      ] GC(6) Pause Young (Normal) (G1 Evacuation Pause)
[2025-04-20T22:53:41.083+0200][gc,task       ] GC(6) Using 8 workers of 8 for evacuation
[2025-04-20T22:53:41.091+0200][gc,phases     ] GC(6)   Pre Evacuate Collection Set: 0.1ms
[2025-04-20T22:53:41.091+0200][gc,phases     ] GC(6)   Evacuate Collection Set: 6.1ms
[2025-04-20T22:53:41.091+0200][gc,phases     ] GC(6)   Post Evacuate Collection Set: 1.1ms
[2025-04-20T22:53:41.091+0200][gc,phases     ] GC(6)   Other: 0.4ms
[2025-04-20T22:53:41.091+0200][gc,heap       ] GC(6) Eden regions: 48->0(46)
[2025-04-20T22:53:41.091+0200][gc,heap       ] GC(6) Survivor regions: 3->5(7)
[2025-04-20T22:53:41.091+0200][gc,heap       ] GC(6) Old regions: 14->14
[2025-04-20T22:53:41.091+0200][gc,heap       ] GC(6) Humongous regions: 129->129
[2025-04-20T22:53:41.091+0200][gc,metaspace  ] GC(6) Metaspace: 40937K(43264K)->40937K(43264K) NonClass: 35688K(36864K)->35688K(36864K) Class: 5248K(6400K)->5248K(6400K)
[2025-04-20T22:53:41.091+0200][gc            ] GC(6) Pause Young (Normal) (G1 Evacuation Pause) 191M->146M(1024M) 7.981ms
[2025-04-20T22:53:41.091+0200][gc,cpu        ] GC(6) User=0.03s Sys=0.00s Real=0.01s
[2025-04-20T23:04:27.611+0200][gc,start      ] GC(7) Pause Young (Normal) (G1 Evacuation Pause)
[2025-04-20T23:04:27.611+0200][gc,task       ] GC(7) Using 8 workers of 8 for evacuation
[2025-04-20T23:04:27.635+0200][gc,mmu        ] GC(7) MMU target violated: 21.0ms (20.0ms/21.0ms)
[2025-04-20T23:04:27.635+0200][gc,phases     ] GC(7)   Pre Evacuate Collection Set: 0.3ms
[2025-04-20T23:04:27.635+0200][gc,phases     ] GC(7)   Evacuate Collection Set: 22.0ms
[2025-04-20T23:04:27.635+0200][gc,phases     ] GC(7)   Post Evacuate Collection Set: 0.9ms
[2025-04-20T23:04:27.635+0200][gc,phases     ] GC(7)   Other: 0.5ms
[2025-04-20T23:04:27.635+0200][gc,heap       ] GC(7) Eden regions: 46->0(46)
[2025-04-20T23:04:27.635+0200][gc,heap       ] GC(7) Survivor regions: 5->5(7)
[2025-04-20T23:04:27.635+0200][gc,heap       ] GC(7) Old regions: 14->16
[2025-04-20T23:04:27.635+0200][gc,heap       ] GC(7) Humongous regions: 129->129
[2025-04-20T23:04:27.635+0200][gc,metaspace  ] GC(7) Metaspace: 43562K(46464K)->43562K(46464K) NonClass: 37958K(39424K)->37958K(39424K) Class: 5603K(7040K)->5603K(7040K)
[2025-04-20T23:04:27.635+0200][gc            ] GC(7) Pause Young (Normal) (G1 Evacuation Pause) 192M->148M(1024M) 23.943ms
[2025-04-20T23:04:27.635+0200][gc,cpu        ] GC(7) User=0.06s Sys=0.00s Real=0.02s
[2025-04-20T23:17:44.883+0200][gc,start      ] GC(8) Pause Young (Normal) (G1 Evacuation Pause)
[2025-04-20T23:17:44.883+0200][gc,task       ] GC(8) Using 8 workers of 8 for evacuation
[2025-04-20T23:17:44.903+0200][gc,phases     ] GC(8)   Pre Evacuate Collection Set: 0.5ms
[2025-04-20T23:17:44.903+0200][gc,phases     ] GC(8)   Evacuate Collection Set: 18.1ms
[2025-04-20T23:17:44.903+0200][gc,phases     ] GC(8)   Post Evacuate Collection Set: 0.8ms
[2025-04-20T23:17:44.903+0200][gc,phases     ] GC(8)   Other: 0.5ms
[2025-04-20T23:17:44.903+0200][gc,heap       ] GC(8) Eden regions: 46->0(48)
[2025-04-20T23:17:44.903+0200][gc,heap       ] GC(8) Survivor regions: 5->3(7)
[2025-04-20T23:17:44.903+0200][gc,heap       ] GC(8) Old regions: 16->19
[2025-04-20T23:17:44.903+0200][gc,heap       ] GC(8) Humongous regions: 129->129
[2025-04-20T23:17:44.903+0200][gc,metaspace  ] GC(8) Metaspace: 43807K(46720K)->43807K(46720K) NonClass: 38177K(39680K)->38177K(39680K) Class: 5629K(7040K)->5629K(7040K)
[2025-04-20T23:17:44.903+0200][gc            ] GC(8) Pause Young (Normal) (G1 Evacuation Pause) 194M->148M(1024M) 20.173ms
[2025-04-20T23:17:44.903+0200][gc,cpu        ] GC(8) User=0.04s Sys=0.01s Real=0.02s
[2025-04-20T23:32:49.597+0200][gc,start      ] GC(9) Pause Young (Normal) (G1 Evacuation Pause)
[2025-04-20T23:32:49.597+0200][gc,task       ] GC(9) Using 8 workers of 8 for evacuation
[2025-04-20T23:32:49.607+0200][gc,phases     ] GC(9)   Pre Evacuate Collection Set: 0.5ms
[2025-04-20T23:32:49.607+0200][gc,phases     ] GC(9)   Evacuate Collection Set: 8.7ms
[2025-04-20T23:32:49.608+0200][gc,phases     ] GC(9)   Post Evacuate Collection Set: 1.0ms
[2025-04-20T23:32:49.608+0200][gc,phases     ] GC(9)   Other: 0.5ms
[2025-04-20T23:32:49.608+0200][gc,heap       ] GC(9) Eden regions: 48->0(47)
[2025-04-20T23:32:49.608+0200][gc,heap       ] GC(9) Survivor regions: 3->4(7)
[2025-04-20T23:32:49.608+0200][gc,heap       ] GC(9) Old regions: 19->19
[2025-04-20T23:32:49.608+0200][gc,heap       ] GC(9) Humongous regions: 129->129
[2025-04-20T23:32:49.608+0200][gc,metaspace  ] GC(9) Metaspace: 43927K(46720K)->43927K(46720K) NonClass: 38295K(39680K)->38295K(39680K) Class: 5632K(7040K)->5632K(7040K)
[2025-04-20T23:32:49.608+0200][gc            ] GC(9) Pause Young (Normal) (G1 Evacuation Pause) 196M->149M(1024M) 10.970ms
[2025-04-20T23:32:49.608+0200][gc,cpu        ] GC(9) User=0.06s Sys=0.00s Real=0.01s
[2025-04-20T23:47:43.818+0200][gc,start      ] GC(10) Pause Young (Normal) (G1 Evacuation Pause)
[2025-04-20T23:47:43.818+0200][gc,task       ] GC(10) Using 8 workers of 8 for evacuation
[2025-04-20T23:47:43.842+0200][gc,mmu        ] GC(10) MMU target violated: 21.0ms (20.0ms/21.0ms)
[2025-04-20T23:47:43.843+0200][gc,phases     ] GC(10)   Pre Evacuate Collection Set: 0.8ms
[2025-04-20T23:47:43.843+0200][gc,phases     ] GC(10)   Evacuate Collection Set: 14.6ms
[2025-04-20T23:47:43.843+0200][gc,phases     ] GC(10)   Post Evacuate Collection Set: 8.8ms
[2025-04-20T23:47:43.843+0200][gc,phases     ] GC(10)   Other: 0.6ms
[2025-04-20T23:47:43.843+0200][gc,heap       ] GC(10) Eden regions: 47->0(48)
[2025-04-20T23:47:43.843+0200][gc,heap       ] GC(10) Survivor regions: 4->3(7)
[2025-04-20T23:47:43.843+0200][gc,heap       ] GC(10) Old regions: 19->19
[2025-04-20T23:47:43.843+0200][gc,heap       ] GC(10) Humongous regions: 129->129
[2025-04-20T23:47:43.843+0200][gc,metaspace  ] GC(10) Metaspace: 44056K(46976K)->44056K(46976K) NonClass: 38424K(39936K)->38424K(39936K) Class: 5632K(7040K)->5632K(7040K)
[2025-04-20T23:47:43.843+0200][gc            ] GC(10) Pause Young (Normal) (G1 Evacuation Pause) 196M->148M(1024M) 24.919ms
[2025-04-20T23:47:43.843+0200][gc,cpu        ] GC(10) User=0.16s Sys=0.00s Real=0.03s
[2025-04-21T00:02:12.856+0200][gc,start      ] GC(11) Pause Young (Normal) (G1 Evacuation Pause)
[2025-04-21T00:02:12.856+0200][gc,task       ] GC(11) Using 8 workers of 8 for evacuation
[2025-04-21T00:02:12.916+0200][gc,mmu        ] GC(11) MMU target violated: 21.0ms (20.0ms/21.0ms)
[2025-04-21T00:02:12.916+0200][gc,phases     ] GC(11)   Pre Evacuate Collection Set: 4.6ms
[2025-04-21T00:02:12.916+0200][gc,phases     ] GC(11)   Evacuate Collection Set: 49.3ms
[2025-04-21T00:02:12.916+0200][gc,phases     ] GC(11)   Post Evacuate Collection Set: 4.8ms
[2025-04-21T00:02:12.916+0200][gc,phases     ] GC(11)   Other: 0.8ms
[2025-04-21T00:02:12.916+0200][gc,heap       ] GC(11) Eden regions: 48->0(48)
[2025-04-21T00:02:12.916+0200][gc,heap       ] GC(11) Survivor regions: 3->3(7)
[2025-04-21T00:02:12.916+0200][gc,heap       ] GC(11) Old regions: 19->19
[2025-04-21T00:02:12.916+0200][gc,heap       ] GC(11) Humongous regions: 129->129
[2025-04-21T00:02:12.916+0200][gc,metaspace  ] GC(11) Metaspace: 44126K(46976K)->44126K(46976K) NonClass: 38488K(39936K)->38488K(39936K) Class: 5637K(7040K)->5637K(7040K)
[2025-04-21T00:02:12.916+0200][gc            ] GC(11) Pause Young (Normal) (G1 Evacuation Pause) 196M->148M(1024M) 59.488ms
[2025-04-21T00:02:12.916+0200][gc,cpu        ] GC(11) User=0.09s Sys=0.01s Real=0.06s
[2025-04-21T00:17:37.611+0200][gc,start      ] GC(12) Pause Young (Normal) (G1 Evacuation Pause)
[2025-04-21T00:17:37.611+0200][gc,task       ] GC(12) Using 8 workers of 8 for evacuation
[2025-04-21T00:17:37.636+0200][gc,mmu        ] GC(12) MMU target violated: 21.0ms (20.0ms/21.0ms)
[2025-04-21T00:17:37.636+0200][gc,phases     ] GC(12)   Pre Evacuate Collection Set: 0.9ms
[2025-04-21T00:17:37.636+0200][gc,phases     ] GC(12)   Evacuate Collection Set: 22.5ms
[2025-04-21T00:17:37.636+0200][gc,phases     ] GC(12)   Post Evacuate Collection Set: 1.0ms
[2025-04-21T00:17:37.636+0200][gc,phases     ] GC(12)   Other: 0.6ms
[2025-04-21T00:17:37.636+0200][gc,heap       ] GC(12) Eden regions: 48->0(53)
[2025-04-21T00:17:37.636+0200][gc,heap       ] GC(12) Survivor regions: 3->3(7)
[2025-04-21T00:17:37.636+0200][gc,heap       ] GC(12) Old regions: 19->19
[2025-04-21T00:17:37.636+0200][gc,heap       ] GC(12) Humongous regions: 129->129
[2025-04-21T00:17:37.636+0200][gc,metaspace  ] GC(12) Metaspace: 44153K(46976K)->44153K(46976K) NonClass: 38515K(39936K)->38515K(39936K) Class: 5637K(7040K)->5637K(7040K)
[2025-04-21T00:17:37.637+0200][gc            ] GC(12) Pause Young (Normal) (G1 Evacuation Pause) 196M->148M(1024M) 25.196ms
[2025-04-21T00:17:37.637+0200][gc,cpu        ] GC(12) User=0.07s Sys=0.00s Real=0.02s
[2025-04-21T00:34:48.594+0200][gc,start      ] GC(13) Pause Young (Normal) (G1 Evacuation Pause)
[2025-04-21T00:34:48.594+0200][gc,task       ] GC(13) Using 8 workers of 8 for evacuation
[2025-04-21T00:34:48.616+0200][gc,mmu        ] GC(13) MMU target violated: 21.0ms (20.0ms/21.0ms)
[2025-04-21T00:34:48.616+0200][gc,phases     ] GC(13)   Pre Evacuate Collection Set: 0.4ms
[2025-04-21T00:34:48.616+0200][gc,phases     ] GC(13)   Evacuate Collection Set: 17.1ms
[2025-04-21T00:34:48.616+0200][gc,phases     ] GC(13)   Post Evacuate Collection Set: 4.0ms
[2025-04-21T00:34:48.616+0200][gc,phases     ] GC(13)   Other: 0.6ms
[2025-04-21T00:34:48.616+0200][gc,heap       ] GC(13) Eden regions: 53->0(57)
[2025-04-21T00:34:48.616+0200][gc,heap       ] GC(13) Survivor regions: 3->3(7)
[2025-04-21T00:34:48.616+0200][gc,heap       ] GC(13) Old regions: 19->19
[2025-04-21T00:34:48.616+0200][gc,heap       ] GC(13) Humongous regions: 129->129
[2025-04-21T00:34:48.616+0200][gc,metaspace  ] GC(13) Metaspace: 44176K(46976K)->44176K(46976K) NonClass: 38538K(39936K)->38538K(39936K) Class: 5637K(7040K)->5637K(7040K)
[2025-04-21T00:34:48.616+0200][gc            ] GC(13) Pause Young (Normal) (G1 Evacuation Pause) 201M->148M(1024M) 22.256ms
[2025-04-21T00:34:48.616+0200][gc,cpu        ] GC(13) User=0.10s Sys=0.00s Real=0.02s
[2025-04-21T00:52:30.163+0200][gc,start      ] GC(14) Pause Young (Normal) (G1 Evacuation Pause)
[2025-04-21T00:52:30.163+0200][gc,task       ] GC(14) Using 8 workers of 8 for evacuation
[2025-04-21T00:52:30.189+0200][gc,mmu        ] GC(14) MMU target violated: 21.0ms (20.0ms/21.0ms)
[2025-04-21T00:52:30.189+0200][gc,phases     ] GC(14)   Pre Evacuate Collection Set: 1.0ms
[2025-04-21T00:52:30.189+0200][gc,phases     ] GC(14)   Evacuate Collection Set: 23.1ms
[2025-04-21T00:52:30.189+0200][gc,phases     ] GC(14)   Post Evacuate Collection Set: 1.6ms
[2025-04-21T00:52:30.189+0200][gc,phases     ] GC(14)   Other: 0.6ms
[2025-04-21T00:52:30.189+0200][gc,heap       ] GC(14) Eden regions: 57->0(59)
[2025-04-21T00:52:30.189+0200][gc,heap       ] GC(14) Survivor regions: 3->3(8)
[2025-04-21T00:52:30.189+0200][gc,heap       ] GC(14) Old regions: 19->19
[2025-04-21T00:52:30.189+0200][gc,heap       ] GC(14) Humongous regions: 129->129
[2025-04-21T00:52:30.189+0200][gc,metaspace  ] GC(14) Metaspace: 44180K(46976K)->44180K(46976K) NonClass: 38542K(39936K)->38542K(39936K) Class: 5637K(7040K)->5637K(7040K)
[2025-04-21T00:52:30.190+0200][gc            ] GC(14) Pause Young (Normal) (G1 Evacuation Pause) 205M->148M(1024M) 26.512ms
[2025-04-21T00:52:30.190+0200][gc,cpu        ] GC(14) User=0.10s Sys=0.02s Real=0.03s
[2025-04-21T01:11:47.426+0200][gc,start      ] GC(15) Pause Young (Normal) (G1 Evacuation Pause)
[2025-04-21T01:11:47.426+0200][gc,task       ] GC(15) Using 8 workers of 8 for evacuation
[2025-04-21T01:11:47.459+0200][gc,mmu        ] GC(15) MMU target violated: 21.0ms (20.0ms/21.0ms)
[2025-04-21T01:11:47.459+0200][gc,phases     ] GC(15)   Pre Evacuate Collection Set: 0.9ms
[2025-04-21T01:11:47.459+0200][gc,phases     ] GC(15)   Evacuate Collection Set: 29.7ms
[2025-04-21T01:11:47.459+0200][gc,phases     ] GC(15)   Post Evacuate Collection Set: 1.7ms
[2025-04-21T01:11:47.459+0200][gc,phases     ] GC(15)   Other: 0.5ms
[2025-04-21T01:11:47.459+0200][gc,heap       ] GC(15) Eden regions: 59->0(47)
[2025-04-21T01:11:47.459+0200][gc,heap       ] GC(15) Survivor regions: 3->4(8)
[2025-04-21T01:11:47.459+0200][gc,heap       ] GC(15) Old regions: 19->19
[2025-04-21T01:11:47.459+0200][gc,heap       ] GC(15) Humongous regions: 129->129
[2025-04-21T01:11:47.459+0200][gc,metaspace  ] GC(15) Metaspace: 44212K(47232K)->44212K(47232K) NonClass: 38574K(40192K)->38574K(40192K) Class: 5637K(7040K)->5637K(7040K)
[2025-04-21T01:11:47.459+0200][gc            ] GC(15) Pause Young (Normal) (G1 Evacuation Pause) 207M->149M(1024M) 33.115ms
[2025-04-21T01:11:47.459+0200][gc,cpu        ] GC(15) User=0.14s Sys=0.00s Real=0.03s
[2025-04-21T01:27:07.075+0200][gc,start      ] GC(16) Pause Young (Normal) (G1 Evacuation Pause)
[2025-04-21T01:27:07.075+0200][gc,task       ] GC(16) Using 8 workers of 8 for evacuation
[2025-04-21T01:27:07.083+0200][gc,phases     ] GC(16)   Pre Evacuate Collection Set: 0.6ms
[2025-04-21T01:27:07.083+0200][gc,phases     ] GC(16)   Evacuate Collection Set: 4.3ms
[2025-04-21T01:27:07.083+0200][gc,phases     ] GC(16)   Post Evacuate Collection Set: 3.1ms
[2025-04-21T01:27:07.083+0200][gc,phases     ] GC(16)   Other: 0.5ms
[2025-04-21T01:27:07.083+0200][gc,heap       ] GC(16) Eden regions: 47->0(92)
[2025-04-21T01:27:07.083+0200][gc,heap       ] GC(16) Survivor regions: 4->4(7)
[2025-04-21T01:27:07.083+0200][gc,heap       ] GC(16) Old regions: 19->19
[2025-04-21T01:27:07.083+0200][gc,heap       ] GC(16) Humongous regions: 129->129
[2025-04-21T01:27:07.083+0200][gc,metaspace  ] GC(16) Metaspace: 44218K(47232K)->44218K(47232K) NonClass: 38580K(40192K)->38580K(40192K) Class: 5637K(7040K)->5637K(7040K)
[2025-04-21T01:27:07.083+0200][gc            ] GC(16) Pause Young (Normal) (G1 Evacuation Pause) 196M->149M(1024M) 8.705ms
[2025-04-21T01:27:07.083+0200][gc,cpu        ] GC(16) User=0.05s Sys=0.00s Real=0.01s
