[2025-04-23T10:16:50.414+0200][gc,heap] Heap region size: 1M
[2025-04-23T10:16:50.451+0200][gc     ] Using G1
[2025-04-23T10:16:50.451+0200][gc,heap,coops] Heap address: 0x00000000c0000000, size: 1024 MB, Compressed Oops mode: 32-bit
[2025-04-23T10:16:50.452+0200][gc,cds       ] Mark closed archive regions in map: [0x00000000fff00000, 0x00000000fff6bff8]
[2025-04-23T10:16:50.452+0200][gc,cds       ] Mark open archive regions in map: [0x00000000ffe00000, 0x00000000ffe47ff8]
[2025-04-23T10:16:53.066+0200][gc,start     ] GC(0) Pause Young (Normal) (G1 Evacuation Pause)
[2025-04-23T10:16:53.068+0200][gc,task      ] GC(0) Using 8 workers of 8 for evacuation
[2025-04-23T10:16:53.080+0200][gc,phases    ] GC(0)   Pre Evacuate Collection Set: 0.0ms
[2025-04-23T10:16:53.080+0200][gc,phases    ] GC(0)   Evacuate Collection Set: 11.0ms
[2025-04-23T10:16:53.080+0200][gc,phases    ] GC(0)   Post Evacuate Collection Set: 0.8ms
[2025-04-23T10:16:53.080+0200][gc,phases    ] GC(0)   Other: 2.3ms
[2025-04-23T10:16:53.080+0200][gc,heap      ] GC(0) Eden regions: 51->0(44)
[2025-04-23T10:16:53.080+0200][gc,heap      ] GC(0) Survivor regions: 0->7(7)
[2025-04-23T10:16:53.080+0200][gc,heap      ] GC(0) Old regions: 2->3
[2025-04-23T10:16:53.080+0200][gc,heap      ] GC(0) Humongous regions: 0->0
[2025-04-23T10:16:53.080+0200][gc,metaspace ] GC(0) Metaspace: 14235K(15104K)->14235K(15104K) NonClass: 12488K(13056K)->12488K(13056K) Class: 1746K(2048K)->1746K(2048K)
[2025-04-23T10:16:53.080+0200][gc           ] GC(0) Pause Young (Normal) (G1 Evacuation Pause) 51M->7M(1024M) 14.419ms
[2025-04-23T10:16:53.080+0200][gc,cpu       ] GC(0) User=0.07s Sys=0.02s Real=0.01s
[2025-04-23T10:16:54.207+0200][gc,start     ] GC(1) Pause Young (Concurrent Start) (Metadata GC Threshold)
[2025-04-23T10:16:54.207+0200][gc,task      ] GC(1) Using 8 workers of 8 for evacuation
[2025-04-23T10:16:54.222+0200][gc,phases    ] GC(1)   Pre Evacuate Collection Set: 0.1ms
[2025-04-23T10:16:54.222+0200][gc,phases    ] GC(1)   Evacuate Collection Set: 13.5ms
[2025-04-23T10:16:54.222+0200][gc,phases    ] GC(1)   Post Evacuate Collection Set: 0.8ms
[2025-04-23T10:16:54.222+0200][gc,phases    ] GC(1)   Other: 0.6ms
[2025-04-23T10:16:54.222+0200][gc,heap      ] GC(1) Eden regions: 29->0(49)
[2025-04-23T10:16:54.222+0200][gc,heap      ] GC(1) Survivor regions: 7->2(7)
[2025-04-23T10:16:54.222+0200][gc,heap      ] GC(1) Old regions: 3->9
[2025-04-23T10:16:54.222+0200][gc,heap      ] GC(1) Humongous regions: 0->0
[2025-04-23T10:16:54.222+0200][gc,metaspace ] GC(1) Metaspace: 20510K(21248K)->20510K(21248K) NonClass: 18023K(18432K)->18023K(18432K) Class: 2487K(2816K)->2487K(2816K)
[2025-04-23T10:16:54.222+0200][gc           ] GC(1) Pause Young (Concurrent Start) (Metadata GC Threshold) 36M->8M(1024M) 15.206ms
[2025-04-23T10:16:54.222+0200][gc,cpu       ] GC(1) User=0.05s Sys=0.00s Real=0.02s
[2025-04-23T10:16:54.222+0200][gc           ] GC(2) Concurrent Cycle
[2025-04-23T10:16:54.222+0200][gc,marking   ] GC(2) Concurrent Clear Claimed Marks
[2025-04-23T10:16:54.222+0200][gc,marking   ] GC(2) Concurrent Clear Claimed Marks 0.036ms
[2025-04-23T10:16:54.222+0200][gc,marking   ] GC(2) Concurrent Scan Root Regions
[2025-04-23T10:16:54.224+0200][gc,marking   ] GC(2) Concurrent Scan Root Regions 1.505ms
[2025-04-23T10:16:54.224+0200][gc,marking   ] GC(2) Concurrent Mark (3.816s)
[2025-04-23T10:16:54.224+0200][gc,marking   ] GC(2) Concurrent Mark From Roots
[2025-04-23T10:16:54.224+0200][gc,task      ] GC(2) Using 2 workers of 2 for marking
[2025-04-23T10:16:54.233+0200][gc,marking   ] GC(2) Concurrent Mark From Roots 9.561ms
[2025-04-23T10:16:54.233+0200][gc,marking   ] GC(2) Concurrent Preclean
[2025-04-23T10:16:54.234+0200][gc,marking   ] GC(2) Concurrent Preclean 0.483ms
[2025-04-23T10:16:54.234+0200][gc,marking   ] GC(2) Concurrent Mark (3.816s, 3.826s) 10.179ms
[2025-04-23T10:16:54.235+0200][gc,start     ] GC(2) Pause Remark
[2025-04-23T10:16:54.245+0200][gc,stringtable] GC(2) Cleaned string and symbol table, strings: 5718 processed, 0 removed, symbols: 53401 processed, 44 removed
[2025-04-23T10:16:54.246+0200][gc            ] GC(2) Pause Remark 9M->9M(1024M) 10.878ms
[2025-04-23T10:16:54.246+0200][gc,cpu        ] GC(2) User=0.06s Sys=0.00s Real=0.01s
[2025-04-23T10:16:54.246+0200][gc,marking    ] GC(2) Concurrent Rebuild Remembered Sets
[2025-04-23T10:16:54.249+0200][gc,marking    ] GC(2) Concurrent Rebuild Remembered Sets 3.822ms
[2025-04-23T10:16:54.253+0200][gc,start      ] GC(2) Pause Cleanup
[2025-04-23T10:16:54.253+0200][gc            ] GC(2) Pause Cleanup 9M->9M(1024M) 0.428ms
[2025-04-23T10:16:54.253+0200][gc,cpu        ] GC(2) User=0.00s Sys=0.00s Real=0.00s
[2025-04-23T10:16:54.253+0200][gc,marking    ] GC(2) Concurrent Cleanup for Next Mark
[2025-04-23T10:16:54.265+0200][gc,marking    ] GC(2) Concurrent Cleanup for Next Mark 11.592ms
[2025-04-23T10:16:54.265+0200][gc            ] GC(2) Concurrent Cycle 42.957ms
[2025-04-23T10:16:55.593+0200][gc,start      ] GC(3) Pause Young (Normal) (G1 Evacuation Pause)
[2025-04-23T10:16:55.594+0200][gc,task       ] GC(3) Using 8 workers of 8 for evacuation
[2025-04-23T10:16:55.598+0200][gc,phases     ] GC(3)   Pre Evacuate Collection Set: 0.0ms
[2025-04-23T10:16:55.598+0200][gc,phases     ] GC(3)   Evacuate Collection Set: 3.9ms
[2025-04-23T10:16:55.599+0200][gc,phases     ] GC(3)   Post Evacuate Collection Set: 0.6ms
[2025-04-23T10:16:55.599+0200][gc,phases     ] GC(3)   Other: 0.4ms
[2025-04-23T10:16:55.599+0200][gc,heap       ] GC(3) Eden regions: 49->0(46)
[2025-04-23T10:16:55.599+0200][gc,heap       ] GC(3) Survivor regions: 2->5(7)
[2025-04-23T10:16:55.599+0200][gc,heap       ] GC(3) Old regions: 9->9
[2025-04-23T10:16:55.599+0200][gc,heap       ] GC(3) Humongous regions: 129->129
[2025-04-23T10:16:55.599+0200][gc,metaspace  ] GC(3) Metaspace: 28273K(29440K)->28273K(29440K) NonClass: 24979K(25600K)->24979K(25600K) Class: 3294K(3840K)->3294K(3840K)
[2025-04-23T10:16:55.599+0200][gc            ] GC(3) Pause Young (Normal) (G1 Evacuation Pause) 186M->141M(1024M) 5.200ms
[2025-04-23T10:16:55.599+0200][gc,cpu        ] GC(3) User=0.02s Sys=0.00s Real=0.00s
[2025-04-23T10:16:56.274+0200][gc,start      ] GC(4) Pause Young (Concurrent Start) (Metadata GC Threshold)
[2025-04-23T10:16:56.274+0200][gc,task       ] GC(4) Using 8 workers of 8 for evacuation
[2025-04-23T10:16:56.288+0200][gc,phases     ] GC(4)   Pre Evacuate Collection Set: 0.1ms
[2025-04-23T10:16:56.288+0200][gc,phases     ] GC(4)   Evacuate Collection Set: 12.2ms
[2025-04-23T10:16:56.288+0200][gc,phases     ] GC(4)   Post Evacuate Collection Set: 0.7ms
[2025-04-23T10:16:56.288+0200][gc,phases     ] GC(4)   Other: 0.5ms
[2025-04-23T10:16:56.288+0200][gc,heap       ] GC(4) Eden regions: 33->0(48)
[2025-04-23T10:16:56.288+0200][gc,heap       ] GC(4) Survivor regions: 5->3(7)
[2025-04-23T10:16:56.288+0200][gc,heap       ] GC(4) Old regions: 9->14
[2025-04-23T10:16:56.288+0200][gc,heap       ] GC(4) Humongous regions: 129->129
[2025-04-23T10:16:56.288+0200][gc,metaspace  ] GC(4) Metaspace: 34358K(35840K)->34358K(35840K) NonClass: 30361K(31232K)->30361K(31232K) Class: 3996K(4608K)->3996K(4608K)
[2025-04-23T10:16:56.288+0200][gc            ] GC(4) Pause Young (Concurrent Start) (Metadata GC Threshold) 174M->143M(1024M) 13.880ms
[2025-04-23T10:16:56.288+0200][gc,cpu        ] GC(4) User=0.04s Sys=0.00s Real=0.01s
[2025-04-23T10:16:56.288+0200][gc            ] GC(5) Concurrent Cycle
[2025-04-23T10:16:56.289+0200][gc,marking    ] GC(5) Concurrent Clear Claimed Marks
[2025-04-23T10:16:56.289+0200][gc,marking    ] GC(5) Concurrent Clear Claimed Marks 0.053ms
[2025-04-23T10:16:56.289+0200][gc,marking    ] GC(5) Concurrent Scan Root Regions
[2025-04-23T10:16:56.290+0200][gc,marking    ] GC(5) Concurrent Scan Root Regions 1.750ms
[2025-04-23T10:16:56.290+0200][gc,marking    ] GC(5) Concurrent Mark (5.883s)
[2025-04-23T10:16:56.290+0200][gc,marking    ] GC(5) Concurrent Mark From Roots
[2025-04-23T10:16:56.290+0200][gc,task       ] GC(5) Using 2 workers of 2 for marking
[2025-04-23T10:16:56.308+0200][gc,marking    ] GC(5) Concurrent Mark From Roots 18.060ms
[2025-04-23T10:16:56.309+0200][gc,marking    ] GC(5) Concurrent Preclean
[2025-04-23T10:16:56.309+0200][gc,marking    ] GC(5) Concurrent Preclean 0.495ms
[2025-04-23T10:16:56.309+0200][gc,marking    ] GC(5) Concurrent Mark (5.883s, 5.902s) 18.657ms
[2025-04-23T10:16:56.314+0200][gc,start      ] GC(5) Pause Remark
[2025-04-23T10:16:56.317+0200][gc,stringtable] GC(5) Cleaned string and symbol table, strings: 11505 processed, 13 removed, symbols: 86931 processed, 16 removed
[2025-04-23T10:16:56.318+0200][gc            ] GC(5) Pause Remark 145M->145M(1024M) 3.686ms
[2025-04-23T10:16:56.318+0200][gc,cpu        ] GC(5) User=0.01s Sys=0.00s Real=0.00s
[2025-04-23T10:16:56.318+0200][gc,marking    ] GC(5) Concurrent Rebuild Remembered Sets
[2025-04-23T10:16:56.326+0200][gc,marking    ] GC(5) Concurrent Rebuild Remembered Sets 7.834ms
[2025-04-23T10:16:56.329+0200][gc,start      ] GC(5) Pause Cleanup
[2025-04-23T10:16:56.329+0200][gc            ] GC(5) Pause Cleanup 145M->145M(1024M) 0.294ms
[2025-04-23T10:16:56.330+0200][gc,cpu        ] GC(5) User=0.00s Sys=0.00s Real=0.00s
[2025-04-23T10:16:56.330+0200][gc,marking    ] GC(5) Concurrent Cleanup for Next Mark
[2025-04-23T10:16:56.365+0200][gc,marking    ] GC(5) Concurrent Cleanup for Next Mark 35.217ms
[2025-04-23T10:16:56.365+0200][gc            ] GC(5) Concurrent Cycle 76.400ms
[2025-04-23T10:55:09.824+0200][gc,start      ] GC(6) Pause Young (Normal) (G1 Evacuation Pause)
[2025-04-23T10:55:09.824+0200][gc,task       ] GC(6) Using 8 workers of 8 for evacuation
[2025-04-23T10:55:09.844+0200][gc,mmu        ] GC(6) MMU target violated: 20.1ms (20.0ms/21.0ms)
[2025-04-23T10:55:09.844+0200][gc,phases     ] GC(6)   Pre Evacuate Collection Set: 0.8ms
[2025-04-23T10:55:09.844+0200][gc,phases     ] GC(6)   Evacuate Collection Set: 18.1ms
[2025-04-23T10:55:09.844+0200][gc,phases     ] GC(6)   Post Evacuate Collection Set: 0.9ms
[2025-04-23T10:55:09.844+0200][gc,phases     ] GC(6)   Other: 0.6ms
[2025-04-23T10:55:09.844+0200][gc,heap       ] GC(6) Eden regions: 48->0(47)
[2025-04-23T10:55:09.844+0200][gc,heap       ] GC(6) Survivor regions: 3->4(7)
[2025-04-23T10:55:09.844+0200][gc,heap       ] GC(6) Old regions: 14->14
[2025-04-23T10:55:09.844+0200][gc,heap       ] GC(6) Humongous regions: 129->129
[2025-04-23T10:55:09.844+0200][gc,metaspace  ] GC(6) Metaspace: 40213K(42572K)->40213K(42572K) NonClass: 35066K(36300K)->35066K(36300K) Class: 5146K(6272K)->5146K(6272K)
[2025-04-23T10:55:09.844+0200][gc            ] GC(6) Pause Young (Normal) (G1 Evacuation Pause) 191M->144M(1024M) 20.674ms
[2025-04-23T10:55:09.844+0200][gc,cpu        ] GC(6) User=0.13s Sys=0.00s Real=0.02s
[2025-04-23T11:13:01.754+0200][gc,start      ] GC(7) Pause Young (Normal) (G1 Evacuation Pause)
[2025-04-23T11:13:01.754+0200][gc,task       ] GC(7) Using 8 workers of 8 for evacuation
[2025-04-23T11:13:01.767+0200][gc,phases     ] GC(7)   Pre Evacuate Collection Set: 0.4ms
[2025-04-23T11:13:01.767+0200][gc,phases     ] GC(7)   Evacuate Collection Set: 9.4ms
[2025-04-23T11:13:01.767+0200][gc,phases     ] GC(7)   Post Evacuate Collection Set: 3.1ms
[2025-04-23T11:13:01.767+0200][gc,phases     ] GC(7)   Other: 0.4ms
[2025-04-23T11:13:01.767+0200][gc,heap       ] GC(7) Eden regions: 47->0(45)
[2025-04-23T11:13:01.767+0200][gc,heap       ] GC(7) Survivor regions: 4->6(7)
[2025-04-23T11:13:01.767+0200][gc,heap       ] GC(7) Old regions: 14->14
[2025-04-23T11:13:01.767+0200][gc,heap       ] GC(7) Humongous regions: 129->129
[2025-04-23T11:13:01.767+0200][gc,metaspace  ] GC(7) Metaspace: 43195K(46156K)->43195K(46156K) NonClass: 37570K(39116K)->37570K(39116K) Class: 5624K(7040K)->5624K(7040K)
[2025-04-23T11:13:01.767+0200][gc            ] GC(7) Pause Young (Normal) (G1 Evacuation Pause) 191M->147M(1024M) 13.648ms
[2025-04-23T11:13:01.768+0200][gc,cpu        ] GC(7) User=0.05s Sys=0.00s Real=0.01s
[2025-04-23T11:25:20.117+0200][gc,start      ] GC(8) Pause Young (Normal) (G1 Evacuation Pause)
[2025-04-23T11:25:20.117+0200][gc,task       ] GC(8) Using 8 workers of 8 for evacuation
[2025-04-23T11:25:20.134+0200][gc,phases     ] GC(8)   Pre Evacuate Collection Set: 0.3ms
[2025-04-23T11:25:20.134+0200][gc,phases     ] GC(8)   Evacuate Collection Set: 15.5ms
[2025-04-23T11:25:20.134+0200][gc,phases     ] GC(8)   Post Evacuate Collection Set: 1.5ms
[2025-04-23T11:25:20.134+0200][gc,phases     ] GC(8)   Other: 0.5ms
[2025-04-23T11:25:20.134+0200][gc,heap       ] GC(8) Eden regions: 45->0(45)
[2025-04-23T11:25:20.134+0200][gc,heap       ] GC(8) Survivor regions: 6->6(7)
[2025-04-23T11:25:20.134+0200][gc,heap       ] GC(8) Old regions: 14->16
[2025-04-23T11:25:20.134+0200][gc,heap       ] GC(8) Humongous regions: 129->129
[2025-04-23T11:25:20.134+0200][gc,metaspace  ] GC(8) Metaspace: 44021K(46924K)->44021K(46924K) NonClass: 38380K(39884K)->38380K(39884K) Class: 5640K(7040K)->5640K(7040K)
[2025-04-23T11:25:20.135+0200][gc            ] GC(8) Pause Young (Normal) (G1 Evacuation Pause) 191M->148M(1024M) 17.988ms
[2025-04-23T11:25:20.135+0200][gc,cpu        ] GC(8) User=0.11s Sys=0.01s Real=0.02s
[2025-04-23T11:38:30.117+0200][gc,start      ] GC(9) Pause Young (Normal) (G1 Evacuation Pause)
[2025-04-23T11:38:30.117+0200][gc,task       ] GC(9) Using 8 workers of 8 for evacuation
[2025-04-23T11:38:30.135+0200][gc,phases     ] GC(9)   Pre Evacuate Collection Set: 0.6ms
[2025-04-23T11:38:30.135+0200][gc,phases     ] GC(9)   Evacuate Collection Set: 16.5ms
[2025-04-23T11:38:30.136+0200][gc,phases     ] GC(9)   Post Evacuate Collection Set: 0.9ms
[2025-04-23T11:38:30.136+0200][gc,phases     ] GC(9)   Other: 0.5ms
[2025-04-23T11:38:30.136+0200][gc,heap       ] GC(9) Eden regions: 45->0(48)
[2025-04-23T11:38:30.136+0200][gc,heap       ] GC(9) Survivor regions: 6->3(7)
[2025-04-23T11:38:30.136+0200][gc,heap       ] GC(9) Old regions: 16->19
[2025-04-23T11:38:30.136+0200][gc,heap       ] GC(9) Humongous regions: 129->129
[2025-04-23T11:38:30.136+0200][gc,metaspace  ] GC(9) Metaspace: 44103K(46924K)->44103K(46924K) NonClass: 38462K(39884K)->38462K(39884K) Class: 5640K(7040K)->5640K(7040K)
[2025-04-23T11:38:30.136+0200][gc            ] GC(9) Pause Young (Normal) (G1 Evacuation Pause) 193M->148M(1024M) 19.717ms
[2025-04-23T11:38:30.137+0200][gc,cpu        ] GC(9) User=0.08s Sys=0.00s Real=0.02s
[2025-04-23T11:53:25.291+0200][gc,start      ] GC(10) Pause Young (Normal) (G1 Evacuation Pause)
[2025-04-23T11:53:25.291+0200][gc,task       ] GC(10) Using 8 workers of 8 for evacuation
[2025-04-23T11:53:25.307+0200][gc,phases     ] GC(10)   Pre Evacuate Collection Set: 0.4ms
[2025-04-23T11:53:25.307+0200][gc,phases     ] GC(10)   Evacuate Collection Set: 9.3ms
[2025-04-23T11:53:25.307+0200][gc,phases     ] GC(10)   Post Evacuate Collection Set: 5.9ms
[2025-04-23T11:53:25.307+0200][gc,phases     ] GC(10)   Other: 0.5ms
[2025-04-23T11:53:25.307+0200][gc,heap       ] GC(10) Eden regions: 48->0(47)
[2025-04-23T11:53:25.308+0200][gc,heap       ] GC(10) Survivor regions: 3->4(7)
[2025-04-23T11:53:25.308+0200][gc,heap       ] GC(10) Old regions: 19->19
[2025-04-23T11:53:25.308+0200][gc,heap       ] GC(10) Humongous regions: 129->129
[2025-04-23T11:53:25.308+0200][gc,metaspace  ] GC(10) Metaspace: 44138K(46924K)->44138K(46924K) NonClass: 38497K(39884K)->38497K(39884K) Class: 5640K(7040K)->5640K(7040K)
[2025-04-23T11:53:25.308+0200][gc            ] GC(10) Pause Young (Normal) (G1 Evacuation Pause) 196M->149M(1024M) 16.350ms
[2025-04-23T11:53:25.308+0200][gc,cpu        ] GC(10) User=0.07s Sys=0.01s Real=0.01s
[2025-04-23T12:08:29.589+0200][gc,start      ] GC(11) Pause Young (Normal) (G1 Evacuation Pause)
[2025-04-23T12:08:29.589+0200][gc,task       ] GC(11) Using 8 workers of 8 for evacuation
[2025-04-23T12:08:29.598+0200][gc,phases     ] GC(11)   Pre Evacuate Collection Set: 1.8ms
[2025-04-23T12:08:29.598+0200][gc,phases     ] GC(11)   Evacuate Collection Set: 5.3ms
[2025-04-23T12:08:29.598+0200][gc,phases     ] GC(11)   Post Evacuate Collection Set: 0.8ms
[2025-04-23T12:08:29.598+0200][gc,phases     ] GC(11)   Other: 0.5ms
[2025-04-23T12:08:29.598+0200][gc,heap       ] GC(11) Eden regions: 47->0(49)
[2025-04-23T12:08:29.598+0200][gc,heap       ] GC(11) Survivor regions: 4->4(7)
[2025-04-23T12:08:29.598+0200][gc,heap       ] GC(11) Old regions: 19->19
[2025-04-23T12:08:29.598+0200][gc,heap       ] GC(11) Humongous regions: 129->129
[2025-04-23T12:08:29.598+0200][gc,metaspace  ] GC(11) Metaspace: 44150K(46924K)->44150K(46924K) NonClass: 38510K(39884K)->38510K(39884K) Class: 5640K(7040K)->5640K(7040K)
[2025-04-23T12:08:29.598+0200][gc            ] GC(11) Pause Young (Normal) (G1 Evacuation Pause) 196M->149M(1024M) 8.757ms
[2025-04-23T12:08:29.598+0200][gc,cpu        ] GC(11) User=0.04s Sys=0.00s Real=0.01s
[2025-04-23T12:23:25.116+0200][gc,start      ] GC(12) Pause Young (Normal) (G1 Evacuation Pause)
[2025-04-23T12:23:25.116+0200][gc,task       ] GC(12) Using 8 workers of 8 for evacuation
[2025-04-23T12:23:25.126+0200][gc,phases     ] GC(12)   Pre Evacuate Collection Set: 0.4ms
[2025-04-23T12:23:25.126+0200][gc,phases     ] GC(12)   Evacuate Collection Set: 8.6ms
[2025-04-23T12:23:25.126+0200][gc,phases     ] GC(12)   Post Evacuate Collection Set: 0.6ms
[2025-04-23T12:23:25.127+0200][gc,phases     ] GC(12)   Other: 0.4ms
[2025-04-23T12:23:25.127+0200][gc,heap       ] GC(12) Eden regions: 49->0(65)
[2025-04-23T12:23:25.127+0200][gc,heap       ] GC(12) Survivor regions: 4->3(7)
[2025-04-23T12:23:25.127+0200][gc,heap       ] GC(12) Old regions: 19->19
[2025-04-23T12:23:25.127+0200][gc,heap       ] GC(12) Humongous regions: 129->129
[2025-04-23T12:23:25.127+0200][gc,metaspace  ] GC(12) Metaspace: 44161K(46924K)->44161K(46924K) NonClass: 38520K(39884K)->38520K(39884K) Class: 5640K(7040K)->5640K(7040K)
[2025-04-23T12:23:25.127+0200][gc            ] GC(12) Pause Young (Normal) (G1 Evacuation Pause) 198M->149M(1024M) 10.241ms
[2025-04-23T12:23:25.127+0200][gc,cpu        ] GC(12) User=0.05s Sys=0.00s Real=0.01s
[2025-04-23T12:44:33.550+0200][gc,start      ] GC(13) Pause Young (Normal) (G1 Evacuation Pause)
[2025-04-23T12:44:33.585+0200][gc,task       ] GC(13) Using 8 workers of 8 for evacuation
[2025-04-23T12:44:33.596+0200][gc,phases     ] GC(13)   Pre Evacuate Collection Set: 0.5ms
[2025-04-23T12:44:33.596+0200][gc,phases     ] GC(13)   Evacuate Collection Set: 10.1ms
[2025-04-23T12:44:33.597+0200][gc,phases     ] GC(13)   Post Evacuate Collection Set: 0.6ms
[2025-04-23T12:44:33.597+0200][gc,phases     ] GC(13)   Other: 35.1ms
[2025-04-23T12:44:33.597+0200][gc,heap       ] GC(13) Eden regions: 65->0(109)
[2025-04-23T12:44:33.597+0200][gc,heap       ] GC(13) Survivor regions: 3->3(9)
[2025-04-23T12:44:33.597+0200][gc,heap       ] GC(13) Old regions: 19->19
[2025-04-23T12:44:33.597+0200][gc,heap       ] GC(13) Humongous regions: 129->129
[2025-04-23T12:44:33.597+0200][gc,metaspace  ] GC(13) Metaspace: 44190K(47180K)->44190K(47180K) NonClass: 38549K(40140K)->38549K(40140K) Class: 5640K(7040K)->5640K(7040K)
[2025-04-23T12:44:33.597+0200][gc            ] GC(13) Pause Young (Normal) (G1 Evacuation Pause) 214M->148M(1024M) 46.482ms
[2025-04-23T12:44:33.597+0200][gc,cpu        ] GC(13) User=0.05s Sys=0.01s Real=0.04s
[2025-04-23T13:19:40.116+0200][gc,start      ] GC(14) Pause Young (Normal) (G1 Evacuation Pause)
[2025-04-23T13:19:40.117+0200][gc,task       ] GC(14) Using 8 workers of 8 for evacuation
[2025-04-23T13:19:40.131+0200][gc,phases     ] GC(14)   Pre Evacuate Collection Set: 0.3ms
[2025-04-23T13:19:40.131+0200][gc,phases     ] GC(14)   Evacuate Collection Set: 12.7ms
[2025-04-23T13:19:40.131+0200][gc,phases     ] GC(14)   Post Evacuate Collection Set: 0.6ms
[2025-04-23T13:19:40.131+0200][gc,phases     ] GC(14)   Other: 0.6ms
[2025-04-23T13:19:40.131+0200][gc,heap       ] GC(14) Eden regions: 109->0(611)
[2025-04-23T13:19:40.131+0200][gc,heap       ] GC(14) Survivor regions: 3->3(14)
[2025-04-23T13:19:40.131+0200][gc,heap       ] GC(14) Old regions: 19->19
[2025-04-23T13:19:40.131+0200][gc,heap       ] GC(14) Humongous regions: 129->129
[2025-04-23T13:19:40.131+0200][gc,metaspace  ] GC(14) Metaspace: 44197K(47180K)->44197K(47180K) NonClass: 38556K(40140K)->38556K(40140K) Class: 5640K(7040K)->5640K(7040K)
[2025-04-23T13:19:40.131+0200][gc            ] GC(14) Pause Young (Normal) (G1 Evacuation Pause) 257M->148M(1024M) 14.430ms
[2025-04-23T13:19:40.131+0200][gc,cpu        ] GC(14) User=0.09s Sys=0.00s Real=0.02s
[2025-04-23T16:41:11.204+0200][gc,start      ] GC(15) Pause Young (Normal) (G1 Evacuation Pause)
[2025-04-23T16:41:11.204+0200][gc,task       ] GC(15) Using 8 workers of 8 for evacuation
[2025-04-23T16:41:11.218+0200][gc,phases     ] GC(15)   Pre Evacuate Collection Set: 0.1ms
[2025-04-23T16:41:11.218+0200][gc,phases     ] GC(15)   Evacuate Collection Set: 11.7ms
[2025-04-23T16:41:11.218+0200][gc,phases     ] GC(15)   Post Evacuate Collection Set: 1.3ms
[2025-04-23T16:41:11.218+0200][gc,phases     ] GC(15)   Other: 0.6ms
[2025-04-23T16:41:11.218+0200][gc,heap       ] GC(15) Eden regions: 611->0(611)
[2025-04-23T16:41:11.218+0200][gc,heap       ] GC(15) Survivor regions: 3->3(77)
[2025-04-23T16:41:11.218+0200][gc,heap       ] GC(15) Old regions: 19->19
[2025-04-23T16:41:11.218+0200][gc,heap       ] GC(15) Humongous regions: 129->129
[2025-04-23T16:41:11.218+0200][gc,metaspace  ] GC(15) Metaspace: 44266K(47180K)->44266K(47180K) NonClass: 38625K(40140K)->38625K(40140K) Class: 5640K(7040K)->5640K(7040K)
[2025-04-23T16:41:11.218+0200][gc            ] GC(15) Pause Young (Normal) (G1 Evacuation Pause) 759M->148M(1024M) 13.906ms
[2025-04-23T16:41:11.218+0200][gc,cpu        ] GC(15) User=0.07s Sys=0.01s Real=0.01s
[2025-04-23T19:49:54.461+0200][gc,heap,exit  ] Heap
[2025-04-23T19:49:54.461+0200][gc,heap,exit  ]  garbage-first heap   total 1048576K, used 750571K [0x00000000c0000000, 0x0000000100000000)
[2025-04-23T19:49:54.461+0200][gc,heap,exit  ]   region size 1024K, 589 young (603136K), 3 survivors (3072K)
[2025-04-23T19:49:54.461+0200][gc,heap,exit  ]  Metaspace       used 45030K, capacity 47979K, committed 48332K, reserved 1089536K
[2025-04-23T19:49:54.461+0200][gc,heap,exit  ]   class space    used 5858K, capacity 7298K, committed 7424K, reserved 1048576K
