[2025-04-24T09:32:36.403+0200][gc,heap] Heap region size: 1M
[2025-04-24T09:32:36.439+0200][gc     ] Using G1
[2025-04-24T09:32:36.439+0200][gc,heap,coops] Heap address: 0x00000000c0000000, size: 1024 MB, Compressed Oops mode: 32-bit
[2025-04-24T09:32:36.439+0200][gc,cds       ] Mark closed archive regions in map: [0x00000000fff00000, 0x00000000fff6bff8]
[2025-04-24T09:32:36.439+0200][gc,cds       ] Mark open archive regions in map: [0x00000000ffe00000, 0x00000000ffe47ff8]
[2025-04-24T09:32:39.039+0200][gc,start     ] GC(0) Pause Young (Normal) (G1 Evacuation Pause)
[2025-04-24T09:32:39.041+0200][gc,task      ] GC(0) Using 8 workers of 8 for evacuation
[2025-04-24T09:32:39.054+0200][gc,phases    ] GC(0)   Pre Evacuate Collection Set: 0.0ms
[2025-04-24T09:32:39.054+0200][gc,phases    ] GC(0)   Evacuate Collection Set: 12.0ms
[2025-04-24T09:32:39.054+0200][gc,phases    ] GC(0)   Post Evacuate Collection Set: 0.8ms
[2025-04-24T09:32:39.054+0200][gc,phases    ] GC(0)   Other: 2.1ms
[2025-04-24T09:32:39.054+0200][gc,heap      ] GC(0) Eden regions: 51->0(44)
[2025-04-24T09:32:39.054+0200][gc,heap      ] GC(0) Survivor regions: 0->7(7)
[2025-04-24T09:32:39.054+0200][gc,heap      ] GC(0) Old regions: 2->3
[2025-04-24T09:32:39.054+0200][gc,heap      ] GC(0) Humongous regions: 0->0
[2025-04-24T09:32:39.054+0200][gc,metaspace ] GC(0) Metaspace: 14252K(15104K)->14252K(15104K) NonClass: 12505K(13056K)->12505K(13056K) Class: 1746K(2048K)->1746K(2048K)
[2025-04-24T09:32:39.054+0200][gc           ] GC(0) Pause Young (Normal) (G1 Evacuation Pause) 51M->7M(1024M) 15.189ms
[2025-04-24T09:32:39.054+0200][gc,cpu       ] GC(0) User=0.08s Sys=0.01s Real=0.01s
[2025-04-24T09:32:40.161+0200][gc,start     ] GC(1) Pause Young (Concurrent Start) (Metadata GC Threshold)
[2025-04-24T09:32:40.161+0200][gc,task      ] GC(1) Using 8 workers of 8 for evacuation
[2025-04-24T09:32:40.180+0200][gc,phases    ] GC(1)   Pre Evacuate Collection Set: 0.1ms
[2025-04-24T09:32:40.180+0200][gc,phases    ] GC(1)   Evacuate Collection Set: 17.4ms
[2025-04-24T09:32:40.180+0200][gc,phases    ] GC(1)   Post Evacuate Collection Set: 0.6ms
[2025-04-24T09:32:40.180+0200][gc,phases    ] GC(1)   Other: 0.6ms
[2025-04-24T09:32:40.180+0200][gc,heap      ] GC(1) Eden regions: 29->0(49)
[2025-04-24T09:32:40.180+0200][gc,heap      ] GC(1) Survivor regions: 7->2(7)
[2025-04-24T09:32:40.180+0200][gc,heap      ] GC(1) Old regions: 3->9
[2025-04-24T09:32:40.180+0200][gc,heap      ] GC(1) Humongous regions: 0->0
[2025-04-24T09:32:40.180+0200][gc,metaspace ] GC(1) Metaspace: 20515K(21248K)->20515K(21248K) NonClass: 18028K(18432K)->18028K(18432K) Class: 2486K(2816K)->2486K(2816K)
[2025-04-24T09:32:40.180+0200][gc           ] GC(1) Pause Young (Concurrent Start) (Metadata GC Threshold) 36M->8M(1024M) 18.879ms
[2025-04-24T09:32:40.180+0200][gc,cpu       ] GC(1) User=0.04s Sys=0.03s Real=0.02s
[2025-04-24T09:32:40.180+0200][gc           ] GC(2) Concurrent Cycle
[2025-04-24T09:32:40.181+0200][gc,marking   ] GC(2) Concurrent Clear Claimed Marks
[2025-04-24T09:32:40.181+0200][gc,marking   ] GC(2) Concurrent Clear Claimed Marks 0.037ms
[2025-04-24T09:32:40.181+0200][gc,marking   ] GC(2) Concurrent Scan Root Regions
[2025-04-24T09:32:40.182+0200][gc,marking   ] GC(2) Concurrent Scan Root Regions 1.491ms
[2025-04-24T09:32:40.182+0200][gc,marking   ] GC(2) Concurrent Mark (3.785s)
[2025-04-24T09:32:40.182+0200][gc,marking   ] GC(2) Concurrent Mark From Roots
[2025-04-24T09:32:40.182+0200][gc,task      ] GC(2) Using 2 workers of 2 for marking
[2025-04-24T09:32:40.192+0200][gc,marking   ] GC(2) Concurrent Mark From Roots 9.494ms
[2025-04-24T09:32:40.192+0200][gc,marking   ] GC(2) Concurrent Preclean
[2025-04-24T09:32:40.192+0200][gc,marking   ] GC(2) Concurrent Preclean 0.492ms
[2025-04-24T09:32:40.192+0200][gc,marking   ] GC(2) Concurrent Mark (3.785s, 3.796s) 10.091ms
[2025-04-24T09:32:40.199+0200][gc,start     ] GC(2) Pause Remark
[2025-04-24T09:32:40.203+0200][gc,stringtable] GC(2) Cleaned string and symbol table, strings: 5699 processed, 0 removed, symbols: 53401 processed, 44 removed
[2025-04-24T09:32:40.203+0200][gc            ] GC(2) Pause Remark 9M->9M(1024M) 3.840ms
[2025-04-24T09:32:40.203+0200][gc,cpu        ] GC(2) User=0.01s Sys=0.01s Real=0.00s
[2025-04-24T09:32:40.203+0200][gc,marking    ] GC(2) Concurrent Rebuild Remembered Sets
[2025-04-24T09:32:40.207+0200][gc,marking    ] GC(2) Concurrent Rebuild Remembered Sets 3.715ms
[2025-04-24T09:32:40.209+0200][gc,start      ] GC(2) Pause Cleanup
[2025-04-24T09:32:40.210+0200][gc            ] GC(2) Pause Cleanup 9M->9M(1024M) 0.425ms
[2025-04-24T09:32:40.210+0200][gc,cpu        ] GC(2) User=0.00s Sys=0.00s Real=0.00s
[2025-04-24T09:32:40.210+0200][gc,marking    ] GC(2) Concurrent Cleanup for Next Mark
[2025-04-24T09:32:40.222+0200][gc,marking    ] GC(2) Concurrent Cleanup for Next Mark 12.052ms
[2025-04-24T09:32:40.222+0200][gc            ] GC(2) Concurrent Cycle 41.432ms
[2025-04-24T09:32:41.506+0200][gc,start      ] GC(3) Pause Young (Normal) (G1 Evacuation Pause)
[2025-04-24T09:32:41.506+0200][gc,task       ] GC(3) Using 8 workers of 8 for evacuation
[2025-04-24T09:32:41.512+0200][gc,phases     ] GC(3)   Pre Evacuate Collection Set: 0.0ms
[2025-04-24T09:32:41.512+0200][gc,phases     ] GC(3)   Evacuate Collection Set: 4.6ms
[2025-04-24T09:32:41.512+0200][gc,phases     ] GC(3)   Post Evacuate Collection Set: 0.6ms
[2025-04-24T09:32:41.512+0200][gc,phases     ] GC(3)   Other: 0.3ms
[2025-04-24T09:32:41.512+0200][gc,heap       ] GC(3) Eden regions: 49->0(46)
[2025-04-24T09:32:41.512+0200][gc,heap       ] GC(3) Survivor regions: 2->5(7)
[2025-04-24T09:32:41.512+0200][gc,heap       ] GC(3) Old regions: 9->9
[2025-04-24T09:32:41.512+0200][gc,heap       ] GC(3) Humongous regions: 129->129
[2025-04-24T09:32:41.512+0200][gc,metaspace  ] GC(3) Metaspace: 28265K(29440K)->28265K(29440K) NonClass: 24971K(25600K)->24971K(25600K) Class: 3293K(3840K)->3293K(3840K)
[2025-04-24T09:32:41.512+0200][gc            ] GC(3) Pause Young (Normal) (G1 Evacuation Pause) 186M->140M(1024M) 5.815ms
[2025-04-24T09:32:41.512+0200][gc,cpu        ] GC(3) User=0.02s Sys=0.00s Real=0.01s
[2025-04-24T09:32:42.276+0200][gc,start      ] GC(4) Pause Young (Concurrent Start) (Metadata GC Threshold)
[2025-04-24T09:32:42.276+0200][gc,task       ] GC(4) Using 8 workers of 8 for evacuation
[2025-04-24T09:32:42.291+0200][gc,phases     ] GC(4)   Pre Evacuate Collection Set: 0.2ms
[2025-04-24T09:32:42.291+0200][gc,phases     ] GC(4)   Evacuate Collection Set: 12.9ms
[2025-04-24T09:32:42.291+0200][gc,phases     ] GC(4)   Post Evacuate Collection Set: 0.7ms
[2025-04-24T09:32:42.291+0200][gc,phases     ] GC(4)   Other: 0.5ms
[2025-04-24T09:32:42.291+0200][gc,heap       ] GC(4) Eden regions: 33->0(48)
[2025-04-24T09:32:42.291+0200][gc,heap       ] GC(4) Survivor regions: 5->3(7)
[2025-04-24T09:32:42.291+0200][gc,heap       ] GC(4) Old regions: 9->14
[2025-04-24T09:32:42.291+0200][gc,heap       ] GC(4) Humongous regions: 129->129
[2025-04-24T09:32:42.291+0200][gc,metaspace  ] GC(4) Metaspace: 34371K(35840K)->34371K(35840K) NonClass: 30384K(31232K)->30384K(31232K) Class: 3987K(4608K)->3987K(4608K)
[2025-04-24T09:32:42.291+0200][gc            ] GC(4) Pause Young (Concurrent Start) (Metadata GC Threshold) 173M->143M(1024M) 14.557ms
[2025-04-24T09:32:42.291+0200][gc,cpu        ] GC(4) User=0.04s Sys=0.00s Real=0.02s
[2025-04-24T09:32:42.291+0200][gc            ] GC(5) Concurrent Cycle
[2025-04-24T09:32:42.291+0200][gc,marking    ] GC(5) Concurrent Clear Claimed Marks
[2025-04-24T09:32:42.291+0200][gc,marking    ] GC(5) Concurrent Clear Claimed Marks 0.051ms
[2025-04-24T09:32:42.291+0200][gc,marking    ] GC(5) Concurrent Scan Root Regions
[2025-04-24T09:32:42.293+0200][gc,marking    ] GC(5) Concurrent Scan Root Regions 1.710ms
[2025-04-24T09:32:42.293+0200][gc,marking    ] GC(5) Concurrent Mark (5.896s)
[2025-04-24T09:32:42.293+0200][gc,marking    ] GC(5) Concurrent Mark From Roots
[2025-04-24T09:32:42.293+0200][gc,task       ] GC(5) Using 2 workers of 2 for marking
[2025-04-24T09:32:42.311+0200][gc,marking    ] GC(5) Concurrent Mark From Roots 18.360ms
[2025-04-24T09:32:42.311+0200][gc,marking    ] GC(5) Concurrent Preclean
[2025-04-24T09:32:42.313+0200][gc,marking    ] GC(5) Concurrent Preclean 1.189ms
[2025-04-24T09:32:42.313+0200][gc,marking    ] GC(5) Concurrent Mark (5.896s, 5.916s) 19.679ms
[2025-04-24T09:32:42.313+0200][gc,start      ] GC(5) Pause Remark
[2025-04-24T09:32:42.315+0200][gc,stringtable] GC(5) Cleaned string and symbol table, strings: 11531 processed, 13 removed, symbols: 86909 processed, 16 removed
[2025-04-24T09:32:42.316+0200][gc            ] GC(5) Pause Remark 144M->144M(1024M) 2.962ms
[2025-04-24T09:32:42.316+0200][gc,cpu        ] GC(5) User=0.02s Sys=0.00s Real=0.00s
[2025-04-24T09:32:42.316+0200][gc,marking    ] GC(5) Concurrent Rebuild Remembered Sets
[2025-04-24T09:32:42.325+0200][gc,marking    ] GC(5) Concurrent Rebuild Remembered Sets 9.409ms
[2025-04-24T09:32:42.338+0200][gc,start      ] GC(5) Pause Cleanup
[2025-04-24T09:32:42.339+0200][gc            ] GC(5) Pause Cleanup 145M->145M(1024M) 0.419ms
[2025-04-24T09:32:42.339+0200][gc,cpu        ] GC(5) User=0.00s Sys=0.01s Real=0.01s
[2025-04-24T09:32:42.339+0200][gc,marking    ] GC(5) Concurrent Cleanup for Next Mark
[2025-04-24T09:32:42.356+0200][gc,marking    ] GC(5) Concurrent Cleanup for Next Mark 16.858ms
[2025-04-24T09:32:42.356+0200][gc            ] GC(5) Concurrent Cycle 64.957ms
[2025-04-24T10:47:51.204+0200][gc,start      ] GC(6) Pause Young (Normal) (G1 Evacuation Pause)
[2025-04-24T10:47:51.204+0200][gc,task       ] GC(6) Using 8 workers of 8 for evacuation
[2025-04-24T10:47:51.212+0200][gc,phases     ] GC(6)   Pre Evacuate Collection Set: 0.3ms
[2025-04-24T10:47:51.212+0200][gc,phases     ] GC(6)   Evacuate Collection Set: 7.2ms
[2025-04-24T10:47:51.213+0200][gc,phases     ] GC(6)   Post Evacuate Collection Set: 0.8ms
[2025-04-24T10:47:51.213+0200][gc,phases     ] GC(6)   Other: 0.5ms
[2025-04-24T10:47:51.213+0200][gc,heap       ] GC(6) Eden regions: 48->0(47)
[2025-04-24T10:47:51.213+0200][gc,heap       ] GC(6) Survivor regions: 3->4(7)
[2025-04-24T10:47:51.213+0200][gc,heap       ] GC(6) Old regions: 14->14
[2025-04-24T10:47:51.213+0200][gc,heap       ] GC(6) Humongous regions: 129->129
[2025-04-24T10:47:51.213+0200][gc,metaspace  ] GC(6) Metaspace: 38040K(39936K)->38040K(39936K) NonClass: 33365K(34304K)->33365K(34304K) Class: 4674K(5632K)->4674K(5632K)
[2025-04-24T10:47:51.213+0200][gc            ] GC(6) Pause Young (Normal) (G1 Evacuation Pause) 191M->144M(1024M) 8.970ms
[2025-04-24T10:47:51.213+0200][gc,cpu        ] GC(6) User=0.06s Sys=0.00s Real=0.01s
[2025-04-24T10:51:56.418+0200][gc,start      ] GC(7) Pause Young (Normal) (G1 Evacuation Pause)
[2025-04-24T10:51:56.418+0200][gc,task       ] GC(7) Using 8 workers of 8 for evacuation
[2025-04-24T10:51:56.430+0200][gc,phases     ] GC(7)   Pre Evacuate Collection Set: 0.2ms
[2025-04-24T10:51:56.430+0200][gc,phases     ] GC(7)   Evacuate Collection Set: 9.8ms
[2025-04-24T10:51:56.430+0200][gc,phases     ] GC(7)   Post Evacuate Collection Set: 1.3ms
[2025-04-24T10:51:56.430+0200][gc,phases     ] GC(7)   Other: 0.4ms
[2025-04-24T10:51:56.430+0200][gc,heap       ] GC(7) Eden regions: 47->0(44)
[2025-04-24T10:51:56.430+0200][gc,heap       ] GC(7) Survivor regions: 4->7(7)
[2025-04-24T10:51:56.430+0200][gc,heap       ] GC(7) Old regions: 14->14
[2025-04-24T10:51:56.430+0200][gc,heap       ] GC(7) Humongous regions: 129->129
[2025-04-24T10:51:56.430+0200][gc,metaspace  ] GC(7) Metaspace: 43091K(45824K)->43091K(45824K) NonClass: 37562K(38912K)->37562K(38912K) Class: 5528K(6912K)->5528K(6912K)
[2025-04-24T10:51:56.430+0200][gc            ] GC(7) Pause Young (Normal) (G1 Evacuation Pause) 191M->147M(1024M) 12.003ms
[2025-04-24T10:51:56.430+0200][gc,cpu        ] GC(7) User=0.06s Sys=0.01s Real=0.01s
[2025-04-24T11:04:16.418+0200][gc,start      ] GC(8) Pause Young (Normal) (G1 Evacuation Pause)
[2025-04-24T11:04:16.418+0200][gc,task       ] GC(8) Using 8 workers of 8 for evacuation
[2025-04-24T11:04:16.444+0200][gc,mmu        ] GC(8) MMU target violated: 21.0ms (20.0ms/21.0ms)
[2025-04-24T11:04:16.445+0200][gc,phases     ] GC(8)   Pre Evacuate Collection Set: 2.0ms
[2025-04-24T11:04:16.445+0200][gc,phases     ] GC(8)   Evacuate Collection Set: 23.3ms
[2025-04-24T11:04:16.445+0200][gc,phases     ] GC(8)   Post Evacuate Collection Set: 1.0ms
[2025-04-24T11:04:16.445+0200][gc,phases     ] GC(8)   Other: 0.6ms
[2025-04-24T11:04:16.445+0200][gc,heap       ] GC(8) Eden regions: 44->0(45)
[2025-04-24T11:04:16.445+0200][gc,heap       ] GC(8) Survivor regions: 7->6(7)
[2025-04-24T11:04:16.445+0200][gc,heap       ] GC(8) Old regions: 14->16
[2025-04-24T11:04:16.445+0200][gc,heap       ] GC(8) Humongous regions: 129->129
[2025-04-24T11:04:16.445+0200][gc,metaspace  ] GC(8) Metaspace: 44011K(46848K)->44011K(46848K) NonClass: 38409K(39936K)->38409K(39936K) Class: 5602K(6912K)->5602K(6912K)
[2025-04-24T11:04:16.445+0200][gc            ] GC(8) Pause Young (Normal) (G1 Evacuation Pause) 191M->148M(1024M) 27.194ms
[2025-04-24T11:04:16.445+0200][gc,cpu        ] GC(8) User=0.14s Sys=0.01s Real=0.03s
[2025-04-24T11:17:26.454+0200][gc,start      ] GC(9) Pause Young (Normal) (G1 Evacuation Pause)
[2025-04-24T11:17:26.454+0200][gc,task       ] GC(9) Using 8 workers of 8 for evacuation
[2025-04-24T11:17:26.474+0200][gc,phases     ] GC(9)   Pre Evacuate Collection Set: 0.4ms
[2025-04-24T11:17:26.474+0200][gc,phases     ] GC(9)   Evacuate Collection Set: 18.4ms
[2025-04-24T11:17:26.474+0200][gc,phases     ] GC(9)   Post Evacuate Collection Set: 0.9ms
[2025-04-24T11:17:26.474+0200][gc,phases     ] GC(9)   Other: 0.5ms
[2025-04-24T11:17:26.474+0200][gc,heap       ] GC(9) Eden regions: 45->0(48)
[2025-04-24T11:17:26.474+0200][gc,heap       ] GC(9) Survivor regions: 6->3(7)
[2025-04-24T11:17:26.474+0200][gc,heap       ] GC(9) Old regions: 16->19
[2025-04-24T11:17:26.474+0200][gc,heap       ] GC(9) Humongous regions: 129->129
[2025-04-24T11:17:26.474+0200][gc,metaspace  ] GC(9) Metaspace: 44117K(46848K)->44117K(46848K) NonClass: 38514K(39936K)->38514K(39936K) Class: 5603K(6912K)->5603K(6912K)
[2025-04-24T11:17:26.474+0200][gc            ] GC(9) Pause Young (Normal) (G1 Evacuation Pause) 193M->148M(1024M) 20.395ms
[2025-04-24T11:17:26.474+0200][gc,cpu        ] GC(9) User=0.15s Sys=0.00s Real=0.02s
[2025-04-24T11:32:26.418+0200][gc,start      ] GC(10) Pause Young (Normal) (G1 Evacuation Pause)
[2025-04-24T11:32:26.419+0200][gc,task       ] GC(10) Using 8 workers of 8 for evacuation
[2025-04-24T11:32:26.442+0200][gc,mmu        ] GC(10) MMU target violated: 21.0ms (20.0ms/21.0ms)
[2025-04-24T11:32:26.442+0200][gc,phases     ] GC(10)   Pre Evacuate Collection Set: 0.5ms
[2025-04-24T11:32:26.442+0200][gc,phases     ] GC(10)   Evacuate Collection Set: 19.7ms
[2025-04-24T11:32:26.442+0200][gc,phases     ] GC(10)   Post Evacuate Collection Set: 0.9ms
[2025-04-24T11:32:26.442+0200][gc,phases     ] GC(10)   Other: 3.4ms
[2025-04-24T11:32:26.442+0200][gc,heap       ] GC(10) Eden regions: 48->0(48)
[2025-04-24T11:32:26.442+0200][gc,heap       ] GC(10) Survivor regions: 3->3(7)
[2025-04-24T11:32:26.442+0200][gc,heap       ] GC(10) Old regions: 19->19
[2025-04-24T11:32:26.442+0200][gc,heap       ] GC(10) Humongous regions: 129->129
[2025-04-24T11:32:26.442+0200][gc,metaspace  ] GC(10) Metaspace: 44232K(47104K)->44232K(47104K) NonClass: 38628K(40192K)->38628K(40192K) Class: 5603K(6912K)->5603K(6912K)
[2025-04-24T11:32:26.442+0200][gc            ] GC(10) Pause Young (Normal) (G1 Evacuation Pause) 196M->148M(1024M) 24.625ms
[2025-04-24T11:32:26.442+0200][gc,cpu        ] GC(10) User=0.14s Sys=0.00s Real=0.03s
[2025-04-24T11:47:59.243+0200][gc,start      ] GC(11) Pause Young (Normal) (G1 Evacuation Pause)
[2025-04-24T11:47:59.243+0200][gc,task       ] GC(11) Using 8 workers of 8 for evacuation
[2025-04-24T11:47:59.261+0200][gc,phases     ] GC(11)   Pre Evacuate Collection Set: 1.3ms
[2025-04-24T11:47:59.262+0200][gc,phases     ] GC(11)   Evacuate Collection Set: 14.5ms
[2025-04-24T11:47:59.262+0200][gc,phases     ] GC(11)   Post Evacuate Collection Set: 2.5ms
[2025-04-24T11:47:59.262+0200][gc,phases     ] GC(11)   Other: 0.6ms
[2025-04-24T11:47:59.262+0200][gc,heap       ] GC(11) Eden regions: 48->0(47)
[2025-04-24T11:47:59.262+0200][gc,heap       ] GC(11) Survivor regions: 3->4(7)
[2025-04-24T11:47:59.262+0200][gc,heap       ] GC(11) Old regions: 19->19
[2025-04-24T11:47:59.262+0200][gc,heap       ] GC(11) Humongous regions: 129->129
[2025-04-24T11:47:59.262+0200][gc,metaspace  ] GC(11) Metaspace: 44347K(47104K)->44347K(47104K) NonClass: 38743K(40192K)->38743K(40192K) Class: 5603K(6912K)->5603K(6912K)
[2025-04-24T11:47:59.262+0200][gc            ] GC(11) Pause Young (Normal) (G1 Evacuation Pause) 196M->149M(1024M) 19.088ms
[2025-04-24T11:47:59.262+0200][gc,cpu        ] GC(11) User=0.13s Sys=0.00s Real=0.02s
[2025-04-24T12:02:16.623+0200][gc,start      ] GC(12) Pause Young (Normal) (G1 Evacuation Pause)
[2025-04-24T12:02:16.623+0200][gc,task       ] GC(12) Using 8 workers of 8 for evacuation
[2025-04-24T12:02:16.640+0200][gc,phases     ] GC(12)   Pre Evacuate Collection Set: 0.8ms
[2025-04-24T12:02:16.640+0200][gc,phases     ] GC(12)   Evacuate Collection Set: 14.6ms
[2025-04-24T12:02:16.640+0200][gc,phases     ] GC(12)   Post Evacuate Collection Set: 0.7ms
[2025-04-24T12:02:16.640+0200][gc,phases     ] GC(12)   Other: 0.5ms
[2025-04-24T12:02:16.640+0200][gc,heap       ] GC(12) Eden regions: 47->0(46)
[2025-04-24T12:02:16.640+0200][gc,heap       ] GC(12) Survivor regions: 4->5(7)
[2025-04-24T12:02:16.640+0200][gc,heap       ] GC(12) Old regions: 19->19
[2025-04-24T12:02:16.640+0200][gc,heap       ] GC(12) Humongous regions: 129->129
[2025-04-24T12:02:16.640+0200][gc,metaspace  ] GC(12) Metaspace: 44511K(47360K)->44511K(47360K) NonClass: 38908K(40448K)->38908K(40448K) Class: 5603K(6912K)->5603K(6912K)
[2025-04-24T12:02:16.640+0200][gc            ] GC(12) Pause Young (Normal) (G1 Evacuation Pause) 196M->150M(1024M) 16.716ms
[2025-04-24T12:02:16.640+0200][gc,cpu        ] GC(12) User=0.10s Sys=0.00s Real=0.02s
[2025-04-24T12:17:25.928+0200][gc,start      ] GC(13) Pause Young (Normal) (G1 Evacuation Pause)
[2025-04-24T12:17:25.928+0200][gc,task       ] GC(13) Using 8 workers of 8 for evacuation
[2025-04-24T12:17:25.947+0200][gc,phases     ] GC(13)   Pre Evacuate Collection Set: 0.4ms
[2025-04-24T12:17:25.947+0200][gc,phases     ] GC(13)   Evacuate Collection Set: 17.6ms
[2025-04-24T12:17:25.947+0200][gc,phases     ] GC(13)   Post Evacuate Collection Set: 0.7ms
[2025-04-24T12:17:25.947+0200][gc,phases     ] GC(13)   Other: 0.7ms
[2025-04-24T12:17:25.947+0200][gc,heap       ] GC(13) Eden regions: 46->0(51)
[2025-04-24T12:17:25.947+0200][gc,heap       ] GC(13) Survivor regions: 5->4(7)
[2025-04-24T12:17:25.947+0200][gc,heap       ] GC(13) Old regions: 19->20
[2025-04-24T12:17:25.947+0200][gc,heap       ] GC(13) Humongous regions: 129->129
[2025-04-24T12:17:25.947+0200][gc,metaspace  ] GC(13) Metaspace: 44519K(47360K)->44519K(47360K) NonClass: 38916K(40448K)->38916K(40448K) Class: 5603K(6912K)->5603K(6912K)
[2025-04-24T12:17:25.947+0200][gc            ] GC(13) Pause Young (Normal) (G1 Evacuation Pause) 196M->150M(1024M) 19.683ms
[2025-04-24T12:17:25.947+0200][gc,cpu        ] GC(13) User=0.13s Sys=0.00s Real=0.02s
[2025-04-24T12:34:11.525+0200][gc,start      ] GC(14) Pause Young (Normal) (G1 Evacuation Pause)
[2025-04-24T12:34:11.554+0200][gc,task       ] GC(14) Using 8 workers of 8 for evacuation
[2025-04-24T12:34:11.725+0200][gc,mmu        ] GC(14) MMU target violated: 21.0ms (20.0ms/21.0ms)
[2025-04-24T12:34:11.725+0200][gc,phases     ] GC(14)   Pre Evacuate Collection Set: 0.5ms
[2025-04-24T12:34:11.725+0200][gc,phases     ] GC(14)   Evacuate Collection Set: 169.9ms
[2025-04-24T12:34:11.725+0200][gc,phases     ] GC(14)   Post Evacuate Collection Set: 0.7ms
[2025-04-24T12:34:11.725+0200][gc,phases     ] GC(14)   Other: 70.7ms
[2025-04-24T12:34:11.725+0200][gc,heap       ] GC(14) Eden regions: 51->0(72)
[2025-04-24T12:34:11.725+0200][gc,heap       ] GC(14) Survivor regions: 4->4(7)
[2025-04-24T12:34:11.725+0200][gc,heap       ] GC(14) Old regions: 20->20
[2025-04-24T12:34:11.725+0200][gc,heap       ] GC(14) Humongous regions: 129->129
[2025-04-24T12:34:11.725+0200][gc,metaspace  ] GC(14) Metaspace: 44530K(47360K)->44530K(47360K) NonClass: 38927K(40448K)->38927K(40448K) Class: 5603K(6912K)->5603K(6912K)
[2025-04-24T12:34:11.725+0200][gc            ] GC(14) Pause Young (Normal) (G1 Evacuation Pause) 201M->150M(1024M) 242.013ms
[2025-04-24T12:34:11.726+0200][gc,cpu        ] GC(14) User=0.32s Sys=0.00s Real=0.24s
[2025-04-24T12:56:52.544+0200][gc,start      ] GC(15) Pause Young (Normal) (G1 Evacuation Pause)
[2025-04-24T12:56:52.544+0200][gc,task       ] GC(15) Using 8 workers of 8 for evacuation
[2025-04-24T12:56:52.551+0200][gc,phases     ] GC(15)   Pre Evacuate Collection Set: 0.5ms
[2025-04-24T12:56:52.551+0200][gc,phases     ] GC(15)   Evacuate Collection Set: 5.6ms
[2025-04-24T12:56:52.551+0200][gc,phases     ] GC(15)   Post Evacuate Collection Set: 0.7ms
[2025-04-24T12:56:52.551+0200][gc,phases     ] GC(15)   Other: 0.5ms
[2025-04-24T12:56:52.551+0200][gc,heap       ] GC(15) Eden regions: 72->0(81)
[2025-04-24T12:56:52.551+0200][gc,heap       ] GC(15) Survivor regions: 4->4(10)
[2025-04-24T12:56:52.551+0200][gc,heap       ] GC(15) Old regions: 20->20
[2025-04-24T12:56:52.551+0200][gc,heap       ] GC(15) Humongous regions: 129->129
[2025-04-24T12:56:52.551+0200][gc,metaspace  ] GC(15) Metaspace: 44539K(47360K)->44539K(47360K) NonClass: 38936K(40448K)->38936K(40448K) Class: 5603K(6912K)->5603K(6912K)
[2025-04-24T12:56:52.551+0200][gc            ] GC(15) Pause Young (Normal) (G1 Evacuation Pause) 222M->150M(1024M) 7.557ms
[2025-04-24T12:56:52.552+0200][gc,cpu        ] GC(15) User=0.04s Sys=0.00s Real=0.01s
[2025-04-24T13:23:44.074+0200][gc,start      ] GC(16) Pause Young (Normal) (G1 Evacuation Pause)
[2025-04-24T13:23:44.074+0200][gc,task       ] GC(16) Using 8 workers of 8 for evacuation
[2025-04-24T13:23:44.091+0200][gc,phases     ] GC(16)   Pre Evacuate Collection Set: 0.2ms
[2025-04-24T13:23:44.091+0200][gc,phases     ] GC(16)   Evacuate Collection Set: 14.9ms
[2025-04-24T13:23:44.091+0200][gc,phases     ] GC(16)   Post Evacuate Collection Set: 0.8ms
[2025-04-24T13:23:44.091+0200][gc,phases     ] GC(16)   Other: 1.1ms
[2025-04-24T13:23:44.091+0200][gc,heap       ] GC(16) Eden regions: 81->0(610)
[2025-04-24T13:23:44.091+0200][gc,heap       ] GC(16) Survivor regions: 4->4(11)
[2025-04-24T13:23:44.091+0200][gc,heap       ] GC(16) Old regions: 20->20
[2025-04-24T13:23:44.091+0200][gc,heap       ] GC(16) Humongous regions: 129->129
[2025-04-24T13:23:44.091+0200][gc,metaspace  ] GC(16) Metaspace: 44564K(47360K)->44564K(47360K) NonClass: 38961K(40448K)->38961K(40448K) Class: 5603K(6912K)->5603K(6912K)
[2025-04-24T13:23:44.091+0200][gc            ] GC(16) Pause Young (Normal) (G1 Evacuation Pause) 231M->150M(1024M) 17.236ms
[2025-04-24T13:23:44.091+0200][gc,cpu        ] GC(16) User=0.10s Sys=0.00s Real=0.02s
[2025-04-24T17:05:26.934+0200][gc,start      ] GC(17) Pause Young (Normal) (G1 Evacuation Pause)
[2025-04-24T17:05:26.934+0200][gc,task       ] GC(17) Using 8 workers of 8 for evacuation
[2025-04-24T17:05:26.959+0200][gc,mmu        ] GC(17) MMU target violated: 21.0ms (20.0ms/21.0ms)
[2025-04-24T17:05:26.959+0200][gc,phases     ] GC(17)   Pre Evacuate Collection Set: 3.5ms
[2025-04-24T17:05:26.959+0200][gc,phases     ] GC(17)   Evacuate Collection Set: 19.2ms
[2025-04-24T17:05:26.959+0200][gc,phases     ] GC(17)   Post Evacuate Collection Set: 1.4ms
[2025-04-24T17:05:26.960+0200][gc,phases     ] GC(17)   Other: 0.8ms
[2025-04-24T17:05:26.960+0200][gc,heap       ] GC(17) Eden regions: 610->0(522)
[2025-04-24T17:05:26.960+0200][gc,heap       ] GC(17) Survivor regions: 4->5(77)
[2025-04-24T17:05:26.960+0200][gc,heap       ] GC(17) Old regions: 20->20
[2025-04-24T17:05:26.960+0200][gc,heap       ] GC(17) Humongous regions: 129->129
[2025-04-24T17:05:26.960+0200][gc,metaspace  ] GC(17) Metaspace: 45525K(48640K)->45525K(48640K) NonClass: 39842K(41472K)->39842K(41472K) Class: 5683K(7168K)->5683K(7168K)
[2025-04-24T17:05:26.960+0200][gc            ] GC(17) Pause Young (Normal) (G1 Evacuation Pause) 760M->151M(1024M) 25.302ms
[2025-04-24T17:05:26.960+0200][gc,cpu        ] GC(17) User=0.13s Sys=0.00s Real=0.03s
[2025-04-24T18:54:48.792+0200][gc,start      ] GC(18) Pause Young (Normal) (G1 Evacuation Pause)
[2025-04-24T18:54:48.793+0200][gc,task       ] GC(18) Using 8 workers of 8 for evacuation
[2025-04-24T18:54:48.833+0200][gc,mmu        ] GC(18) MMU target violated: 21.0ms (20.0ms/21.0ms)
[2025-04-24T18:54:48.833+0200][gc,phases     ] GC(18)   Pre Evacuate Collection Set: 0.3ms
[2025-04-24T18:54:48.833+0200][gc,phases     ] GC(18)   Evacuate Collection Set: 37.3ms
[2025-04-24T18:54:48.833+0200][gc,phases     ] GC(18)   Post Evacuate Collection Set: 1.3ms
[2025-04-24T18:54:48.833+0200][gc,phases     ] GC(18)   Other: 1.8ms
[2025-04-24T18:54:48.833+0200][gc,heap       ] GC(18) Eden regions: 351->0(45)
[2025-04-24T18:54:48.833+0200][gc,heap       ] GC(18) Survivor regions: 5->6(45)
[2025-04-24T18:54:48.833+0200][gc,heap       ] GC(18) Old regions: 20->20
[2025-04-24T18:54:48.833+0200][gc,heap       ] GC(18) Humongous regions: 129->129
[2025-04-24T18:54:48.833+0200][gc,metaspace  ] GC(18) Metaspace: 45697K(48896K)->45697K(48896K) NonClass: 40014K(41728K)->40014K(41728K) Class: 5683K(7168K)->5683K(7168K)
[2025-04-24T18:54:48.833+0200][gc            ] GC(18) Pause Young (Normal) (G1 Evacuation Pause) 502M->152M(1024M) 40.768ms
[2025-04-24T18:54:48.833+0200][gc,cpu        ] GC(18) User=0.30s Sys=0.00s Real=0.04s
[2025-04-24T19:07:46.418+0200][gc,start      ] GC(19) Pause Young (Normal) (G1 Evacuation Pause)
[2025-04-24T19:07:46.418+0200][gc,task       ] GC(19) Using 8 workers of 8 for evacuation
[2025-04-24T19:07:46.446+0200][gc,mmu        ] GC(19) MMU target violated: 21.0ms (20.0ms/21.0ms)
[2025-04-24T19:07:46.446+0200][gc,phases     ] GC(19)   Pre Evacuate Collection Set: 2.3ms
[2025-04-24T19:07:46.446+0200][gc,phases     ] GC(19)   Evacuate Collection Set: 24.6ms
[2025-04-24T19:07:46.446+0200][gc,phases     ] GC(19)   Post Evacuate Collection Set: 0.7ms
[2025-04-24T19:07:46.446+0200][gc,phases     ] GC(19)   Other: 0.6ms
[2025-04-24T19:07:46.446+0200][gc,heap       ] GC(19) Eden regions: 45->0(47)
[2025-04-24T19:07:46.446+0200][gc,heap       ] GC(19) Survivor regions: 6->4(7)
[2025-04-24T19:07:46.446+0200][gc,heap       ] GC(19) Old regions: 20->22
[2025-04-24T19:07:46.446+0200][gc,heap       ] GC(19) Humongous regions: 129->129
[2025-04-24T19:07:46.446+0200][gc,metaspace  ] GC(19) Metaspace: 45697K(48896K)->45697K(48896K) NonClass: 40014K(41728K)->40014K(41728K) Class: 5683K(7168K)->5683K(7168K)
[2025-04-24T19:07:46.446+0200][gc            ] GC(19) Pause Young (Normal) (G1 Evacuation Pause) 197M->152M(1024M) 28.526ms
[2025-04-24T19:07:46.446+0200][gc,cpu        ] GC(19) User=0.15s Sys=0.03s Real=0.03s
[2025-04-24T19:22:22.827+0200][gc,start      ] GC(20) Pause Young (Normal) (G1 Evacuation Pause)
[2025-04-24T19:22:22.827+0200][gc,task       ] GC(20) Using 8 workers of 8 for evacuation
[2025-04-24T19:22:22.854+0200][gc,mmu        ] GC(20) MMU target violated: 21.0ms (20.0ms/21.0ms)
[2025-04-24T19:22:22.854+0200][gc,phases     ] GC(20)   Pre Evacuate Collection Set: 1.0ms
[2025-04-24T19:22:22.854+0200][gc,phases     ] GC(20)   Evacuate Collection Set: 24.5ms
[2025-04-24T19:22:22.854+0200][gc,phases     ] GC(20)   Post Evacuate Collection Set: 0.6ms
[2025-04-24T19:22:22.854+0200][gc,phases     ] GC(20)   Other: 0.8ms
[2025-04-24T19:22:22.854+0200][gc,heap       ] GC(20) Eden regions: 47->0(47)
[2025-04-24T19:22:22.854+0200][gc,heap       ] GC(20) Survivor regions: 4->4(7)
[2025-04-24T19:22:22.854+0200][gc,heap       ] GC(20) Old regions: 22->22
[2025-04-24T19:22:22.854+0200][gc,heap       ] GC(20) Humongous regions: 129->129
[2025-04-24T19:22:22.854+0200][gc,metaspace  ] GC(20) Metaspace: 45711K(48896K)->45711K(48896K) NonClass: 40028K(41728K)->40028K(41728K) Class: 5683K(7168K)->5683K(7168K)
[2025-04-24T19:22:22.854+0200][gc            ] GC(20) Pause Young (Normal) (G1 Evacuation Pause) 199M->152M(1024M) 27.140ms
[2025-04-24T19:22:22.854+0200][gc,cpu        ] GC(20) User=0.17s Sys=0.00s Real=0.03s
[2025-04-24T19:36:33.827+0200][gc,start      ] GC(21) Pause Young (Normal) (G1 Evacuation Pause)
[2025-04-24T19:36:33.828+0200][gc,task       ] GC(21) Using 8 workers of 8 for evacuation
[2025-04-24T19:36:33.850+0200][gc,mmu        ] GC(21) MMU target violated: 21.0ms (20.0ms/21.0ms)
[2025-04-24T19:36:33.850+0200][gc,phases     ] GC(21)   Pre Evacuate Collection Set: 0.2ms
[2025-04-24T19:36:33.850+0200][gc,phases     ] GC(21)   Evacuate Collection Set: 19.5ms
[2025-04-24T19:36:33.850+0200][gc,phases     ] GC(21)   Post Evacuate Collection Set: 1.0ms
[2025-04-24T19:36:33.850+0200][gc,phases     ] GC(21)   Other: 2.2ms
[2025-04-24T19:36:33.850+0200][gc,heap       ] GC(21) Eden regions: 47->0(143)
[2025-04-24T19:36:33.850+0200][gc,heap       ] GC(21) Survivor regions: 4->4(7)
[2025-04-24T19:36:33.850+0200][gc,heap       ] GC(21) Old regions: 22->22
[2025-04-24T19:36:33.850+0200][gc,heap       ] GC(21) Humongous regions: 129->129
[2025-04-24T19:36:33.850+0200][gc,metaspace  ] GC(21) Metaspace: 45718K(48896K)->45718K(48896K) NonClass: 40035K(41728K)->40035K(41728K) Class: 5683K(7168K)->5683K(7168K)
[2025-04-24T19:36:33.850+0200][gc            ] GC(21) Pause Young (Normal) (G1 Evacuation Pause) 199M->152M(1024M) 23.155ms
[2025-04-24T19:36:33.850+0200][gc,cpu        ] GC(21) User=0.11s Sys=0.00s Real=0.02s
[2025-04-24T20:06:44.241+0200][gc,start      ] GC(22) Pause Young (Normal) (G1 Evacuation Pause)
[2025-04-24T20:06:44.242+0200][gc,task       ] GC(22) Using 8 workers of 8 for evacuation
[2025-04-24T20:06:44.272+0200][gc,mmu        ] GC(22) MMU target violated: 21.0ms (20.0ms/21.0ms)
[2025-04-24T20:06:44.272+0200][gc,phases     ] GC(22)   Pre Evacuate Collection Set: 0.4ms
[2025-04-24T20:06:44.272+0200][gc,phases     ] GC(22)   Evacuate Collection Set: 28.8ms
[2025-04-24T20:06:44.272+0200][gc,phases     ] GC(22)   Post Evacuate Collection Set: 0.7ms
[2025-04-24T20:06:44.272+0200][gc,phases     ] GC(22)   Other: 1.1ms
[2025-04-24T20:06:44.272+0200][gc,heap       ] GC(22) Eden regions: 102->0(46)
[2025-04-24T20:06:44.272+0200][gc,heap       ] GC(22) Survivor regions: 4->5(14)
[2025-04-24T20:06:44.272+0200][gc,heap       ] GC(22) Old regions: 22->22
[2025-04-24T20:06:44.272+0200][gc,heap       ] GC(22) Humongous regions: 129->129
[2025-04-24T20:06:44.272+0200][gc,metaspace  ] GC(22) Metaspace: 45880K(48896K)->45880K(48896K) NonClass: 40157K(41728K)->40157K(41728K) Class: 5722K(7168K)->5722K(7168K)
[2025-04-24T20:06:44.272+0200][gc            ] GC(22) Pause Young (Normal) (G1 Evacuation Pause) 254M->153M(1024M) 31.257ms
[2025-04-24T20:06:44.272+0200][gc,cpu        ] GC(22) User=0.22s Sys=0.00s Real=0.03s
[2025-04-24T20:19:06.418+0200][gc,start      ] GC(23) Pause Young (Normal) (G1 Evacuation Pause)
[2025-04-24T20:19:06.418+0200][gc,task       ] GC(23) Using 8 workers of 8 for evacuation
[2025-04-24T20:19:06.429+0200][gc,phases     ] GC(23)   Pre Evacuate Collection Set: 0.3ms
[2025-04-24T20:19:06.429+0200][gc,phases     ] GC(23)   Evacuate Collection Set: 10.1ms
[2025-04-24T20:19:06.429+0200][gc,phases     ] GC(23)   Post Evacuate Collection Set: 0.7ms
[2025-04-24T20:19:06.430+0200][gc,phases     ] GC(23)   Other: 0.5ms
[2025-04-24T20:19:06.430+0200][gc,heap       ] GC(23) Eden regions: 46->0(64)
[2025-04-24T20:19:06.430+0200][gc,heap       ] GC(23) Survivor regions: 5->2(7)
[2025-04-24T20:19:06.430+0200][gc,heap       ] GC(23) Old regions: 22->25
[2025-04-24T20:19:06.430+0200][gc,heap       ] GC(23) Humongous regions: 129->129
[2025-04-24T20:19:06.430+0200][gc,metaspace  ] GC(23) Metaspace: 45881K(48896K)->45881K(48896K) NonClass: 40158K(41728K)->40158K(41728K) Class: 5722K(7168K)->5722K(7168K)
[2025-04-24T20:19:06.430+0200][gc            ] GC(23) Pause Young (Normal) (G1 Evacuation Pause) 199M->153M(1024M) 11.814ms
[2025-04-24T20:19:06.430+0200][gc,cpu        ] GC(23) User=0.07s Sys=0.00s Real=0.01s
[2025-04-24T20:36:34.888+0200][gc,start      ] GC(24) Pause Young (Normal) (G1 Evacuation Pause)
[2025-04-24T20:36:34.888+0200][gc,task       ] GC(24) Using 8 workers of 8 for evacuation
[2025-04-24T20:36:34.910+0200][gc,mmu        ] GC(24) MMU target violated: 21.0ms (20.0ms/21.0ms)
[2025-04-24T20:36:34.910+0200][gc,phases     ] GC(24)   Pre Evacuate Collection Set: 0.3ms
[2025-04-24T20:36:34.910+0200][gc,phases     ] GC(24)   Evacuate Collection Set: 20.3ms
[2025-04-24T20:36:34.910+0200][gc,phases     ] GC(24)   Post Evacuate Collection Set: 0.7ms
[2025-04-24T20:36:34.910+0200][gc,phases     ] GC(24)   Other: 0.6ms
[2025-04-24T20:36:34.910+0200][gc,heap       ] GC(24) Eden regions: 64->0(54)
[2025-04-24T20:36:34.910+0200][gc,heap       ] GC(24) Survivor regions: 2->6(9)
[2025-04-24T20:36:34.910+0200][gc,heap       ] GC(24) Old regions: 25->25
[2025-04-24T20:36:34.910+0200][gc,heap       ] GC(24) Humongous regions: 129->129
[2025-04-24T20:36:34.910+0200][gc,metaspace  ] GC(24) Metaspace: 45891K(48896K)->45891K(48896K) NonClass: 40168K(41728K)->40168K(41728K) Class: 5722K(7168K)->5722K(7168K)
[2025-04-24T20:36:34.910+0200][gc            ] GC(24) Pause Young (Normal) (G1 Evacuation Pause) 217M->157M(1024M) 22.130ms
[2025-04-24T20:36:34.910+0200][gc,cpu        ] GC(24) User=0.16s Sys=0.00s Real=0.02s
[2025-04-24T20:49:34.700+0200][gc,start      ] GC(25) Pause Young (Normal) (G1 Evacuation Pause)
[2025-04-24T20:49:34.700+0200][gc,task       ] GC(25) Using 8 workers of 8 for evacuation
[2025-04-24T20:49:34.731+0200][gc,mmu        ] GC(25) MMU target violated: 21.0ms (20.0ms/21.0ms)
[2025-04-24T20:49:34.732+0200][gc,phases     ] GC(25)   Pre Evacuate Collection Set: 1.9ms
[2025-04-24T20:49:34.732+0200][gc,phases     ] GC(25)   Evacuate Collection Set: 28.5ms
[2025-04-24T20:49:34.732+0200][gc,phases     ] GC(25)   Post Evacuate Collection Set: 0.8ms
[2025-04-24T20:49:34.732+0200][gc,phases     ] GC(25)   Other: 0.6ms
[2025-04-24T20:49:34.732+0200][gc,heap       ] GC(25) Eden regions: 48->0(46)
[2025-04-24T20:49:34.732+0200][gc,heap       ] GC(25) Survivor regions: 6->5(7)
[2025-04-24T20:49:34.732+0200][gc,heap       ] GC(25) Old regions: 25->29
[2025-04-24T20:49:34.732+0200][gc,heap       ] GC(25) Humongous regions: 129->129
[2025-04-24T20:49:34.732+0200][gc,metaspace  ] GC(25) Metaspace: 45893K(48896K)->45893K(48896K) NonClass: 40171K(41728K)->40171K(41728K) Class: 5722K(7168K)->5722K(7168K)
[2025-04-24T20:49:34.732+0200][gc            ] GC(25) Pause Young (Normal) (G1 Evacuation Pause) 205M->160M(1024M) 31.988ms
[2025-04-24T20:49:34.732+0200][gc,cpu        ] GC(25) User=0.22s Sys=0.00s Real=0.03s
[2025-04-24T21:01:46.418+0200][gc,start      ] GC(26) Pause Young (Normal) (G1 Evacuation Pause)
[2025-04-24T21:01:46.418+0200][gc,task       ] GC(26) Using 8 workers of 8 for evacuation
[2025-04-24T21:01:46.439+0200][gc,mmu        ] GC(26) MMU target violated: 21.0ms (20.0ms/21.0ms)
[2025-04-24T21:01:46.439+0200][gc,phases     ] GC(26)   Pre Evacuate Collection Set: 2.6ms
[2025-04-24T21:01:46.439+0200][gc,phases     ] GC(26)   Evacuate Collection Set: 17.6ms
[2025-04-24T21:01:46.439+0200][gc,phases     ] GC(26)   Post Evacuate Collection Set: 0.8ms
[2025-04-24T21:01:46.439+0200][gc,phases     ] GC(26)   Other: 0.6ms
[2025-04-24T21:01:46.439+0200][gc,heap       ] GC(26) Eden regions: 46->0(46)
[2025-04-24T21:01:46.439+0200][gc,heap       ] GC(26) Survivor regions: 5->5(7)
[2025-04-24T21:01:46.439+0200][gc,heap       ] GC(26) Old regions: 29->33
[2025-04-24T21:01:46.439+0200][gc,heap       ] GC(26) Humongous regions: 129->129
[2025-04-24T21:01:46.440+0200][gc,metaspace  ] GC(26) Metaspace: 45898K(48896K)->45898K(48896K) NonClass: 40176K(41728K)->40176K(41728K) Class: 5722K(7168K)->5722K(7168K)
[2025-04-24T21:01:46.440+0200][gc            ] GC(26) Pause Young (Normal) (G1 Evacuation Pause) 206M->164M(1024M) 21.845ms
[2025-04-24T21:01:46.440+0200][gc,cpu        ] GC(26) User=0.13s Sys=0.00s Real=0.03s
[2025-04-24T21:14:21.885+0200][gc,start      ] GC(27) Pause Young (Normal) (G1 Evacuation Pause)
[2025-04-24T21:14:21.885+0200][gc,task       ] GC(27) Using 8 workers of 8 for evacuation
[2025-04-24T21:14:21.899+0200][gc,phases     ] GC(27)   Pre Evacuate Collection Set: 0.3ms
[2025-04-24T21:14:21.899+0200][gc,phases     ] GC(27)   Evacuate Collection Set: 12.6ms
[2025-04-24T21:14:21.899+0200][gc,phases     ] GC(27)   Post Evacuate Collection Set: 0.7ms
[2025-04-24T21:14:21.899+0200][gc,phases     ] GC(27)   Other: 0.5ms
[2025-04-24T21:14:21.899+0200][gc,heap       ] GC(27) Eden regions: 46->0(53)
[2025-04-24T21:14:21.899+0200][gc,heap       ] GC(27) Survivor regions: 5->3(7)
[2025-04-24T21:14:21.899+0200][gc,heap       ] GC(27) Old regions: 33->36
[2025-04-24T21:14:21.899+0200][gc,heap       ] GC(27) Humongous regions: 129->129
[2025-04-24T21:14:21.899+0200][gc,metaspace  ] GC(27) Metaspace: 45899K(48896K)->45899K(48896K) NonClass: 40177K(41728K)->40177K(41728K) Class: 5722K(7168K)->5722K(7168K)
[2025-04-24T21:14:21.899+0200][gc            ] GC(27) Pause Young (Normal) (G1 Evacuation Pause) 210M->165M(1024M) 14.407ms
[2025-04-24T21:14:21.899+0200][gc,cpu        ] GC(27) User=0.06s Sys=0.01s Real=0.02s
[2025-04-24T21:28:32.863+0200][gc,start      ] GC(28) Pause Young (Normal) (G1 Evacuation Pause)
[2025-04-24T21:28:32.863+0200][gc,task       ] GC(28) Using 8 workers of 8 for evacuation
[2025-04-24T21:28:32.872+0200][gc,phases     ] GC(28)   Pre Evacuate Collection Set: 0.4ms
[2025-04-24T21:28:32.872+0200][gc,phases     ] GC(28)   Evacuate Collection Set: 7.2ms
[2025-04-24T21:28:32.872+0200][gc,phases     ] GC(28)   Post Evacuate Collection Set: 0.7ms
[2025-04-24T21:28:32.872+0200][gc,phases     ] GC(28)   Other: 0.5ms
[2025-04-24T21:28:32.872+0200][gc,heap       ] GC(28) Eden regions: 53->0(60)
[2025-04-24T21:28:32.872+0200][gc,heap       ] GC(28) Survivor regions: 3->5(7)
[2025-04-24T21:28:32.872+0200][gc,heap       ] GC(28) Old regions: 36->36
[2025-04-24T21:28:32.872+0200][gc,heap       ] GC(28) Humongous regions: 129->129
[2025-04-24T21:28:32.872+0200][gc,metaspace  ] GC(28) Metaspace: 45908K(48896K)->45908K(48896K) NonClass: 40185K(41728K)->40185K(41728K) Class: 5722K(7168K)->5722K(7168K)
[2025-04-24T21:28:32.872+0200][gc            ] GC(28) Pause Young (Normal) (G1 Evacuation Pause) 218M->168M(1024M) 8.999ms
[2025-04-24T21:28:32.872+0200][gc,cpu        ] GC(28) User=0.04s Sys=0.00s Real=0.01s
[2025-04-24T21:43:12.458+0200][gc,start      ] GC(29) Pause Young (Normal) (G1 Evacuation Pause)
[2025-04-24T21:43:12.459+0200][gc,task       ] GC(29) Using 8 workers of 8 for evacuation
[2025-04-24T21:43:12.473+0200][gc,phases     ] GC(29)   Pre Evacuate Collection Set: 0.4ms
[2025-04-24T21:43:12.473+0200][gc,phases     ] GC(29)   Evacuate Collection Set: 11.7ms
[2025-04-24T21:43:12.473+0200][gc,phases     ] GC(29)   Post Evacuate Collection Set: 0.8ms
[2025-04-24T21:43:12.473+0200][gc,phases     ] GC(29)   Other: 1.8ms
[2025-04-24T21:43:12.473+0200][gc,heap       ] GC(29) Eden regions: 56->0(60)
[2025-04-24T21:43:12.473+0200][gc,heap       ] GC(29) Survivor regions: 5->7(8)
[2025-04-24T21:43:12.473+0200][gc,heap       ] GC(29) Old regions: 36->38
[2025-04-24T21:43:12.473+0200][gc,heap       ] GC(29) Humongous regions: 129->129
[2025-04-24T21:43:12.473+0200][gc,metaspace  ] GC(29) Metaspace: 45908K(48896K)->45908K(48896K) NonClass: 40185K(41728K)->40185K(41728K) Class: 5722K(7168K)->5722K(7168K)
[2025-04-24T21:43:12.473+0200][gc            ] GC(29) Pause Young (Normal) (G1 Evacuation Pause) 224M->171M(1024M) 14.911ms
[2025-04-24T21:43:12.473+0200][gc,cpu        ] GC(29) User=0.09s Sys=0.00s Real=0.02s
[2025-04-24T21:59:07.034+0200][gc,start      ] GC(30) Pause Young (Normal) (G1 Evacuation Pause)
[2025-04-24T21:59:07.034+0200][gc,task       ] GC(30) Using 8 workers of 8 for evacuation
[2025-04-24T21:59:07.053+0200][gc,phases     ] GC(30)   Pre Evacuate Collection Set: 0.5ms
[2025-04-24T21:59:07.053+0200][gc,phases     ] GC(30)   Evacuate Collection Set: 17.1ms
[2025-04-24T21:59:07.053+0200][gc,phases     ] GC(30)   Post Evacuate Collection Set: 0.7ms
[2025-04-24T21:59:07.053+0200][gc,phases     ] GC(30)   Other: 0.9ms
[2025-04-24T21:59:07.053+0200][gc,heap       ] GC(30) Eden regions: 58->0(63)
[2025-04-24T21:59:07.053+0200][gc,heap       ] GC(30) Survivor regions: 7->8(9)
[2025-04-24T21:59:07.053+0200][gc,heap       ] GC(30) Old regions: 38->40
[2025-04-24T21:59:07.053+0200][gc,heap       ] GC(30) Humongous regions: 129->129
[2025-04-24T21:59:07.053+0200][gc,metaspace  ] GC(30) Metaspace: 45908K(48896K)->45908K(48896K) NonClass: 40185K(41728K)->40185K(41728K) Class: 5722K(7168K)->5722K(7168K)
[2025-04-24T21:59:07.053+0200][gc            ] GC(30) Pause Young (Normal) (G1 Evacuation Pause) 229M->174M(1024M) 19.348ms
[2025-04-24T21:59:07.054+0200][gc,cpu        ] GC(30) User=0.13s Sys=0.00s Real=0.02s
[2025-04-24T22:16:10.483+0200][gc,start      ] GC(31) Pause Young (Normal) (G1 Evacuation Pause)
[2025-04-24T22:16:10.483+0200][gc,task       ] GC(31) Using 8 workers of 8 for evacuation
[2025-04-24T22:16:10.510+0200][gc,mmu        ] GC(31) MMU target violated: 21.0ms (20.0ms/21.0ms)
[2025-04-24T22:16:10.510+0200][gc,phases     ] GC(31)   Pre Evacuate Collection Set: 0.2ms
[2025-04-24T22:16:10.510+0200][gc,phases     ] GC(31)   Evacuate Collection Set: 25.2ms
[2025-04-24T22:16:10.510+0200][gc,phases     ] GC(31)   Post Evacuate Collection Set: 0.8ms
[2025-04-24T22:16:10.510+0200][gc,phases     ] GC(31)   Other: 0.8ms
[2025-04-24T22:16:10.510+0200][gc,heap       ] GC(31) Eden regions: 63->0(61)
[2025-04-24T22:16:10.510+0200][gc,heap       ] GC(31) Survivor regions: 8->6(9)
[2025-04-24T22:16:10.511+0200][gc,heap       ] GC(31) Old regions: 40->44
[2025-04-24T22:16:10.511+0200][gc,heap       ] GC(31) Humongous regions: 129->129
[2025-04-24T22:16:10.511+0200][gc,metaspace  ] GC(31) Metaspace: 45908K(48896K)->45908K(48896K) NonClass: 40185K(41728K)->40185K(41728K) Class: 5722K(7168K)->5722K(7168K)
[2025-04-24T22:16:10.511+0200][gc            ] GC(31) Pause Young (Normal) (G1 Evacuation Pause) 237M->176M(1024M) 27.193ms
[2025-04-24T22:16:10.511+0200][gc,cpu        ] GC(31) User=0.19s Sys=0.00s Real=0.02s
[2025-04-24T22:33:16.418+0200][gc,start      ] GC(32) Pause Young (Normal) (G1 Evacuation Pause)
[2025-04-24T22:33:16.418+0200][gc,task       ] GC(32) Using 8 workers of 8 for evacuation
[2025-04-24T22:33:16.440+0200][gc,mmu        ] GC(32) MMU target violated: 21.0ms (20.0ms/21.0ms)
[2025-04-24T22:33:16.440+0200][gc,phases     ] GC(32)   Pre Evacuate Collection Set: 0.3ms
[2025-04-24T22:33:16.440+0200][gc,phases     ] GC(32)   Evacuate Collection Set: 21.2ms
[2025-04-24T22:33:16.440+0200][gc,phases     ] GC(32)   Post Evacuate Collection Set: 0.7ms
[2025-04-24T22:33:16.440+0200][gc,phases     ] GC(32)   Other: 0.5ms
[2025-04-24T22:33:16.440+0200][gc,heap       ] GC(32) Eden regions: 61->0(68)
[2025-04-24T22:33:16.440+0200][gc,heap       ] GC(32) Survivor regions: 6->4(9)
[2025-04-24T22:33:16.440+0200][gc,heap       ] GC(32) Old regions: 44->46
[2025-04-24T22:33:16.440+0200][gc,heap       ] GC(32) Humongous regions: 129->129
[2025-04-24T22:33:16.440+0200][gc,metaspace  ] GC(32) Metaspace: 45908K(48896K)->45908K(48896K) NonClass: 40185K(41728K)->40185K(41728K) Class: 5722K(7168K)->5722K(7168K)
[2025-04-24T22:33:16.441+0200][gc            ] GC(32) Pause Young (Normal) (G1 Evacuation Pause) 237M->177M(1024M) 22.908ms
[2025-04-24T22:33:16.441+0200][gc,cpu        ] GC(32) User=0.16s Sys=0.00s Real=0.03s
[2025-04-24T22:50:58.380+0200][gc,start      ] GC(33) Pause Young (Normal) (G1 Evacuation Pause)
[2025-04-24T22:50:58.380+0200][gc,task       ] GC(33) Using 8 workers of 8 for evacuation
[2025-04-24T22:50:58.408+0200][gc,mmu        ] GC(33) MMU target violated: 21.0ms (20.0ms/21.0ms)
[2025-04-24T22:50:58.409+0200][gc,phases     ] GC(33)   Pre Evacuate Collection Set: 0.3ms
[2025-04-24T22:50:58.409+0200][gc,phases     ] GC(33)   Evacuate Collection Set: 26.8ms
[2025-04-24T22:50:58.409+0200][gc,phases     ] GC(33)   Post Evacuate Collection Set: 0.8ms
[2025-04-24T22:50:58.409+0200][gc,phases     ] GC(33)   Other: 0.8ms
[2025-04-24T22:50:58.409+0200][gc,heap       ] GC(33) Eden regions: 68->0(52)
[2025-04-24T22:50:58.409+0200][gc,heap       ] GC(33) Survivor regions: 4->6(9)
[2025-04-24T22:50:58.409+0200][gc,heap       ] GC(33) Old regions: 46->46
[2025-04-24T22:50:58.409+0200][gc,heap       ] GC(33) Humongous regions: 129->129
[2025-04-24T22:50:58.409+0200][gc,metaspace  ] GC(33) Metaspace: 45908K(48896K)->45908K(48896K) NonClass: 40185K(41728K)->40185K(41728K) Class: 5722K(7168K)->5722K(7168K)
[2025-04-24T22:50:58.409+0200][gc            ] GC(33) Pause Young (Normal) (G1 Evacuation Pause) 245M->179M(1024M) 28.835ms
[2025-04-24T22:50:58.409+0200][gc,cpu        ] GC(33) User=0.20s Sys=0.00s Real=0.02s
[2025-04-24T23:02:20.192+0200][gc,start      ] GC(34) Pause Young (Normal) (G1 Evacuation Pause)
[2025-04-24T23:02:20.192+0200][gc,task       ] GC(34) Using 8 workers of 8 for evacuation
[2025-04-24T23:02:20.214+0200][gc,mmu        ] GC(34) MMU target violated: 21.0ms (20.0ms/21.0ms)
[2025-04-24T23:02:20.214+0200][gc,phases     ] GC(34)   Pre Evacuate Collection Set: 1.7ms
[2025-04-24T23:02:20.214+0200][gc,phases     ] GC(34)   Evacuate Collection Set: 19.2ms
[2025-04-24T23:02:20.214+0200][gc,phases     ] GC(34)   Post Evacuate Collection Set: 0.7ms
[2025-04-24T23:02:20.214+0200][gc,phases     ] GC(34)   Other: 0.7ms
[2025-04-24T23:02:20.214+0200][gc,heap       ] GC(34) Eden regions: 45->0(52)
[2025-04-24T23:02:20.214+0200][gc,heap       ] GC(34) Survivor regions: 6->5(7)
[2025-04-24T23:02:20.214+0200][gc,heap       ] GC(34) Old regions: 46->49
[2025-04-24T23:02:20.214+0200][gc,heap       ] GC(34) Humongous regions: 129->129
[2025-04-24T23:02:20.214+0200][gc,metaspace  ] GC(34) Metaspace: 45915K(48896K)->45915K(48896K) NonClass: 40192K(41728K)->40192K(41728K) Class: 5722K(7168K)->5722K(7168K)
[2025-04-24T23:02:20.214+0200][gc            ] GC(34) Pause Young (Normal) (G1 Evacuation Pause) 224M->180M(1024M) 22.456ms
[2025-04-24T23:02:20.214+0200][gc,cpu        ] GC(34) User=0.15s Sys=0.00s Real=0.02s
[2025-04-24T23:16:08.769+0200][gc,start      ] GC(35) Pause Young (Normal) (G1 Evacuation Pause)
[2025-04-24T23:16:08.769+0200][gc,task       ] GC(35) Using 8 workers of 8 for evacuation
[2025-04-24T23:16:08.795+0200][gc,mmu        ] GC(35) MMU target violated: 21.0ms (20.0ms/21.0ms)
[2025-04-24T23:16:08.795+0200][gc,phases     ] GC(35)   Pre Evacuate Collection Set: 0.7ms
[2025-04-24T23:16:08.795+0200][gc,phases     ] GC(35)   Evacuate Collection Set: 24.0ms
[2025-04-24T23:16:08.795+0200][gc,phases     ] GC(35)   Post Evacuate Collection Set: 0.8ms
[2025-04-24T23:16:08.795+0200][gc,phases     ] GC(35)   Other: 0.6ms
[2025-04-24T23:16:08.795+0200][gc,heap       ] GC(35) Eden regions: 52->0(59)
[2025-04-24T23:16:08.795+0200][gc,heap       ] GC(35) Survivor regions: 5->6(8)
[2025-04-24T23:16:08.795+0200][gc,heap       ] GC(35) Old regions: 49->49
[2025-04-24T23:16:08.795+0200][gc,heap       ] GC(35) Humongous regions: 129->129
[2025-04-24T23:16:08.795+0200][gc,metaspace  ] GC(35) Metaspace: 45916K(48896K)->45916K(48896K) NonClass: 40193K(41728K)->40193K(41728K) Class: 5722K(7168K)->5722K(7168K)
[2025-04-24T23:16:08.795+0200][gc            ] GC(35) Pause Young (Normal) (G1 Evacuation Pause) 232M->180M(1024M) 26.296ms
[2025-04-24T23:16:08.795+0200][gc,cpu        ] GC(35) User=0.12s Sys=0.00s Real=0.03s
[2025-04-24T23:33:16.622+0200][gc,start      ] GC(36) Pause Young (Normal) (G1 Evacuation Pause)
[2025-04-24T23:33:16.623+0200][gc,task       ] GC(36) Using 8 workers of 8 for evacuation
[2025-04-24T23:33:16.634+0200][gc,phases     ] GC(36)   Pre Evacuate Collection Set: 0.3ms
[2025-04-24T23:33:16.634+0200][gc,phases     ] GC(36)   Evacuate Collection Set: 10.2ms
[2025-04-24T23:33:16.634+0200][gc,phases     ] GC(36)   Post Evacuate Collection Set: 0.7ms
[2025-04-24T23:33:16.634+0200][gc,phases     ] GC(36)   Other: 0.6ms
[2025-04-24T23:33:16.634+0200][gc,heap       ] GC(36) Eden regions: 55->0(71)
[2025-04-24T23:33:16.634+0200][gc,heap       ] GC(36) Survivor regions: 6->5(8)
[2025-04-24T23:33:16.634+0200][gc,heap       ] GC(36) Old regions: 49->50
[2025-04-24T23:33:16.634+0200][gc,heap       ] GC(36) Humongous regions: 129->129
[2025-04-24T23:33:16.634+0200][gc,metaspace  ] GC(36) Metaspace: 45916K(48896K)->45916K(48896K) NonClass: 40193K(41728K)->40193K(41728K) Class: 5722K(7168K)->5722K(7168K)
[2025-04-24T23:33:16.635+0200][gc            ] GC(36) Pause Young (Normal) (G1 Evacuation Pause) 235M->182M(1024M) 12.054ms
[2025-04-24T23:33:16.635+0200][gc,cpu        ] GC(36) User=0.08s Sys=0.00s Real=0.01s
[2025-04-24T23:55:58.438+0200][gc,start      ] GC(37) Pause Young (Normal) (G1 Evacuation Pause)
[2025-04-24T23:55:58.438+0200][gc,task       ] GC(37) Using 8 workers of 8 for evacuation
[2025-04-24T23:55:58.477+0200][gc,mmu        ] GC(37) MMU target violated: 21.0ms (20.0ms/21.0ms)
[2025-04-24T23:55:58.477+0200][gc,phases     ] GC(37)   Pre Evacuate Collection Set: 3.7ms
[2025-04-24T23:55:58.478+0200][gc,phases     ] GC(37)   Evacuate Collection Set: 33.8ms
[2025-04-24T23:55:58.478+0200][gc,phases     ] GC(37)   Post Evacuate Collection Set: 0.8ms
[2025-04-24T23:55:58.478+0200][gc,phases     ] GC(37)   Other: 1.3ms
[2025-04-24T23:55:58.478+0200][gc,heap       ] GC(37) Eden regions: 71->0(44)
[2025-04-24T23:55:58.478+0200][gc,heap       ] GC(37) Survivor regions: 5->7(10)
[2025-04-24T23:55:58.478+0200][gc,heap       ] GC(37) Old regions: 50->50
[2025-04-24T23:55:58.478+0200][gc,heap       ] GC(37) Humongous regions: 129->129
[2025-04-24T23:55:58.478+0200][gc,metaspace  ] GC(37) Metaspace: 45917K(48896K)->45917K(48896K) NonClass: 40194K(41728K)->40194K(41728K) Class: 5722K(7168K)->5722K(7168K)
[2025-04-24T23:55:58.478+0200][gc            ] GC(37) Pause Young (Normal) (G1 Evacuation Pause) 253M->183M(1024M) 39.709ms
[2025-04-24T23:55:58.478+0200][gc,cpu        ] GC(37) User=0.26s Sys=0.00s Real=0.04s
[2025-04-25T00:09:08.254+0200][gc,start      ] GC(38) Pause Young (Normal) (G1 Evacuation Pause)
[2025-04-25T00:09:08.254+0200][gc,task       ] GC(38) Using 8 workers of 8 for evacuation
[2025-04-25T00:09:08.286+0200][gc,mmu        ] GC(38) MMU target violated: 21.0ms (20.0ms/21.0ms)
[2025-04-25T00:09:08.286+0200][gc,phases     ] GC(38)   Pre Evacuate Collection Set: 0.8ms
[2025-04-25T00:09:08.286+0200][gc,phases     ] GC(38)   Evacuate Collection Set: 30.2ms
[2025-04-25T00:09:08.286+0200][gc,phases     ] GC(38)   Post Evacuate Collection Set: 0.7ms
[2025-04-25T00:09:08.287+0200][gc,phases     ] GC(38)   Other: 0.9ms
[2025-04-25T00:09:08.287+0200][gc,heap       ] GC(38) Eden regions: 44->0(47)
[2025-04-25T00:09:08.287+0200][gc,heap       ] GC(38) Survivor regions: 7->4(7)
[2025-04-25T00:09:08.287+0200][gc,heap       ] GC(38) Old regions: 50->52
[2025-04-25T00:09:08.287+0200][gc,heap       ] GC(38) Humongous regions: 129->129
[2025-04-25T00:09:08.287+0200][gc,metaspace  ] GC(38) Metaspace: 45917K(48896K)->45917K(48896K) NonClass: 40194K(41728K)->40194K(41728K) Class: 5722K(7168K)->5722K(7168K)
[2025-04-25T00:09:08.287+0200][gc            ] GC(38) Pause Young (Normal) (G1 Evacuation Pause) 227M->183M(1024M) 32.842ms
[2025-04-25T00:09:08.287+0200][gc,cpu        ] GC(38) User=0.24s Sys=0.00s Real=0.03s
[2025-04-25T00:24:26.418+0200][gc,start      ] GC(39) Pause Young (Normal) (G1 Evacuation Pause)
[2025-04-25T00:24:26.418+0200][gc,task       ] GC(39) Using 8 workers of 8 for evacuation
[2025-04-25T00:24:26.440+0200][gc,mmu        ] GC(39) MMU target violated: 21.0ms (20.0ms/21.0ms)
[2025-04-25T00:24:26.440+0200][gc,phases     ] GC(39)   Pre Evacuate Collection Set: 2.1ms
[2025-04-25T00:24:26.440+0200][gc,phases     ] GC(39)   Evacuate Collection Set: 18.8ms
[2025-04-25T00:24:26.440+0200][gc,phases     ] GC(39)   Post Evacuate Collection Set: 0.8ms
[2025-04-25T00:24:26.440+0200][gc,phases     ] GC(39)   Other: 0.8ms
[2025-04-25T00:24:26.440+0200][gc,heap       ] GC(39) Eden regions: 47->0(47)
[2025-04-25T00:24:26.440+0200][gc,heap       ] GC(39) Survivor regions: 4->4(7)
[2025-04-25T00:24:26.440+0200][gc,heap       ] GC(39) Old regions: 52->53
[2025-04-25T00:24:26.440+0200][gc,heap       ] GC(39) Humongous regions: 129->129
[2025-04-25T00:24:26.440+0200][gc,metaspace  ] GC(39) Metaspace: 45917K(48896K)->45917K(48896K) NonClass: 40194K(41728K)->40194K(41728K) Class: 5722K(7168K)->5722K(7168K)
[2025-04-25T00:24:26.440+0200][gc            ] GC(39) Pause Young (Normal) (G1 Evacuation Pause) 230M->184M(1024M) 22.569ms
[2025-04-25T00:24:26.441+0200][gc,cpu        ] GC(39) User=0.15s Sys=0.00s Real=0.03s
[2025-04-25T00:39:27.208+0200][gc,start      ] GC(40) Pause Young (Normal) (G1 Evacuation Pause)
[2025-04-25T00:39:27.209+0200][gc,task       ] GC(40) Using 8 workers of 8 for evacuation
[2025-04-25T00:39:27.242+0200][gc,mmu        ] GC(40) MMU target violated: 21.0ms (20.0ms/21.0ms)
[2025-04-25T00:39:27.242+0200][gc,phases     ] GC(40)   Pre Evacuate Collection Set: 3.2ms
[2025-04-25T00:39:27.242+0200][gc,phases     ] GC(40)   Evacuate Collection Set: 29.3ms
[2025-04-25T00:39:27.242+0200][gc,phases     ] GC(40)   Post Evacuate Collection Set: 0.7ms
[2025-04-25T00:39:27.242+0200][gc,phases     ] GC(40)   Other: 0.6ms
[2025-04-25T00:39:27.242+0200][gc,heap       ] GC(40) Eden regions: 47->0(46)
[2025-04-25T00:39:27.242+0200][gc,heap       ] GC(40) Survivor regions: 4->5(7)
[2025-04-25T00:39:27.242+0200][gc,heap       ] GC(40) Old regions: 53->53
[2025-04-25T00:39:27.242+0200][gc,heap       ] GC(40) Humongous regions: 129->129
[2025-04-25T00:39:27.242+0200][gc,metaspace  ] GC(40) Metaspace: 45919K(48896K)->45919K(48896K) NonClass: 40196K(41728K)->40196K(41728K) Class: 5722K(7168K)->5722K(7168K)
[2025-04-25T00:39:27.243+0200][gc            ] GC(40) Pause Young (Normal) (G1 Evacuation Pause) 231M->184M(1024M) 34.075ms
[2025-04-25T00:39:27.243+0200][gc,cpu        ] GC(40) User=0.24s Sys=0.00s Real=0.04s
[2025-04-25T00:53:46.627+0200][gc,start      ] GC(41) Pause Young (Normal) (G1 Evacuation Pause)
[2025-04-25T00:53:46.627+0200][gc,task       ] GC(41) Using 8 workers of 8 for evacuation
[2025-04-25T00:53:46.658+0200][gc,mmu        ] GC(41) MMU target violated: 21.0ms (20.0ms/21.0ms)
[2025-04-25T00:53:46.658+0200][gc,phases     ] GC(41)   Pre Evacuate Collection Set: 4.5ms
[2025-04-25T00:53:46.658+0200][gc,phases     ] GC(41)   Evacuate Collection Set: 25.1ms
[2025-04-25T00:53:46.658+0200][gc,phases     ] GC(41)   Post Evacuate Collection Set: 0.7ms
[2025-04-25T00:53:46.658+0200][gc,phases     ] GC(41)   Other: 0.6ms
[2025-04-25T00:53:46.658+0200][gc,heap       ] GC(41) Eden regions: 46->0(46)
[2025-04-25T00:53:46.658+0200][gc,heap       ] GC(41) Survivor regions: 5->5(7)
[2025-04-25T00:53:46.658+0200][gc,heap       ] GC(41) Old regions: 53->54
[2025-04-25T00:53:46.658+0200][gc,heap       ] GC(41) Humongous regions: 129->129
[2025-04-25T00:53:46.658+0200][gc,metaspace  ] GC(41) Metaspace: 45919K(48896K)->45919K(48896K) NonClass: 40196K(41728K)->40196K(41728K) Class: 5722K(7168K)->5722K(7168K)
[2025-04-25T00:53:46.658+0200][gc            ] GC(41) Pause Young (Normal) (G1 Evacuation Pause) 230M->186M(1024M) 31.074ms
[2025-04-25T00:53:46.658+0200][gc,cpu        ] GC(41) User=0.17s Sys=0.00s Real=0.03s
[2025-04-25T01:07:30.676+0200][gc,start      ] GC(42) Pause Young (Normal) (G1 Evacuation Pause)
[2025-04-25T01:07:30.676+0200][gc,task       ] GC(42) Using 8 workers of 8 for evacuation
[2025-04-25T01:07:30.701+0200][gc,mmu        ] GC(42) MMU target violated: 21.0ms (20.0ms/21.0ms)
[2025-04-25T01:07:30.701+0200][gc,phases     ] GC(42)   Pre Evacuate Collection Set: 0.8ms
[2025-04-25T01:07:30.701+0200][gc,phases     ] GC(42)   Evacuate Collection Set: 22.1ms
[2025-04-25T01:07:30.701+0200][gc,phases     ] GC(42)   Post Evacuate Collection Set: 0.9ms
[2025-04-25T01:07:30.701+0200][gc,phases     ] GC(42)   Other: 0.6ms
[2025-04-25T01:07:30.701+0200][gc,heap       ] GC(42) Eden regions: 46->0(46)
[2025-04-25T01:07:30.701+0200][gc,heap       ] GC(42) Survivor regions: 5->5(7)
[2025-04-25T01:07:30.701+0200][gc,heap       ] GC(42) Old regions: 54->55
[2025-04-25T01:07:30.701+0200][gc,heap       ] GC(42) Humongous regions: 129->129
[2025-04-25T01:07:30.701+0200][gc,metaspace  ] GC(42) Metaspace: 45919K(48896K)->45919K(48896K) NonClass: 40196K(41728K)->40196K(41728K) Class: 5722K(7168K)->5722K(7168K)
[2025-04-25T01:07:30.701+0200][gc            ] GC(42) Pause Young (Normal) (G1 Evacuation Pause) 232M->187M(1024M) 24.559ms
[2025-04-25T01:07:30.701+0200][gc,cpu        ] GC(42) User=0.16s Sys=0.00s Real=0.03s
[2025-04-25T01:22:30.495+0200][gc,start      ] GC(43) Pause Young (Normal) (G1 Evacuation Pause)
[2025-04-25T01:22:30.495+0200][gc,task       ] GC(43) Using 8 workers of 8 for evacuation
[2025-04-25T01:22:30.535+0200][gc,mmu        ] GC(43) MMU target violated: 21.0ms (20.0ms/21.0ms)
[2025-04-25T01:22:30.535+0200][gc,phases     ] GC(43)   Pre Evacuate Collection Set: 0.5ms
[2025-04-25T01:22:30.535+0200][gc,phases     ] GC(43)   Evacuate Collection Set: 38.8ms
[2025-04-25T01:22:30.535+0200][gc,phases     ] GC(43)   Post Evacuate Collection Set: 0.7ms
[2025-04-25T01:22:30.535+0200][gc,phases     ] GC(43)   Other: 0.9ms
[2025-04-25T01:22:30.536+0200][gc,heap       ] GC(43) Eden regions: 46->0(46)
[2025-04-25T01:22:30.536+0200][gc,heap       ] GC(43) Survivor regions: 5->5(7)
[2025-04-25T01:22:30.536+0200][gc,heap       ] GC(43) Old regions: 55->57
[2025-04-25T01:22:30.536+0200][gc,heap       ] GC(43) Humongous regions: 129->129
[2025-04-25T01:22:30.536+0200][gc,metaspace  ] GC(43) Metaspace: 45919K(48896K)->45919K(48896K) NonClass: 40196K(41728K)->40196K(41728K) Class: 5722K(7168K)->5722K(7168K)
[2025-04-25T01:22:30.536+0200][gc            ] GC(43) Pause Young (Normal) (G1 Evacuation Pause) 233M->188M(1024M) 41.050ms
[2025-04-25T01:22:30.536+0200][gc,cpu        ] GC(43) User=0.29s Sys=0.00s Real=0.04s
[2025-04-25T01:37:30.708+0200][gc,start      ] GC(44) Pause Young (Normal) (G1 Evacuation Pause)
[2025-04-25T01:37:30.708+0200][gc,task       ] GC(44) Using 8 workers of 8 for evacuation
[2025-04-25T01:37:30.734+0200][gc,mmu        ] GC(44) MMU target violated: 21.0ms (20.0ms/21.0ms)
[2025-04-25T01:37:30.734+0200][gc,phases     ] GC(44)   Pre Evacuate Collection Set: 0.4ms
[2025-04-25T01:37:30.734+0200][gc,phases     ] GC(44)   Evacuate Collection Set: 24.6ms
[2025-04-25T01:37:30.734+0200][gc,phases     ] GC(44)   Post Evacuate Collection Set: 0.7ms
[2025-04-25T01:37:30.734+0200][gc,phases     ] GC(44)   Other: 0.6ms
[2025-04-25T01:37:30.734+0200][gc,heap       ] GC(44) Eden regions: 46->0(48)
[2025-04-25T01:37:30.734+0200][gc,heap       ] GC(44) Survivor regions: 5->3(7)
[2025-04-25T01:37:30.734+0200][gc,heap       ] GC(44) Old regions: 57->58
[2025-04-25T01:37:30.734+0200][gc,heap       ] GC(44) Humongous regions: 129->129
[2025-04-25T01:37:30.734+0200][gc,metaspace  ] GC(44) Metaspace: 45921K(48896K)->45921K(48896K) NonClass: 40198K(41728K)->40198K(41728K) Class: 5722K(7168K)->5722K(7168K)
[2025-04-25T01:37:30.734+0200][gc            ] GC(44) Pause Young (Normal) (G1 Evacuation Pause) 234M->188M(1024M) 26.535ms
[2025-04-25T01:37:30.735+0200][gc,cpu        ] GC(44) User=0.17s Sys=0.00s Real=0.03s
[2025-04-25T01:53:12.295+0200][gc,start      ] GC(45) Pause Young (Normal) (G1 Evacuation Pause)
[2025-04-25T01:53:12.295+0200][gc,task       ] GC(45) Using 8 workers of 8 for evacuation
[2025-04-25T01:53:12.332+0200][gc,mmu        ] GC(45) MMU target violated: 21.0ms (20.0ms/21.0ms)
[2025-04-25T01:53:12.332+0200][gc,phases     ] GC(45)   Pre Evacuate Collection Set: 1.0ms
[2025-04-25T01:53:12.332+0200][gc,phases     ] GC(45)   Evacuate Collection Set: 34.3ms
[2025-04-25T01:53:12.332+0200][gc,phases     ] GC(45)   Post Evacuate Collection Set: 0.7ms
[2025-04-25T01:53:12.332+0200][gc,phases     ] GC(45)   Other: 0.6ms
[2025-04-25T01:53:12.332+0200][gc,heap       ] GC(45) Eden regions: 48->0(48)
[2025-04-25T01:53:12.332+0200][gc,heap       ] GC(45) Survivor regions: 3->3(7)
[2025-04-25T01:53:12.332+0200][gc,heap       ] GC(45) Old regions: 58->58
[2025-04-25T01:53:12.332+0200][gc,heap       ] GC(45) Humongous regions: 129->129
[2025-04-25T01:53:12.332+0200][gc,metaspace  ] GC(45) Metaspace: 45921K(48896K)->45921K(48896K) NonClass: 40198K(41728K)->40198K(41728K) Class: 5722K(7168K)->5722K(7168K)
[2025-04-25T01:53:12.332+0200][gc            ] GC(45) Pause Young (Normal) (G1 Evacuation Pause) 236M->188M(1024M) 36.862ms
[2025-04-25T01:53:12.332+0200][gc,cpu        ] GC(45) User=0.26s Sys=0.00s Real=0.04s
[2025-04-25T02:07:42.134+0200][gc,start      ] GC(46) Pause Young (Normal) (G1 Evacuation Pause)
[2025-04-25T02:07:42.134+0200][gc,task       ] GC(46) Using 8 workers of 8 for evacuation
[2025-04-25T02:07:42.156+0200][gc,mmu        ] GC(46) MMU target violated: 21.0ms (20.0ms/21.0ms)
[2025-04-25T02:07:42.156+0200][gc,phases     ] GC(46)   Pre Evacuate Collection Set: 0.9ms
[2025-04-25T02:07:42.156+0200][gc,phases     ] GC(46)   Evacuate Collection Set: 19.4ms
[2025-04-25T02:07:42.156+0200][gc,phases     ] GC(46)   Post Evacuate Collection Set: 0.7ms
[2025-04-25T02:07:42.156+0200][gc,phases     ] GC(46)   Other: 1.0ms
[2025-04-25T02:07:42.156+0200][gc,heap       ] GC(46) Eden regions: 48->0(47)
[2025-04-25T02:07:42.156+0200][gc,heap       ] GC(46) Survivor regions: 3->4(7)
[2025-04-25T02:07:42.156+0200][gc,heap       ] GC(46) Old regions: 58->58
[2025-04-25T02:07:42.156+0200][gc,heap       ] GC(46) Humongous regions: 129->129
[2025-04-25T02:07:42.156+0200][gc,metaspace  ] GC(46) Metaspace: 45921K(48896K)->45921K(48896K) NonClass: 40198K(41728K)->40198K(41728K) Class: 5722K(7168K)->5722K(7168K)
[2025-04-25T02:07:42.156+0200][gc            ] GC(46) Pause Young (Normal) (G1 Evacuation Pause) 236M->189M(1024M) 22.030ms
[2025-04-25T02:07:42.156+0200][gc,cpu        ] GC(46) User=0.14s Sys=0.00s Real=0.02s
[2025-04-25T02:23:00.877+0200][gc,start      ] GC(47) Pause Young (Normal) (G1 Evacuation Pause)
[2025-04-25T02:23:00.878+0200][gc,task       ] GC(47) Using 8 workers of 8 for evacuation
[2025-04-25T02:23:00.914+0200][gc,mmu        ] GC(47) MMU target violated: 21.0ms (20.0ms/21.0ms)
[2025-04-25T02:23:00.914+0200][gc,phases     ] GC(47)   Pre Evacuate Collection Set: 3.4ms
[2025-04-25T02:23:00.914+0200][gc,phases     ] GC(47)   Evacuate Collection Set: 31.0ms
[2025-04-25T02:23:00.914+0200][gc,phases     ] GC(47)   Post Evacuate Collection Set: 0.7ms
[2025-04-25T02:23:00.914+0200][gc,phases     ] GC(47)   Other: 2.6ms
[2025-04-25T02:23:00.914+0200][gc,heap       ] GC(47) Eden regions: 47->0(47)
[2025-04-25T02:23:00.914+0200][gc,heap       ] GC(47) Survivor regions: 4->4(7)
[2025-04-25T02:23:00.914+0200][gc,heap       ] GC(47) Old regions: 58->58
[2025-04-25T02:23:00.914+0200][gc,heap       ] GC(47) Humongous regions: 129->129
[2025-04-25T02:23:00.914+0200][gc,metaspace  ] GC(47) Metaspace: 45921K(48896K)->45921K(48896K) NonClass: 40199K(41728K)->40199K(41728K) Class: 5722K(7168K)->5722K(7168K)
[2025-04-25T02:23:00.914+0200][gc            ] GC(47) Pause Young (Normal) (G1 Evacuation Pause) 236M->188M(1024M) 37.844ms
[2025-04-25T02:23:00.915+0200][gc,cpu        ] GC(47) User=0.24s Sys=0.00s Real=0.04s
[2025-04-25T02:38:26.418+0200][gc,start      ] GC(48) Pause Young (Normal) (G1 Evacuation Pause)
[2025-04-25T02:38:26.418+0200][gc,task       ] GC(48) Using 8 workers of 8 for evacuation
[2025-04-25T02:38:26.427+0200][gc,phases     ] GC(48)   Pre Evacuate Collection Set: 0.9ms
[2025-04-25T02:38:26.428+0200][gc,phases     ] GC(48)   Evacuate Collection Set: 7.4ms
[2025-04-25T02:38:26.428+0200][gc,phases     ] GC(48)   Post Evacuate Collection Set: 0.8ms
[2025-04-25T02:38:26.428+0200][gc,phases     ] GC(48)   Other: 0.7ms
[2025-04-25T02:38:26.428+0200][gc,heap       ] GC(48) Eden regions: 47->0(46)
[2025-04-25T02:38:26.428+0200][gc,heap       ] GC(48) Survivor regions: 4->5(7)
[2025-04-25T02:38:26.428+0200][gc,heap       ] GC(48) Old regions: 58->58
[2025-04-25T02:38:26.428+0200][gc,heap       ] GC(48) Humongous regions: 129->129
[2025-04-25T02:38:26.428+0200][gc,metaspace  ] GC(48) Metaspace: 45927K(48896K)->45927K(48896K) NonClass: 40204K(41728K)->40204K(41728K) Class: 5722K(7168K)->5722K(7168K)
[2025-04-25T02:38:26.428+0200][gc            ] GC(48) Pause Young (Normal) (G1 Evacuation Pause) 235M->190M(1024M) 9.813ms
[2025-04-25T02:38:26.428+0200][gc,cpu        ] GC(48) User=0.06s Sys=0.00s Real=0.01s
[2025-04-25T02:53:21.743+0200][gc,start      ] GC(49) Pause Young (Normal) (G1 Evacuation Pause)
[2025-04-25T02:53:21.743+0200][gc,task       ] GC(49) Using 8 workers of 8 for evacuation
[2025-04-25T02:53:21.770+0200][gc,mmu        ] GC(49) MMU target violated: 21.0ms (20.0ms/21.0ms)
[2025-04-25T02:53:21.770+0200][gc,phases     ] GC(49)   Pre Evacuate Collection Set: 1.2ms
[2025-04-25T02:53:21.771+0200][gc,phases     ] GC(49)   Evacuate Collection Set: 25.3ms
[2025-04-25T02:53:21.771+0200][gc,phases     ] GC(49)   Post Evacuate Collection Set: 0.7ms
[2025-04-25T02:53:21.771+0200][gc,phases     ] GC(49)   Other: 0.7ms
[2025-04-25T02:53:21.771+0200][gc,heap       ] GC(49) Eden regions: 46->0(47)
[2025-04-25T02:53:21.771+0200][gc,heap       ] GC(49) Survivor regions: 5->4(7)
[2025-04-25T02:53:21.771+0200][gc,heap       ] GC(49) Old regions: 58->60
[2025-04-25T02:53:21.771+0200][gc,heap       ] GC(49) Humongous regions: 129->129
[2025-04-25T02:53:21.771+0200][gc,metaspace  ] GC(49) Metaspace: 45930K(48896K)->45930K(48896K) NonClass: 40207K(41728K)->40207K(41728K) Class: 5722K(7168K)->5722K(7168K)
[2025-04-25T02:53:21.771+0200][gc            ] GC(49) Pause Young (Normal) (G1 Evacuation Pause) 236M->190M(1024M) 27.962ms
[2025-04-25T02:53:21.771+0200][gc,cpu        ] GC(49) User=0.19s Sys=0.00s Real=0.03s
[2025-04-25T02:55:40.039+0200][gc,heap,exit  ] Heap
[2025-04-25T02:55:40.039+0200][gc,heap,exit  ]  garbage-first heap   total 1048576K, used 211993K [0x00000000c0000000, 0x0000000100000000)
[2025-04-25T02:55:40.039+0200][gc,heap,exit  ]   region size 1024K, 22 young (22528K), 4 survivors (4096K)
[2025-04-25T02:55:40.039+0200][gc,heap,exit  ]  Metaspace       used 46677K, capacity 49840K, committed 49920K, reserved 1091584K
[2025-04-25T02:55:40.039+0200][gc,heap,exit  ]   class space    used 5936K, capacity 7415K, committed 7424K, reserved 1048576K
