[2025-04-28T08:57:19.122+0200][gc,heap] Heap region size: 1M
[2025-04-28T08:57:19.159+0200][gc     ] Using G1
[2025-04-28T08:57:19.160+0200][gc,heap,coops] Heap address: 0x00000000c0000000, size: 1024 MB, Compressed Oops mode: 32-bit
[2025-04-28T08:57:19.160+0200][gc,cds       ] Mark closed archive regions in map: [0x00000000fff00000, 0x00000000fff6bff8]
[2025-04-28T08:57:19.161+0200][gc,cds       ] Mark open archive regions in map: [0x00000000ffe00000, 0x00000000ffe47ff8]
[2025-04-28T08:57:21.720+0200][gc,start     ] GC(0) Pause Young (Normal) (G1 Evacuation Pause)
[2025-04-28T08:57:21.721+0200][gc,task      ] GC(0) Using 8 workers of 8 for evacuation
[2025-04-28T08:57:21.741+0200][gc,phases    ] GC(0)   Pre Evacuate Collection Set: 0.0ms
[2025-04-28T08:57:21.741+0200][gc,phases    ] GC(0)   Evacuate Collection Set: 18.0ms
[2025-04-28T08:57:21.741+0200][gc,phases    ] GC(0)   Post Evacuate Collection Set: 0.8ms
[2025-04-28T08:57:21.741+0200][gc,phases    ] GC(0)   Other: 2.1ms
[2025-04-28T08:57:21.741+0200][gc,heap      ] GC(0) Eden regions: 51->0(44)
[2025-04-28T08:57:21.741+0200][gc,heap      ] GC(0) Survivor regions: 0->7(7)
[2025-04-28T08:57:21.741+0200][gc,heap      ] GC(0) Old regions: 2->2
[2025-04-28T08:57:21.741+0200][gc,heap      ] GC(0) Humongous regions: 0->0
[2025-04-28T08:57:21.741+0200][gc,metaspace ] GC(0) Metaspace: 14241K(14848K)->14241K(14848K) NonClass: 12495K(12800K)->12495K(12800K) Class: 1746K(2048K)->1746K(2048K)
[2025-04-28T08:57:21.741+0200][gc           ] GC(0) Pause Young (Normal) (G1 Evacuation Pause) 51M->7M(1024M) 21.242ms
[2025-04-28T08:57:21.741+0200][gc,cpu       ] GC(0) User=0.10s Sys=0.04s Real=0.02s
[2025-04-28T08:57:23.072+0200][gc,start     ] GC(1) Pause Young (Concurrent Start) (Metadata GC Threshold)
[2025-04-28T08:57:23.072+0200][gc,task      ] GC(1) Using 8 workers of 8 for evacuation
[2025-04-28T08:57:23.093+0200][gc,mmu       ] GC(1) MMU target violated: 21.0ms (20.0ms/21.0ms)
[2025-04-28T08:57:23.094+0200][gc,phases    ] GC(1)   Pre Evacuate Collection Set: 0.1ms
[2025-04-28T08:57:23.094+0200][gc,phases    ] GC(1)   Evacuate Collection Set: 20.1ms
[2025-04-28T08:57:23.094+0200][gc,phases    ] GC(1)   Post Evacuate Collection Set: 0.7ms
[2025-04-28T08:57:23.094+0200][gc,phases    ] GC(1)   Other: 0.7ms
[2025-04-28T08:57:23.094+0200][gc,heap      ] GC(1) Eden regions: 29->0(49)
[2025-04-28T08:57:23.094+0200][gc,heap      ] GC(1) Survivor regions: 7->2(7)
[2025-04-28T08:57:23.094+0200][gc,heap      ] GC(1) Old regions: 2->9
[2025-04-28T08:57:23.094+0200][gc,heap      ] GC(1) Humongous regions: 0->0
[2025-04-28T08:57:23.094+0200][gc,metaspace ] GC(1) Metaspace: 20531K(21248K)->20531K(21248K) NonClass: 18042K(18432K)->18042K(18432K) Class: 2489K(2816K)->2489K(2816K)
[2025-04-28T08:57:23.094+0200][gc           ] GC(1) Pause Young (Concurrent Start) (Metadata GC Threshold) 36M->8M(1024M) 21.822ms
[2025-04-28T08:57:23.094+0200][gc,cpu       ] GC(1) User=0.06s Sys=0.01s Real=0.02s
[2025-04-28T08:57:23.094+0200][gc           ] GC(2) Concurrent Cycle
[2025-04-28T08:57:23.094+0200][gc,marking   ] GC(2) Concurrent Clear Claimed Marks
[2025-04-28T08:57:23.094+0200][gc,marking   ] GC(2) Concurrent Clear Claimed Marks 0.035ms
[2025-04-28T08:57:23.094+0200][gc,marking   ] GC(2) Concurrent Scan Root Regions
[2025-04-28T08:57:23.095+0200][gc,marking   ] GC(2) Concurrent Scan Root Regions 1.476ms
[2025-04-28T08:57:23.095+0200][gc,marking   ] GC(2) Concurrent Mark (3.991s)
[2025-04-28T08:57:23.095+0200][gc,marking   ] GC(2) Concurrent Mark From Roots
[2025-04-28T08:57:23.096+0200][gc,task      ] GC(2) Using 2 workers of 2 for marking
[2025-04-28T08:57:23.105+0200][gc,marking   ] GC(2) Concurrent Mark From Roots 9.320ms
[2025-04-28T08:57:23.105+0200][gc,marking   ] GC(2) Concurrent Preclean
[2025-04-28T08:57:23.105+0200][gc,marking   ] GC(2) Concurrent Preclean 0.457ms
[2025-04-28T08:57:23.105+0200][gc,marking   ] GC(2) Concurrent Mark (3.991s, 4.000s) 9.898ms
[2025-04-28T08:57:23.140+0200][gc,start     ] GC(2) Pause Remark
[2025-04-28T08:57:23.145+0200][gc,stringtable] GC(2) Cleaned string and symbol table, strings: 5699 processed, 0 removed, symbols: 53433 processed, 44 removed
[2025-04-28T08:57:23.146+0200][gc            ] GC(2) Pause Remark 9M->9M(1024M) 5.447ms
[2025-04-28T08:57:23.146+0200][gc,cpu        ] GC(2) User=0.01s Sys=0.01s Real=0.00s
[2025-04-28T08:57:23.146+0200][gc,marking    ] GC(2) Concurrent Rebuild Remembered Sets
[2025-04-28T08:57:23.149+0200][gc,marking    ] GC(2) Concurrent Rebuild Remembered Sets 3.729ms
[2025-04-28T08:57:23.150+0200][gc,start      ] GC(2) Pause Cleanup
[2025-04-28T08:57:23.150+0200][gc            ] GC(2) Pause Cleanup 9M->9M(1024M) 0.423ms
[2025-04-28T08:57:23.150+0200][gc,cpu        ] GC(2) User=0.00s Sys=0.00s Real=0.00s
[2025-04-28T08:57:23.150+0200][gc,marking    ] GC(2) Concurrent Cleanup for Next Mark
[2025-04-28T08:57:23.163+0200][gc,marking    ] GC(2) Concurrent Cleanup for Next Mark 12.261ms
[2025-04-28T08:57:23.163+0200][gc            ] GC(2) Concurrent Cycle 68.976ms
[2025-04-28T08:57:24.502+0200][gc,start      ] GC(3) Pause Young (Normal) (G1 Evacuation Pause)
[2025-04-28T08:57:24.502+0200][gc,task       ] GC(3) Using 8 workers of 8 for evacuation
[2025-04-28T08:57:24.509+0200][gc,phases     ] GC(3)   Pre Evacuate Collection Set: 0.0ms
[2025-04-28T08:57:24.509+0200][gc,phases     ] GC(3)   Evacuate Collection Set: 6.7ms
[2025-04-28T08:57:24.509+0200][gc,phases     ] GC(3)   Post Evacuate Collection Set: 0.6ms
[2025-04-28T08:57:24.509+0200][gc,phases     ] GC(3)   Other: 0.4ms
[2025-04-28T08:57:24.510+0200][gc,heap       ] GC(3) Eden regions: 49->0(46)
[2025-04-28T08:57:24.510+0200][gc,heap       ] GC(3) Survivor regions: 2->5(7)
[2025-04-28T08:57:24.510+0200][gc,heap       ] GC(3) Old regions: 9->9
[2025-04-28T08:57:24.510+0200][gc,heap       ] GC(3) Humongous regions: 129->129
[2025-04-28T08:57:24.510+0200][gc,metaspace  ] GC(3) Metaspace: 28284K(29440K)->28284K(29440K) NonClass: 24990K(25600K)->24990K(25600K) Class: 3294K(3840K)->3294K(3840K)
[2025-04-28T08:57:24.510+0200][gc            ] GC(3) Pause Young (Normal) (G1 Evacuation Pause) 186M->140M(1024M) 8.027ms
[2025-04-28T08:57:24.510+0200][gc,cpu        ] GC(3) User=0.03s Sys=0.00s Real=0.01s
[2025-04-28T08:57:25.329+0200][gc,start      ] GC(4) Pause Young (Concurrent Start) (Metadata GC Threshold)
[2025-04-28T08:57:25.329+0200][gc,task       ] GC(4) Using 8 workers of 8 for evacuation
[2025-04-28T08:57:25.343+0200][gc,phases     ] GC(4)   Pre Evacuate Collection Set: 0.1ms
[2025-04-28T08:57:25.343+0200][gc,phases     ] GC(4)   Evacuate Collection Set: 12.8ms
[2025-04-28T08:57:25.343+0200][gc,phases     ] GC(4)   Post Evacuate Collection Set: 0.7ms
[2025-04-28T08:57:25.344+0200][gc,phases     ] GC(4)   Other: 0.5ms
[2025-04-28T08:57:25.344+0200][gc,heap       ] GC(4) Eden regions: 34->0(48)
[2025-04-28T08:57:25.344+0200][gc,heap       ] GC(4) Survivor regions: 5->3(7)
[2025-04-28T08:57:25.344+0200][gc,heap       ] GC(4) Old regions: 9->14
[2025-04-28T08:57:25.344+0200][gc,heap       ] GC(4) Humongous regions: 129->129
[2025-04-28T08:57:25.344+0200][gc,metaspace  ] GC(4) Metaspace: 34396K(35840K)->34396K(35840K) NonClass: 30399K(31232K)->30399K(31232K) Class: 3997K(4608K)->3997K(4608K)
[2025-04-28T08:57:25.344+0200][gc            ] GC(4) Pause Young (Concurrent Start) (Metadata GC Threshold) 174M->143M(1024M) 14.477ms
[2025-04-28T08:57:25.344+0200][gc,cpu        ] GC(4) User=0.03s Sys=0.02s Real=0.01s
[2025-04-28T08:57:25.344+0200][gc            ] GC(5) Concurrent Cycle
[2025-04-28T08:57:25.344+0200][gc,marking    ] GC(5) Concurrent Clear Claimed Marks
[2025-04-28T08:57:25.344+0200][gc,marking    ] GC(5) Concurrent Clear Claimed Marks 0.051ms
[2025-04-28T08:57:25.344+0200][gc,marking    ] GC(5) Concurrent Scan Root Regions
[2025-04-28T08:57:25.346+0200][gc,marking    ] GC(5) Concurrent Scan Root Regions 1.843ms
[2025-04-28T08:57:25.346+0200][gc,marking    ] GC(5) Concurrent Mark (6.241s)
[2025-04-28T08:57:25.346+0200][gc,marking    ] GC(5) Concurrent Mark From Roots
[2025-04-28T08:57:25.346+0200][gc,task       ] GC(5) Using 2 workers of 2 for marking
[2025-04-28T08:57:25.364+0200][gc,marking    ] GC(5) Concurrent Mark From Roots 18.523ms
[2025-04-28T08:57:25.364+0200][gc,marking    ] GC(5) Concurrent Preclean
[2025-04-28T08:57:25.365+0200][gc,marking    ] GC(5) Concurrent Preclean 0.475ms
[2025-04-28T08:57:25.365+0200][gc,marking    ] GC(5) Concurrent Mark (6.241s, 6.260s) 19.136ms
[2025-04-28T08:57:25.382+0200][gc,start      ] GC(5) Pause Remark
[2025-04-28T08:57:25.390+0200][gc,stringtable] GC(5) Cleaned string and symbol table, strings: 11512 processed, 13 removed, symbols: 86960 processed, 16 removed
[2025-04-28T08:57:25.390+0200][gc            ] GC(5) Pause Remark 145M->145M(1024M) 8.163ms
[2025-04-28T08:57:25.390+0200][gc,cpu        ] GC(5) User=0.04s Sys=0.00s Real=0.01s
[2025-04-28T08:57:25.391+0200][gc,marking    ] GC(5) Concurrent Rebuild Remembered Sets
[2025-04-28T08:57:25.409+0200][gc,marking    ] GC(5) Concurrent Rebuild Remembered Sets 18.003ms
[2025-04-28T08:57:25.409+0200][gc,start      ] GC(5) Pause Cleanup
[2025-04-28T08:57:25.410+0200][gc            ] GC(5) Pause Cleanup 146M->146M(1024M) 0.373ms
[2025-04-28T08:57:25.410+0200][gc,cpu        ] GC(5) User=0.00s Sys=0.00s Real=0.00s
[2025-04-28T08:57:25.410+0200][gc,marking    ] GC(5) Concurrent Cleanup for Next Mark
[2025-04-28T08:57:25.446+0200][gc,marking    ] GC(5) Concurrent Cleanup for Next Mark 36.108ms
[2025-04-28T08:57:25.446+0200][gc            ] GC(5) Concurrent Cycle 102.336ms
[2025-04-28T10:23:11.837+0200][gc,start      ] GC(6) Pause Young (Normal) (G1 Evacuation Pause)
[2025-04-28T10:23:11.865+0200][gc,task       ] GC(6) Using 8 workers of 8 for evacuation
[2025-04-28T10:23:11.877+0200][gc,phases     ] GC(6)   Pre Evacuate Collection Set: 0.3ms
[2025-04-28T10:23:11.877+0200][gc,phases     ] GC(6)   Evacuate Collection Set: 11.5ms
[2025-04-28T10:23:11.877+0200][gc,phases     ] GC(6)   Post Evacuate Collection Set: 0.7ms
[2025-04-28T10:23:11.878+0200][gc,phases     ] GC(6)   Other: 27.7ms
[2025-04-28T10:23:11.878+0200][gc,heap       ] GC(6) Eden regions: 48->0(48)
[2025-04-28T10:23:11.878+0200][gc,heap       ] GC(6) Survivor regions: 3->3(7)
[2025-04-28T10:23:11.878+0200][gc,heap       ] GC(6) Old regions: 14->14
[2025-04-28T10:23:11.878+0200][gc,heap       ] GC(6) Humongous regions: 129->129
[2025-04-28T10:23:11.878+0200][gc,metaspace  ] GC(6) Metaspace: 37127K(38860K)->37127K(38860K) NonClass: 32741K(33740K)->32741K(33740K) Class: 4385K(5120K)->4385K(5120K)
[2025-04-28T10:23:11.878+0200][gc            ] GC(6) Pause Young (Normal) (G1 Evacuation Pause) 191M->143M(1024M) 40.401ms
[2025-04-28T10:23:11.878+0200][gc,cpu        ] GC(6) User=0.07s Sys=0.00s Real=0.04s
[2025-04-28T12:20:48.302+0200][gc,start      ] GC(7) Pause Young (Normal) (G1 Evacuation Pause)
[2025-04-28T12:20:48.302+0200][gc,task       ] GC(7) Using 8 workers of 8 for evacuation
[2025-04-28T12:20:48.315+0200][gc,phases     ] GC(7)   Pre Evacuate Collection Set: 0.4ms
[2025-04-28T12:20:48.315+0200][gc,phases     ] GC(7)   Evacuate Collection Set: 11.7ms
[2025-04-28T12:20:48.315+0200][gc,phases     ] GC(7)   Post Evacuate Collection Set: 0.9ms
[2025-04-28T12:20:48.315+0200][gc,phases     ] GC(7)   Other: 0.4ms
[2025-04-28T12:20:48.315+0200][gc,heap       ] GC(7) Eden regions: 48->0(48)
[2025-04-28T12:20:48.315+0200][gc,heap       ] GC(7) Survivor regions: 3->3(7)
[2025-04-28T12:20:48.315+0200][gc,heap       ] GC(7) Old regions: 14->14
[2025-04-28T12:20:48.315+0200][gc,heap       ] GC(7) Humongous regions: 129->129
[2025-04-28T12:20:48.315+0200][gc,metaspace  ] GC(7) Metaspace: 37323K(38860K)->37323K(38860K) NonClass: 32937K(33740K)->32937K(33740K) Class: 4385K(5120K)->4385K(5120K)
[2025-04-28T12:20:48.315+0200][gc            ] GC(7) Pause Young (Normal) (G1 Evacuation Pause) 191M->143M(1024M) 13.561ms
[2025-04-28T12:20:48.315+0200][gc,cpu        ] GC(7) User=0.08s Sys=0.00s Real=0.01s
[2025-04-28T13:59:53.941+0200][gc,start      ] GC(8) Pause Young (Normal) (G1 Evacuation Pause)
[2025-04-28T13:59:53.951+0200][gc,task       ] GC(8) Using 8 workers of 8 for evacuation
[2025-04-28T13:59:53.981+0200][gc,mmu        ] GC(8) MMU target violated: 21.0ms (20.0ms/21.0ms)
[2025-04-28T13:59:53.981+0200][gc,phases     ] GC(8)   Pre Evacuate Collection Set: 0.6ms
[2025-04-28T13:59:53.981+0200][gc,phases     ] GC(8)   Evacuate Collection Set: 19.1ms
[2025-04-28T13:59:53.981+0200][gc,phases     ] GC(8)   Post Evacuate Collection Set: 9.3ms
[2025-04-28T13:59:53.981+0200][gc,phases     ] GC(8)   Other: 11.2ms
[2025-04-28T13:59:53.981+0200][gc,heap       ] GC(8) Eden regions: 48->0(47)
[2025-04-28T13:59:53.981+0200][gc,heap       ] GC(8) Survivor regions: 3->4(7)
[2025-04-28T13:59:53.981+0200][gc,heap       ] GC(8) Old regions: 14->14
[2025-04-28T13:59:53.981+0200][gc,heap       ] GC(8) Humongous regions: 129->129
[2025-04-28T13:59:53.981+0200][gc,metaspace  ] GC(8) Metaspace: 39284K(41420K)->39284K(41420K) NonClass: 34450K(35532K)->34450K(35532K) Class: 4833K(5888K)->4833K(5888K)
[2025-04-28T13:59:53.981+0200][gc            ] GC(8) Pause Young (Normal) (G1 Evacuation Pause) 191M->144M(1024M) 40.376ms
[2025-04-28T13:59:53.981+0200][gc,cpu        ] GC(8) User=0.19s Sys=0.00s Real=0.04s
[2025-04-28T14:06:44.194+0200][gc,start      ] GC(9) Pause Young (Normal) (G1 Evacuation Pause)
[2025-04-28T14:06:44.194+0200][gc,task       ] GC(9) Using 8 workers of 8 for evacuation
[2025-04-28T14:06:44.208+0200][gc,phases     ] GC(9)   Pre Evacuate Collection Set: 0.0ms
[2025-04-28T14:06:44.208+0200][gc,phases     ] GC(9)   Evacuate Collection Set: 12.5ms
[2025-04-28T14:06:44.208+0200][gc,phases     ] GC(9)   Post Evacuate Collection Set: 1.4ms
[2025-04-28T14:06:44.208+0200][gc,phases     ] GC(9)   Other: 0.5ms
[2025-04-28T14:06:44.208+0200][gc,heap       ] GC(9) Eden regions: 47->0(44)
[2025-04-28T14:06:44.208+0200][gc,heap       ] GC(9) Survivor regions: 4->7(7)
[2025-04-28T14:06:44.208+0200][gc,heap       ] GC(9) Old regions: 14->14
[2025-04-28T14:06:44.208+0200][gc,heap       ] GC(9) Humongous regions: 129->129
[2025-04-28T14:06:44.209+0200][gc,metaspace  ] GC(9) Metaspace: 43548K(46284K)->43548K(46284K) NonClass: 37954K(39372K)->37954K(39372K) Class: 5593K(6912K)->5593K(6912K)
[2025-04-28T14:06:44.209+0200][gc            ] GC(9) Pause Young (Normal) (G1 Evacuation Pause) 191M->147M(1024M) 14.757ms
[2025-04-28T14:06:44.209+0200][gc,cpu        ] GC(9) User=0.07s Sys=0.00s Real=0.02s
[2025-04-28T14:14:20.205+0200][gc,start      ] GC(10) Pause Young (Normal) (G1 Evacuation Pause)
[2025-04-28T14:14:20.205+0200][gc,task       ] GC(10) Using 8 workers of 8 for evacuation
[2025-04-28T14:14:20.218+0200][gc,phases     ] GC(10)   Pre Evacuate Collection Set: 0.2ms
[2025-04-28T14:14:20.218+0200][gc,phases     ] GC(10)   Evacuate Collection Set: 10.9ms
[2025-04-28T14:14:20.218+0200][gc,phases     ] GC(10)   Post Evacuate Collection Set: 1.1ms
[2025-04-28T14:14:20.218+0200][gc,phases     ] GC(10)   Other: 0.5ms
[2025-04-28T14:14:20.218+0200][gc,heap       ] GC(10) Eden regions: 44->0(46)
[2025-04-28T14:14:20.218+0200][gc,heap       ] GC(10) Survivor regions: 7->5(7)
[2025-04-28T14:14:20.218+0200][gc,heap       ] GC(10) Old regions: 14->17
[2025-04-28T14:14:20.218+0200][gc,heap       ] GC(10) Humongous regions: 129->129
[2025-04-28T14:14:20.218+0200][gc,metaspace  ] GC(10) Metaspace: 44129K(46924K)->44129K(46924K) NonClass: 38502K(39884K)->38502K(39884K) Class: 5626K(7040K)->5626K(7040K)
[2025-04-28T14:14:20.218+0200][gc            ] GC(10) Pause Young (Normal) (G1 Evacuation Pause) 191M->148M(1024M) 12.971ms
[2025-04-28T14:14:20.218+0200][gc,cpu        ] GC(10) User=0.06s Sys=0.00s Real=0.02s
[2025-04-28T14:22:52.341+0200][gc,start      ] GC(11) Pause Young (Normal) (G1 Evacuation Pause)
[2025-04-28T14:22:52.341+0200][gc,task       ] GC(11) Using 8 workers of 8 for evacuation
[2025-04-28T14:22:52.350+0200][gc,phases     ] GC(11)   Pre Evacuate Collection Set: 0.2ms
[2025-04-28T14:22:52.350+0200][gc,phases     ] GC(11)   Evacuate Collection Set: 7.7ms
[2025-04-28T14:22:52.350+0200][gc,phases     ] GC(11)   Post Evacuate Collection Set: 1.1ms
[2025-04-28T14:22:52.350+0200][gc,phases     ] GC(11)   Other: 0.7ms
[2025-04-28T14:22:52.350+0200][gc,heap       ] GC(11) Eden regions: 46->0(54)
[2025-04-28T14:22:52.350+0200][gc,heap       ] GC(11) Survivor regions: 5->3(7)
[2025-04-28T14:22:52.350+0200][gc,heap       ] GC(11) Old regions: 17->19
[2025-04-28T14:22:52.351+0200][gc,heap       ] GC(11) Humongous regions: 129->129
[2025-04-28T14:22:52.351+0200][gc,metaspace  ] GC(11) Metaspace: 44187K(47180K)->44187K(47180K) NonClass: 38561K(40140K)->38561K(40140K) Class: 5626K(7040K)->5626K(7040K)
[2025-04-28T14:22:52.351+0200][gc            ] GC(11) Pause Young (Normal) (G1 Evacuation Pause) 194M->148M(1024M) 9.886ms
[2025-04-28T14:22:52.351+0200][gc,cpu        ] GC(11) User=0.04s Sys=0.00s Real=0.01s
[2025-04-28T14:33:28.246+0200][gc,start      ] GC(12) Pause Young (Normal) (G1 Evacuation Pause)
[2025-04-28T14:33:28.246+0200][gc,task       ] GC(12) Using 8 workers of 8 for evacuation
[2025-04-28T14:33:28.260+0200][gc,phases     ] GC(12)   Pre Evacuate Collection Set: 0.2ms
[2025-04-28T14:33:28.260+0200][gc,phases     ] GC(12)   Evacuate Collection Set: 12.5ms
[2025-04-28T14:33:28.260+0200][gc,phases     ] GC(12)   Post Evacuate Collection Set: 1.1ms
[2025-04-28T14:33:28.260+0200][gc,phases     ] GC(12)   Other: 0.5ms
[2025-04-28T14:33:28.260+0200][gc,heap       ] GC(12) Eden regions: 54->0(73)
[2025-04-28T14:33:28.260+0200][gc,heap       ] GC(12) Survivor regions: 3->4(8)
[2025-04-28T14:33:28.260+0200][gc,heap       ] GC(12) Old regions: 19->19
[2025-04-28T14:33:28.260+0200][gc,heap       ] GC(12) Humongous regions: 129->129
[2025-04-28T14:33:28.260+0200][gc,metaspace  ] GC(12) Metaspace: 44252K(47180K)->44252K(47180K) NonClass: 38625K(40140K)->38625K(40140K) Class: 5626K(7040K)->5626K(7040K)
[2025-04-28T14:33:28.260+0200][gc            ] GC(12) Pause Young (Normal) (G1 Evacuation Pause) 202M->149M(1024M) 14.422ms
[2025-04-28T14:33:28.260+0200][gc,cpu        ] GC(12) User=0.10s Sys=0.00s Real=0.02s
[2025-04-28T14:48:11.145+0200][gc,start      ] GC(13) Pause Young (Normal) (G1 Evacuation Pause)
[2025-04-28T14:48:11.145+0200][gc,task       ] GC(13) Using 8 workers of 8 for evacuation
[2025-04-28T14:48:11.168+0200][gc,mmu        ] GC(13) MMU target violated: 21.0ms (20.0ms/21.0ms)
[2025-04-28T14:48:11.168+0200][gc,phases     ] GC(13)   Pre Evacuate Collection Set: 0.6ms
[2025-04-28T14:48:11.168+0200][gc,phases     ] GC(13)   Evacuate Collection Set: 12.2ms
[2025-04-28T14:48:11.168+0200][gc,phases     ] GC(13)   Post Evacuate Collection Set: 9.4ms
[2025-04-28T14:48:11.168+0200][gc,phases     ] GC(13)   Other: 0.7ms
[2025-04-28T14:48:11.168+0200][gc,heap       ] GC(13) Eden regions: 73->0(254)
[2025-04-28T14:48:11.168+0200][gc,heap       ] GC(13) Survivor regions: 4->3(10)
[2025-04-28T14:48:11.168+0200][gc,heap       ] GC(13) Old regions: 19->19
[2025-04-28T14:48:11.168+0200][gc,heap       ] GC(13) Humongous regions: 129->129
[2025-04-28T14:48:11.168+0200][gc,metaspace  ] GC(13) Metaspace: 44320K(47180K)->44320K(47180K) NonClass: 38693K(40140K)->38693K(40140K) Class: 5626K(7040K)->5626K(7040K)
[2025-04-28T14:48:11.168+0200][gc            ] GC(13) Pause Young (Normal) (G1 Evacuation Pause) 222M->149M(1024M) 22.905ms
[2025-04-28T14:48:11.168+0200][gc,cpu        ] GC(13) User=0.14s Sys=0.00s Real=0.02s
[2025-04-28T15:37:59.194+0200][gc,start      ] GC(14) Pause Young (Normal) (G1 Evacuation Pause)
[2025-04-28T15:37:59.194+0200][gc,task       ] GC(14) Using 8 workers of 8 for evacuation
[2025-04-28T15:37:59.224+0200][gc,mmu        ] GC(14) MMU target violated: 21.0ms (20.0ms/21.0ms)
[2025-04-28T15:37:59.224+0200][gc,phases     ] GC(14)   Pre Evacuate Collection Set: 0.3ms
[2025-04-28T15:37:59.224+0200][gc,phases     ] GC(14)   Evacuate Collection Set: 28.0ms
[2025-04-28T15:37:59.224+0200][gc,phases     ] GC(14)   Post Evacuate Collection Set: 1.1ms
[2025-04-28T15:37:59.224+0200][gc,phases     ] GC(14)   Other: 0.8ms
[2025-04-28T15:37:59.224+0200][gc,heap       ] GC(14) Eden regions: 254->0(46)
[2025-04-28T15:37:59.224+0200][gc,heap       ] GC(14) Survivor regions: 3->5(33)
[2025-04-28T15:37:59.224+0200][gc,heap       ] GC(14) Old regions: 19->19
[2025-04-28T15:37:59.224+0200][gc,heap       ] GC(14) Humongous regions: 129->129
[2025-04-28T15:37:59.224+0200][gc,metaspace  ] GC(14) Metaspace: 44721K(47692K)->44721K(47692K) NonClass: 39094K(40652K)->39094K(40652K) Class: 5627K(7040K)->5627K(7040K)
[2025-04-28T15:37:59.224+0200][gc            ] GC(14) Pause Young (Normal) (G1 Evacuation Pause) 403M->151M(1024M) 30.509ms
[2025-04-28T15:37:59.224+0200][gc,cpu        ] GC(14) User=0.22s Sys=0.00s Real=0.03s
[2025-04-28T15:47:26.737+0200][gc,start      ] GC(15) Pause Young (Normal) (G1 Evacuation Pause)
[2025-04-28T15:47:26.737+0200][gc,task       ] GC(15) Using 8 workers of 8 for evacuation
[2025-04-28T15:47:26.746+0200][gc,phases     ] GC(15)   Pre Evacuate Collection Set: 0.1ms
[2025-04-28T15:47:26.746+0200][gc,phases     ] GC(15)   Evacuate Collection Set: 8.4ms
[2025-04-28T15:47:26.746+0200][gc,phases     ] GC(15)   Post Evacuate Collection Set: 0.7ms
[2025-04-28T15:47:26.746+0200][gc,phases     ] GC(15)   Other: 0.5ms
[2025-04-28T15:47:26.746+0200][gc,heap       ] GC(15) Eden regions: 46->0(50)
[2025-04-28T15:47:26.746+0200][gc,heap       ] GC(15) Survivor regions: 5->4(7)
[2025-04-28T15:47:26.746+0200][gc,heap       ] GC(15) Old regions: 19->20
[2025-04-28T15:47:26.746+0200][gc,heap       ] GC(15) Humongous regions: 129->129
[2025-04-28T15:47:26.747+0200][gc,metaspace  ] GC(15) Metaspace: 44729K(47692K)->44729K(47692K) NonClass: 39102K(40652K)->39102K(40652K) Class: 5627K(7040K)->5627K(7040K)
[2025-04-28T15:47:26.747+0200][gc            ] GC(15) Pause Young (Normal) (G1 Evacuation Pause) 197M->151M(1024M) 9.876ms
[2025-04-28T15:47:26.747+0200][gc,cpu        ] GC(15) User=0.06s Sys=0.00s Real=0.00s
[2025-04-28T15:57:45.988+0200][gc,start      ] GC(16) Pause Young (Normal) (G1 Evacuation Pause)
[2025-04-28T15:57:45.988+0200][gc,task       ] GC(16) Using 8 workers of 8 for evacuation
[2025-04-28T15:57:46.001+0200][gc,phases     ] GC(16)   Pre Evacuate Collection Set: 0.8ms
[2025-04-28T15:57:46.001+0200][gc,phases     ] GC(16)   Evacuate Collection Set: 11.1ms
[2025-04-28T15:57:46.001+0200][gc,phases     ] GC(16)   Post Evacuate Collection Set: 0.6ms
[2025-04-28T15:57:46.001+0200][gc,phases     ] GC(16)   Other: 0.6ms
[2025-04-28T15:57:46.001+0200][gc,heap       ] GC(16) Eden regions: 50->0(63)
[2025-04-28T15:57:46.001+0200][gc,heap       ] GC(16) Survivor regions: 4->2(7)
[2025-04-28T15:57:46.001+0200][gc,heap       ] GC(16) Old regions: 20->22
[2025-04-28T15:57:46.001+0200][gc,heap       ] GC(16) Humongous regions: 129->129
[2025-04-28T15:57:46.001+0200][gc,metaspace  ] GC(16) Metaspace: 44878K(47948K)->44878K(47948K) NonClass: 39251K(40908K)->39251K(40908K) Class: 5627K(7040K)->5627K(7040K)
[2025-04-28T15:57:46.001+0200][gc            ] GC(16) Pause Young (Normal) (G1 Evacuation Pause) 201M->151M(1024M) 13.266ms
[2025-04-28T15:57:46.001+0200][gc,cpu        ] GC(16) User=0.07s Sys=0.00s Real=0.02s
[2025-04-28T16:10:06.185+0200][gc,start      ] GC(17) Pause Young (Normal) (G1 Evacuation Pause)
[2025-04-28T16:10:06.185+0200][gc,task       ] GC(17) Using 8 workers of 8 for evacuation
[2025-04-28T16:10:06.200+0200][gc,phases     ] GC(17)   Pre Evacuate Collection Set: 0.3ms
[2025-04-28T16:10:06.200+0200][gc,phases     ] GC(17)   Evacuate Collection Set: 12.9ms
[2025-04-28T16:10:06.200+0200][gc,phases     ] GC(17)   Post Evacuate Collection Set: 0.7ms
[2025-04-28T16:10:06.200+0200][gc,phases     ] GC(17)   Other: 0.5ms
[2025-04-28T16:10:06.200+0200][gc,heap       ] GC(17) Eden regions: 63->0(64)
[2025-04-28T16:10:06.200+0200][gc,heap       ] GC(17) Survivor regions: 2->5(9)
[2025-04-28T16:10:06.200+0200][gc,heap       ] GC(17) Old regions: 22->22
[2025-04-28T16:10:06.200+0200][gc,heap       ] GC(17) Humongous regions: 129->129
[2025-04-28T16:10:06.200+0200][gc,metaspace  ] GC(17) Metaspace: 44947K(47948K)->44947K(47948K) NonClass: 39301K(40908K)->39301K(40908K) Class: 5645K(7040K)->5645K(7040K)
[2025-04-28T16:10:06.200+0200][gc            ] GC(17) Pause Young (Normal) (G1 Evacuation Pause) 214M->153M(1024M) 14.593ms
[2025-04-28T16:10:06.200+0200][gc,cpu        ] GC(17) User=0.09s Sys=0.00s Real=0.02s
[2025-04-28T16:21:43.263+0200][gc,start      ] GC(18) Pause Young (Normal) (G1 Evacuation Pause)
[2025-04-28T16:21:43.293+0200][gc,task       ] GC(18) Using 8 workers of 8 for evacuation
[2025-04-28T16:21:43.401+0200][gc,mmu        ] GC(18) MMU target violated: 21.0ms (20.0ms/21.0ms)
[2025-04-28T16:21:43.401+0200][gc,phases     ] GC(18)   Pre Evacuate Collection Set: 0.4ms
[2025-04-28T16:21:43.401+0200][gc,phases     ] GC(18)   Evacuate Collection Set: 70.5ms
[2025-04-28T16:21:43.401+0200][gc,phases     ] GC(18)   Post Evacuate Collection Set: 0.7ms
[2025-04-28T16:21:43.402+0200][gc,phases     ] GC(18)   Other: 67.0ms
[2025-04-28T16:21:43.402+0200][gc,heap       ] GC(18) Eden regions: 63->0(46)
[2025-04-28T16:21:43.402+0200][gc,heap       ] GC(18) Survivor regions: 5->5(9)
[2025-04-28T16:21:43.402+0200][gc,heap       ] GC(18) Old regions: 22->22
[2025-04-28T16:21:43.402+0200][gc,heap       ] GC(18) Humongous regions: 129->129
[2025-04-28T16:21:43.402+0200][gc,metaspace  ] GC(18) Metaspace: 45133K(48204K)->45133K(48204K) NonClass: 39472K(41164K)->39472K(41164K) Class: 5660K(7040K)->5660K(7040K)
[2025-04-28T16:21:43.507+0200][gc            ] GC(18) Pause Young (Normal) (G1 Evacuation Pause) 216M->153M(1024M) 244.116ms
[2025-04-28T16:21:43.507+0200][gc,cpu        ] GC(18) User=0.42s Sys=0.00s Real=0.24s
[2025-04-28T16:30:34.193+0200][gc,start      ] GC(19) Pause Young (Normal) (G1 Evacuation Pause)
[2025-04-28T16:30:34.193+0200][gc,task       ] GC(19) Using 8 workers of 8 for evacuation
[2025-04-28T16:30:34.249+0200][gc,mmu        ] GC(19) MMU target violated: 21.0ms (20.0ms/21.0ms)
[2025-04-28T16:30:34.249+0200][gc,phases     ] GC(19)   Pre Evacuate Collection Set: 0.2ms
[2025-04-28T16:30:34.249+0200][gc,phases     ] GC(19)   Evacuate Collection Set: 51.3ms
[2025-04-28T16:30:34.249+0200][gc,phases     ] GC(19)   Post Evacuate Collection Set: 3.5ms
[2025-04-28T16:30:34.249+0200][gc,phases     ] GC(19)   Other: 0.5ms
[2025-04-28T16:30:34.249+0200][gc,heap       ] GC(19) Eden regions: 46->0(46)
[2025-04-28T16:30:34.249+0200][gc,heap       ] GC(19) Survivor regions: 5->5(7)
[2025-04-28T16:30:34.249+0200][gc,heap       ] GC(19) Old regions: 22->22
[2025-04-28T16:30:34.249+0200][gc,heap       ] GC(19) Humongous regions: 129->129
[2025-04-28T16:30:34.249+0200][gc,metaspace  ] GC(19) Metaspace: 45194K(48204K)->45194K(48204K) NonClass: 39529K(41164K)->39529K(41164K) Class: 5664K(7040K)->5664K(7040K)
[2025-04-28T16:30:34.249+0200][gc            ] GC(19) Pause Young (Normal) (G1 Evacuation Pause) 199M->153M(1024M) 55.747ms
[2025-04-28T16:30:34.249+0200][gc,cpu        ] GC(19) User=0.07s Sys=0.00s Real=0.06s
[2025-04-28T16:39:50.449+0200][gc,start      ] GC(20) Pause Young (Normal) (G1 Evacuation Pause)
[2025-04-28T16:39:50.449+0200][gc,task       ] GC(20) Using 8 workers of 8 for evacuation
[2025-04-28T16:39:50.469+0200][gc,phases     ] GC(20)   Pre Evacuate Collection Set: 0.3ms
[2025-04-28T16:39:50.469+0200][gc,phases     ] GC(20)   Evacuate Collection Set: 11.3ms
[2025-04-28T16:39:50.469+0200][gc,phases     ] GC(20)   Post Evacuate Collection Set: 7.8ms
[2025-04-28T16:39:50.469+0200][gc,phases     ] GC(20)   Other: 0.5ms
[2025-04-28T16:39:50.469+0200][gc,heap       ] GC(20) Eden regions: 46->0(48)
[2025-04-28T16:39:50.469+0200][gc,heap       ] GC(20) Survivor regions: 5->3(7)
[2025-04-28T16:39:50.469+0200][gc,heap       ] GC(20) Old regions: 22->23
[2025-04-28T16:39:50.469+0200][gc,heap       ] GC(20) Humongous regions: 129->129
[2025-04-28T16:39:50.469+0200][gc,metaspace  ] GC(20) Metaspace: 45210K(48204K)->45210K(48204K) NonClass: 39545K(41164K)->39545K(41164K) Class: 5664K(7040K)->5664K(7040K)
[2025-04-28T16:39:50.469+0200][gc            ] GC(20) Pause Young (Normal) (G1 Evacuation Pause) 199M->153M(1024M) 20.166ms
[2025-04-28T16:39:50.469+0200][gc,cpu        ] GC(20) User=0.10s Sys=0.00s Real=0.02s
[2025-04-28T16:49:00.920+0200][gc,start      ] GC(21) Pause Young (Normal) (G1 Evacuation Pause)
[2025-04-28T16:49:00.920+0200][gc,task       ] GC(21) Using 8 workers of 8 for evacuation
[2025-04-28T16:49:00.942+0200][gc,mmu        ] GC(21) MMU target violated: 21.0ms (20.0ms/21.0ms)
[2025-04-28T16:49:00.942+0200][gc,phases     ] GC(21)   Pre Evacuate Collection Set: 0.3ms
[2025-04-28T16:49:00.942+0200][gc,phases     ] GC(21)   Evacuate Collection Set: 20.5ms
[2025-04-28T16:49:00.942+0200][gc,phases     ] GC(21)   Post Evacuate Collection Set: 0.9ms
[2025-04-28T16:49:00.942+0200][gc,phases     ] GC(21)   Other: 0.5ms
[2025-04-28T16:49:00.942+0200][gc,heap       ] GC(21) Eden regions: 48->0(47)
[2025-04-28T16:49:00.942+0200][gc,heap       ] GC(21) Survivor regions: 3->4(7)
[2025-04-28T16:49:00.942+0200][gc,heap       ] GC(21) Old regions: 23->23
[2025-04-28T16:49:00.942+0200][gc,heap       ] GC(21) Humongous regions: 129->129
[2025-04-28T16:49:00.942+0200][gc,metaspace  ] GC(21) Metaspace: 45226K(48204K)->45226K(48204K) NonClass: 39561K(41164K)->39561K(41164K) Class: 5664K(7040K)->5664K(7040K)
[2025-04-28T16:49:00.942+0200][gc            ] GC(21) Pause Young (Normal) (G1 Evacuation Pause) 201M->153M(1024M) 22.397ms
[2025-04-28T16:49:00.942+0200][gc,cpu        ] GC(21) User=0.15s Sys=0.00s Real=0.02s
[2025-04-28T16:58:23.711+0200][gc,start      ] GC(22) Pause Young (Normal) (G1 Evacuation Pause)
[2025-04-28T16:58:23.711+0200][gc,task       ] GC(22) Using 8 workers of 8 for evacuation
[2025-04-28T16:58:23.734+0200][gc,mmu        ] GC(22) MMU target violated: 21.0ms (20.0ms/21.0ms)
[2025-04-28T16:58:23.734+0200][gc,phases     ] GC(22)   Pre Evacuate Collection Set: 0.3ms
[2025-04-28T16:58:23.734+0200][gc,phases     ] GC(22)   Evacuate Collection Set: 21.9ms
[2025-04-28T16:58:23.734+0200][gc,phases     ] GC(22)   Post Evacuate Collection Set: 0.7ms
[2025-04-28T16:58:23.734+0200][gc,phases     ] GC(22)   Other: 0.5ms
[2025-04-28T16:58:23.735+0200][gc,heap       ] GC(22) Eden regions: 47->0(47)
[2025-04-28T16:58:23.735+0200][gc,heap       ] GC(22) Survivor regions: 4->4(7)
[2025-04-28T16:58:23.735+0200][gc,heap       ] GC(22) Old regions: 23->23
[2025-04-28T16:58:23.735+0200][gc,heap       ] GC(22) Humongous regions: 129->129
[2025-04-28T16:58:23.735+0200][gc,metaspace  ] GC(22) Metaspace: 45229K(48204K)->45229K(48204K) NonClass: 39564K(41164K)->39564K(41164K) Class: 5664K(7040K)->5664K(7040K)
[2025-04-28T16:58:23.735+0200][gc            ] GC(22) Pause Young (Normal) (G1 Evacuation Pause) 200M->154M(1024M) 23.556ms
[2025-04-28T16:58:23.735+0200][gc,cpu        ] GC(22) User=0.15s Sys=0.00s Real=0.02s
[2025-04-28T17:06:57.381+0200][gc,start      ] GC(23) Pause Young (Normal) (G1 Evacuation Pause)
[2025-04-28T17:06:57.381+0200][gc,task       ] GC(23) Using 8 workers of 8 for evacuation
[2025-04-28T17:06:57.415+0200][gc,mmu        ] GC(23) MMU target violated: 21.0ms (20.0ms/21.0ms)
[2025-04-28T17:06:57.415+0200][gc,phases     ] GC(23)   Pre Evacuate Collection Set: 0.1ms
[2025-04-28T17:06:57.415+0200][gc,phases     ] GC(23)   Evacuate Collection Set: 33.2ms
[2025-04-28T17:06:57.415+0200][gc,phases     ] GC(23)   Post Evacuate Collection Set: 0.6ms
[2025-04-28T17:06:57.415+0200][gc,phases     ] GC(23)   Other: 0.6ms
[2025-04-28T17:06:57.415+0200][gc,heap       ] GC(23) Eden regions: 47->0(45)
[2025-04-28T17:06:57.415+0200][gc,heap       ] GC(23) Survivor regions: 4->6(7)
[2025-04-28T17:06:57.415+0200][gc,heap       ] GC(23) Old regions: 23->24
[2025-04-28T17:06:57.415+0200][gc,heap       ] GC(23) Humongous regions: 129->129
[2025-04-28T17:06:57.415+0200][gc,metaspace  ] GC(23) Metaspace: 45230K(48204K)->45230K(48204K) NonClass: 39565K(41164K)->39565K(41164K) Class: 5664K(7040K)->5664K(7040K)
[2025-04-28T17:06:57.415+0200][gc            ] GC(23) Pause Young (Normal) (G1 Evacuation Pause) 201M->156M(1024M) 34.740ms
[2025-04-28T17:06:57.415+0200][gc,cpu        ] GC(23) User=0.14s Sys=0.01s Real=0.03s
[2025-04-28T17:15:54.584+0200][gc,start      ] GC(24) Pause Young (Normal) (G1 Evacuation Pause)
[2025-04-28T17:15:54.584+0200][gc,task       ] GC(24) Using 8 workers of 8 for evacuation
[2025-04-28T17:15:54.613+0200][gc,mmu        ] GC(24) MMU target violated: 21.0ms (20.0ms/21.0ms)
[2025-04-28T17:15:54.613+0200][gc,phases     ] GC(24)   Pre Evacuate Collection Set: 0.2ms
[2025-04-28T17:15:54.613+0200][gc,phases     ] GC(24)   Evacuate Collection Set: 27.5ms
[2025-04-28T17:15:54.613+0200][gc,phases     ] GC(24)   Post Evacuate Collection Set: 0.7ms
[2025-04-28T17:15:54.613+0200][gc,phases     ] GC(24)   Other: 0.8ms
[2025-04-28T17:15:54.613+0200][gc,heap       ] GC(24) Eden regions: 45->0(47)
[2025-04-28T17:15:54.613+0200][gc,heap       ] GC(24) Survivor regions: 6->4(7)
[2025-04-28T17:15:54.613+0200][gc,heap       ] GC(24) Old regions: 24->27
[2025-04-28T17:15:54.613+0200][gc,heap       ] GC(24) Humongous regions: 129->129
[2025-04-28T17:15:54.613+0200][gc,metaspace  ] GC(24) Metaspace: 45237K(48204K)->45237K(48204K) NonClass: 39573K(41164K)->39573K(41164K) Class: 5664K(7040K)->5664K(7040K)
[2025-04-28T17:15:54.613+0200][gc            ] GC(24) Pause Young (Normal) (G1 Evacuation Pause) 201M->158M(1024M) 29.402ms
[2025-04-28T17:15:54.613+0200][gc,cpu        ] GC(24) User=0.08s Sys=0.02s Real=0.03s
[2025-04-28T17:25:23.760+0200][gc,start      ] GC(25) Pause Young (Normal) (G1 Evacuation Pause)
[2025-04-28T17:25:23.760+0200][gc,task       ] GC(25) Using 8 workers of 8 for evacuation
[2025-04-28T17:25:23.778+0200][gc,phases     ] GC(25)   Pre Evacuate Collection Set: 0.4ms
[2025-04-28T17:25:23.778+0200][gc,phases     ] GC(25)   Evacuate Collection Set: 16.3ms
[2025-04-28T17:25:23.778+0200][gc,phases     ] GC(25)   Post Evacuate Collection Set: 0.9ms
[2025-04-28T17:25:23.778+0200][gc,phases     ] GC(25)   Other: 0.6ms
[2025-04-28T17:25:23.779+0200][gc,heap       ] GC(25) Eden regions: 47->0(44)
[2025-04-28T17:25:23.779+0200][gc,heap       ] GC(25) Survivor regions: 4->7(7)
[2025-04-28T17:25:23.779+0200][gc,heap       ] GC(25) Old regions: 27->27
[2025-04-28T17:25:23.779+0200][gc,heap       ] GC(25) Humongous regions: 129->129
[2025-04-28T17:25:23.779+0200][gc,metaspace  ] GC(25) Metaspace: 45244K(48204K)->45244K(48204K) NonClass: 39579K(41164K)->39579K(41164K) Class: 5664K(7040K)->5664K(7040K)
[2025-04-28T17:25:23.779+0200][gc            ] GC(25) Pause Young (Normal) (G1 Evacuation Pause) 205M->160M(1024M) 18.400ms
[2025-04-28T17:25:23.779+0200][gc,cpu        ] GC(25) User=0.12s Sys=0.00s Real=0.02s
[2025-04-28T17:34:09.208+0200][gc,start      ] GC(26) Pause Young (Normal) (G1 Evacuation Pause)
[2025-04-28T17:34:09.216+0200][gc,task       ] GC(26) Using 8 workers of 8 for evacuation
[2025-04-28T17:34:09.254+0200][gc,mmu        ] GC(26) MMU target violated: 21.0ms (20.0ms/21.0ms)
[2025-04-28T17:34:09.255+0200][gc,phases     ] GC(26)   Pre Evacuate Collection Set: 0.3ms
[2025-04-28T17:34:09.255+0200][gc,phases     ] GC(26)   Evacuate Collection Set: 37.5ms
[2025-04-28T17:34:09.255+0200][gc,phases     ] GC(26)   Post Evacuate Collection Set: 0.6ms
[2025-04-28T17:34:09.255+0200][gc,phases     ] GC(26)   Other: 10.4ms
[2025-04-28T17:34:09.255+0200][gc,heap       ] GC(26) Eden regions: 44->0(47)
[2025-04-28T17:34:09.255+0200][gc,heap       ] GC(26) Survivor regions: 7->4(7)
[2025-04-28T17:34:09.255+0200][gc,heap       ] GC(26) Old regions: 27->31
[2025-04-28T17:34:09.255+0200][gc,heap       ] GC(26) Humongous regions: 129->129
[2025-04-28T17:34:09.255+0200][gc,metaspace  ] GC(26) Metaspace: 45253K(48204K)->45253K(48204K) NonClass: 39587K(41164K)->39587K(41164K) Class: 5665K(7040K)->5665K(7040K)
[2025-04-28T17:34:09.255+0200][gc            ] GC(26) Pause Young (Normal) (G1 Evacuation Pause) 204M->162M(1024M) 46.769ms
[2025-04-28T17:34:09.255+0200][gc,cpu        ] GC(26) User=0.07s Sys=0.00s Real=0.05s
[2025-04-28T17:43:37.967+0200][gc,start      ] GC(27) Pause Young (Normal) (G1 Evacuation Pause)
[2025-04-28T17:43:37.967+0200][gc,task       ] GC(27) Using 8 workers of 8 for evacuation
[2025-04-28T17:43:37.984+0200][gc,phases     ] GC(27)   Pre Evacuate Collection Set: 0.4ms
[2025-04-28T17:43:37.984+0200][gc,phases     ] GC(27)   Evacuate Collection Set: 15.2ms
[2025-04-28T17:43:37.984+0200][gc,phases     ] GC(27)   Post Evacuate Collection Set: 0.7ms
[2025-04-28T17:43:37.984+0200][gc,phases     ] GC(27)   Other: 0.5ms
[2025-04-28T17:43:37.984+0200][gc,heap       ] GC(27) Eden regions: 47->0(44)
[2025-04-28T17:43:37.984+0200][gc,heap       ] GC(27) Survivor regions: 4->7(7)
[2025-04-28T17:43:37.984+0200][gc,heap       ] GC(27) Old regions: 31->31
[2025-04-28T17:43:37.984+0200][gc,heap       ] GC(27) Humongous regions: 129->129
[2025-04-28T17:43:37.984+0200][gc,metaspace  ] GC(27) Metaspace: 45254K(48204K)->45254K(48204K) NonClass: 39588K(41164K)->39588K(41164K) Class: 5665K(7040K)->5665K(7040K)
[2025-04-28T17:43:37.984+0200][gc            ] GC(27) Pause Young (Normal) (G1 Evacuation Pause) 209M->165M(1024M) 16.900ms
[2025-04-28T17:43:37.984+0200][gc,cpu        ] GC(27) User=0.12s Sys=0.00s Real=0.02s
[2025-04-28T17:52:30.900+0200][gc,start      ] GC(28) Pause Young (Normal) (G1 Evacuation Pause)
[2025-04-28T17:52:30.900+0200][gc,task       ] GC(28) Using 8 workers of 8 for evacuation
[2025-04-28T17:52:31.005+0200][gc,mmu        ] GC(28) MMU target violated: 21.0ms (20.0ms/21.0ms)
[2025-04-28T17:52:31.006+0200][gc,phases     ] GC(28)   Pre Evacuate Collection Set: 0.4ms
[2025-04-28T17:52:31.006+0200][gc,phases     ] GC(28)   Evacuate Collection Set: 103.7ms
[2025-04-28T17:52:31.006+0200][gc,phases     ] GC(28)   Post Evacuate Collection Set: 0.9ms
[2025-04-28T17:52:31.006+0200][gc,phases     ] GC(28)   Other: 0.6ms
[2025-04-28T17:52:31.006+0200][gc,heap       ] GC(28) Eden regions: 44->0(46)
[2025-04-28T17:52:31.006+0200][gc,heap       ] GC(28) Survivor regions: 7->5(7)
[2025-04-28T17:52:31.006+0200][gc,heap       ] GC(28) Old regions: 31->38
[2025-04-28T17:52:31.006+0200][gc,heap       ] GC(28) Humongous regions: 129->129
[2025-04-28T17:52:31.006+0200][gc,metaspace  ] GC(28) Metaspace: 45262K(48204K)->45262K(48204K) NonClass: 39596K(41164K)->39596K(41164K) Class: 5665K(7040K)->5665K(7040K)
[2025-04-28T17:52:31.006+0200][gc            ] GC(28) Pause Young (Normal) (G1 Evacuation Pause) 209M->169M(1024M) 105.745ms
[2025-04-28T17:52:31.006+0200][gc,cpu        ] GC(28) User=0.23s Sys=0.15s Real=0.10s
[2025-04-28T18:01:36.175+0200][gc,start      ] GC(29) Pause Young (Normal) (G1 Evacuation Pause)
[2025-04-28T18:01:36.175+0200][gc,task       ] GC(29) Using 8 workers of 8 for evacuation
[2025-04-28T18:01:36.197+0200][gc,mmu        ] GC(29) MMU target violated: 21.0ms (20.0ms/21.0ms)
[2025-04-28T18:01:36.197+0200][gc,phases     ] GC(29)   Pre Evacuate Collection Set: 0.4ms
[2025-04-28T18:01:36.197+0200][gc,phases     ] GC(29)   Evacuate Collection Set: 20.3ms
[2025-04-28T18:01:36.197+0200][gc,phases     ] GC(29)   Post Evacuate Collection Set: 0.6ms
[2025-04-28T18:01:36.197+0200][gc,phases     ] GC(29)   Other: 0.6ms
[2025-04-28T18:01:36.197+0200][gc,heap       ] GC(29) Eden regions: 46->0(45)
[2025-04-28T18:01:36.197+0200][gc,heap       ] GC(29) Survivor regions: 5->6(7)
[2025-04-28T18:01:36.197+0200][gc,heap       ] GC(29) Old regions: 38->41
[2025-04-28T18:01:36.197+0200][gc,heap       ] GC(29) Humongous regions: 129->129
[2025-04-28T18:01:36.197+0200][gc,metaspace  ] GC(29) Metaspace: 45262K(48204K)->45262K(48204K) NonClass: 39596K(41164K)->39596K(41164K) Class: 5665K(7040K)->5665K(7040K)
[2025-04-28T18:01:36.197+0200][gc            ] GC(29) Pause Young (Normal) (G1 Evacuation Pause) 215M->173M(1024M) 22.065ms
[2025-04-28T18:01:36.198+0200][gc,cpu        ] GC(29) User=0.13s Sys=0.01s Real=0.03s
[2025-04-28T18:09:50.025+0200][gc,start      ] GC(30) Pause Young (Normal) (G1 Evacuation Pause)
[2025-04-28T18:09:50.025+0200][gc,task       ] GC(30) Using 8 workers of 8 for evacuation
[2025-04-28T18:09:50.067+0200][gc,mmu        ] GC(30) MMU target violated: 21.0ms (20.0ms/21.0ms)
[2025-04-28T18:09:50.067+0200][gc,phases     ] GC(30)   Pre Evacuate Collection Set: 0.4ms
[2025-04-28T18:09:50.067+0200][gc,phases     ] GC(30)   Evacuate Collection Set: 40.5ms
[2025-04-28T18:09:50.067+0200][gc,phases     ] GC(30)   Post Evacuate Collection Set: 0.7ms
[2025-04-28T18:09:50.067+0200][gc,phases     ] GC(30)   Other: 0.6ms
[2025-04-28T18:09:50.067+0200][gc,heap       ] GC(30) Eden regions: 45->0(45)
[2025-04-28T18:09:50.067+0200][gc,heap       ] GC(30) Survivor regions: 6->6(7)
[2025-04-28T18:09:50.067+0200][gc,heap       ] GC(30) Old regions: 41->45
[2025-04-28T18:09:50.067+0200][gc,heap       ] GC(30) Humongous regions: 129->129
[2025-04-28T18:09:50.067+0200][gc,metaspace  ] GC(30) Metaspace: 45263K(48204K)->45263K(48204K) NonClass: 39598K(41164K)->39598K(41164K) Class: 5665K(7040K)->5665K(7040K)
[2025-04-28T18:09:50.067+0200][gc            ] GC(30) Pause Young (Normal) (G1 Evacuation Pause) 218M->178M(1024M) 42.490ms
[2025-04-28T18:09:50.067+0200][gc,cpu        ] GC(30) User=0.15s Sys=0.01s Real=0.04s
[2025-04-28T18:18:39.193+0200][gc,start      ] GC(31) Pause Young (Normal) (G1 Evacuation Pause)
[2025-04-28T18:18:39.194+0200][gc,task       ] GC(31) Using 8 workers of 8 for evacuation
[2025-04-28T18:18:39.213+0200][gc,phases     ] GC(31)   Pre Evacuate Collection Set: 0.1ms
[2025-04-28T18:18:39.213+0200][gc,phases     ] GC(31)   Evacuate Collection Set: 18.2ms
[2025-04-28T18:18:39.213+0200][gc,phases     ] GC(31)   Post Evacuate Collection Set: 0.6ms
[2025-04-28T18:18:39.213+0200][gc,phases     ] GC(31)   Other: 0.5ms
[2025-04-28T18:18:39.213+0200][gc,heap       ] GC(31) Eden regions: 45->0(47)
[2025-04-28T18:18:39.213+0200][gc,heap       ] GC(31) Survivor regions: 6->4(7)
[2025-04-28T18:18:39.213+0200][gc,heap       ] GC(31) Old regions: 45->49
[2025-04-28T18:18:39.213+0200][gc,heap       ] GC(31) Humongous regions: 129->129
[2025-04-28T18:18:39.213+0200][gc,metaspace  ] GC(31) Metaspace: 45265K(48204K)->45265K(48204K) NonClass: 39600K(41164K)->39600K(41164K) Class: 5665K(7040K)->5665K(7040K)
[2025-04-28T18:18:39.213+0200][gc            ] GC(31) Pause Young (Normal) (G1 Evacuation Pause) 223M->179M(1024M) 19.612ms
[2025-04-28T18:18:39.213+0200][gc,cpu        ] GC(31) User=0.13s Sys=0.00s Real=0.02s
[2025-04-28T18:28:08.026+0200][gc,start      ] GC(32) Pause Young (Normal) (G1 Evacuation Pause)
[2025-04-28T18:28:08.026+0200][gc,task       ] GC(32) Using 8 workers of 8 for evacuation
[2025-04-28T18:28:08.038+0200][gc,phases     ] GC(32)   Pre Evacuate Collection Set: 0.2ms
[2025-04-28T18:28:08.038+0200][gc,phases     ] GC(32)   Evacuate Collection Set: 10.5ms
[2025-04-28T18:28:08.038+0200][gc,phases     ] GC(32)   Post Evacuate Collection Set: 0.7ms
[2025-04-28T18:28:08.038+0200][gc,phases     ] GC(32)   Other: 0.5ms
[2025-04-28T18:28:08.038+0200][gc,heap       ] GC(32) Eden regions: 47->0(44)
[2025-04-28T18:28:08.038+0200][gc,heap       ] GC(32) Survivor regions: 4->7(7)
[2025-04-28T18:28:08.038+0200][gc,heap       ] GC(32) Old regions: 49->49
[2025-04-28T18:28:08.038+0200][gc,heap       ] GC(32) Humongous regions: 129->129
[2025-04-28T18:28:08.038+0200][gc,metaspace  ] GC(32) Metaspace: 45268K(48204K)->45268K(48204K) NonClass: 39603K(41164K)->39603K(41164K) Class: 5665K(7040K)->5665K(7040K)
[2025-04-28T18:28:08.038+0200][gc            ] GC(32) Pause Young (Normal) (G1 Evacuation Pause) 226M->182M(1024M) 12.132ms
[2025-04-28T18:28:08.038+0200][gc,cpu        ] GC(32) User=0.06s Sys=0.00s Real=0.02s
[2025-04-28T18:36:56.069+0200][gc,start      ] GC(33) Pause Young (Normal) (G1 Evacuation Pause)
[2025-04-28T18:36:56.069+0200][gc,task       ] GC(33) Using 8 workers of 8 for evacuation
[2025-04-28T18:36:56.108+0200][gc,mmu        ] GC(33) MMU target violated: 21.0ms (20.0ms/21.0ms)
[2025-04-28T18:36:56.108+0200][gc,phases     ] GC(33)   Pre Evacuate Collection Set: 0.3ms
[2025-04-28T18:36:56.109+0200][gc,phases     ] GC(33)   Evacuate Collection Set: 37.7ms
[2025-04-28T18:36:56.109+0200][gc,phases     ] GC(33)   Post Evacuate Collection Set: 0.8ms
[2025-04-28T18:36:56.109+0200][gc,phases     ] GC(33)   Other: 0.7ms
[2025-04-28T18:36:56.109+0200][gc,heap       ] GC(33) Eden regions: 44->0(47)
[2025-04-28T18:36:56.109+0200][gc,heap       ] GC(33) Survivor regions: 7->4(7)
[2025-04-28T18:36:56.109+0200][gc,heap       ] GC(33) Old regions: 49->53
[2025-04-28T18:36:56.109+0200][gc,heap       ] GC(33) Humongous regions: 129->129
[2025-04-28T18:36:56.109+0200][gc,metaspace  ] GC(33) Metaspace: 45268K(48204K)->45268K(48204K) NonClass: 39603K(41164K)->39603K(41164K) Class: 5665K(7040K)->5665K(7040K)
[2025-04-28T18:36:56.109+0200][gc            ] GC(33) Pause Young (Normal) (G1 Evacuation Pause) 226M->184M(1024M) 39.714ms
[2025-04-28T18:36:56.109+0200][gc,cpu        ] GC(33) User=0.12s Sys=0.00s Real=0.04s
[2025-04-28T18:46:27.339+0200][gc,start      ] GC(34) Pause Young (Normal) (G1 Evacuation Pause)
[2025-04-28T18:46:27.339+0200][gc,task       ] GC(34) Using 8 workers of 8 for evacuation
[2025-04-28T18:46:27.359+0200][gc,phases     ] GC(34)   Pre Evacuate Collection Set: 0.3ms
[2025-04-28T18:46:27.359+0200][gc,phases     ] GC(34)   Evacuate Collection Set: 18.2ms
[2025-04-28T18:46:27.359+0200][gc,phases     ] GC(34)   Post Evacuate Collection Set: 0.7ms
[2025-04-28T18:46:27.359+0200][gc,phases     ] GC(34)   Other: 0.5ms
[2025-04-28T18:46:27.359+0200][gc,heap       ] GC(34) Eden regions: 47->0(44)
[2025-04-28T18:46:27.359+0200][gc,heap       ] GC(34) Survivor regions: 4->7(7)
[2025-04-28T18:46:27.359+0200][gc,heap       ] GC(34) Old regions: 53->53
[2025-04-28T18:46:27.359+0200][gc,heap       ] GC(34) Humongous regions: 129->129
[2025-04-28T18:46:27.359+0200][gc,metaspace  ] GC(34) Metaspace: 45270K(48204K)->45270K(48204K) NonClass: 39605K(41164K)->39605K(41164K) Class: 5665K(7040K)->5665K(7040K)
[2025-04-28T18:46:27.359+0200][gc            ] GC(34) Pause Young (Normal) (G1 Evacuation Pause) 231M->187M(1024M) 19.934ms
[2025-04-28T18:46:27.359+0200][gc,cpu        ] GC(34) User=0.13s Sys=0.00s Real=0.02s
[2025-04-28T18:55:39.193+0200][gc,start      ] GC(35) Pause Young (Normal) (G1 Evacuation Pause)
[2025-04-28T18:55:39.194+0200][gc,task       ] GC(35) Using 8 workers of 8 for evacuation
[2025-04-28T18:55:39.241+0200][gc,mmu        ] GC(35) MMU target violated: 21.0ms (20.0ms/21.0ms)
[2025-04-28T18:55:39.241+0200][gc,phases     ] GC(35)   Pre Evacuate Collection Set: 0.3ms
[2025-04-28T18:55:39.241+0200][gc,phases     ] GC(35)   Evacuate Collection Set: 46.0ms
[2025-04-28T18:55:39.241+0200][gc,phases     ] GC(35)   Post Evacuate Collection Set: 0.7ms
[2025-04-28T18:55:39.241+0200][gc,phases     ] GC(35)   Other: 0.6ms
[2025-04-28T18:55:39.241+0200][gc,heap       ] GC(35) Eden regions: 44->0(46)
[2025-04-28T18:55:39.241+0200][gc,heap       ] GC(35) Survivor regions: 7->5(7)
[2025-04-28T18:55:39.241+0200][gc,heap       ] GC(35) Old regions: 53->59
[2025-04-28T18:55:39.241+0200][gc,heap       ] GC(35) Humongous regions: 129->129
[2025-04-28T18:55:39.241+0200][gc,metaspace  ] GC(35) Metaspace: 45271K(48204K)->45271K(48204K) NonClass: 39606K(41164K)->39606K(41164K) Class: 5665K(7040K)->5665K(7040K)
[2025-04-28T18:55:39.241+0200][gc            ] GC(35) Pause Young (Normal) (G1 Evacuation Pause) 231M->191M(1024M) 47.823ms
[2025-04-28T18:55:39.241+0200][gc,cpu        ] GC(35) User=0.14s Sys=0.01s Real=0.05s
[2025-04-28T19:04:32.892+0200][gc,start      ] GC(36) Pause Young (Normal) (G1 Evacuation Pause)
[2025-04-28T19:04:32.892+0200][gc,task       ] GC(36) Using 8 workers of 8 for evacuation
[2025-04-28T19:04:32.940+0200][gc,mmu        ] GC(36) MMU target violated: 21.0ms (20.0ms/21.0ms)
[2025-04-28T19:04:32.941+0200][gc,phases     ] GC(36)   Pre Evacuate Collection Set: 0.2ms
[2025-04-28T19:04:32.941+0200][gc,phases     ] GC(36)   Evacuate Collection Set: 47.3ms
[2025-04-28T19:04:32.941+0200][gc,phases     ] GC(36)   Post Evacuate Collection Set: 0.7ms
[2025-04-28T19:04:32.941+0200][gc,phases     ] GC(36)   Other: 0.6ms
[2025-04-28T19:04:32.941+0200][gc,heap       ] GC(36) Eden regions: 46->0(44)
[2025-04-28T19:04:32.941+0200][gc,heap       ] GC(36) Survivor regions: 5->7(7)
[2025-04-28T19:04:32.941+0200][gc,heap       ] GC(36) Old regions: 59->63
[2025-04-28T19:04:32.941+0200][gc,heap       ] GC(36) Humongous regions: 129->129
[2025-04-28T19:04:32.941+0200][gc,metaspace  ] GC(36) Metaspace: 45271K(48204K)->45271K(48204K) NonClass: 39606K(41164K)->39606K(41164K) Class: 5665K(7040K)->5665K(7040K)
[2025-04-28T19:04:32.941+0200][gc            ] GC(36) Pause Young (Normal) (G1 Evacuation Pause) 237M->197M(1024M) 49.049ms
[2025-04-28T19:04:32.941+0200][gc,cpu        ] GC(36) User=0.10s Sys=0.00s Real=0.05s
[2025-04-28T19:13:32.819+0200][gc,start      ] GC(37) Pause Young (Normal) (G1 Evacuation Pause)
[2025-04-28T19:13:32.848+0200][gc,task       ] GC(37) Using 8 workers of 8 for evacuation
[2025-04-28T19:13:32.892+0200][gc,mmu        ] GC(37) MMU target violated: 21.0ms (20.0ms/21.0ms)
[2025-04-28T19:13:32.892+0200][gc,phases     ] GC(37)   Pre Evacuate Collection Set: 0.2ms
[2025-04-28T19:13:32.892+0200][gc,phases     ] GC(37)   Evacuate Collection Set: 42.0ms
[2025-04-28T19:13:32.892+0200][gc,phases     ] GC(37)   Post Evacuate Collection Set: 0.7ms
[2025-04-28T19:13:32.892+0200][gc,phases     ] GC(37)   Other: 29.6ms
[2025-04-28T19:13:32.892+0200][gc,heap       ] GC(37) Eden regions: 44->0(47)
[2025-04-28T19:13:32.892+0200][gc,heap       ] GC(37) Survivor regions: 7->4(7)
[2025-04-28T19:13:32.892+0200][gc,heap       ] GC(37) Old regions: 63->68
[2025-04-28T19:13:32.892+0200][gc,heap       ] GC(37) Humongous regions: 129->129
[2025-04-28T19:13:32.892+0200][gc,metaspace  ] GC(37) Metaspace: 45271K(48204K)->45271K(48204K) NonClass: 39606K(41164K)->39606K(41164K) Class: 5665K(7040K)->5665K(7040K)
[2025-04-28T19:13:32.892+0200][gc            ] GC(37) Pause Young (Normal) (G1 Evacuation Pause) 241M->198M(1024M) 72.673ms
[2025-04-28T19:13:32.892+0200][gc,cpu        ] GC(37) User=0.14s Sys=0.01s Real=0.07s
[2025-04-28T19:25:03.451+0200][gc,start      ] GC(38) Pause Young (Normal) (G1 Evacuation Pause)
[2025-04-28T19:25:03.452+0200][gc,task       ] GC(38) Using 8 workers of 8 for evacuation
[2025-04-28T19:25:03.524+0200][gc,mmu        ] GC(38) MMU target violated: 21.0ms (20.0ms/21.0ms)
[2025-04-28T19:25:03.524+0200][gc,phases     ] GC(38)   Pre Evacuate Collection Set: 0.1ms
[2025-04-28T19:25:03.524+0200][gc,phases     ] GC(38)   Evacuate Collection Set: 70.9ms
[2025-04-28T19:25:03.524+0200][gc,phases     ] GC(38)   Post Evacuate Collection Set: 0.7ms
[2025-04-28T19:25:03.524+0200][gc,phases     ] GC(38)   Other: 0.6ms
[2025-04-28T19:25:03.524+0200][gc,heap       ] GC(38) Eden regions: 47->0(44)
[2025-04-28T19:25:03.524+0200][gc,heap       ] GC(38) Survivor regions: 4->7(7)
[2025-04-28T19:25:03.524+0200][gc,heap       ] GC(38) Old regions: 68->68
[2025-04-28T19:25:03.524+0200][gc,heap       ] GC(38) Humongous regions: 129->129
[2025-04-28T19:25:03.524+0200][gc,metaspace  ] GC(38) Metaspace: 45283K(48204K)->45283K(48204K) NonClass: 39618K(41164K)->39618K(41164K) Class: 5665K(7040K)->5665K(7040K)
[2025-04-28T19:25:03.524+0200][gc            ] GC(38) Pause Young (Normal) (G1 Evacuation Pause) 245M->201M(1024M) 72.469ms
[2025-04-28T19:25:03.524+0200][gc,cpu        ] GC(38) User=0.32s Sys=0.00s Real=0.07s
[2025-04-28T19:34:06.273+0200][gc,start      ] GC(39) Pause Young (Normal) (G1 Evacuation Pause)
[2025-04-28T19:34:06.273+0200][gc,task       ] GC(39) Using 8 workers of 8 for evacuation
[2025-04-28T19:34:06.307+0200][gc,mmu        ] GC(39) MMU target violated: 21.0ms (20.0ms/21.0ms)
[2025-04-28T19:34:06.307+0200][gc,phases     ] GC(39)   Pre Evacuate Collection Set: 0.3ms
[2025-04-28T19:34:06.307+0200][gc,phases     ] GC(39)   Evacuate Collection Set: 31.1ms
[2025-04-28T19:34:06.307+0200][gc,phases     ] GC(39)   Post Evacuate Collection Set: 2.3ms
[2025-04-28T19:34:06.307+0200][gc,phases     ] GC(39)   Other: 0.6ms
[2025-04-28T19:34:06.307+0200][gc,heap       ] GC(39) Eden regions: 44->0(46)
[2025-04-28T19:34:06.307+0200][gc,heap       ] GC(39) Survivor regions: 7->5(7)
[2025-04-28T19:34:06.307+0200][gc,heap       ] GC(39) Old regions: 68->73
[2025-04-28T19:34:06.307+0200][gc,heap       ] GC(39) Humongous regions: 129->129
[2025-04-28T19:34:06.307+0200][gc,metaspace  ] GC(39) Metaspace: 45285K(48204K)->45285K(48204K) NonClass: 39620K(41164K)->39620K(41164K) Class: 5665K(7040K)->5665K(7040K)
[2025-04-28T19:34:06.307+0200][gc            ] GC(39) Pause Young (Normal) (G1 Evacuation Pause) 245M->205M(1024M) 34.503ms
[2025-04-28T19:34:06.307+0200][gc,cpu        ] GC(39) User=0.18s Sys=0.01s Real=0.03s
[2025-04-28T19:43:15.894+0200][gc,start      ] GC(40) Pause Young (Normal) (G1 Evacuation Pause)
[2025-04-28T19:43:15.894+0200][gc,task       ] GC(40) Using 8 workers of 8 for evacuation
[2025-04-28T19:43:15.953+0200][gc,mmu        ] GC(40) MMU target violated: 21.0ms (20.0ms/21.0ms)
[2025-04-28T19:43:15.953+0200][gc,phases     ] GC(40)   Pre Evacuate Collection Set: 0.1ms
[2025-04-28T19:43:15.953+0200][gc,phases     ] GC(40)   Evacuate Collection Set: 57.1ms
[2025-04-28T19:43:15.953+0200][gc,phases     ] GC(40)   Post Evacuate Collection Set: 0.8ms
[2025-04-28T19:43:15.953+0200][gc,phases     ] GC(40)   Other: 0.7ms
[2025-04-28T19:43:15.953+0200][gc,heap       ] GC(40) Eden regions: 46->0(46)
[2025-04-28T19:43:15.953+0200][gc,heap       ] GC(40) Survivor regions: 5->5(7)
[2025-04-28T19:43:15.953+0200][gc,heap       ] GC(40) Old regions: 73->77
[2025-04-28T19:43:15.953+0200][gc,heap       ] GC(40) Humongous regions: 129->129
[2025-04-28T19:43:15.953+0200][gc,metaspace  ] GC(40) Metaspace: 45285K(48204K)->45285K(48204K) NonClass: 39620K(41164K)->39620K(41164K) Class: 5665K(7040K)->5665K(7040K)
[2025-04-28T19:43:15.953+0200][gc            ] GC(40) Pause Young (Normal) (G1 Evacuation Pause) 251M->209M(1024M) 58.808ms
[2025-04-28T19:43:15.953+0200][gc,cpu        ] GC(40) User=0.08s Sys=0.02s Real=0.06s
[2025-04-28T19:52:30.453+0200][gc,start      ] GC(41) Pause Young (Normal) (G1 Evacuation Pause)
[2025-04-28T19:52:30.453+0200][gc,task       ] GC(41) Using 8 workers of 8 for evacuation
[2025-04-28T19:52:30.502+0200][gc,mmu        ] GC(41) MMU target violated: 21.0ms (20.0ms/21.0ms)
[2025-04-28T19:52:30.502+0200][gc,phases     ] GC(41)   Pre Evacuate Collection Set: 1.7ms
[2025-04-28T19:52:30.502+0200][gc,phases     ] GC(41)   Evacuate Collection Set: 46.0ms
[2025-04-28T19:52:30.502+0200][gc,phases     ] GC(41)   Post Evacuate Collection Set: 0.7ms
[2025-04-28T19:52:30.502+0200][gc,phases     ] GC(41)   Other: 1.0ms
[2025-04-28T19:52:30.502+0200][gc,heap       ] GC(41) Eden regions: 46->0(45)
[2025-04-28T19:52:30.502+0200][gc,heap       ] GC(41) Survivor regions: 5->6(7)
[2025-04-28T19:52:30.502+0200][gc,heap       ] GC(41) Old regions: 77->81
[2025-04-28T19:52:30.502+0200][gc,heap       ] GC(41) Humongous regions: 129->129
[2025-04-28T19:52:30.502+0200][gc,metaspace  ] GC(41) Metaspace: 45285K(48204K)->45285K(48204K) NonClass: 39620K(41164K)->39620K(41164K) Class: 5665K(7040K)->5665K(7040K)
[2025-04-28T19:52:30.502+0200][gc            ] GC(41) Pause Young (Normal) (G1 Evacuation Pause) 255M->213M(1024M) 49.323ms
[2025-04-28T19:52:30.502+0200][gc,cpu        ] GC(41) User=0.27s Sys=0.00s Real=0.05s
[2025-04-28T20:01:29.103+0200][gc,start      ] GC(42) Pause Young (Normal) (G1 Evacuation Pause)
[2025-04-28T20:01:29.103+0200][gc,task       ] GC(42) Using 8 workers of 8 for evacuation
[2025-04-28T20:01:29.166+0200][gc,mmu        ] GC(42) MMU target violated: 21.0ms (20.0ms/21.0ms)
[2025-04-28T20:01:29.166+0200][gc,phases     ] GC(42)   Pre Evacuate Collection Set: 0.2ms
[2025-04-28T20:01:29.166+0200][gc,phases     ] GC(42)   Evacuate Collection Set: 62.0ms
[2025-04-28T20:01:29.166+0200][gc,phases     ] GC(42)   Post Evacuate Collection Set: 0.7ms
[2025-04-28T20:01:29.166+0200][gc,phases     ] GC(42)   Other: 0.6ms
[2025-04-28T20:01:29.166+0200][gc,heap       ] GC(42) Eden regions: 45->0(46)
[2025-04-28T20:01:29.166+0200][gc,heap       ] GC(42) Survivor regions: 6->5(7)
[2025-04-28T20:01:29.167+0200][gc,heap       ] GC(42) Old regions: 81->85
[2025-04-28T20:01:29.167+0200][gc,heap       ] GC(42) Humongous regions: 129->129
[2025-04-28T20:01:29.167+0200][gc,metaspace  ] GC(42) Metaspace: 45290K(48204K)->45290K(48204K) NonClass: 39625K(41164K)->39625K(41164K) Class: 5665K(7040K)->5665K(7040K)
[2025-04-28T20:01:29.167+0200][gc            ] GC(42) Pause Young (Normal) (G1 Evacuation Pause) 258M->216M(1024M) 63.727ms
[2025-04-28T20:01:29.167+0200][gc,cpu        ] GC(42) User=0.07s Sys=0.00s Real=0.06s
[2025-04-28T20:08:43.924+0200][gc,start      ] GC(43) Pause Young (Normal) (G1 Evacuation Pause)
[2025-04-28T20:08:43.924+0200][gc,task       ] GC(43) Using 8 workers of 8 for evacuation
[2025-04-28T20:08:43.962+0200][gc,mmu        ] GC(43) MMU target violated: 21.0ms (20.0ms/21.0ms)
[2025-04-28T20:08:43.962+0200][gc,phases     ] GC(43)   Pre Evacuate Collection Set: 0.3ms
[2025-04-28T20:08:43.962+0200][gc,phases     ] GC(43)   Evacuate Collection Set: 36.8ms
[2025-04-28T20:08:43.962+0200][gc,phases     ] GC(43)   Post Evacuate Collection Set: 0.6ms
[2025-04-28T20:08:43.962+0200][gc,phases     ] GC(43)   Other: 0.6ms
[2025-04-28T20:08:43.962+0200][gc,heap       ] GC(43) Eden regions: 46->0(46)
[2025-04-28T20:08:43.962+0200][gc,heap       ] GC(43) Survivor regions: 5->5(7)
[2025-04-28T20:08:43.962+0200][gc,heap       ] GC(43) Old regions: 85->89
[2025-04-28T20:08:43.962+0200][gc,heap       ] GC(43) Humongous regions: 129->129
[2025-04-28T20:08:43.962+0200][gc,metaspace  ] GC(43) Metaspace: 45298K(48204K)->45298K(48204K) NonClass: 39633K(41164K)->39633K(41164K) Class: 5665K(7040K)->5665K(7040K)
[2025-04-28T20:08:43.962+0200][gc            ] GC(43) Pause Young (Normal) (G1 Evacuation Pause) 262M->220M(1024M) 38.544ms
[2025-04-28T20:08:43.963+0200][gc,cpu        ] GC(43) User=0.07s Sys=0.01s Real=0.04s
[2025-04-28T20:15:33.740+0200][gc,start      ] GC(44) Pause Young (Normal) (G1 Evacuation Pause)
[2025-04-28T20:15:33.741+0200][gc,task       ] GC(44) Using 8 workers of 8 for evacuation
[2025-04-28T20:15:33.785+0200][gc,mmu        ] GC(44) MMU target violated: 21.0ms (20.0ms/21.0ms)
[2025-04-28T20:15:33.785+0200][gc,phases     ] GC(44)   Pre Evacuate Collection Set: 0.4ms
[2025-04-28T20:15:33.785+0200][gc,phases     ] GC(44)   Evacuate Collection Set: 42.7ms
[2025-04-28T20:15:33.785+0200][gc,phases     ] GC(44)   Post Evacuate Collection Set: 0.7ms
[2025-04-28T20:15:33.785+0200][gc,phases     ] GC(44)   Other: 0.6ms
[2025-04-28T20:15:33.785+0200][gc,heap       ] GC(44) Eden regions: 46->0(47)
[2025-04-28T20:15:33.785+0200][gc,heap       ] GC(44) Survivor regions: 5->4(7)
[2025-04-28T20:15:33.785+0200][gc,heap       ] GC(44) Old regions: 89->91
[2025-04-28T20:15:33.785+0200][gc,heap       ] GC(44) Humongous regions: 129->129
[2025-04-28T20:15:33.785+0200][gc,metaspace  ] GC(44) Metaspace: 45298K(48204K)->45298K(48204K) NonClass: 39633K(41164K)->39633K(41164K) Class: 5665K(7040K)->5665K(7040K)
[2025-04-28T20:15:33.785+0200][gc            ] GC(44) Pause Young (Normal) (G1 Evacuation Pause) 266M->222M(1024M) 44.560ms
[2025-04-28T20:15:33.785+0200][gc,cpu        ] GC(44) User=0.13s Sys=0.00s Real=0.04s
[2025-04-28T20:22:41.006+0200][gc,start      ] GC(45) Pause Young (Normal) (G1 Evacuation Pause)
[2025-04-28T20:22:41.006+0200][gc,task       ] GC(45) Using 8 workers of 8 for evacuation
[2025-04-28T20:22:41.036+0200][gc,mmu        ] GC(45) MMU target violated: 21.0ms (20.0ms/21.0ms)
[2025-04-28T20:22:41.037+0200][gc,phases     ] GC(45)   Pre Evacuate Collection Set: 0.3ms
[2025-04-28T20:22:41.037+0200][gc,phases     ] GC(45)   Evacuate Collection Set: 28.7ms
[2025-04-28T20:22:41.037+0200][gc,phases     ] GC(45)   Post Evacuate Collection Set: 0.8ms
[2025-04-28T20:22:41.037+0200][gc,phases     ] GC(45)   Other: 0.7ms
[2025-04-28T20:22:41.037+0200][gc,heap       ] GC(45) Eden regions: 47->0(44)
[2025-04-28T20:22:41.037+0200][gc,heap       ] GC(45) Survivor regions: 4->7(7)
[2025-04-28T20:22:41.037+0200][gc,heap       ] GC(45) Old regions: 91->91
[2025-04-28T20:22:41.037+0200][gc,heap       ] GC(45) Humongous regions: 129->129
[2025-04-28T20:22:41.037+0200][gc,metaspace  ] GC(45) Metaspace: 45300K(48204K)->45300K(48204K) NonClass: 39635K(41164K)->39635K(41164K) Class: 5665K(7040K)->5665K(7040K)
[2025-04-28T20:22:41.037+0200][gc            ] GC(45) Pause Young (Normal) (G1 Evacuation Pause) 269M->224M(1024M) 30.775ms
[2025-04-28T20:22:41.037+0200][gc,cpu        ] GC(45) User=0.22s Sys=0.00s Real=0.04s
[2025-04-28T20:29:22.998+0200][gc,start      ] GC(46) Pause Young (Normal) (G1 Evacuation Pause)
[2025-04-28T20:29:22.998+0200][gc,task       ] GC(46) Using 8 workers of 8 for evacuation
[2025-04-28T20:29:23.052+0200][gc,mmu        ] GC(46) MMU target violated: 21.0ms (20.0ms/21.0ms)
[2025-04-28T20:29:23.052+0200][gc,phases     ] GC(46)   Pre Evacuate Collection Set: 0.1ms
[2025-04-28T20:29:23.052+0200][gc,phases     ] GC(46)   Evacuate Collection Set: 52.7ms
[2025-04-28T20:29:23.052+0200][gc,phases     ] GC(46)   Post Evacuate Collection Set: 0.7ms
[2025-04-28T20:29:23.053+0200][gc,phases     ] GC(46)   Other: 0.7ms
[2025-04-28T20:29:23.053+0200][gc,heap       ] GC(46) Eden regions: 44->0(45)
[2025-04-28T20:29:23.053+0200][gc,heap       ] GC(46) Survivor regions: 7->6(7)
[2025-04-28T20:29:23.053+0200][gc,heap       ] GC(46) Old regions: 91->97
[2025-04-28T20:29:23.053+0200][gc,heap       ] GC(46) Humongous regions: 129->129
[2025-04-28T20:29:23.053+0200][gc,metaspace  ] GC(46) Metaspace: 45304K(48204K)->45304K(48204K) NonClass: 39639K(41164K)->39639K(41164K) Class: 5665K(7040K)->5665K(7040K)
[2025-04-28T20:29:23.053+0200][gc            ] GC(46) Pause Young (Normal) (G1 Evacuation Pause) 268M->229M(1024M) 54.370ms
[2025-04-28T20:29:23.053+0200][gc,cpu        ] GC(46) User=0.12s Sys=0.00s Real=0.05s
[2025-04-28T20:36:14.053+0200][gc,start      ] GC(47) Pause Young (Normal) (G1 Evacuation Pause)
[2025-04-28T20:36:14.053+0200][gc,task       ] GC(47) Using 8 workers of 8 for evacuation
[2025-04-28T20:36:14.122+0200][gc,mmu        ] GC(47) MMU target violated: 21.0ms (20.0ms/21.0ms)
[2025-04-28T20:36:14.123+0200][gc,phases     ] GC(47)   Pre Evacuate Collection Set: 0.2ms
[2025-04-28T20:36:14.123+0200][gc,phases     ] GC(47)   Evacuate Collection Set: 68.1ms
[2025-04-28T20:36:14.123+0200][gc,phases     ] GC(47)   Post Evacuate Collection Set: 0.6ms
[2025-04-28T20:36:14.123+0200][gc,phases     ] GC(47)   Other: 0.6ms
[2025-04-28T20:36:14.123+0200][gc,heap       ] GC(47) Eden regions: 45->0(46)
[2025-04-28T20:36:14.123+0200][gc,heap       ] GC(47) Survivor regions: 6->5(7)
[2025-04-28T20:36:14.123+0200][gc,heap       ] GC(47) Old regions: 97->101
[2025-04-28T20:36:14.123+0200][gc,heap       ] GC(47) Humongous regions: 129->129
[2025-04-28T20:36:14.123+0200][gc,metaspace  ] GC(47) Metaspace: 45304K(48204K)->45304K(48204K) NonClass: 39639K(41164K)->39639K(41164K) Class: 5665K(7040K)->5665K(7040K)
[2025-04-28T20:36:14.123+0200][gc            ] GC(47) Pause Young (Normal) (G1 Evacuation Pause) 274M->232M(1024M) 69.761ms
[2025-04-28T20:36:14.123+0200][gc,cpu        ] GC(47) User=0.12s Sys=0.01s Real=0.07s
[2025-04-28T20:43:15.828+0200][gc,start      ] GC(48) Pause Young (Normal) (G1 Evacuation Pause)
[2025-04-28T20:43:15.828+0200][gc,task       ] GC(48) Using 8 workers of 8 for evacuation
[2025-04-28T20:43:15.857+0200][gc,mmu        ] GC(48) MMU target violated: 21.0ms (20.0ms/21.0ms)
[2025-04-28T20:43:15.858+0200][gc,phases     ] GC(48)   Pre Evacuate Collection Set: 0.3ms
[2025-04-28T20:43:15.858+0200][gc,phases     ] GC(48)   Evacuate Collection Set: 27.7ms
[2025-04-28T20:43:15.858+0200][gc,phases     ] GC(48)   Post Evacuate Collection Set: 1.3ms
[2025-04-28T20:43:15.858+0200][gc,phases     ] GC(48)   Other: 0.7ms
[2025-04-28T20:43:15.858+0200][gc,heap       ] GC(48) Eden regions: 46->0(45)
[2025-04-28T20:43:15.858+0200][gc,heap       ] GC(48) Survivor regions: 5->6(7)
[2025-04-28T20:43:15.858+0200][gc,heap       ] GC(48) Old regions: 101->105
[2025-04-28T20:43:15.858+0200][gc,heap       ] GC(48) Humongous regions: 129->129
[2025-04-28T20:43:15.858+0200][gc,metaspace  ] GC(48) Metaspace: 45306K(48204K)->45306K(48204K) NonClass: 39641K(41164K)->39641K(41164K) Class: 5665K(7040K)->5665K(7040K)
[2025-04-28T20:43:15.858+0200][gc            ] GC(48) Pause Young (Normal) (G1 Evacuation Pause) 278M->237M(1024M) 30.190ms
[2025-04-28T20:43:15.858+0200][gc,cpu        ] GC(48) User=0.08s Sys=0.00s Real=0.04s
[2025-04-28T20:49:12.210+0200][gc,start      ] GC(49) Pause Young (Normal) (G1 Evacuation Pause)
[2025-04-28T20:49:12.221+0200][gc,task       ] GC(49) Using 8 workers of 8 for evacuation
[2025-04-28T20:49:12.270+0200][gc,mmu        ] GC(49) MMU target violated: 21.0ms (20.0ms/21.0ms)
[2025-04-28T20:49:12.270+0200][gc,phases     ] GC(49)   Pre Evacuate Collection Set: 0.3ms
[2025-04-28T20:49:12.270+0200][gc,phases     ] GC(49)   Evacuate Collection Set: 47.1ms
[2025-04-28T20:49:12.270+0200][gc,phases     ] GC(49)   Post Evacuate Collection Set: 0.7ms
[2025-04-28T20:49:12.270+0200][gc,phases     ] GC(49)   Other: 12.1ms
[2025-04-28T20:49:12.270+0200][gc,heap       ] GC(49) Eden regions: 45->0(45)
[2025-04-28T20:49:12.270+0200][gc,heap       ] GC(49) Survivor regions: 6->6(7)
[2025-04-28T20:49:12.270+0200][gc,heap       ] GC(49) Old regions: 105->109
[2025-04-28T20:49:12.270+0200][gc,heap       ] GC(49) Humongous regions: 129->129
[2025-04-28T20:49:12.270+0200][gc,metaspace  ] GC(49) Metaspace: 45307K(48204K)->45307K(48204K) NonClass: 39641K(41164K)->39641K(41164K) Class: 5665K(7040K)->5665K(7040K)
[2025-04-28T20:49:12.270+0200][gc            ] GC(49) Pause Young (Normal) (G1 Evacuation Pause) 282M->242M(1024M) 60.378ms
[2025-04-28T20:49:12.270+0200][gc,cpu        ] GC(49) User=0.08s Sys=0.00s Real=0.06s
[2025-04-28T20:55:52.081+0200][gc,start      ] GC(50) Pause Young (Normal) (G1 Evacuation Pause)
[2025-04-28T20:55:52.081+0200][gc,task       ] GC(50) Using 8 workers of 8 for evacuation
[2025-04-28T20:55:52.129+0200][gc,mmu        ] GC(50) MMU target violated: 21.0ms (20.0ms/21.0ms)
[2025-04-28T20:55:52.130+0200][gc,phases     ] GC(50)   Pre Evacuate Collection Set: 0.1ms
[2025-04-28T20:55:52.130+0200][gc,phases     ] GC(50)   Evacuate Collection Set: 47.5ms
[2025-04-28T20:55:52.130+0200][gc,phases     ] GC(50)   Post Evacuate Collection Set: 0.7ms
[2025-04-28T20:55:52.130+0200][gc,phases     ] GC(50)   Other: 0.6ms
[2025-04-28T20:55:52.130+0200][gc,heap       ] GC(50) Eden regions: 45->0(46)
[2025-04-28T20:55:52.130+0200][gc,heap       ] GC(50) Survivor regions: 6->5(7)
[2025-04-28T20:55:52.130+0200][gc,heap       ] GC(50) Old regions: 109->114
[2025-04-28T20:55:52.130+0200][gc,heap       ] GC(50) Humongous regions: 129->129
[2025-04-28T20:55:52.130+0200][gc,metaspace  ] GC(50) Metaspace: 45309K(48204K)->45309K(48204K) NonClass: 39644K(41164K)->39644K(41164K) Class: 5665K(7040K)->5665K(7040K)
[2025-04-28T20:55:52.130+0200][gc            ] GC(50) Pause Young (Normal) (G1 Evacuation Pause) 287M->245M(1024M) 49.097ms
[2025-04-28T20:55:52.130+0200][gc,cpu        ] GC(50) User=0.10s Sys=0.06s Real=0.05s
[2025-04-28T21:02:33.664+0200][gc,start      ] GC(51) Pause Young (Normal) (G1 Evacuation Pause)
[2025-04-28T21:02:34.145+0200][gc,task       ] GC(51) Using 8 workers of 8 for evacuation
[2025-04-28T21:02:34.336+0200][gc,mmu        ] GC(51) MMU target violated: 21.0ms (20.0ms/21.0ms)
[2025-04-28T21:02:34.336+0200][gc,phases     ] GC(51)   Pre Evacuate Collection Set: 0.1ms
[2025-04-28T21:02:34.336+0200][gc,phases     ] GC(51)   Evacuate Collection Set: 190.1ms
[2025-04-28T21:02:34.336+0200][gc,phases     ] GC(51)   Post Evacuate Collection Set: 0.8ms
[2025-04-28T21:02:34.336+0200][gc,phases     ] GC(51)   Other: 481.0ms
[2025-04-28T21:02:34.336+0200][gc,heap       ] GC(51) Eden regions: 46->0(45)
[2025-04-28T21:02:34.336+0200][gc,heap       ] GC(51) Survivor regions: 5->6(7)
[2025-04-28T21:02:34.337+0200][gc,heap       ] GC(51) Old regions: 114->118
[2025-04-28T21:02:34.337+0200][gc,heap       ] GC(51) Humongous regions: 129->129
[2025-04-28T21:02:34.337+0200][gc,metaspace  ] GC(51) Metaspace: 45311K(48204K)->45311K(48204K) NonClass: 39646K(41164K)->39646K(41164K) Class: 5665K(7040K)->5665K(7040K)
[2025-04-28T21:02:34.337+0200][gc            ] GC(51) Pause Young (Normal) (G1 Evacuation Pause) 291M->250M(1024M) 672.171ms
[2025-04-28T21:02:34.337+0200][gc,cpu        ] GC(51) User=0.47s Sys=0.00s Real=0.68s
[2025-04-28T21:08:51.173+0200][gc,start      ] GC(52) Pause Young (Normal) (G1 Evacuation Pause)
[2025-04-28T21:08:51.173+0200][gc,task       ] GC(52) Using 8 workers of 8 for evacuation
[2025-04-28T21:08:51.204+0200][gc,mmu        ] GC(52) MMU target violated: 21.0ms (20.0ms/21.0ms)
[2025-04-28T21:08:51.205+0200][gc,phases     ] GC(52)   Pre Evacuate Collection Set: 0.2ms
[2025-04-28T21:08:51.205+0200][gc,phases     ] GC(52)   Evacuate Collection Set: 30.5ms
[2025-04-28T21:08:51.205+0200][gc,phases     ] GC(52)   Post Evacuate Collection Set: 0.7ms
[2025-04-28T21:08:51.205+0200][gc,phases     ] GC(52)   Other: 0.6ms
[2025-04-28T21:08:51.205+0200][gc,heap       ] GC(52) Eden regions: 45->0(46)
[2025-04-28T21:08:51.205+0200][gc,heap       ] GC(52) Survivor regions: 6->5(7)
[2025-04-28T21:08:51.205+0200][gc,heap       ] GC(52) Old regions: 118->123
[2025-04-28T21:08:51.205+0200][gc,heap       ] GC(52) Humongous regions: 129->129
[2025-04-28T21:08:51.205+0200][gc,metaspace  ] GC(52) Metaspace: 45311K(48204K)->45311K(48204K) NonClass: 39646K(41164K)->39646K(41164K) Class: 5665K(7040K)->5665K(7040K)
[2025-04-28T21:08:51.205+0200][gc            ] GC(52) Pause Young (Normal) (G1 Evacuation Pause) 295M->254M(1024M) 32.089ms
[2025-04-28T21:08:51.205+0200][gc,cpu        ] GC(52) User=0.06s Sys=0.06s Real=0.03s
[2025-04-28T21:15:31.826+0200][gc,start      ] GC(53) Pause Young (Normal) (G1 Evacuation Pause)
[2025-04-28T21:15:31.826+0200][gc,task       ] GC(53) Using 8 workers of 8 for evacuation
[2025-04-28T21:15:31.875+0200][gc,mmu        ] GC(53) MMU target violated: 21.0ms (20.0ms/21.0ms)
[2025-04-28T21:15:31.875+0200][gc,phases     ] GC(53)   Pre Evacuate Collection Set: 0.2ms
[2025-04-28T21:15:31.875+0200][gc,phases     ] GC(53)   Evacuate Collection Set: 47.7ms
[2025-04-28T21:15:31.875+0200][gc,phases     ] GC(53)   Post Evacuate Collection Set: 0.8ms
[2025-04-28T21:15:31.875+0200][gc,phases     ] GC(53)   Other: 0.6ms
[2025-04-28T21:15:31.875+0200][gc,heap       ] GC(53) Eden regions: 46->0(47)
[2025-04-28T21:15:31.875+0200][gc,heap       ] GC(53) Survivor regions: 5->4(7)
[2025-04-28T21:15:31.875+0200][gc,heap       ] GC(53) Old regions: 123->125
[2025-04-28T21:15:31.875+0200][gc,heap       ] GC(53) Humongous regions: 129->129
[2025-04-28T21:15:31.875+0200][gc,metaspace  ] GC(53) Metaspace: 45311K(48204K)->45311K(48204K) NonClass: 39646K(41164K)->39646K(41164K) Class: 5665K(7040K)->5665K(7040K)
[2025-04-28T21:15:31.875+0200][gc            ] GC(53) Pause Young (Normal) (G1 Evacuation Pause) 300M->255M(1024M) 49.469ms
[2025-04-28T21:15:31.876+0200][gc,cpu        ] GC(53) User=0.24s Sys=0.00s Real=0.05s
[2025-04-28T21:22:28.389+0200][gc,start      ] GC(54) Pause Young (Normal) (G1 Evacuation Pause)
[2025-04-28T21:22:28.390+0200][gc,task       ] GC(54) Using 8 workers of 8 for evacuation
[2025-04-28T21:22:28.408+0200][gc,phases     ] GC(54)   Pre Evacuate Collection Set: 0.2ms
[2025-04-28T21:22:28.408+0200][gc,phases     ] GC(54)   Evacuate Collection Set: 15.9ms
[2025-04-28T21:22:28.408+0200][gc,phases     ] GC(54)   Post Evacuate Collection Set: 0.8ms
[2025-04-28T21:22:28.409+0200][gc,phases     ] GC(54)   Other: 2.1ms
[2025-04-28T21:22:28.409+0200][gc,heap       ] GC(54) Eden regions: 47->0(44)
[2025-04-28T21:22:28.409+0200][gc,heap       ] GC(54) Survivor regions: 4->7(7)
[2025-04-28T21:22:28.409+0200][gc,heap       ] GC(54) Old regions: 125->125
[2025-04-28T21:22:28.409+0200][gc,heap       ] GC(54) Humongous regions: 129->129
[2025-04-28T21:22:28.409+0200][gc,metaspace  ] GC(54) Metaspace: 45311K(48204K)->45311K(48204K) NonClass: 39646K(41164K)->39646K(41164K) Class: 5665K(7040K)->5665K(7040K)
[2025-04-28T21:22:28.409+0200][gc            ] GC(54) Pause Young (Normal) (G1 Evacuation Pause) 302M->259M(1024M) 19.225ms
[2025-04-28T21:22:28.409+0200][gc,cpu        ] GC(54) User=0.11s Sys=0.00s Real=0.02s
[2025-04-28T21:28:56.494+0200][gc,start      ] GC(55) Pause Young (Normal) (G1 Evacuation Pause)
[2025-04-28T21:28:56.494+0200][gc,task       ] GC(55) Using 8 workers of 8 for evacuation
[2025-04-28T21:28:56.543+0200][gc,mmu        ] GC(55) MMU target violated: 21.0ms (20.0ms/21.0ms)
[2025-04-28T21:28:56.543+0200][gc,phases     ] GC(55)   Pre Evacuate Collection Set: 0.1ms
[2025-04-28T21:28:56.543+0200][gc,phases     ] GC(55)   Evacuate Collection Set: 48.1ms
[2025-04-28T21:28:56.543+0200][gc,phases     ] GC(55)   Post Evacuate Collection Set: 0.8ms
[2025-04-28T21:28:56.543+0200][gc,phases     ] GC(55)   Other: 0.6ms
[2025-04-28T21:28:56.543+0200][gc,heap       ] GC(55) Eden regions: 44->0(45)
[2025-04-28T21:28:56.543+0200][gc,heap       ] GC(55) Survivor regions: 7->6(7)
[2025-04-28T21:28:56.543+0200][gc,heap       ] GC(55) Old regions: 125->131
[2025-04-28T21:28:56.543+0200][gc,heap       ] GC(55) Humongous regions: 129->129
[2025-04-28T21:28:56.543+0200][gc,metaspace  ] GC(55) Metaspace: 45311K(48204K)->45311K(48204K) NonClass: 39646K(41164K)->39646K(41164K) Class: 5665K(7040K)->5665K(7040K)
[2025-04-28T21:28:56.543+0200][gc            ] GC(55) Pause Young (Normal) (G1 Evacuation Pause) 303M->264M(1024M) 49.772ms
[2025-04-28T21:28:56.544+0200][gc,cpu        ] GC(55) User=0.16s Sys=0.02s Real=0.05s
[2025-04-28T21:35:35.200+0200][gc,start      ] GC(56) Pause Young (Normal) (G1 Evacuation Pause)
[2025-04-28T21:35:35.200+0200][gc,task       ] GC(56) Using 8 workers of 8 for evacuation
[2025-04-28T21:35:35.227+0200][gc,mmu        ] GC(56) MMU target violated: 21.0ms (20.0ms/21.0ms)
[2025-04-28T21:35:35.227+0200][gc,phases     ] GC(56)   Pre Evacuate Collection Set: 0.2ms
[2025-04-28T21:35:35.227+0200][gc,phases     ] GC(56)   Evacuate Collection Set: 26.0ms
[2025-04-28T21:35:35.227+0200][gc,phases     ] GC(56)   Post Evacuate Collection Set: 0.7ms
[2025-04-28T21:35:35.227+0200][gc,phases     ] GC(56)   Other: 0.6ms
[2025-04-28T21:35:35.227+0200][gc,heap       ] GC(56) Eden regions: 45->0(46)
[2025-04-28T21:35:35.227+0200][gc,heap       ] GC(56) Survivor regions: 6->5(7)
[2025-04-28T21:35:35.227+0200][gc,heap       ] GC(56) Old regions: 131->135
[2025-04-28T21:35:35.227+0200][gc,heap       ] GC(56) Humongous regions: 129->129
[2025-04-28T21:35:35.227+0200][gc,metaspace  ] GC(56) Metaspace: 45311K(48204K)->45311K(48204K) NonClass: 39646K(41164K)->39646K(41164K) Class: 5665K(7040K)->5665K(7040K)
[2025-04-28T21:35:35.227+0200][gc            ] GC(56) Pause Young (Normal) (G1 Evacuation Pause) 309M->267M(1024M) 27.621ms
[2025-04-28T21:35:35.227+0200][gc,cpu        ] GC(56) User=0.13s Sys=0.00s Real=0.02s
[2025-04-28T21:42:26.972+0200][gc,start      ] GC(57) Pause Young (Normal) (G1 Evacuation Pause)
[2025-04-28T21:42:26.972+0200][gc,task       ] GC(57) Using 8 workers of 8 for evacuation
[2025-04-28T21:42:27.016+0200][gc,mmu        ] GC(57) MMU target violated: 21.0ms (20.0ms/21.0ms)
[2025-04-28T21:42:27.016+0200][gc,phases     ] GC(57)   Pre Evacuate Collection Set: 0.2ms
[2025-04-28T21:42:27.016+0200][gc,phases     ] GC(57)   Evacuate Collection Set: 42.4ms
[2025-04-28T21:42:27.016+0200][gc,phases     ] GC(57)   Post Evacuate Collection Set: 0.8ms
[2025-04-28T21:42:27.016+0200][gc,phases     ] GC(57)   Other: 0.6ms
[2025-04-28T21:42:27.016+0200][gc,heap       ] GC(57) Eden regions: 46->0(45)
[2025-04-28T21:42:27.016+0200][gc,heap       ] GC(57) Survivor regions: 5->6(7)
[2025-04-28T21:42:27.016+0200][gc,heap       ] GC(57) Old regions: 135->139
[2025-04-28T21:42:27.016+0200][gc,heap       ] GC(57) Humongous regions: 129->129
[2025-04-28T21:42:27.016+0200][gc,metaspace  ] GC(57) Metaspace: 45311K(48204K)->45311K(48204K) NonClass: 39646K(41164K)->39646K(41164K) Class: 5665K(7040K)->5665K(7040K)
[2025-04-28T21:42:27.016+0200][gc            ] GC(57) Pause Young (Normal) (G1 Evacuation Pause) 313M->271M(1024M) 44.270ms
[2025-04-28T21:42:27.016+0200][gc,cpu        ] GC(57) User=0.16s Sys=0.05s Real=0.05s
[2025-04-28T21:48:57.286+0200][gc,start      ] GC(58) Pause Young (Normal) (G1 Evacuation Pause)
[2025-04-28T21:48:57.286+0200][gc,task       ] GC(58) Using 8 workers of 8 for evacuation
[2025-04-28T21:48:57.314+0200][gc,mmu        ] GC(58) MMU target violated: 21.0ms (20.0ms/21.0ms)
[2025-04-28T21:48:57.314+0200][gc,phases     ] GC(58)   Pre Evacuate Collection Set: 0.2ms
[2025-04-28T21:48:57.314+0200][gc,phases     ] GC(58)   Evacuate Collection Set: 27.3ms
[2025-04-28T21:48:57.314+0200][gc,phases     ] GC(58)   Post Evacuate Collection Set: 0.8ms
[2025-04-28T21:48:57.315+0200][gc,phases     ] GC(58)   Other: 0.6ms
[2025-04-28T21:48:57.315+0200][gc,heap       ] GC(58) Eden regions: 45->0(45)
[2025-04-28T21:48:57.315+0200][gc,heap       ] GC(58) Survivor regions: 6->6(7)
[2025-04-28T21:48:57.315+0200][gc,heap       ] GC(58) Old regions: 139->143
[2025-04-28T21:48:57.315+0200][gc,heap       ] GC(58) Humongous regions: 129->129
[2025-04-28T21:48:57.315+0200][gc,metaspace  ] GC(58) Metaspace: 45312K(48204K)->45312K(48204K) NonClass: 39646K(41164K)->39646K(41164K) Class: 5665K(7040K)->5665K(7040K)
[2025-04-28T21:48:57.315+0200][gc            ] GC(58) Pause Young (Normal) (G1 Evacuation Pause) 316M->275M(1024M) 29.049ms
[2025-04-28T21:48:57.315+0200][gc,cpu        ] GC(58) User=0.10s Sys=0.01s Real=0.03s
[2025-04-28T21:55:43.963+0200][gc,start      ] GC(59) Pause Young (Normal) (G1 Evacuation Pause)
[2025-04-28T21:55:43.963+0200][gc,task       ] GC(59) Using 8 workers of 8 for evacuation
[2025-04-28T21:55:44.000+0200][gc,mmu        ] GC(59) MMU target violated: 21.0ms (20.0ms/21.0ms)
[2025-04-28T21:55:44.000+0200][gc,phases     ] GC(59)   Pre Evacuate Collection Set: 0.4ms
[2025-04-28T21:55:44.000+0200][gc,phases     ] GC(59)   Evacuate Collection Set: 35.6ms
[2025-04-28T21:55:44.000+0200][gc,phases     ] GC(59)   Post Evacuate Collection Set: 0.7ms
[2025-04-28T21:55:44.000+0200][gc,phases     ] GC(59)   Other: 0.6ms
[2025-04-28T21:55:44.000+0200][gc,heap       ] GC(59) Eden regions: 45->0(45)
[2025-04-28T21:55:44.000+0200][gc,heap       ] GC(59) Survivor regions: 6->6(7)
[2025-04-28T21:55:44.000+0200][gc,heap       ] GC(59) Old regions: 143->148
[2025-04-28T21:55:44.000+0200][gc,heap       ] GC(59) Humongous regions: 129->129
[2025-04-28T21:55:44.000+0200][gc,metaspace  ] GC(59) Metaspace: 45314K(48204K)->45314K(48204K) NonClass: 39648K(41164K)->39648K(41164K) Class: 5665K(7040K)->5665K(7040K)
[2025-04-28T21:55:44.000+0200][gc            ] GC(59) Pause Young (Normal) (G1 Evacuation Pause) 320M->280M(1024M) 37.501ms
[2025-04-28T21:55:44.000+0200][gc,cpu        ] GC(59) User=0.21s Sys=0.00s Real=0.04s
[2025-04-28T22:02:26.147+0200][gc,start      ] GC(60) Pause Young (Normal) (G1 Evacuation Pause)
[2025-04-28T22:02:26.147+0200][gc,task       ] GC(60) Using 8 workers of 8 for evacuation
[2025-04-28T22:02:26.172+0200][gc,mmu        ] GC(60) MMU target violated: 21.0ms (20.0ms/21.0ms)
[2025-04-28T22:02:26.172+0200][gc,phases     ] GC(60)   Pre Evacuate Collection Set: 0.3ms
[2025-04-28T22:02:26.173+0200][gc,phases     ] GC(60)   Evacuate Collection Set: 23.9ms
[2025-04-28T22:02:26.173+0200][gc,phases     ] GC(60)   Post Evacuate Collection Set: 0.8ms
[2025-04-28T22:02:26.173+0200][gc,phases     ] GC(60)   Other: 0.6ms
[2025-04-28T22:02:26.173+0200][gc,heap       ] GC(60) Eden regions: 45->0(44)
[2025-04-28T22:02:26.173+0200][gc,heap       ] GC(60) Survivor regions: 6->7(7)
[2025-04-28T22:02:26.173+0200][gc,heap       ] GC(60) Old regions: 148->152
[2025-04-28T22:02:26.173+0200][gc,heap       ] GC(60) Humongous regions: 129->129
[2025-04-28T22:02:26.173+0200][gc,metaspace  ] GC(60) Metaspace: 45314K(48204K)->45314K(48204K) NonClass: 39649K(41164K)->39649K(41164K) Class: 5665K(7040K)->5665K(7040K)
[2025-04-28T22:02:26.173+0200][gc            ] GC(60) Pause Young (Normal) (G1 Evacuation Pause) 325M->285M(1024M) 25.753ms
[2025-04-28T22:02:26.173+0200][gc,cpu        ] GC(60) User=0.15s Sys=0.03s Real=0.03s
[2025-04-28T22:08:40.864+0200][gc,start      ] GC(61) Pause Young (Normal) (G1 Evacuation Pause)
[2025-04-28T22:08:40.864+0200][gc,task       ] GC(61) Using 8 workers of 8 for evacuation
[2025-04-28T22:08:40.897+0200][gc,mmu        ] GC(61) MMU target violated: 21.0ms (20.0ms/21.0ms)
[2025-04-28T22:08:40.897+0200][gc,phases     ] GC(61)   Pre Evacuate Collection Set: 0.2ms
[2025-04-28T22:08:40.897+0200][gc,phases     ] GC(61)   Evacuate Collection Set: 30.9ms
[2025-04-28T22:08:40.897+0200][gc,phases     ] GC(61)   Post Evacuate Collection Set: 0.7ms
[2025-04-28T22:08:40.897+0200][gc,phases     ] GC(61)   Other: 0.7ms
[2025-04-28T22:08:40.897+0200][gc,heap       ] GC(61) Eden regions: 44->0(46)
[2025-04-28T22:08:40.897+0200][gc,heap       ] GC(61) Survivor regions: 7->5(7)
[2025-04-28T22:08:40.897+0200][gc,heap       ] GC(61) Old regions: 152->157
[2025-04-28T22:08:40.897+0200][gc,heap       ] GC(61) Humongous regions: 129->129
[2025-04-28T22:08:40.897+0200][gc,metaspace  ] GC(61) Metaspace: 45322K(48204K)->45322K(48204K) NonClass: 39656K(41164K)->39656K(41164K) Class: 5665K(7040K)->5665K(7040K)
[2025-04-28T22:08:40.897+0200][gc            ] GC(61) Pause Young (Normal) (G1 Evacuation Pause) 329M->288M(1024M) 32.753ms
[2025-04-28T22:08:40.897+0200][gc,cpu        ] GC(61) User=0.15s Sys=0.01s Real=0.04s
[2025-04-28T22:15:42.277+0200][gc,start      ] GC(62) Pause Young (Normal) (G1 Evacuation Pause)
[2025-04-28T22:15:42.277+0200][gc,task       ] GC(62) Using 8 workers of 8 for evacuation
[2025-04-28T22:15:42.295+0200][gc,phases     ] GC(62)   Pre Evacuate Collection Set: 0.3ms
[2025-04-28T22:15:42.295+0200][gc,phases     ] GC(62)   Evacuate Collection Set: 17.3ms
[2025-04-28T22:15:42.295+0200][gc,phases     ] GC(62)   Post Evacuate Collection Set: 0.7ms
[2025-04-28T22:15:42.296+0200][gc,phases     ] GC(62)   Other: 0.5ms
[2025-04-28T22:15:42.296+0200][gc,heap       ] GC(62) Eden regions: 46->0(48)
[2025-04-28T22:15:42.296+0200][gc,heap       ] GC(62) Survivor regions: 5->3(7)
[2025-04-28T22:15:42.296+0200][gc,heap       ] GC(62) Old regions: 157->159
[2025-04-28T22:15:42.296+0200][gc,heap       ] GC(62) Humongous regions: 129->129
[2025-04-28T22:15:42.296+0200][gc,metaspace  ] GC(62) Metaspace: 45322K(48204K)->45322K(48204K) NonClass: 39656K(41164K)->39656K(41164K) Class: 5665K(7040K)->5665K(7040K)
[2025-04-28T22:15:42.296+0200][gc            ] GC(62) Pause Young (Normal) (G1 Evacuation Pause) 334M->289M(1024M) 19.016ms
[2025-04-28T22:15:42.296+0200][gc,cpu        ] GC(62) User=0.10s Sys=0.01s Real=0.01s
[2025-04-28T22:22:59.194+0200][gc,start      ] GC(63) Pause Young (Normal) (G1 Evacuation Pause)
[2025-04-28T22:22:59.194+0200][gc,task       ] GC(63) Using 8 workers of 8 for evacuation
[2025-04-28T22:22:59.207+0200][gc,phases     ] GC(63)   Pre Evacuate Collection Set: 0.5ms
[2025-04-28T22:22:59.207+0200][gc,phases     ] GC(63)   Evacuate Collection Set: 11.4ms
[2025-04-28T22:22:59.207+0200][gc,phases     ] GC(63)   Post Evacuate Collection Set: 0.7ms
[2025-04-28T22:22:59.207+0200][gc,phases     ] GC(63)   Other: 0.5ms
[2025-04-28T22:22:59.207+0200][gc,heap       ] GC(63) Eden regions: 48->0(47)
[2025-04-28T22:22:59.207+0200][gc,heap       ] GC(63) Survivor regions: 3->6(7)
[2025-04-28T22:22:59.207+0200][gc,heap       ] GC(63) Old regions: 159->159
[2025-04-28T22:22:59.207+0200][gc,heap       ] GC(63) Humongous regions: 129->129
[2025-04-28T22:22:59.207+0200][gc,metaspace  ] GC(63) Metaspace: 45329K(48204K)->45329K(48204K) NonClass: 39664K(41164K)->39664K(41164K) Class: 5665K(7040K)->5665K(7040K)
[2025-04-28T22:22:59.207+0200][gc            ] GC(63) Pause Young (Normal) (G1 Evacuation Pause) 337M->292M(1024M) 13.287ms
[2025-04-28T22:22:59.207+0200][gc,cpu        ] GC(63) User=0.08s Sys=0.00s Real=0.01s
[2025-04-28T22:30:10.969+0200][gc,start      ] GC(64) Pause Young (Normal) (G1 Evacuation Pause)
[2025-04-28T22:30:10.969+0200][gc,task       ] GC(64) Using 8 workers of 8 for evacuation
[2025-04-28T22:30:11.110+0200][gc,mmu        ] GC(64) MMU target violated: 21.0ms (20.0ms/21.0ms)
[2025-04-28T22:30:11.110+0200][gc,phases     ] GC(64)   Pre Evacuate Collection Set: 0.2ms
[2025-04-28T22:30:11.110+0200][gc,phases     ] GC(64)   Evacuate Collection Set: 139.4ms
[2025-04-28T22:30:11.110+0200][gc,phases     ] GC(64)   Post Evacuate Collection Set: 0.7ms
[2025-04-28T22:30:11.110+0200][gc,phases     ] GC(64)   Other: 0.6ms
[2025-04-28T22:30:11.110+0200][gc,heap       ] GC(64) Eden regions: 47->0(45)
[2025-04-28T22:30:11.110+0200][gc,heap       ] GC(64) Survivor regions: 6->6(7)
[2025-04-28T22:30:11.110+0200][gc,heap       ] GC(64) Old regions: 159->164
[2025-04-28T22:30:11.110+0200][gc,heap       ] GC(64) Humongous regions: 129->129
[2025-04-28T22:30:11.110+0200][gc,metaspace  ] GC(64) Metaspace: 45329K(48204K)->45329K(48204K) NonClass: 39664K(41164K)->39664K(41164K) Class: 5665K(7040K)->5665K(7040K)
[2025-04-28T22:30:11.111+0200][gc            ] GC(64) Pause Young (Normal) (G1 Evacuation Pause) 339M->297M(1024M) 141.152ms
[2025-04-28T22:30:11.111+0200][gc,cpu        ] GC(64) User=0.17s Sys=0.06s Real=0.14s
[2025-04-28T22:36:59.194+0200][gc,start      ] GC(65) Pause Young (Normal) (G1 Evacuation Pause)
[2025-04-28T22:36:59.194+0200][gc,task       ] GC(65) Using 8 workers of 8 for evacuation
[2025-04-28T22:36:59.230+0200][gc,mmu        ] GC(65) MMU target violated: 21.0ms (20.0ms/21.0ms)
[2025-04-28T22:36:59.230+0200][gc,phases     ] GC(65)   Pre Evacuate Collection Set: 0.4ms
[2025-04-28T22:36:59.230+0200][gc,phases     ] GC(65)   Evacuate Collection Set: 35.0ms
[2025-04-28T22:36:59.230+0200][gc,phases     ] GC(65)   Post Evacuate Collection Set: 0.7ms
[2025-04-28T22:36:59.230+0200][gc,phases     ] GC(65)   Other: 0.8ms
[2025-04-28T22:36:59.231+0200][gc,heap       ] GC(65) Eden regions: 45->0(46)
[2025-04-28T22:36:59.231+0200][gc,heap       ] GC(65) Survivor regions: 6->5(7)
[2025-04-28T22:36:59.231+0200][gc,heap       ] GC(65) Old regions: 164->168
[2025-04-28T22:36:59.231+0200][gc,heap       ] GC(65) Humongous regions: 129->129
[2025-04-28T22:36:59.231+0200][gc,metaspace  ] GC(65) Metaspace: 45329K(48204K)->45329K(48204K) NonClass: 39664K(41164K)->39664K(41164K) Class: 5665K(7040K)->5665K(7040K)
[2025-04-28T22:36:59.231+0200][gc            ] GC(65) Pause Young (Normal) (G1 Evacuation Pause) 342M->300M(1024M) 37.104ms
[2025-04-28T22:36:59.231+0200][gc,cpu        ] GC(65) User=0.26s Sys=0.00s Real=0.04s
[2025-04-28T22:43:59.194+0200][gc,start      ] GC(66) Pause Young (Normal) (G1 Evacuation Pause)
[2025-04-28T22:43:59.194+0200][gc,task       ] GC(66) Using 8 workers of 8 for evacuation
[2025-04-28T22:43:59.250+0200][gc,mmu        ] GC(66) MMU target violated: 21.0ms (20.0ms/21.0ms)
[2025-04-28T22:43:59.250+0200][gc,phases     ] GC(66)   Pre Evacuate Collection Set: 1.5ms
[2025-04-28T22:43:59.250+0200][gc,phases     ] GC(66)   Evacuate Collection Set: 53.3ms
[2025-04-28T22:43:59.250+0200][gc,phases     ] GC(66)   Post Evacuate Collection Set: 0.7ms
[2025-04-28T22:43:59.250+0200][gc,phases     ] GC(66)   Other: 0.6ms
[2025-04-28T22:43:59.250+0200][gc,heap       ] GC(66) Eden regions: 46->0(45)
[2025-04-28T22:43:59.250+0200][gc,heap       ] GC(66) Survivor regions: 5->6(7)
[2025-04-28T22:43:59.250+0200][gc,heap       ] GC(66) Old regions: 168->172
[2025-04-28T22:43:59.250+0200][gc,heap       ] GC(66) Humongous regions: 129->129
[2025-04-28T22:43:59.250+0200][gc,metaspace  ] GC(66) Metaspace: 45329K(48204K)->45329K(48204K) NonClass: 39664K(41164K)->39664K(41164K) Class: 5665K(7040K)->5665K(7040K)
[2025-04-28T22:43:59.250+0200][gc            ] GC(66) Pause Young (Normal) (G1 Evacuation Pause) 346M->305M(1024M) 56.178ms
[2025-04-28T22:43:59.250+0200][gc,cpu        ] GC(66) User=0.13s Sys=0.00s Real=0.06s
[2025-04-28T22:50:49.040+0200][gc,start      ] GC(67) Pause Young (Normal) (G1 Evacuation Pause)
[2025-04-28T22:50:49.040+0200][gc,task       ] GC(67) Using 8 workers of 8 for evacuation
[2025-04-28T22:50:49.079+0200][gc,mmu        ] GC(67) MMU target violated: 21.0ms (20.0ms/21.0ms)
[2025-04-28T22:50:49.079+0200][gc,phases     ] GC(67)   Pre Evacuate Collection Set: 0.3ms
[2025-04-28T22:50:49.079+0200][gc,phases     ] GC(67)   Evacuate Collection Set: 37.0ms
[2025-04-28T22:50:49.079+0200][gc,phases     ] GC(67)   Post Evacuate Collection Set: 0.6ms
[2025-04-28T22:50:49.079+0200][gc,phases     ] GC(67)   Other: 0.9ms
[2025-04-28T22:50:49.079+0200][gc,heap       ] GC(67) Eden regions: 45->0(46)
[2025-04-28T22:50:49.079+0200][gc,heap       ] GC(67) Survivor regions: 6->5(7)
[2025-04-28T22:50:49.079+0200][gc,heap       ] GC(67) Old regions: 172->176
[2025-04-28T22:50:49.079+0200][gc,heap       ] GC(67) Humongous regions: 129->129
[2025-04-28T22:50:49.079+0200][gc,metaspace  ] GC(67) Metaspace: 45329K(48204K)->45329K(48204K) NonClass: 39664K(41164K)->39664K(41164K) Class: 5665K(7040K)->5665K(7040K)
[2025-04-28T22:50:49.079+0200][gc            ] GC(67) Pause Young (Normal) (G1 Evacuation Pause) 350M->308M(1024M) 39.057ms
[2025-04-28T22:50:49.079+0200][gc,cpu        ] GC(67) User=0.17s Sys=0.00s Real=0.04s
[2025-04-28T22:57:50.041+0200][gc,start      ] GC(68) Pause Young (Normal) (G1 Evacuation Pause)
[2025-04-28T22:57:50.084+0200][gc,task       ] GC(68) Using 8 workers of 8 for evacuation
[2025-04-28T22:57:50.121+0200][gc,mmu        ] GC(68) MMU target violated: 21.0ms (20.0ms/21.0ms)
[2025-04-28T22:57:50.121+0200][gc,phases     ] GC(68)   Pre Evacuate Collection Set: 0.4ms
[2025-04-28T22:57:50.121+0200][gc,phases     ] GC(68)   Evacuate Collection Set: 34.9ms
[2025-04-28T22:57:50.121+0200][gc,phases     ] GC(68)   Post Evacuate Collection Set: 0.8ms
[2025-04-28T22:57:50.121+0200][gc,phases     ] GC(68)   Other: 43.7ms
[2025-04-28T22:57:50.121+0200][gc,heap       ] GC(68) Eden regions: 46->0(45)
[2025-04-28T22:57:50.121+0200][gc,heap       ] GC(68) Survivor regions: 5->6(7)
[2025-04-28T22:57:50.121+0200][gc,heap       ] GC(68) Old regions: 176->180
[2025-04-28T22:57:50.121+0200][gc,heap       ] GC(68) Humongous regions: 129->129
[2025-04-28T22:57:50.121+0200][gc,metaspace  ] GC(68) Metaspace: 45329K(48204K)->45329K(48204K) NonClass: 39664K(41164K)->39664K(41164K) Class: 5665K(7040K)->5665K(7040K)
[2025-04-28T22:57:50.121+0200][gc            ] GC(68) Pause Young (Normal) (G1 Evacuation Pause) 354M->313M(1024M) 79.996ms
[2025-04-28T22:57:50.121+0200][gc,cpu        ] GC(68) User=0.14s Sys=0.00s Real=0.08s
[2025-04-28T23:04:28.907+0200][gc,start      ] GC(69) Pause Young (Normal) (G1 Evacuation Pause)
[2025-04-28T23:04:28.908+0200][gc,task       ] GC(69) Using 8 workers of 8 for evacuation
[2025-04-28T23:04:28.944+0200][gc,mmu        ] GC(69) MMU target violated: 21.0ms (20.0ms/21.0ms)
[2025-04-28T23:04:28.944+0200][gc,phases     ] GC(69)   Pre Evacuate Collection Set: 0.1ms
[2025-04-28T23:04:28.945+0200][gc,phases     ] GC(69)   Evacuate Collection Set: 35.5ms
[2025-04-28T23:04:28.945+0200][gc,phases     ] GC(69)   Post Evacuate Collection Set: 0.8ms
[2025-04-28T23:04:28.945+0200][gc,phases     ] GC(69)   Other: 0.7ms
[2025-04-28T23:04:28.945+0200][gc,heap       ] GC(69) Eden regions: 45->0(45)
[2025-04-28T23:04:28.945+0200][gc,heap       ] GC(69) Survivor regions: 6->6(7)
[2025-04-28T23:04:28.945+0200][gc,heap       ] GC(69) Old regions: 180->184
[2025-04-28T23:04:28.945+0200][gc,heap       ] GC(69) Humongous regions: 129->129
[2025-04-28T23:04:28.945+0200][gc,metaspace  ] GC(69) Metaspace: 45329K(48204K)->45329K(48204K) NonClass: 39664K(41164K)->39664K(41164K) Class: 5665K(7040K)->5665K(7040K)
[2025-04-28T23:04:28.945+0200][gc            ] GC(69) Pause Young (Normal) (G1 Evacuation Pause) 358M->317M(1024M) 37.275ms
[2025-04-28T23:04:28.945+0200][gc,cpu        ] GC(69) User=0.06s Sys=0.00s Real=0.04s
[2025-04-28T23:10:56.708+0200][gc,start      ] GC(70) Pause Young (Normal) (G1 Evacuation Pause)
[2025-04-28T23:10:56.725+0200][gc,task       ] GC(70) Using 8 workers of 8 for evacuation
[2025-04-28T23:10:56.782+0200][gc,mmu        ] GC(70) MMU target violated: 21.0ms (20.0ms/21.0ms)
[2025-04-28T23:10:56.783+0200][gc,phases     ] GC(70)   Pre Evacuate Collection Set: 0.3ms
[2025-04-28T23:10:56.783+0200][gc,phases     ] GC(70)   Evacuate Collection Set: 55.8ms
[2025-04-28T23:10:56.783+0200][gc,phases     ] GC(70)   Post Evacuate Collection Set: 0.7ms
[2025-04-28T23:10:56.783+0200][gc,phases     ] GC(70)   Other: 18.1ms
[2025-04-28T23:10:56.783+0200][gc,heap       ] GC(70) Eden regions: 45->0(47)
[2025-04-28T23:10:56.783+0200][gc,heap       ] GC(70) Survivor regions: 6->4(7)
[2025-04-28T23:10:56.783+0200][gc,heap       ] GC(70) Old regions: 184->189
[2025-04-28T23:10:56.783+0200][gc,heap       ] GC(70) Humongous regions: 129->129
[2025-04-28T23:10:56.783+0200][gc,metaspace  ] GC(70) Metaspace: 45329K(48204K)->45329K(48204K) NonClass: 39664K(41164K)->39664K(41164K) Class: 5665K(7040K)->5665K(7040K)
[2025-04-28T23:10:56.783+0200][gc            ] GC(70) Pause Young (Normal) (G1 Evacuation Pause) 362M->320M(1024M) 75.098ms
[2025-04-28T23:10:56.783+0200][gc,cpu        ] GC(70) User=0.05s Sys=0.01s Real=0.08s
[2025-04-28T23:18:04.927+0200][gc,start      ] GC(71) Pause Young (Normal) (G1 Evacuation Pause)
[2025-04-28T23:18:04.927+0200][gc,task       ] GC(71) Using 8 workers of 8 for evacuation
[2025-04-28T23:18:04.948+0200][gc,phases     ] GC(71)   Pre Evacuate Collection Set: 0.2ms
[2025-04-28T23:18:04.948+0200][gc,phases     ] GC(71)   Evacuate Collection Set: 11.4ms
[2025-04-28T23:18:04.948+0200][gc,phases     ] GC(71)   Post Evacuate Collection Set: 0.7ms
[2025-04-28T23:18:04.948+0200][gc,phases     ] GC(71)   Other: 19.9ms
[2025-04-28T23:18:04.948+0200][gc,heap       ] GC(71) Eden regions: 47->0(47)
[2025-04-28T23:18:04.948+0200][gc,heap       ] GC(71) Survivor regions: 4->4(7)
[2025-04-28T23:18:04.948+0200][gc,heap       ] GC(71) Old regions: 189->189
[2025-04-28T23:18:04.948+0200][gc,heap       ] GC(71) Humongous regions: 129->129
[2025-04-28T23:18:04.949+0200][gc,metaspace  ] GC(71) Metaspace: 45329K(48204K)->45329K(48204K) NonClass: 39664K(41164K)->39664K(41164K) Class: 5665K(7040K)->5665K(7040K)
[2025-04-28T23:18:04.949+0200][gc            ] GC(71) Pause Young (Normal) (G1 Evacuation Pause) 367M->319M(1024M) 21.974ms
[2025-04-28T23:18:04.949+0200][gc,cpu        ] GC(71) User=0.07s Sys=0.00s Real=0.03s
[2025-04-28T23:25:14.328+0200][gc,start      ] GC(72) Pause Young (Normal) (G1 Evacuation Pause)
[2025-04-28T23:25:14.328+0200][gc,task       ] GC(72) Using 8 workers of 8 for evacuation
[2025-04-28T23:25:14.340+0200][gc,phases     ] GC(72)   Pre Evacuate Collection Set: 0.3ms
[2025-04-28T23:25:14.340+0200][gc,phases     ] GC(72)   Evacuate Collection Set: 10.8ms
[2025-04-28T23:25:14.340+0200][gc,phases     ] GC(72)   Post Evacuate Collection Set: 0.6ms
[2025-04-28T23:25:14.340+0200][gc,phases     ] GC(72)   Other: 0.5ms
[2025-04-28T23:25:14.340+0200][gc,heap       ] GC(72) Eden regions: 47->0(46)
[2025-04-28T23:25:14.340+0200][gc,heap       ] GC(72) Survivor regions: 4->5(7)
[2025-04-28T23:25:14.340+0200][gc,heap       ] GC(72) Old regions: 189->189
[2025-04-28T23:25:14.340+0200][gc,heap       ] GC(72) Humongous regions: 129->129
[2025-04-28T23:25:14.340+0200][gc,metaspace  ] GC(72) Metaspace: 45329K(48204K)->45329K(48204K) NonClass: 39664K(41164K)->39664K(41164K) Class: 5665K(7040K)->5665K(7040K)
[2025-04-28T23:25:14.340+0200][gc            ] GC(72) Pause Young (Normal) (G1 Evacuation Pause) 366M->320M(1024M) 12.423ms
[2025-04-28T23:25:14.340+0200][gc,cpu        ] GC(72) User=0.06s Sys=0.00s Real=0.02s
[2025-04-28T23:32:14.193+0200][gc,start      ] GC(73) Pause Young (Normal) (G1 Evacuation Pause)
[2025-04-28T23:32:14.194+0200][gc,task       ] GC(73) Using 8 workers of 8 for evacuation
[2025-04-28T23:32:14.206+0200][gc,phases     ] GC(73)   Pre Evacuate Collection Set: 0.1ms
[2025-04-28T23:32:14.206+0200][gc,phases     ] GC(73)   Evacuate Collection Set: 11.2ms
[2025-04-28T23:32:14.206+0200][gc,phases     ] GC(73)   Post Evacuate Collection Set: 0.6ms
[2025-04-28T23:32:14.206+0200][gc,phases     ] GC(73)   Other: 0.5ms
[2025-04-28T23:32:14.206+0200][gc,heap       ] GC(73) Eden regions: 46->0(49)
[2025-04-28T23:32:14.206+0200][gc,heap       ] GC(73) Survivor regions: 5->4(7)
[2025-04-28T23:32:14.206+0200][gc,heap       ] GC(73) Old regions: 189->190
[2025-04-28T23:32:14.206+0200][gc,heap       ] GC(73) Humongous regions: 129->129
[2025-04-28T23:32:14.206+0200][gc,metaspace  ] GC(73) Metaspace: 45329K(48204K)->45329K(48204K) NonClass: 39664K(41164K)->39664K(41164K) Class: 5665K(7040K)->5665K(7040K)
[2025-04-28T23:32:14.206+0200][gc            ] GC(73) Pause Young (Normal) (G1 Evacuation Pause) 366M->320M(1024M) 12.656ms
[2025-04-28T23:32:14.206+0200][gc,cpu        ] GC(73) User=0.07s Sys=0.00s Real=0.01s
[2025-04-28T23:39:45.115+0200][gc,start      ] GC(74) Pause Young (Normal) (G1 Evacuation Pause)
[2025-04-28T23:39:45.115+0200][gc,task       ] GC(74) Using 8 workers of 8 for evacuation
[2025-04-28T23:39:45.124+0200][gc,phases     ] GC(74)   Pre Evacuate Collection Set: 0.4ms
[2025-04-28T23:39:45.124+0200][gc,phases     ] GC(74)   Evacuate Collection Set: 7.5ms
[2025-04-28T23:39:45.124+0200][gc,phases     ] GC(74)   Post Evacuate Collection Set: 0.6ms
[2025-04-28T23:39:45.124+0200][gc,phases     ] GC(74)   Other: 0.5ms
[2025-04-28T23:39:45.124+0200][gc,heap       ] GC(74) Eden regions: 49->0(54)
[2025-04-28T23:39:45.124+0200][gc,heap       ] GC(74) Survivor regions: 4->5(7)
[2025-04-28T23:39:45.124+0200][gc,heap       ] GC(74) Old regions: 190->190
[2025-04-28T23:39:45.124+0200][gc,heap       ] GC(74) Humongous regions: 129->129
[2025-04-28T23:39:45.125+0200][gc,metaspace  ] GC(74) Metaspace: 45329K(48204K)->45329K(48204K) NonClass: 39664K(41164K)->39664K(41164K) Class: 5665K(7040K)->5665K(7040K)
[2025-04-28T23:39:45.125+0200][gc            ] GC(74) Pause Young (Normal) (G1 Evacuation Pause) 369M->322M(1024M) 9.310ms
[2025-04-28T23:39:45.125+0200][gc,cpu        ] GC(74) User=0.05s Sys=0.00s Real=0.01s
