[2025-04-29T08:49:32.438+0200][gc,heap] Heap region size: 1M
[2025-04-29T08:49:32.478+0200][gc     ] Using G1
[2025-04-29T08:49:32.478+0200][gc,heap,coops] Heap address: 0x00000000c0000000, size: 1024 MB, Compressed Oops mode: 32-bit
[2025-04-29T08:49:32.480+0200][gc,cds       ] Mark closed archive regions in map: [0x00000000fff00000, 0x00000000fff6bff8]
[2025-04-29T08:49:32.480+0200][gc,cds       ] Mark open archive regions in map: [0x00000000ffe00000, 0x00000000ffe47ff8]
[2025-04-29T08:50:04.986+0200][gc,start     ] GC(0) Pause Young (Normal) (G1 Evacuation Pause)
[2025-04-29T08:50:04.989+0200][gc,task      ] GC(0) Using 8 workers of 8 for evacuation
[2025-04-29T08:50:05.004+0200][gc,phases    ] GC(0)   Pre Evacuate Collection Set: 0.0ms
[2025-04-29T08:50:05.004+0200][gc,phases    ] GC(0)   Evacuate Collection Set: 14.1ms
[2025-04-29T08:50:05.004+0200][gc,phases    ] GC(0)   Post Evacuate Collection Set: 0.8ms
[2025-04-29T08:50:05.004+0200][gc,phases    ] GC(0)   Other: 3.3ms
[2025-04-29T08:50:05.004+0200][gc,heap      ] GC(0) Eden regions: 51->0(44)
[2025-04-29T08:50:05.004+0200][gc,heap      ] GC(0) Survivor regions: 0->7(7)
[2025-04-29T08:50:05.004+0200][gc,heap      ] GC(0) Old regions: 2->2
[2025-04-29T08:50:05.004+0200][gc,heap      ] GC(0) Humongous regions: 0->0
[2025-04-29T08:50:05.004+0200][gc,metaspace ] GC(0) Metaspace: 14272K(15104K)->14272K(15104K) NonClass: 12524K(13056K)->12524K(13056K) Class: 1748K(2048K)->1748K(2048K)
[2025-04-29T08:50:05.004+0200][gc           ] GC(0) Pause Young (Normal) (G1 Evacuation Pause) 51M->7M(1024M) 18.546ms
[2025-04-29T08:50:05.004+0200][gc,cpu       ] GC(0) User=0.08s Sys=0.01s Real=0.02s
[2025-04-29T08:50:10.588+0200][gc,start     ] GC(1) Pause Young (Concurrent Start) (Metadata GC Threshold)
[2025-04-29T08:50:10.588+0200][gc,task      ] GC(1) Using 8 workers of 8 for evacuation
[2025-04-29T08:50:10.608+0200][gc,phases    ] GC(1)   Pre Evacuate Collection Set: 0.1ms
[2025-04-29T08:50:10.608+0200][gc,phases    ] GC(1)   Evacuate Collection Set: 18.5ms
[2025-04-29T08:50:10.608+0200][gc,phases    ] GC(1)   Post Evacuate Collection Set: 0.6ms
[2025-04-29T08:50:10.608+0200][gc,phases    ] GC(1)   Other: 0.6ms
[2025-04-29T08:50:10.608+0200][gc,heap      ] GC(1) Eden regions: 29->0(49)
[2025-04-29T08:50:10.608+0200][gc,heap      ] GC(1) Survivor regions: 7->2(7)
[2025-04-29T08:50:10.608+0200][gc,heap      ] GC(1) Old regions: 2->10
[2025-04-29T08:50:10.608+0200][gc,heap      ] GC(1) Humongous regions: 0->0
[2025-04-29T08:50:10.608+0200][gc,metaspace ] GC(1) Metaspace: 20518K(21248K)->20518K(21248K) NonClass: 18030K(18432K)->18030K(18432K) Class: 2487K(2816K)->2487K(2816K)
[2025-04-29T08:50:10.608+0200][gc           ] GC(1) Pause Young (Concurrent Start) (Metadata GC Threshold) 36M->9M(1024M) 20.060ms
[2025-04-29T08:50:10.608+0200][gc,cpu       ] GC(1) User=0.06s Sys=0.01s Real=0.02s
[2025-04-29T08:50:10.608+0200][gc           ] GC(2) Concurrent Cycle
[2025-04-29T08:50:10.608+0200][gc,marking   ] GC(2) Concurrent Clear Claimed Marks
[2025-04-29T08:50:10.608+0200][gc,marking   ] GC(2) Concurrent Clear Claimed Marks 0.038ms
[2025-04-29T08:50:10.608+0200][gc,marking   ] GC(2) Concurrent Scan Root Regions
[2025-04-29T08:50:10.610+0200][gc,marking   ] GC(2) Concurrent Scan Root Regions 1.271ms
[2025-04-29T08:50:10.610+0200][gc,marking   ] GC(2) Concurrent Mark (38.225s)
[2025-04-29T08:50:10.610+0200][gc,marking   ] GC(2) Concurrent Mark From Roots
[2025-04-29T08:50:10.610+0200][gc,task      ] GC(2) Using 2 workers of 2 for marking
[2025-04-29T08:50:10.619+0200][gc,marking   ] GC(2) Concurrent Mark From Roots 9.153ms
[2025-04-29T08:50:10.619+0200][gc,marking   ] GC(2) Concurrent Preclean
[2025-04-29T08:50:10.619+0200][gc,marking   ] GC(2) Concurrent Preclean 0.467ms
[2025-04-29T08:50:10.619+0200][gc,marking   ] GC(2) Concurrent Mark (38.225s, 38.235s) 9.820ms
[2025-04-29T08:50:10.670+0200][gc,start     ] GC(2) Pause Remark
[2025-04-29T08:50:10.753+0200][gc,stringtable] GC(2) Cleaned string and symbol table, strings: 5718 processed, 0 removed, symbols: 53402 processed, 44 removed
[2025-04-29T08:50:10.754+0200][gc            ] GC(2) Pause Remark 9M->9M(1024M) 83.946ms
[2025-04-29T08:50:10.754+0200][gc,cpu        ] GC(2) User=0.03s Sys=0.00s Real=0.08s
[2025-04-29T08:50:10.754+0200][gc,marking    ] GC(2) Concurrent Rebuild Remembered Sets
[2025-04-29T08:50:10.758+0200][gc,marking    ] GC(2) Concurrent Rebuild Remembered Sets 4.355ms
[2025-04-29T08:50:10.863+0200][gc,start      ] GC(2) Pause Cleanup
[2025-04-29T08:50:10.864+0200][gc            ] GC(2) Pause Cleanup 9M->9M(1024M) 0.473ms
[2025-04-29T08:50:10.864+0200][gc,cpu        ] GC(2) User=0.00s Sys=0.00s Real=0.01s
[2025-04-29T08:50:10.864+0200][gc,marking    ] GC(2) Concurrent Cleanup for Next Mark
[2025-04-29T08:50:10.876+0200][gc,marking    ] GC(2) Concurrent Cleanup for Next Mark 11.836ms
[2025-04-29T08:50:10.876+0200][gc            ] GC(2) Concurrent Cycle 267.946ms
[2025-04-29T08:50:21.436+0200][gc,start      ] GC(3) Pause Young (Normal) (G1 Evacuation Pause)
[2025-04-29T08:50:21.436+0200][gc,task       ] GC(3) Using 8 workers of 8 for evacuation
[2025-04-29T08:50:21.442+0200][gc,phases     ] GC(3)   Pre Evacuate Collection Set: 0.0ms
[2025-04-29T08:50:21.442+0200][gc,phases     ] GC(3)   Evacuate Collection Set: 5.7ms
[2025-04-29T08:50:21.442+0200][gc,phases     ] GC(3)   Post Evacuate Collection Set: 0.6ms
[2025-04-29T08:50:21.443+0200][gc,phases     ] GC(3)   Other: 0.4ms
[2025-04-29T08:50:21.443+0200][gc,heap       ] GC(3) Eden regions: 49->0(46)
[2025-04-29T08:50:21.443+0200][gc,heap       ] GC(3) Survivor regions: 2->5(7)
[2025-04-29T08:50:21.443+0200][gc,heap       ] GC(3) Old regions: 10->10
[2025-04-29T08:50:21.443+0200][gc,heap       ] GC(3) Humongous regions: 129->129
[2025-04-29T08:50:21.443+0200][gc,metaspace  ] GC(3) Metaspace: 28289K(29440K)->28289K(29440K) NonClass: 24999K(25600K)->24999K(25600K) Class: 3290K(3840K)->3290K(3840K)
[2025-04-29T08:50:21.443+0200][gc            ] GC(3) Pause Young (Normal) (G1 Evacuation Pause) 187M->141M(1024M) 6.928ms
[2025-04-29T08:50:21.443+0200][gc,cpu        ] GC(3) User=0.03s Sys=0.00s Real=0.00s
[2025-04-29T08:50:23.739+0200][gc,start      ] GC(4) Pause Young (Concurrent Start) (Metadata GC Threshold)
[2025-04-29T08:50:23.739+0200][gc,task       ] GC(4) Using 8 workers of 8 for evacuation
[2025-04-29T08:50:23.789+0200][gc,mmu        ] GC(4) MMU target violated: 21.0ms (20.0ms/21.0ms)
[2025-04-29T08:50:23.789+0200][gc,phases     ] GC(4)   Pre Evacuate Collection Set: 0.2ms
[2025-04-29T08:50:23.789+0200][gc,phases     ] GC(4)   Evacuate Collection Set: 48.3ms
[2025-04-29T08:50:23.789+0200][gc,phases     ] GC(4)   Post Evacuate Collection Set: 0.9ms
[2025-04-29T08:50:23.789+0200][gc,phases     ] GC(4)   Other: 0.6ms
[2025-04-29T08:50:23.789+0200][gc,heap       ] GC(4) Eden regions: 33->0(48)
[2025-04-29T08:50:23.789+0200][gc,heap       ] GC(4) Survivor regions: 5->3(7)
[2025-04-29T08:50:23.789+0200][gc,heap       ] GC(4) Old regions: 10->14
[2025-04-29T08:50:23.789+0200][gc,heap       ] GC(4) Humongous regions: 129->129
[2025-04-29T08:50:23.789+0200][gc,metaspace  ] GC(4) Metaspace: 34321K(35840K)->34321K(35840K) NonClass: 30327K(31232K)->30327K(31232K) Class: 3993K(4608K)->3993K(4608K)
[2025-04-29T08:50:23.789+0200][gc            ] GC(4) Pause Young (Concurrent Start) (Metadata GC Threshold) 173M->143M(1024M) 50.138ms
[2025-04-29T08:50:23.789+0200][gc,cpu        ] GC(4) User=0.12s Sys=0.02s Real=0.05s
[2025-04-29T08:50:23.789+0200][gc            ] GC(5) Concurrent Cycle
[2025-04-29T08:50:23.789+0200][gc,marking    ] GC(5) Concurrent Clear Claimed Marks
[2025-04-29T08:50:23.790+0200][gc,marking    ] GC(5) Concurrent Clear Claimed Marks 0.136ms
[2025-04-29T08:50:23.790+0200][gc,marking    ] GC(5) Concurrent Scan Root Regions
[2025-04-29T08:50:23.792+0200][gc,marking    ] GC(5) Concurrent Scan Root Regions 2.694ms
[2025-04-29T08:50:23.792+0200][gc,marking    ] GC(5) Concurrent Mark (51.407s)
[2025-04-29T08:50:23.792+0200][gc,marking    ] GC(5) Concurrent Mark From Roots
[2025-04-29T08:50:23.792+0200][gc,task       ] GC(5) Using 2 workers of 2 for marking
[2025-04-29T08:50:23.823+0200][gc,marking    ] GC(5) Concurrent Mark From Roots 30.459ms
[2025-04-29T08:50:23.823+0200][gc,marking    ] GC(5) Concurrent Preclean
[2025-04-29T08:50:23.823+0200][gc,marking    ] GC(5) Concurrent Preclean 0.484ms
[2025-04-29T08:50:23.823+0200][gc,marking    ] GC(5) Concurrent Mark (51.407s, 51.439s) 31.082ms
[2025-04-29T08:50:23.850+0200][gc,start      ] GC(5) Pause Remark
[2025-04-29T08:50:23.862+0200][gc,stringtable] GC(5) Cleaned string and symbol table, strings: 11538 processed, 10 removed, symbols: 86953 processed, 16 removed
[2025-04-29T08:50:23.863+0200][gc            ] GC(5) Pause Remark 146M->146M(1024M) 12.943ms
[2025-04-29T08:50:23.863+0200][gc,cpu        ] GC(5) User=0.07s Sys=0.00s Real=0.01s
[2025-04-29T08:50:23.876+0200][gc,marking    ] GC(5) Concurrent Rebuild Remembered Sets
[2025-04-29T08:50:23.888+0200][gc,marking    ] GC(5) Concurrent Rebuild Remembered Sets 12.559ms
[2025-04-29T08:50:23.889+0200][gc,start      ] GC(5) Pause Cleanup
[2025-04-29T08:50:23.889+0200][gc            ] GC(5) Pause Cleanup 147M->147M(1024M) 0.290ms
[2025-04-29T08:50:23.889+0200][gc,cpu        ] GC(5) User=0.00s Sys=0.00s Real=0.00s
[2025-04-29T08:50:23.889+0200][gc,marking    ] GC(5) Concurrent Cleanup for Next Mark
[2025-04-29T08:50:23.918+0200][gc,marking    ] GC(5) Concurrent Cleanup for Next Mark 29.252ms
[2025-04-29T08:50:23.919+0200][gc            ] GC(5) Concurrent Cycle 129.201ms
[2025-04-29T10:15:43.415+0200][gc,start      ] GC(6) Pause Young (Normal) (G1 Evacuation Pause)
[2025-04-29T10:15:43.423+0200][gc,task       ] GC(6) Using 8 workers of 8 for evacuation
[2025-04-29T10:15:43.446+0200][gc,mmu        ] GC(6) MMU target violated: 21.0ms (20.0ms/21.0ms)
[2025-04-29T10:15:43.446+0200][gc,phases     ] GC(6)   Pre Evacuate Collection Set: 0.8ms
[2025-04-29T10:15:43.446+0200][gc,phases     ] GC(6)   Evacuate Collection Set: 20.9ms
[2025-04-29T10:15:43.446+0200][gc,phases     ] GC(6)   Post Evacuate Collection Set: 0.8ms
[2025-04-29T10:15:43.446+0200][gc,phases     ] GC(6)   Other: 8.8ms
[2025-04-29T10:15:43.446+0200][gc,heap       ] GC(6) Eden regions: 48->0(48)
[2025-04-29T10:15:43.446+0200][gc,heap       ] GC(6) Survivor regions: 3->3(7)
[2025-04-29T10:15:43.446+0200][gc,heap       ] GC(6) Old regions: 14->14
[2025-04-29T10:15:43.446+0200][gc,heap       ] GC(6) Humongous regions: 129->129
[2025-04-29T10:15:43.446+0200][gc,metaspace  ] GC(6) Metaspace: 37109K(38860K)->37109K(38860K) NonClass: 32736K(33740K)->32736K(33740K) Class: 4372K(5120K)->4372K(5120K)
[2025-04-29T10:15:43.446+0200][gc            ] GC(6) Pause Young (Normal) (G1 Evacuation Pause) 191M->144M(1024M) 31.564ms
[2025-04-29T10:15:43.446+0200][gc,cpu        ] GC(6) User=0.16s Sys=0.00s Real=0.04s
[2025-04-29T12:12:31.292+0200][gc,start      ] GC(7) Pause Young (Normal) (G1 Evacuation Pause)
[2025-04-29T12:12:31.327+0200][gc,task       ] GC(7) Using 8 workers of 8 for evacuation
[2025-04-29T12:12:31.355+0200][gc,mmu        ] GC(7) MMU target violated: 21.0ms (20.0ms/21.0ms)
[2025-04-29T12:12:31.356+0200][gc,phases     ] GC(7)   Pre Evacuate Collection Set: 0.4ms
[2025-04-29T12:12:31.356+0200][gc,phases     ] GC(7)   Evacuate Collection Set: 24.3ms
[2025-04-29T12:12:31.356+0200][gc,phases     ] GC(7)   Post Evacuate Collection Set: 3.5ms
[2025-04-29T12:12:31.356+0200][gc,phases     ] GC(7)   Other: 35.3ms
[2025-04-29T12:12:31.356+0200][gc,heap       ] GC(7) Eden regions: 48->0(48)
[2025-04-29T12:12:31.356+0200][gc,heap       ] GC(7) Survivor regions: 3->3(7)
[2025-04-29T12:12:31.356+0200][gc,heap       ] GC(7) Old regions: 14->14
[2025-04-29T12:12:31.356+0200][gc,heap       ] GC(7) Humongous regions: 129->129
[2025-04-29T12:12:31.356+0200][gc,metaspace  ] GC(7) Metaspace: 37301K(39116K)->37301K(39116K) NonClass: 32929K(33996K)->32929K(33996K) Class: 4372K(5120K)->4372K(5120K)
[2025-04-29T12:12:31.356+0200][gc            ] GC(7) Pause Young (Normal) (G1 Evacuation Pause) 192M->143M(1024M) 63.677ms
[2025-04-29T12:12:31.356+0200][gc,cpu        ] GC(7) User=0.20s Sys=0.00s Real=0.07s
[2025-04-29T14:15:09.436+0200][gc,start      ] GC(8) Pause Young (Normal) (G1 Evacuation Pause)
[2025-04-29T14:15:09.460+0200][gc,task       ] GC(8) Using 8 workers of 8 for evacuation
[2025-04-29T14:15:09.489+0200][gc,mmu        ] GC(8) MMU target violated: 21.0ms (20.0ms/21.0ms)
[2025-04-29T14:15:09.489+0200][gc,phases     ] GC(8)   Pre Evacuate Collection Set: 0.1ms
[2025-04-29T14:15:09.489+0200][gc,phases     ] GC(8)   Evacuate Collection Set: 24.8ms
[2025-04-29T14:15:09.489+0200][gc,phases     ] GC(8)   Post Evacuate Collection Set: 3.9ms
[2025-04-29T14:15:09.489+0200][gc,phases     ] GC(8)   Other: 23.9ms
[2025-04-29T14:15:09.489+0200][gc,heap       ] GC(8) Eden regions: 48->0(48)
[2025-04-29T14:15:09.489+0200][gc,heap       ] GC(8) Survivor regions: 3->3(7)
[2025-04-29T14:15:09.489+0200][gc,heap       ] GC(8) Old regions: 14->14
[2025-04-29T14:15:09.489+0200][gc,heap       ] GC(8) Humongous regions: 129->129
[2025-04-29T14:15:09.489+0200][gc,metaspace  ] GC(8) Metaspace: 37353K(39116K)->37353K(39116K) NonClass: 32981K(33996K)->32981K(33996K) Class: 4372K(5120K)->4372K(5120K)
[2025-04-29T14:15:09.489+0200][gc            ] GC(8) Pause Young (Normal) (G1 Evacuation Pause) 191M->143M(1024M) 52.840ms
[2025-04-29T14:15:09.489+0200][gc,cpu        ] GC(8) User=0.21s Sys=0.00s Real=0.05s
[2025-04-29T15:00:37.806+0200][gc,start      ] GC(9) Pause Young (Normal) (G1 Evacuation Pause)
[2025-04-29T15:00:37.806+0200][gc,task       ] GC(9) Using 8 workers of 8 for evacuation
[2025-04-29T15:00:37.828+0200][gc,mmu        ] GC(9) MMU target violated: 21.0ms (20.0ms/21.0ms)
[2025-04-29T15:00:37.828+0200][gc,phases     ] GC(9)   Pre Evacuate Collection Set: 0.1ms
[2025-04-29T15:00:37.828+0200][gc,phases     ] GC(9)   Evacuate Collection Set: 21.3ms
[2025-04-29T15:00:37.829+0200][gc,phases     ] GC(9)   Post Evacuate Collection Set: 1.0ms
[2025-04-29T15:00:37.829+0200][gc,phases     ] GC(9)   Other: 0.6ms
[2025-04-29T15:00:37.829+0200][gc,heap       ] GC(9) Eden regions: 48->0(46)
[2025-04-29T15:00:37.829+0200][gc,heap       ] GC(9) Survivor regions: 3->5(7)
[2025-04-29T15:00:37.829+0200][gc,heap       ] GC(9) Old regions: 14->14
[2025-04-29T15:00:37.829+0200][gc,heap       ] GC(9) Humongous regions: 129->129
[2025-04-29T15:00:37.829+0200][gc,metaspace  ] GC(9) Metaspace: 40713K(43084K)->40713K(43084K) NonClass: 35612K(36812K)->35612K(36812K) Class: 5101K(6272K)->5101K(6272K)
[2025-04-29T15:00:37.829+0200][gc            ] GC(9) Pause Young (Normal) (G1 Evacuation Pause) 191M->145M(1024M) 23.120ms
[2025-04-29T15:00:37.829+0200][gc,cpu        ] GC(9) User=0.14s Sys=0.00s Real=0.02s
[2025-04-29T15:20:14.609+0200][gc,start      ] GC(10) Pause Young (Normal) (G1 Evacuation Pause)
[2025-04-29T15:20:14.609+0200][gc,task       ] GC(10) Using 8 workers of 8 for evacuation
[2025-04-29T15:20:14.634+0200][gc,mmu        ] GC(10) MMU target violated: 21.0ms (20.0ms/21.0ms)
[2025-04-29T15:20:14.634+0200][gc,phases     ] GC(10)   Pre Evacuate Collection Set: 0.1ms
[2025-04-29T15:20:14.634+0200][gc,phases     ] GC(10)   Evacuate Collection Set: 23.2ms
[2025-04-29T15:20:14.634+0200][gc,phases     ] GC(10)   Post Evacuate Collection Set: 1.3ms
[2025-04-29T15:20:14.634+0200][gc,phases     ] GC(10)   Other: 0.6ms
[2025-04-29T15:20:14.634+0200][gc,heap       ] GC(10) Eden regions: 46->0(46)
[2025-04-29T15:20:14.634+0200][gc,heap       ] GC(10) Survivor regions: 5->5(7)
[2025-04-29T15:20:14.634+0200][gc,heap       ] GC(10) Old regions: 14->16
[2025-04-29T15:20:14.634+0200][gc,heap       ] GC(10) Humongous regions: 129->129
[2025-04-29T15:20:14.634+0200][gc,metaspace  ] GC(10) Metaspace: 43825K(46668K)->43825K(46668K) NonClass: 38216K(39628K)->38216K(39628K) Class: 5609K(7040K)->5609K(7040K)
[2025-04-29T15:20:14.634+0200][gc            ] GC(10) Pause Young (Normal) (G1 Evacuation Pause) 191M->147M(1024M) 25.285ms
[2025-04-29T15:20:14.634+0200][gc,cpu        ] GC(10) User=0.16s Sys=0.00s Real=0.02s
[2025-04-29T15:33:31.221+0200][gc,start      ] GC(11) Pause Young (Normal) (G1 Evacuation Pause)
[2025-04-29T15:33:31.221+0200][gc,task       ] GC(11) Using 8 workers of 8 for evacuation
[2025-04-29T15:33:31.237+0200][gc,phases     ] GC(11)   Pre Evacuate Collection Set: 1.6ms
[2025-04-29T15:33:31.237+0200][gc,phases     ] GC(11)   Evacuate Collection Set: 13.5ms
[2025-04-29T15:33:31.237+0200][gc,phases     ] GC(11)   Post Evacuate Collection Set: 1.0ms
[2025-04-29T15:33:31.237+0200][gc,phases     ] GC(11)   Other: 0.4ms
[2025-04-29T15:33:31.237+0200][gc,heap       ] GC(11) Eden regions: 46->0(48)
[2025-04-29T15:33:31.237+0200][gc,heap       ] GC(11) Survivor regions: 5->3(7)
[2025-04-29T15:33:31.237+0200][gc,heap       ] GC(11) Old regions: 16->18
[2025-04-29T15:33:31.237+0200][gc,heap       ] GC(11) Humongous regions: 129->129
[2025-04-29T15:33:31.237+0200][gc,metaspace  ] GC(11) Metaspace: 44145K(46924K)->44145K(46924K) NonClass: 38511K(39884K)->38511K(39884K) Class: 5634K(7040K)->5634K(7040K)
[2025-04-29T15:33:31.237+0200][gc            ] GC(11) Pause Young (Normal) (G1 Evacuation Pause) 193M->148M(1024M) 16.808ms
[2025-04-29T15:33:31.238+0200][gc,cpu        ] GC(11) User=0.11s Sys=0.00s Real=0.02s
[2025-04-29T15:47:20.780+0200][gc,start      ] GC(12) Pause Young (Normal) (G1 Evacuation Pause)
[2025-04-29T15:47:20.780+0200][gc,task       ] GC(12) Using 8 workers of 8 for evacuation
[2025-04-29T15:47:20.806+0200][gc,mmu        ] GC(12) MMU target violated: 21.0ms (20.0ms/21.0ms)
[2025-04-29T15:47:20.806+0200][gc,phases     ] GC(12)   Pre Evacuate Collection Set: 0.4ms
[2025-04-29T15:47:20.806+0200][gc,phases     ] GC(12)   Evacuate Collection Set: 24.1ms
[2025-04-29T15:47:20.806+0200][gc,phases     ] GC(12)   Post Evacuate Collection Set: 0.9ms
[2025-04-29T15:47:20.806+0200][gc,phases     ] GC(12)   Other: 0.6ms
[2025-04-29T15:47:20.806+0200][gc,heap       ] GC(12) Eden regions: 48->0(47)
[2025-04-29T15:47:20.806+0200][gc,heap       ] GC(12) Survivor regions: 3->4(7)
[2025-04-29T15:47:20.806+0200][gc,heap       ] GC(12) Old regions: 18->18
[2025-04-29T15:47:20.806+0200][gc,heap       ] GC(12) Humongous regions: 129->129
[2025-04-29T15:47:20.806+0200][gc,metaspace  ] GC(12) Metaspace: 44519K(47564K)->44519K(47564K) NonClass: 38793K(40396K)->38793K(40396K) Class: 5726K(7168K)->5726K(7168K)
[2025-04-29T15:47:20.806+0200][gc            ] GC(12) Pause Young (Normal) (G1 Evacuation Pause) 196M->149M(1024M) 26.202ms
[2025-04-29T15:47:20.807+0200][gc,cpu        ] GC(12) User=0.17s Sys=0.00s Real=0.03s
[2025-04-29T16:01:47.687+0200][gc,start      ] GC(13) Pause Young (Normal) (G1 Evacuation Pause)
[2025-04-29T16:01:47.694+0200][gc,task       ] GC(13) Using 8 workers of 8 for evacuation
[2025-04-29T16:01:47.738+0200][gc,mmu        ] GC(13) MMU target violated: 21.0ms (20.0ms/21.0ms)
[2025-04-29T16:01:47.738+0200][gc,phases     ] GC(13)   Pre Evacuate Collection Set: 0.3ms
[2025-04-29T16:01:47.738+0200][gc,phases     ] GC(13)   Evacuate Collection Set: 42.5ms
[2025-04-29T16:01:47.738+0200][gc,phases     ] GC(13)   Post Evacuate Collection Set: 0.9ms
[2025-04-29T16:01:47.739+0200][gc,phases     ] GC(13)   Other: 52.9ms
[2025-04-29T16:01:47.739+0200][gc,heap       ] GC(13) Eden regions: 47->0(47)
[2025-04-29T16:01:47.739+0200][gc,heap       ] GC(13) Survivor regions: 4->4(7)
[2025-04-29T16:01:47.739+0200][gc,heap       ] GC(13) Old regions: 18->18
[2025-04-29T16:01:47.739+0200][gc,heap       ] GC(13) Humongous regions: 129->129
[2025-04-29T16:01:47.739+0200][gc,metaspace  ] GC(13) Metaspace: 44553K(47564K)->44553K(47564K) NonClass: 38827K(40396K)->38827K(40396K) Class: 5726K(7168K)->5726K(7168K)
[2025-04-29T16:01:47.750+0200][gc            ] GC(13) Pause Young (Normal) (G1 Evacuation Pause) 196M->149M(1024M) 52.142ms
[2025-04-29T16:01:47.750+0200][gc,cpu        ] GC(13) User=0.33s Sys=0.00s Real=0.06s
[2025-04-29T16:15:42.915+0200][gc,start      ] GC(14) Pause Young (Normal) (G1 Evacuation Pause)
[2025-04-29T16:15:42.915+0200][gc,task       ] GC(14) Using 8 workers of 8 for evacuation
[2025-04-29T16:15:42.936+0200][gc,mmu        ] GC(14) MMU target violated: 21.0ms (20.0ms/21.0ms)
[2025-04-29T16:15:42.936+0200][gc,phases     ] GC(14)   Pre Evacuate Collection Set: 0.0ms
[2025-04-29T16:15:42.936+0200][gc,phases     ] GC(14)   Evacuate Collection Set: 17.6ms
[2025-04-29T16:15:42.936+0200][gc,phases     ] GC(14)   Post Evacuate Collection Set: 3.1ms
[2025-04-29T16:15:42.936+0200][gc,phases     ] GC(14)   Other: 0.5ms
[2025-04-29T16:15:42.936+0200][gc,heap       ] GC(14) Eden regions: 47->0(47)
[2025-04-29T16:15:42.936+0200][gc,heap       ] GC(14) Survivor regions: 4->4(7)
[2025-04-29T16:15:42.936+0200][gc,heap       ] GC(14) Old regions: 18->18
[2025-04-29T16:15:42.936+0200][gc,heap       ] GC(14) Humongous regions: 129->129
[2025-04-29T16:15:42.936+0200][gc,metaspace  ] GC(14) Metaspace: 44586K(47564K)->44586K(47564K) NonClass: 38858K(40396K)->38858K(40396K) Class: 5728K(7168K)->5728K(7168K)
[2025-04-29T16:15:42.936+0200][gc            ] GC(14) Pause Young (Normal) (G1 Evacuation Pause) 196M->148M(1024M) 21.476ms
[2025-04-29T16:15:42.936+0200][gc,cpu        ] GC(14) User=0.15s Sys=0.00s Real=0.03s
[2025-04-29T16:30:42.983+0200][gc,start      ] GC(15) Pause Young (Normal) (G1 Evacuation Pause)
[2025-04-29T16:30:43.012+0200][gc,task       ] GC(15) Using 8 workers of 8 for evacuation
[2025-04-29T16:30:43.034+0200][gc,mmu        ] GC(15) MMU target violated: 21.0ms (20.0ms/21.0ms)
[2025-04-29T16:30:43.035+0200][gc,phases     ] GC(15)   Pre Evacuate Collection Set: 0.7ms
[2025-04-29T16:30:43.035+0200][gc,phases     ] GC(15)   Evacuate Collection Set: 18.1ms
[2025-04-29T16:30:43.035+0200][gc,phases     ] GC(15)   Post Evacuate Collection Set: 2.8ms
[2025-04-29T16:30:43.035+0200][gc,phases     ] GC(15)   Other: 29.9ms
[2025-04-29T16:30:43.035+0200][gc,heap       ] GC(15) Eden regions: 47->0(46)
[2025-04-29T16:30:43.035+0200][gc,heap       ] GC(15) Survivor regions: 4->5(7)
[2025-04-29T16:30:43.035+0200][gc,heap       ] GC(15) Old regions: 18->18
[2025-04-29T16:30:43.035+0200][gc,heap       ] GC(15) Humongous regions: 129->129
[2025-04-29T16:30:43.035+0200][gc,metaspace  ] GC(15) Metaspace: 44592K(47564K)->44592K(47564K) NonClass: 38863K(40396K)->38863K(40396K) Class: 5728K(7168K)->5728K(7168K)
[2025-04-29T16:30:43.035+0200][gc            ] GC(15) Pause Young (Normal) (G1 Evacuation Pause) 195M->149M(1024M) 51.730ms
[2025-04-29T16:30:43.035+0200][gc,cpu        ] GC(15) User=0.14s Sys=0.00s Real=0.05s
[2025-04-29T16:45:37.669+0200][gc,start      ] GC(16) Pause Young (Normal) (G1 Evacuation Pause)
[2025-04-29T16:45:37.697+0200][gc,task       ] GC(16) Using 8 workers of 8 for evacuation
[2025-04-29T16:45:37.761+0200][gc,mmu        ] GC(16) MMU target violated: 21.0ms (20.0ms/21.0ms)
[2025-04-29T16:45:37.761+0200][gc,phases     ] GC(16)   Pre Evacuate Collection Set: 0.0ms
[2025-04-29T16:45:37.761+0200][gc,phases     ] GC(16)   Evacuate Collection Set: 52.1ms
[2025-04-29T16:45:37.761+0200][gc,phases     ] GC(16)   Post Evacuate Collection Set: 11.8ms
[2025-04-29T16:45:37.761+0200][gc,phases     ] GC(16)   Other: 27.8ms
[2025-04-29T16:45:37.761+0200][gc,heap       ] GC(16) Eden regions: 46->0(47)
[2025-04-29T16:45:37.761+0200][gc,heap       ] GC(16) Survivor regions: 5->4(7)
[2025-04-29T16:45:37.761+0200][gc,heap       ] GC(16) Old regions: 18->19
[2025-04-29T16:45:37.761+0200][gc,heap       ] GC(16) Humongous regions: 129->129
[2025-04-29T16:45:37.761+0200][gc,metaspace  ] GC(16) Metaspace: 44593K(47564K)->44593K(47564K) NonClass: 38865K(40396K)->38865K(40396K) Class: 5728K(7168K)->5728K(7168K)
[2025-04-29T16:45:37.772+0200][gc            ] GC(16) Pause Young (Normal) (G1 Evacuation Pause) 195M->149M(1024M) 91.954ms
[2025-04-29T16:45:37.772+0200][gc,cpu        ] GC(16) User=0.42s Sys=0.06s Real=0.10s
[2025-04-29T17:00:56.240+0200][gc,start      ] GC(17) Pause Young (Normal) (G1 Evacuation Pause)
[2025-04-29T17:00:56.240+0200][gc,task       ] GC(17) Using 8 workers of 8 for evacuation
[2025-04-29T17:00:56.274+0200][gc,mmu        ] GC(17) MMU target violated: 21.0ms (20.0ms/21.0ms)
[2025-04-29T17:00:56.274+0200][gc,phases     ] GC(17)   Pre Evacuate Collection Set: 0.8ms
[2025-04-29T17:00:56.275+0200][gc,phases     ] GC(17)   Evacuate Collection Set: 24.0ms
[2025-04-29T17:00:56.275+0200][gc,phases     ] GC(17)   Post Evacuate Collection Set: 8.9ms
[2025-04-29T17:00:56.275+0200][gc,phases     ] GC(17)   Other: 0.7ms
[2025-04-29T17:00:56.275+0200][gc,heap       ] GC(17) Eden regions: 47->0(48)
[2025-04-29T17:00:56.275+0200][gc,heap       ] GC(17) Survivor regions: 4->3(7)
[2025-04-29T17:00:56.275+0200][gc,heap       ] GC(17) Old regions: 19->19
[2025-04-29T17:00:56.275+0200][gc,heap       ] GC(17) Humongous regions: 129->129
[2025-04-29T17:00:56.275+0200][gc,metaspace  ] GC(17) Metaspace: 44598K(47564K)->44598K(47564K) NonClass: 38869K(40396K)->38869K(40396K) Class: 5728K(7168K)->5728K(7168K)
[2025-04-29T17:00:56.275+0200][gc            ] GC(17) Pause Young (Normal) (G1 Evacuation Pause) 196M->149M(1024M) 34.601ms
[2025-04-29T17:00:56.275+0200][gc,cpu        ] GC(17) User=0.24s Sys=0.00s Real=0.03s
[2025-04-29T17:15:43.696+0200][gc,start      ] GC(18) Pause Young (Normal) (G1 Evacuation Pause)
[2025-04-29T17:15:43.696+0200][gc,task       ] GC(18) Using 8 workers of 8 for evacuation
[2025-04-29T17:15:43.709+0200][gc,phases     ] GC(18)   Pre Evacuate Collection Set: 0.2ms
[2025-04-29T17:15:43.709+0200][gc,phases     ] GC(18)   Evacuate Collection Set: 11.6ms
[2025-04-29T17:15:43.709+0200][gc,phases     ] GC(18)   Post Evacuate Collection Set: 0.9ms
[2025-04-29T17:15:43.709+0200][gc,phases     ] GC(18)   Other: 0.4ms
[2025-04-29T17:15:43.709+0200][gc,heap       ] GC(18) Eden regions: 48->0(48)
[2025-04-29T17:15:43.709+0200][gc,heap       ] GC(18) Survivor regions: 3->3(7)
[2025-04-29T17:15:43.709+0200][gc,heap       ] GC(18) Old regions: 19->19
[2025-04-29T17:15:43.709+0200][gc,heap       ] GC(18) Humongous regions: 129->129
[2025-04-29T17:15:43.709+0200][gc,metaspace  ] GC(18) Metaspace: 44608K(47564K)->44608K(47564K) NonClass: 38880K(40396K)->38880K(40396K) Class: 5728K(7168K)->5728K(7168K)
[2025-04-29T17:15:43.709+0200][gc            ] GC(18) Pause Young (Normal) (G1 Evacuation Pause) 197M->148M(1024M) 13.228ms
[2025-04-29T17:15:43.709+0200][gc,cpu        ] GC(18) User=0.08s Sys=0.00s Real=0.01s
[2025-04-29T17:31:24.110+0200][gc,start      ] GC(19) Pause Young (Normal) (G1 Evacuation Pause)
[2025-04-29T17:31:24.110+0200][gc,task       ] GC(19) Using 8 workers of 8 for evacuation
[2025-04-29T17:31:24.144+0200][gc,mmu        ] GC(19) MMU target violated: 21.0ms (20.0ms/21.0ms)
[2025-04-29T17:31:24.144+0200][gc,phases     ] GC(19)   Pre Evacuate Collection Set: 0.2ms
[2025-04-29T17:31:24.144+0200][gc,phases     ] GC(19)   Evacuate Collection Set: 32.2ms
[2025-04-29T17:31:24.144+0200][gc,phases     ] GC(19)   Post Evacuate Collection Set: 0.9ms
[2025-04-29T17:31:24.144+0200][gc,phases     ] GC(19)   Other: 0.6ms
[2025-04-29T17:31:24.144+0200][gc,heap       ] GC(19) Eden regions: 48->0(48)
[2025-04-29T17:31:24.144+0200][gc,heap       ] GC(19) Survivor regions: 3->3(7)
[2025-04-29T17:31:24.144+0200][gc,heap       ] GC(19) Old regions: 19->19
[2025-04-29T17:31:24.144+0200][gc,heap       ] GC(19) Humongous regions: 129->129
[2025-04-29T17:31:24.144+0200][gc,metaspace  ] GC(19) Metaspace: 44618K(47564K)->44618K(47564K) NonClass: 38889K(40396K)->38889K(40396K) Class: 5728K(7168K)->5728K(7168K)
[2025-04-29T17:31:24.144+0200][gc            ] GC(19) Pause Young (Normal) (G1 Evacuation Pause) 196M->148M(1024M) 34.061ms
[2025-04-29T17:31:24.144+0200][gc,cpu        ] GC(19) User=0.24s Sys=0.00s Real=0.04s
[2025-04-29T17:47:07.376+0200][gc,start      ] GC(20) Pause Young (Normal) (G1 Evacuation Pause)
[2025-04-29T17:47:07.376+0200][gc,task       ] GC(20) Using 8 workers of 8 for evacuation
[2025-04-29T17:47:07.389+0200][gc,phases     ] GC(20)   Pre Evacuate Collection Set: 0.1ms
[2025-04-29T17:47:07.389+0200][gc,phases     ] GC(20)   Evacuate Collection Set: 11.9ms
[2025-04-29T17:47:07.389+0200][gc,phases     ] GC(20)   Post Evacuate Collection Set: 1.0ms
[2025-04-29T17:47:07.389+0200][gc,phases     ] GC(20)   Other: 0.5ms
[2025-04-29T17:47:07.389+0200][gc,heap       ] GC(20) Eden regions: 48->0(52)
[2025-04-29T17:47:07.389+0200][gc,heap       ] GC(20) Survivor regions: 3->4(7)
[2025-04-29T17:47:07.389+0200][gc,heap       ] GC(20) Old regions: 19->19
[2025-04-29T17:47:07.389+0200][gc,heap       ] GC(20) Humongous regions: 129->129
[2025-04-29T17:47:07.389+0200][gc,metaspace  ] GC(20) Metaspace: 44622K(47564K)->44622K(47564K) NonClass: 38893K(40396K)->38893K(40396K) Class: 5728K(7168K)->5728K(7168K)
[2025-04-29T17:47:07.389+0200][gc            ] GC(20) Pause Young (Normal) (G1 Evacuation Pause) 196M->150M(1024M) 13.734ms
[2025-04-29T17:47:07.389+0200][gc,cpu        ] GC(20) User=0.03s Sys=0.00s Real=0.02s
[2025-04-29T18:01:12.564+0200][gc,start      ] GC(21) Pause Young (Normal) (G1 Evacuation Pause)
[2025-04-29T18:01:12.586+0200][gc,task       ] GC(21) Using 8 workers of 8 for evacuation
[2025-04-29T18:01:12.700+0200][gc,mmu        ] GC(21) MMU target violated: 21.0ms (20.0ms/21.0ms)
[2025-04-29T18:01:12.701+0200][gc,phases     ] GC(21)   Pre Evacuate Collection Set: 0.1ms
[2025-04-29T18:01:12.701+0200][gc,phases     ] GC(21)   Evacuate Collection Set: 67.9ms
[2025-04-29T18:01:12.701+0200][gc,phases     ] GC(21)   Post Evacuate Collection Set: 0.6ms
[2025-04-29T18:01:12.701+0200][gc,phases     ] GC(21)   Other: 67.9ms
[2025-04-29T18:01:12.701+0200][gc,heap       ] GC(21) Eden regions: 52->0(48)
[2025-04-29T18:01:12.701+0200][gc,heap       ] GC(21) Survivor regions: 4->3(7)
[2025-04-29T18:01:12.701+0200][gc,heap       ] GC(21) Old regions: 19->19
[2025-04-29T18:01:12.701+0200][gc,heap       ] GC(21) Humongous regions: 129->129
[2025-04-29T18:01:12.701+0200][gc,metaspace  ] GC(21) Metaspace: 44715K(47820K)->44715K(47820K) NonClass: 38975K(40652K)->38975K(40652K) Class: 5740K(7168K)->5740K(7168K)
[2025-04-29T18:01:12.701+0200][gc            ] GC(21) Pause Young (Normal) (G1 Evacuation Pause) 202M->148M(1024M) 136.608ms
[2025-04-29T18:01:12.701+0200][gc,cpu        ] GC(21) User=0.03s Sys=0.08s Real=0.13s
[2025-04-29T18:10:31.177+0200][gc,start      ] GC(22) Pause Young (Normal) (G1 Evacuation Pause)
[2025-04-29T18:10:31.177+0200][gc,task       ] GC(22) Using 8 workers of 8 for evacuation
[2025-04-29T18:10:31.215+0200][gc,mmu        ] GC(22) MMU target violated: 21.0ms (20.0ms/21.0ms)
[2025-04-29T18:10:31.215+0200][gc,phases     ] GC(22)   Pre Evacuate Collection Set: 1.5ms
[2025-04-29T18:10:31.215+0200][gc,phases     ] GC(22)   Evacuate Collection Set: 30.0ms
[2025-04-29T18:10:31.215+0200][gc,phases     ] GC(22)   Post Evacuate Collection Set: 6.0ms
[2025-04-29T18:10:31.215+0200][gc,phases     ] GC(22)   Other: 0.6ms
[2025-04-29T18:10:31.215+0200][gc,heap       ] GC(22) Eden regions: 48->0(48)
[2025-04-29T18:10:31.215+0200][gc,heap       ] GC(22) Survivor regions: 3->3(7)
[2025-04-29T18:10:31.215+0200][gc,heap       ] GC(22) Old regions: 19->19
[2025-04-29T18:10:31.215+0200][gc,heap       ] GC(22) Humongous regions: 129->129
[2025-04-29T18:10:31.215+0200][gc,metaspace  ] GC(22) Metaspace: 44747K(47820K)->44747K(47820K) NonClass: 39006K(40652K)->39006K(40652K) Class: 5740K(7168K)->5740K(7168K)
[2025-04-29T18:10:31.215+0200][gc            ] GC(22) Pause Young (Normal) (G1 Evacuation Pause) 196M->149M(1024M) 38.350ms
[2025-04-29T18:10:31.215+0200][gc,cpu        ] GC(22) User=0.23s Sys=0.00s Real=0.03s
[2025-04-29T18:19:39.473+0200][gc,start      ] GC(23) Pause Young (Normal) (G1 Evacuation Pause)
[2025-04-29T18:19:39.473+0200][gc,task       ] GC(23) Using 8 workers of 8 for evacuation
[2025-04-29T18:19:39.490+0200][gc,phases     ] GC(23)   Pre Evacuate Collection Set: 0.7ms
[2025-04-29T18:19:39.490+0200][gc,phases     ] GC(23)   Evacuate Collection Set: 8.5ms
[2025-04-29T18:19:39.490+0200][gc,phases     ] GC(23)   Post Evacuate Collection Set: 7.1ms
[2025-04-29T18:19:39.490+0200][gc,phases     ] GC(23)   Other: 0.5ms
[2025-04-29T18:19:39.490+0200][gc,heap       ] GC(23) Eden regions: 48->0(48)
[2025-04-29T18:19:39.490+0200][gc,heap       ] GC(23) Survivor regions: 3->3(7)
[2025-04-29T18:19:39.490+0200][gc,heap       ] GC(23) Old regions: 19->19
[2025-04-29T18:19:39.490+0200][gc,heap       ] GC(23) Humongous regions: 129->129
[2025-04-29T18:19:39.490+0200][gc,metaspace  ] GC(23) Metaspace: 44749K(47820K)->44749K(47820K) NonClass: 39009K(40652K)->39009K(40652K) Class: 5740K(7168K)->5740K(7168K)
[2025-04-29T18:19:39.490+0200][gc            ] GC(23) Pause Young (Normal) (G1 Evacuation Pause) 197M->149M(1024M) 17.125ms
[2025-04-29T18:19:39.490+0200][gc,cpu        ] GC(23) User=0.11s Sys=0.00s Real=0.02s
[2025-04-29T18:29:17.913+0200][gc,start      ] GC(24) Pause Young (Normal) (G1 Evacuation Pause)
[2025-04-29T18:29:17.913+0200][gc,task       ] GC(24) Using 8 workers of 8 for evacuation
[2025-04-29T18:29:17.941+0200][gc,mmu        ] GC(24) MMU target violated: 21.0ms (20.0ms/21.0ms)
[2025-04-29T18:29:17.942+0200][gc,phases     ] GC(24)   Pre Evacuate Collection Set: 0.1ms
[2025-04-29T18:29:17.942+0200][gc,phases     ] GC(24)   Evacuate Collection Set: 27.0ms
[2025-04-29T18:29:17.942+0200][gc,phases     ] GC(24)   Post Evacuate Collection Set: 1.1ms
[2025-04-29T18:29:17.942+0200][gc,phases     ] GC(24)   Other: 0.5ms
[2025-04-29T18:29:17.942+0200][gc,heap       ] GC(24) Eden regions: 48->0(48)
[2025-04-29T18:29:17.942+0200][gc,heap       ] GC(24) Survivor regions: 3->3(7)
[2025-04-29T18:29:17.942+0200][gc,heap       ] GC(24) Old regions: 19->19
[2025-04-29T18:29:17.942+0200][gc,heap       ] GC(24) Humongous regions: 129->129
[2025-04-29T18:29:17.942+0200][gc,metaspace  ] GC(24) Metaspace: 44782K(47820K)->44782K(47820K) NonClass: 39041K(40652K)->39041K(40652K) Class: 5741K(7168K)->5741K(7168K)
[2025-04-29T18:29:17.942+0200][gc            ] GC(24) Pause Young (Normal) (G1 Evacuation Pause) 197M->149M(1024M) 28.927ms
[2025-04-29T18:29:17.942+0200][gc,cpu        ] GC(24) User=0.19s Sys=0.00s Real=0.03s
[2025-04-29T18:38:57.411+0200][gc,start      ] GC(25) Pause Young (Normal) (G1 Evacuation Pause)
[2025-04-29T18:38:57.411+0200][gc,task       ] GC(25) Using 8 workers of 8 for evacuation
[2025-04-29T18:38:57.439+0200][gc,mmu        ] GC(25) MMU target violated: 21.0ms (20.0ms/21.0ms)
[2025-04-29T18:38:57.439+0200][gc,phases     ] GC(25)   Pre Evacuate Collection Set: 0.8ms
[2025-04-29T18:38:57.439+0200][gc,phases     ] GC(25)   Evacuate Collection Set: 26.2ms
[2025-04-29T18:38:57.439+0200][gc,phases     ] GC(25)   Post Evacuate Collection Set: 0.5ms
[2025-04-29T18:38:57.439+0200][gc,phases     ] GC(25)   Other: 0.7ms
[2025-04-29T18:38:57.439+0200][gc,heap       ] GC(25) Eden regions: 48->0(48)
[2025-04-29T18:38:57.439+0200][gc,heap       ] GC(25) Survivor regions: 3->3(7)
[2025-04-29T18:38:57.439+0200][gc,heap       ] GC(25) Old regions: 19->19
[2025-04-29T18:38:57.439+0200][gc,heap       ] GC(25) Humongous regions: 129->129
[2025-04-29T18:38:57.439+0200][gc,metaspace  ] GC(25) Metaspace: 44843K(47820K)->44843K(47820K) NonClass: 39101K(40652K)->39101K(40652K) Class: 5741K(7168K)->5741K(7168K)
[2025-04-29T18:38:57.439+0200][gc            ] GC(25) Pause Young (Normal) (G1 Evacuation Pause) 197M->148M(1024M) 28.469ms
[2025-04-29T18:38:57.439+0200][gc,cpu        ] GC(25) User=0.20s Sys=0.00s Real=0.03s
[2025-04-29T18:48:38.045+0200][gc,start      ] GC(26) Pause Young (Normal) (G1 Evacuation Pause)
[2025-04-29T18:48:38.045+0200][gc,task       ] GC(26) Using 8 workers of 8 for evacuation
[2025-04-29T18:48:38.069+0200][gc,mmu        ] GC(26) MMU target violated: 21.0ms (20.0ms/21.0ms)
[2025-04-29T18:48:38.069+0200][gc,phases     ] GC(26)   Pre Evacuate Collection Set: 0.1ms
[2025-04-29T18:48:38.069+0200][gc,phases     ] GC(26)   Evacuate Collection Set: 14.7ms
[2025-04-29T18:48:38.069+0200][gc,phases     ] GC(26)   Post Evacuate Collection Set: 8.9ms
[2025-04-29T18:48:38.069+0200][gc,phases     ] GC(26)   Other: 0.6ms
[2025-04-29T18:48:38.069+0200][gc,heap       ] GC(26) Eden regions: 48->0(48)
[2025-04-29T18:48:38.069+0200][gc,heap       ] GC(26) Survivor regions: 3->3(7)
[2025-04-29T18:48:38.069+0200][gc,heap       ] GC(26) Old regions: 19->19
[2025-04-29T18:48:38.069+0200][gc,heap       ] GC(26) Humongous regions: 129->129
[2025-04-29T18:48:38.069+0200][gc,metaspace  ] GC(26) Metaspace: 44856K(47820K)->44856K(47820K) NonClass: 39115K(40652K)->39115K(40652K) Class: 5741K(7168K)->5741K(7168K)
[2025-04-29T18:48:38.069+0200][gc            ] GC(26) Pause Young (Normal) (G1 Evacuation Pause) 196M->149M(1024M) 24.498ms
[2025-04-29T18:48:38.069+0200][gc,cpu        ] GC(26) User=0.17s Sys=0.00s Real=0.02s
[2025-04-29T18:58:16.785+0200][gc,start      ] GC(27) Pause Young (Normal) (G1 Evacuation Pause)
[2025-04-29T18:58:16.786+0200][gc,task       ] GC(27) Using 8 workers of 8 for evacuation
[2025-04-29T18:58:16.811+0200][gc,mmu        ] GC(27) MMU target violated: 21.0ms (20.0ms/21.0ms)
[2025-04-29T18:58:16.811+0200][gc,phases     ] GC(27)   Pre Evacuate Collection Set: 0.3ms
[2025-04-29T18:58:16.811+0200][gc,phases     ] GC(27)   Evacuate Collection Set: 15.6ms
[2025-04-29T18:58:16.811+0200][gc,phases     ] GC(27)   Post Evacuate Collection Set: 8.8ms
[2025-04-29T18:58:16.811+0200][gc,phases     ] GC(27)   Other: 0.6ms
[2025-04-29T18:58:16.811+0200][gc,heap       ] GC(27) Eden regions: 48->0(47)
[2025-04-29T18:58:16.811+0200][gc,heap       ] GC(27) Survivor regions: 3->4(7)
[2025-04-29T18:58:16.811+0200][gc,heap       ] GC(27) Old regions: 19->19
[2025-04-29T18:58:16.811+0200][gc,heap       ] GC(27) Humongous regions: 129->129
[2025-04-29T18:58:16.811+0200][gc,metaspace  ] GC(27) Metaspace: 44875K(47820K)->44875K(47820K) NonClass: 39134K(40652K)->39134K(40652K) Class: 5741K(7168K)->5741K(7168K)
[2025-04-29T18:58:16.811+0200][gc            ] GC(27) Pause Young (Normal) (G1 Evacuation Pause) 197M->149M(1024M) 25.546ms
[2025-04-29T18:58:16.811+0200][gc,cpu        ] GC(27) User=0.17s Sys=0.00s Real=0.02s
[2025-04-29T19:07:47.241+0200][gc,start      ] GC(28) Pause Young (Normal) (G1 Evacuation Pause)
[2025-04-29T19:07:47.241+0200][gc,task       ] GC(28) Using 8 workers of 8 for evacuation
[2025-04-29T19:07:47.261+0200][gc,mmu        ] GC(28) MMU target violated: 20.3ms (20.0ms/21.0ms)
[2025-04-29T19:07:47.261+0200][gc,phases     ] GC(28)   Pre Evacuate Collection Set: 0.7ms
[2025-04-29T19:07:47.261+0200][gc,phases     ] GC(28)   Evacuate Collection Set: 18.6ms
[2025-04-29T19:07:47.261+0200][gc,phases     ] GC(28)   Post Evacuate Collection Set: 0.8ms
[2025-04-29T19:07:47.262+0200][gc,phases     ] GC(28)   Other: 0.5ms
[2025-04-29T19:07:47.262+0200][gc,heap       ] GC(28) Eden regions: 47->0(47)
[2025-04-29T19:07:47.262+0200][gc,heap       ] GC(28) Survivor regions: 4->4(7)
[2025-04-29T19:07:47.262+0200][gc,heap       ] GC(28) Old regions: 19->19
[2025-04-29T19:07:47.262+0200][gc,heap       ] GC(28) Humongous regions: 129->129
[2025-04-29T19:07:47.262+0200][gc,metaspace  ] GC(28) Metaspace: 44898K(47820K)->44898K(47820K) NonClass: 39157K(40652K)->39157K(40652K) Class: 5741K(7168K)->5741K(7168K)
[2025-04-29T19:07:47.262+0200][gc            ] GC(28) Pause Young (Normal) (G1 Evacuation Pause) 196M->150M(1024M) 20.817ms
[2025-04-29T19:07:47.262+0200][gc,cpu        ] GC(28) User=0.14s Sys=0.00s Real=0.02s
[2025-04-29T19:16:53.807+0200][gc,start      ] GC(29) Pause Young (Normal) (G1 Evacuation Pause)
[2025-04-29T19:16:53.807+0200][gc,task       ] GC(29) Using 8 workers of 8 for evacuation
[2025-04-29T19:16:53.863+0200][gc,mmu        ] GC(29) MMU target violated: 21.0ms (20.0ms/21.0ms)
[2025-04-29T19:16:53.863+0200][gc,phases     ] GC(29)   Pre Evacuate Collection Set: 0.0ms
[2025-04-29T19:16:53.863+0200][gc,phases     ] GC(29)   Evacuate Collection Set: 55.6ms
[2025-04-29T19:16:53.864+0200][gc,phases     ] GC(29)   Post Evacuate Collection Set: 0.6ms
[2025-04-29T19:16:53.864+0200][gc,phases     ] GC(29)   Other: 0.5ms
[2025-04-29T19:16:53.864+0200][gc,heap       ] GC(29) Eden regions: 47->0(48)
[2025-04-29T19:16:53.864+0200][gc,heap       ] GC(29) Survivor regions: 4->3(7)
[2025-04-29T19:16:53.864+0200][gc,heap       ] GC(29) Old regions: 19->20
[2025-04-29T19:16:53.864+0200][gc,heap       ] GC(29) Humongous regions: 129->129
[2025-04-29T19:16:53.864+0200][gc,metaspace  ] GC(29) Metaspace: 44904K(47820K)->44904K(47820K) NonClass: 39163K(40652K)->39163K(40652K) Class: 5741K(7168K)->5741K(7168K)
[2025-04-29T19:16:53.864+0200][gc            ] GC(29) Pause Young (Normal) (G1 Evacuation Pause) 197M->149M(1024M) 57.014ms
[2025-04-29T19:16:53.864+0200][gc,cpu        ] GC(29) User=0.16s Sys=0.00s Real=0.06s
[2025-04-29T19:26:50.573+0200][gc,start      ] GC(30) Pause Young (Normal) (G1 Evacuation Pause)
[2025-04-29T19:26:50.573+0200][gc,task       ] GC(30) Using 8 workers of 8 for evacuation
[2025-04-29T19:26:50.592+0200][gc,phases     ] GC(30)   Pre Evacuate Collection Set: 0.1ms
[2025-04-29T19:26:50.592+0200][gc,phases     ] GC(30)   Evacuate Collection Set: 17.7ms
[2025-04-29T19:26:50.592+0200][gc,phases     ] GC(30)   Post Evacuate Collection Set: 0.5ms
[2025-04-29T19:26:50.593+0200][gc,phases     ] GC(30)   Other: 1.4ms
[2025-04-29T19:26:50.593+0200][gc,heap       ] GC(30) Eden regions: 48->0(47)
[2025-04-29T19:26:50.593+0200][gc,heap       ] GC(30) Survivor regions: 3->4(7)
[2025-04-29T19:26:50.593+0200][gc,heap       ] GC(30) Old regions: 20->20
[2025-04-29T19:26:50.593+0200][gc,heap       ] GC(30) Humongous regions: 129->129
[2025-04-29T19:26:50.593+0200][gc,metaspace  ] GC(30) Metaspace: 44905K(47820K)->44905K(47820K) NonClass: 39164K(40652K)->39164K(40652K) Class: 5741K(7168K)->5741K(7168K)
[2025-04-29T19:26:50.593+0200][gc            ] GC(30) Pause Young (Normal) (G1 Evacuation Pause) 197M->149M(1024M) 19.980ms
[2025-04-29T19:26:50.593+0200][gc,cpu        ] GC(30) User=0.14s Sys=0.00s Real=0.02s
[2025-04-29T19:36:35.709+0200][gc,start      ] GC(31) Pause Young (Normal) (G1 Evacuation Pause)
[2025-04-29T19:36:35.709+0200][gc,task       ] GC(31) Using 8 workers of 8 for evacuation
[2025-04-29T19:36:35.725+0200][gc,phases     ] GC(31)   Pre Evacuate Collection Set: 0.0ms
[2025-04-29T19:36:35.725+0200][gc,phases     ] GC(31)   Evacuate Collection Set: 14.8ms
[2025-04-29T19:36:35.725+0200][gc,phases     ] GC(31)   Post Evacuate Collection Set: 0.7ms
[2025-04-29T19:36:35.725+0200][gc,phases     ] GC(31)   Other: 0.5ms
[2025-04-29T19:36:35.725+0200][gc,heap       ] GC(31) Eden regions: 47->0(47)
[2025-04-29T19:36:35.725+0200][gc,heap       ] GC(31) Survivor regions: 4->4(7)
[2025-04-29T19:36:35.725+0200][gc,heap       ] GC(31) Old regions: 20->20
[2025-04-29T19:36:35.725+0200][gc,heap       ] GC(31) Humongous regions: 129->129
[2025-04-29T19:36:35.725+0200][gc,metaspace  ] GC(31) Metaspace: 44905K(47820K)->44905K(47820K) NonClass: 39164K(40652K)->39164K(40652K) Class: 5741K(7168K)->5741K(7168K)
[2025-04-29T19:36:35.725+0200][gc            ] GC(31) Pause Young (Normal) (G1 Evacuation Pause) 196M->150M(1024M) 16.244ms
[2025-04-29T19:36:35.725+0200][gc,cpu        ] GC(31) User=0.11s Sys=0.00s Real=0.02s
[2025-04-29T19:46:19.732+0200][gc,start      ] GC(32) Pause Young (Normal) (G1 Evacuation Pause)
[2025-04-29T19:46:19.733+0200][gc,task       ] GC(32) Using 8 workers of 8 for evacuation
[2025-04-29T19:46:19.752+0200][gc,phases     ] GC(32)   Pre Evacuate Collection Set: 0.1ms
[2025-04-29T19:46:19.752+0200][gc,phases     ] GC(32)   Evacuate Collection Set: 17.3ms
[2025-04-29T19:46:19.752+0200][gc,phases     ] GC(32)   Post Evacuate Collection Set: 0.5ms
[2025-04-29T19:46:19.752+0200][gc,phases     ] GC(32)   Other: 2.0ms
[2025-04-29T19:46:19.752+0200][gc,heap       ] GC(32) Eden regions: 47->0(48)
[2025-04-29T19:46:19.752+0200][gc,heap       ] GC(32) Survivor regions: 4->3(7)
[2025-04-29T19:46:19.752+0200][gc,heap       ] GC(32) Old regions: 20->20
[2025-04-29T19:46:19.752+0200][gc,heap       ] GC(32) Humongous regions: 129->129
[2025-04-29T19:46:19.752+0200][gc,metaspace  ] GC(32) Metaspace: 44906K(47820K)->44906K(47820K) NonClass: 39164K(40652K)->39164K(40652K) Class: 5741K(7168K)->5741K(7168K)
[2025-04-29T19:46:19.752+0200][gc            ] GC(32) Pause Young (Normal) (G1 Evacuation Pause) 197M->149M(1024M) 20.049ms
[2025-04-29T19:46:19.752+0200][gc,cpu        ] GC(32) User=0.13s Sys=0.00s Real=0.02s
[2025-04-29T19:55:12.004+0200][gc,start      ] GC(33) Pause Young (Normal) (G1 Evacuation Pause)
[2025-04-29T19:55:12.004+0200][gc,task       ] GC(33) Using 8 workers of 8 for evacuation
[2025-04-29T19:55:12.010+0200][gc,phases     ] GC(33)   Pre Evacuate Collection Set: 0.0ms
[2025-04-29T19:55:12.011+0200][gc,phases     ] GC(33)   Evacuate Collection Set: 5.3ms
[2025-04-29T19:55:12.011+0200][gc,phases     ] GC(33)   Post Evacuate Collection Set: 0.5ms
[2025-04-29T19:55:12.011+0200][gc,phases     ] GC(33)   Other: 0.5ms
[2025-04-29T19:55:12.011+0200][gc,heap       ] GC(33) Eden regions: 48->0(59)
[2025-04-29T19:55:12.011+0200][gc,heap       ] GC(33) Survivor regions: 3->3(7)
[2025-04-29T19:55:12.011+0200][gc,heap       ] GC(33) Old regions: 20->20
[2025-04-29T19:55:12.011+0200][gc,heap       ] GC(33) Humongous regions: 129->129
[2025-04-29T19:55:12.011+0200][gc,metaspace  ] GC(33) Metaspace: 45000K(48076K)->45000K(48076K) NonClass: 39259K(40908K)->39259K(40908K) Class: 5741K(7168K)->5741K(7168K)
[2025-04-29T19:55:12.011+0200][gc            ] GC(33) Pause Young (Normal) (G1 Evacuation Pause) 197M->149M(1024M) 6.669ms
[2025-04-29T19:55:12.011+0200][gc,cpu        ] GC(33) User=0.04s Sys=0.00s Real=0.00s
[2025-04-29T20:06:47.052+0200][gc,start      ] GC(34) Pause Young (Normal) (G1 Evacuation Pause)
[2025-04-29T20:06:47.052+0200][gc,task       ] GC(34) Using 8 workers of 8 for evacuation
[2025-04-29T20:06:47.073+0200][gc,mmu        ] GC(34) MMU target violated: 21.0ms (20.0ms/21.0ms)
[2025-04-29T20:06:47.073+0200][gc,phases     ] GC(34)   Pre Evacuate Collection Set: 0.8ms
[2025-04-29T20:06:47.073+0200][gc,phases     ] GC(34)   Evacuate Collection Set: 19.2ms
[2025-04-29T20:06:47.073+0200][gc,phases     ] GC(34)   Post Evacuate Collection Set: 0.6ms
[2025-04-29T20:06:47.073+0200][gc,phases     ] GC(34)   Other: 0.5ms
[2025-04-29T20:06:47.073+0200][gc,heap       ] GC(34) Eden regions: 59->0(145)
[2025-04-29T20:06:47.073+0200][gc,heap       ] GC(34) Survivor regions: 3->3(8)
[2025-04-29T20:06:47.073+0200][gc,heap       ] GC(34) Old regions: 20->20
[2025-04-29T20:06:47.073+0200][gc,heap       ] GC(34) Humongous regions: 129->129
[2025-04-29T20:06:47.073+0200][gc,metaspace  ] GC(34) Metaspace: 45094K(48076K)->45094K(48076K) NonClass: 39353K(40908K)->39353K(40908K) Class: 5741K(7168K)->5741K(7168K)
[2025-04-29T20:06:47.073+0200][gc            ] GC(34) Pause Young (Normal) (G1 Evacuation Pause) 208M->149M(1024M) 21.414ms
[2025-04-29T20:06:47.073+0200][gc,cpu        ] GC(34) User=0.07s Sys=0.00s Real=0.02s
[2025-04-29T20:35:44.209+0200][gc,start      ] GC(35) Pause Young (Normal) (G1 Evacuation Pause)
[2025-04-29T20:35:44.209+0200][gc,task       ] GC(35) Using 8 workers of 8 for evacuation
[2025-04-29T20:35:44.301+0200][gc,mmu        ] GC(35) MMU target violated: 21.0ms (20.0ms/21.0ms)
[2025-04-29T20:35:44.301+0200][gc,phases     ] GC(35)   Pre Evacuate Collection Set: 0.0ms
[2025-04-29T20:35:44.301+0200][gc,phases     ] GC(35)   Evacuate Collection Set: 83.2ms
[2025-04-29T20:35:44.301+0200][gc,phases     ] GC(35)   Post Evacuate Collection Set: 8.5ms
[2025-04-29T20:35:44.301+0200][gc,phases     ] GC(35)   Other: 0.7ms
[2025-04-29T20:35:44.301+0200][gc,heap       ] GC(35) Eden regions: 145->0(101)
[2025-04-29T20:35:44.301+0200][gc,heap       ] GC(35) Survivor regions: 3->3(19)
[2025-04-29T20:35:44.301+0200][gc,heap       ] GC(35) Old regions: 20->20
[2025-04-29T20:35:44.301+0200][gc,heap       ] GC(35) Humongous regions: 129->129
[2025-04-29T20:35:44.301+0200][gc,metaspace  ] GC(35) Metaspace: 45191K(48076K)->45191K(48076K) NonClass: 39450K(40908K)->39450K(40908K) Class: 5741K(7168K)->5741K(7168K)
[2025-04-29T20:35:44.301+0200][gc            ] GC(35) Pause Young (Normal) (G1 Evacuation Pause) 294M->149M(1024M) 92.714ms
[2025-04-29T20:35:44.301+0200][gc,cpu        ] GC(35) User=0.15s Sys=0.00s Real=0.09s
[2025-04-29T20:49:46.241+0200][gc,start      ] GC(36) Pause Young (Normal) (G1 Evacuation Pause)
[2025-04-29T20:49:46.241+0200][gc,task       ] GC(36) Using 8 workers of 8 for evacuation
[2025-04-29T20:49:46.278+0200][gc,mmu        ] GC(36) MMU target violated: 21.0ms (20.0ms/21.0ms)
[2025-04-29T20:49:46.278+0200][gc,phases     ] GC(36)   Pre Evacuate Collection Set: 1.3ms
[2025-04-29T20:49:46.278+0200][gc,phases     ] GC(36)   Evacuate Collection Set: 35.0ms
[2025-04-29T20:49:46.278+0200][gc,phases     ] GC(36)   Post Evacuate Collection Set: 0.8ms
[2025-04-29T20:49:46.278+0200][gc,phases     ] GC(36)   Other: 0.6ms
[2025-04-29T20:49:46.278+0200][gc,heap       ] GC(36) Eden regions: 69->0(48)
[2025-04-29T20:49:46.278+0200][gc,heap       ] GC(36) Survivor regions: 3->3(9)
[2025-04-29T20:49:46.278+0200][gc,heap       ] GC(36) Old regions: 20->20
[2025-04-29T20:49:46.278+0200][gc,heap       ] GC(36) Humongous regions: 129->129
[2025-04-29T20:49:46.278+0200][gc,metaspace  ] GC(36) Metaspace: 45208K(48332K)->45208K(48332K) NonClass: 39466K(41164K)->39466K(41164K) Class: 5742K(7168K)->5742K(7168K)
[2025-04-29T20:49:46.278+0200][gc            ] GC(36) Pause Young (Normal) (G1 Evacuation Pause) 218M->149M(1024M) 37.872ms
[2025-04-29T20:49:46.278+0200][gc,cpu        ] GC(36) User=0.24s Sys=0.00s Real=0.04s
[2025-04-29T20:59:38.946+0200][gc,start      ] GC(37) Pause Young (Normal) (G1 Evacuation Pause)
[2025-04-29T20:59:38.946+0200][gc,task       ] GC(37) Using 8 workers of 8 for evacuation
[2025-04-29T20:59:38.959+0200][gc,phases     ] GC(37)   Pre Evacuate Collection Set: 0.1ms
[2025-04-29T20:59:38.959+0200][gc,phases     ] GC(37)   Evacuate Collection Set: 12.6ms
[2025-04-29T20:59:38.960+0200][gc,phases     ] GC(37)   Post Evacuate Collection Set: 0.6ms
[2025-04-29T20:59:38.960+0200][gc,phases     ] GC(37)   Other: 0.5ms
[2025-04-29T20:59:38.960+0200][gc,heap       ] GC(37) Eden regions: 48->0(73)
[2025-04-29T20:59:38.960+0200][gc,heap       ] GC(37) Survivor regions: 3->4(7)
[2025-04-29T20:59:38.960+0200][gc,heap       ] GC(37) Old regions: 20->20
[2025-04-29T20:59:38.960+0200][gc,heap       ] GC(37) Humongous regions: 129->129
[2025-04-29T20:59:38.960+0200][gc,metaspace  ] GC(37) Metaspace: 45265K(48332K)->45265K(48332K) NonClass: 39521K(41164K)->39521K(41164K) Class: 5744K(7168K)->5744K(7168K)
[2025-04-29T20:59:38.960+0200][gc            ] GC(37) Pause Young (Normal) (G1 Evacuation Pause) 197M->149M(1024M) 13.870ms
[2025-04-29T20:59:38.960+0200][gc,cpu        ] GC(37) User=0.10s Sys=0.00s Real=0.01s
[2025-04-29T21:12:54.785+0200][gc,start      ] GC(38) Pause Young (Normal) (G1 Evacuation Pause)
[2025-04-29T21:12:54.785+0200][gc,task       ] GC(38) Using 8 workers of 8 for evacuation
[2025-04-29T21:12:54.814+0200][gc,mmu        ] GC(38) MMU target violated: 21.0ms (20.0ms/21.0ms)
[2025-04-29T21:12:54.814+0200][gc,phases     ] GC(38)   Pre Evacuate Collection Set: 0.3ms
[2025-04-29T21:12:54.815+0200][gc,phases     ] GC(38)   Evacuate Collection Set: 28.0ms
[2025-04-29T21:12:54.815+0200][gc,phases     ] GC(38)   Post Evacuate Collection Set: 0.6ms
[2025-04-29T21:12:54.815+0200][gc,phases     ] GC(38)   Other: 1.0ms
[2025-04-29T21:12:54.815+0200][gc,heap       ] GC(38) Eden regions: 66->0(66)
[2025-04-29T21:12:54.815+0200][gc,heap       ] GC(38) Survivor regions: 4->4(9)
[2025-04-29T21:12:54.815+0200][gc,heap       ] GC(38) Old regions: 20->20
[2025-04-29T21:12:54.815+0200][gc,heap       ] GC(38) Humongous regions: 129->129
[2025-04-29T21:12:54.815+0200][gc,metaspace  ] GC(38) Metaspace: 45317K(48332K)->45317K(48332K) NonClass: 39572K(41164K)->39572K(41164K) Class: 5744K(7168K)->5744K(7168K)
[2025-04-29T21:12:54.815+0200][gc            ] GC(38) Pause Young (Normal) (G1 Evacuation Pause) 215M->150M(1024M) 30.115ms
[2025-04-29T21:12:54.815+0200][gc,cpu        ] GC(38) User=0.20s Sys=0.00s Real=0.02s
[2025-04-29T21:25:39.031+0200][gc,start      ] GC(39) Pause Young (Normal) (G1 Evacuation Pause)
[2025-04-29T21:25:39.031+0200][gc,task       ] GC(39) Using 8 workers of 8 for evacuation
[2025-04-29T21:25:39.053+0200][gc,mmu        ] GC(39) MMU target violated: 21.0ms (20.0ms/21.0ms)
[2025-04-29T21:25:39.053+0200][gc,phases     ] GC(39)   Pre Evacuate Collection Set: 0.0ms
[2025-04-29T21:25:39.053+0200][gc,phases     ] GC(39)   Evacuate Collection Set: 20.9ms
[2025-04-29T21:25:39.053+0200][gc,phases     ] GC(39)   Post Evacuate Collection Set: 0.8ms
[2025-04-29T21:25:39.053+0200][gc,phases     ] GC(39)   Other: 0.5ms
[2025-04-29T21:25:39.053+0200][gc,heap       ] GC(39) Eden regions: 66->0(84)
[2025-04-29T21:25:39.053+0200][gc,heap       ] GC(39) Survivor regions: 4->4(9)
[2025-04-29T21:25:39.053+0200][gc,heap       ] GC(39) Old regions: 20->20
[2025-04-29T21:25:39.053+0200][gc,heap       ] GC(39) Humongous regions: 129->129
[2025-04-29T21:25:39.053+0200][gc,metaspace  ] GC(39) Metaspace: 45323K(48332K)->45323K(48332K) NonClass: 39579K(41164K)->39579K(41164K) Class: 5744K(7168K)->5744K(7168K)
[2025-04-29T21:25:39.053+0200][gc            ] GC(39) Pause Young (Normal) (G1 Evacuation Pause) 216M->150M(1024M) 22.428ms
[2025-04-29T21:25:39.053+0200][gc,cpu        ] GC(39) User=0.16s Sys=0.00s Real=0.02s
[2025-04-29T21:42:26.240+0200][gc,start      ] GC(40) Pause Young (Normal) (G1 Evacuation Pause)
[2025-04-29T21:42:26.241+0200][gc,task       ] GC(40) Using 8 workers of 8 for evacuation
[2025-04-29T21:42:26.279+0200][gc,mmu        ] GC(40) MMU target violated: 21.0ms (20.0ms/21.0ms)
[2025-04-29T21:42:26.280+0200][gc,phases     ] GC(40)   Pre Evacuate Collection Set: 0.7ms
[2025-04-29T21:42:26.280+0200][gc,phases     ] GC(40)   Evacuate Collection Set: 33.3ms
[2025-04-29T21:42:26.280+0200][gc,phases     ] GC(40)   Post Evacuate Collection Set: 4.5ms
[2025-04-29T21:42:26.280+0200][gc,phases     ] GC(40)   Other: 0.6ms
[2025-04-29T21:42:26.280+0200][gc,heap       ] GC(40) Eden regions: 84->0(56)
[2025-04-29T21:42:26.280+0200][gc,heap       ] GC(40) Survivor regions: 4->4(11)
[2025-04-29T21:42:26.280+0200][gc,heap       ] GC(40) Old regions: 20->20
[2025-04-29T21:42:26.280+0200][gc,heap       ] GC(40) Humongous regions: 129->129
[2025-04-29T21:42:26.280+0200][gc,metaspace  ] GC(40) Metaspace: 45457K(48588K)->45457K(48588K) NonClass: 39713K(41420K)->39713K(41420K) Class: 5744K(7168K)->5744K(7168K)
[2025-04-29T21:42:26.280+0200][gc            ] GC(40) Pause Young (Normal) (G1 Evacuation Pause) 234M->150M(1024M) 39.420ms
[2025-04-29T21:42:26.280+0200][gc,cpu        ] GC(40) User=0.29s Sys=0.00s Real=0.04s
[2025-04-29T21:53:39.685+0200][gc,start      ] GC(41) Pause Young (Normal) (G1 Evacuation Pause)
[2025-04-29T21:53:39.685+0200][gc,task       ] GC(41) Using 8 workers of 8 for evacuation
[2025-04-29T21:53:39.706+0200][gc,mmu        ] GC(41) MMU target violated: 21.0ms (20.0ms/21.0ms)
[2025-04-29T21:53:39.707+0200][gc,phases     ] GC(41)   Pre Evacuate Collection Set: 0.0ms
[2025-04-29T21:53:39.707+0200][gc,phases     ] GC(41)   Evacuate Collection Set: 20.8ms
[2025-04-29T21:53:39.707+0200][gc,phases     ] GC(41)   Post Evacuate Collection Set: 0.6ms
[2025-04-29T21:53:39.707+0200][gc,phases     ] GC(41)   Other: 0.5ms
[2025-04-29T21:53:39.707+0200][gc,heap       ] GC(41) Eden regions: 56->0(106)
[2025-04-29T21:53:39.707+0200][gc,heap       ] GC(41) Survivor regions: 4->4(8)
[2025-04-29T21:53:39.707+0200][gc,heap       ] GC(41) Old regions: 20->20
[2025-04-29T21:53:39.707+0200][gc,heap       ] GC(41) Humongous regions: 129->129
[2025-04-29T21:53:39.707+0200][gc,metaspace  ] GC(41) Metaspace: 45470K(48588K)->45470K(48588K) NonClass: 39726K(41420K)->39726K(41420K) Class: 5744K(7168K)->5744K(7168K)
[2025-04-29T21:53:39.707+0200][gc            ] GC(41) Pause Young (Normal) (G1 Evacuation Pause) 206M->150M(1024M) 22.105ms
[2025-04-29T21:53:39.707+0200][gc,cpu        ] GC(41) User=0.13s Sys=0.00s Real=0.02s
[2025-04-29T22:14:33.209+0200][gc,start      ] GC(42) Pause Young (Normal) (G1 Evacuation Pause)
[2025-04-29T22:14:33.209+0200][gc,task       ] GC(42) Using 8 workers of 8 for evacuation
[2025-04-29T22:14:33.232+0200][gc,mmu        ] GC(42) MMU target violated: 21.0ms (20.0ms/21.0ms)
[2025-04-29T22:14:33.232+0200][gc,phases     ] GC(42)   Pre Evacuate Collection Set: 0.0ms
[2025-04-29T22:14:33.232+0200][gc,phases     ] GC(42)   Evacuate Collection Set: 21.5ms
[2025-04-29T22:14:33.232+0200][gc,phases     ] GC(42)   Post Evacuate Collection Set: 0.6ms
[2025-04-29T22:14:33.232+0200][gc,phases     ] GC(42)   Other: 0.7ms
[2025-04-29T22:14:33.232+0200][gc,heap       ] GC(42) Eden regions: 106->0(93)
[2025-04-29T22:14:33.232+0200][gc,heap       ] GC(42) Survivor regions: 4->4(14)
[2025-04-29T22:14:33.232+0200][gc,heap       ] GC(42) Old regions: 20->20
[2025-04-29T22:14:33.232+0200][gc,heap       ] GC(42) Humongous regions: 129->129
[2025-04-29T22:14:33.232+0200][gc,metaspace  ] GC(42) Metaspace: 45494K(48588K)->45494K(48588K) NonClass: 39750K(41420K)->39750K(41420K) Class: 5744K(7168K)->5744K(7168K)
[2025-04-29T22:14:33.232+0200][gc            ] GC(42) Pause Young (Normal) (G1 Evacuation Pause) 256M->150M(1024M) 23.017ms
[2025-04-29T22:14:33.232+0200][gc,cpu        ] GC(42) User=0.16s Sys=0.00s Real=0.02s
[2025-04-29T22:32:43.415+0200][gc,start      ] GC(43) Pause Young (Normal) (G1 Evacuation Pause)
[2025-04-29T22:32:43.415+0200][gc,task       ] GC(43) Using 8 workers of 8 for evacuation
[2025-04-29T22:32:43.435+0200][gc,phases     ] GC(43)   Pre Evacuate Collection Set: 0.0ms
[2025-04-29T22:32:43.435+0200][gc,phases     ] GC(43)   Evacuate Collection Set: 17.7ms
[2025-04-29T22:32:43.435+0200][gc,phases     ] GC(43)   Post Evacuate Collection Set: 0.9ms
[2025-04-29T22:32:43.435+0200][gc,phases     ] GC(43)   Other: 1.0ms
[2025-04-29T22:32:43.435+0200][gc,heap       ] GC(43) Eden regions: 93->0(95)
[2025-04-29T22:32:43.435+0200][gc,heap       ] GC(43) Survivor regions: 4->4(13)
[2025-04-29T22:32:43.435+0200][gc,heap       ] GC(43) Old regions: 20->20
[2025-04-29T22:32:43.435+0200][gc,heap       ] GC(43) Humongous regions: 129->129
[2025-04-29T22:32:43.435+0200][gc,metaspace  ] GC(43) Metaspace: 45506K(48588K)->45506K(48588K) NonClass: 39762K(41420K)->39762K(41420K) Class: 5744K(7168K)->5744K(7168K)
[2025-04-29T22:32:43.435+0200][gc            ] GC(43) Pause Young (Normal) (G1 Evacuation Pause) 243M->150M(1024M) 19.871ms
[2025-04-29T22:32:43.435+0200][gc,cpu        ] GC(43) User=0.13s Sys=0.00s Real=0.02s
[2025-04-29T22:51:46.240+0200][gc,start      ] GC(44) Pause Young (Normal) (G1 Evacuation Pause)
[2025-04-29T22:51:46.241+0200][gc,task       ] GC(44) Using 8 workers of 8 for evacuation
[2025-04-29T22:51:46.261+0200][gc,phases     ] GC(44)   Pre Evacuate Collection Set: 0.1ms
[2025-04-29T22:51:46.261+0200][gc,phases     ] GC(44)   Evacuate Collection Set: 18.8ms
[2025-04-29T22:51:46.261+0200][gc,phases     ] GC(44)   Post Evacuate Collection Set: 0.7ms
[2025-04-29T22:51:46.261+0200][gc,phases     ] GC(44)   Other: 0.6ms
[2025-04-29T22:51:46.261+0200][gc,heap       ] GC(44) Eden regions: 95->0(98)
[2025-04-29T22:51:46.261+0200][gc,heap       ] GC(44) Survivor regions: 4->4(13)
[2025-04-29T22:51:46.261+0200][gc,heap       ] GC(44) Old regions: 20->20
[2025-04-29T22:51:46.261+0200][gc,heap       ] GC(44) Humongous regions: 129->129
[2025-04-29T22:51:46.261+0200][gc,metaspace  ] GC(44) Metaspace: 45522K(48588K)->45522K(48588K) NonClass: 39777K(41420K)->39777K(41420K) Class: 5744K(7168K)->5744K(7168K)
[2025-04-29T22:51:46.261+0200][gc            ] GC(44) Pause Young (Normal) (G1 Evacuation Pause) 245M->150M(1024M) 20.458ms
[2025-04-29T22:51:46.261+0200][gc,cpu        ] GC(44) User=0.15s Sys=0.00s Real=0.02s
