[2025-04-26T10:07:24.611+0200][gc,heap] Heap region size: 1M
[2025-04-26T10:07:24.648+0200][gc     ] Using G1
[2025-04-26T10:07:24.649+0200][gc,heap,coops] Heap address: 0x00000000c0000000, size: 1024 MB, Compressed Oops mode: 32-bit
[2025-04-26T10:07:24.649+0200][gc,cds       ] Mark closed archive regions in map: [0x00000000fff00000, 0x00000000fff6bff8]
[2025-04-26T10:07:24.649+0200][gc,cds       ] Mark open archive regions in map: [0x00000000ffe00000, 0x00000000ffe47ff8]
[2025-04-26T10:07:27.133+0200][gc,start     ] GC(0) Pause Young (Normal) (G1 Evacuation Pause)
[2025-04-26T10:07:27.135+0200][gc,task      ] GC(0) Using 8 workers of 8 for evacuation
[2025-04-26T10:07:27.147+0200][gc,phases    ] GC(0)   Pre Evacuate Collection Set: 0.0ms
[2025-04-26T10:07:27.147+0200][gc,phases    ] GC(0)   Evacuate Collection Set: 10.2ms
[2025-04-26T10:07:27.147+0200][gc,phases    ] GC(0)   Post Evacuate Collection Set: 0.8ms
[2025-04-26T10:07:27.147+0200][gc,phases    ] GC(0)   Other: 2.3ms
[2025-04-26T10:07:27.147+0200][gc,heap      ] GC(0) Eden regions: 51->0(44)
[2025-04-26T10:07:27.147+0200][gc,heap      ] GC(0) Survivor regions: 0->7(7)
[2025-04-26T10:07:27.147+0200][gc,heap      ] GC(0) Old regions: 2->2
[2025-04-26T10:07:27.147+0200][gc,heap      ] GC(0) Humongous regions: 0->0
[2025-04-26T10:07:27.147+0200][gc,metaspace ] GC(0) Metaspace: 14214K(15104K)->14214K(15104K) NonClass: 12467K(13056K)->12467K(13056K) Class: 1746K(2048K)->1746K(2048K)
[2025-04-26T10:07:27.147+0200][gc           ] GC(0) Pause Young (Normal) (G1 Evacuation Pause) 51M->7M(1024M) 13.631ms
[2025-04-26T10:07:27.147+0200][gc,cpu       ] GC(0) User=0.07s Sys=0.01s Real=0.01s
[2025-04-26T10:07:28.267+0200][gc,start     ] GC(1) Pause Young (Concurrent Start) (Metadata GC Threshold)
[2025-04-26T10:07:28.267+0200][gc,task      ] GC(1) Using 8 workers of 8 for evacuation
[2025-04-26T10:07:28.286+0200][gc,phases    ] GC(1)   Pre Evacuate Collection Set: 0.1ms
[2025-04-26T10:07:28.286+0200][gc,phases    ] GC(1)   Evacuate Collection Set: 18.2ms
[2025-04-26T10:07:28.286+0200][gc,phases    ] GC(1)   Post Evacuate Collection Set: 0.7ms
[2025-04-26T10:07:28.287+0200][gc,phases    ] GC(1)   Other: 0.7ms
[2025-04-26T10:07:28.287+0200][gc,heap      ] GC(1) Eden regions: 29->0(49)
[2025-04-26T10:07:28.287+0200][gc,heap      ] GC(1) Survivor regions: 7->2(7)
[2025-04-26T10:07:28.287+0200][gc,heap      ] GC(1) Old regions: 2->10
[2025-04-26T10:07:28.287+0200][gc,heap      ] GC(1) Humongous regions: 0->0
[2025-04-26T10:07:28.287+0200][gc,metaspace ] GC(1) Metaspace: 20525K(21248K)->20525K(21248K) NonClass: 18034K(18432K)->18034K(18432K) Class: 2491K(2816K)->2491K(2816K)
[2025-04-26T10:07:28.287+0200][gc           ] GC(1) Pause Young (Concurrent Start) (Metadata GC Threshold) 36M->8M(1024M) 19.945ms
[2025-04-26T10:07:28.287+0200][gc,cpu       ] GC(1) User=0.05s Sys=0.01s Real=0.02s
[2025-04-26T10:07:28.287+0200][gc           ] GC(2) Concurrent Cycle
[2025-04-26T10:07:28.287+0200][gc,marking   ] GC(2) Concurrent Clear Claimed Marks
[2025-04-26T10:07:28.287+0200][gc,marking   ] GC(2) Concurrent Clear Claimed Marks 0.036ms
[2025-04-26T10:07:28.287+0200][gc,marking   ] GC(2) Concurrent Scan Root Regions
[2025-04-26T10:07:28.289+0200][gc,marking   ] GC(2) Concurrent Scan Root Regions 1.733ms
[2025-04-26T10:07:28.289+0200][gc,marking   ] GC(2) Concurrent Mark (3.685s)
[2025-04-26T10:07:28.289+0200][gc,marking   ] GC(2) Concurrent Mark From Roots
[2025-04-26T10:07:28.289+0200][gc,task      ] GC(2) Using 2 workers of 2 for marking
[2025-04-26T10:07:28.298+0200][gc,marking   ] GC(2) Concurrent Mark From Roots 9.197ms
[2025-04-26T10:07:28.298+0200][gc,marking   ] GC(2) Concurrent Preclean
[2025-04-26T10:07:28.298+0200][gc,marking   ] GC(2) Concurrent Preclean 0.591ms
[2025-04-26T10:07:28.299+0200][gc,marking   ] GC(2) Concurrent Mark (3.685s, 3.695s) 9.947ms
[2025-04-26T10:07:28.299+0200][gc,start     ] GC(2) Pause Remark
[2025-04-26T10:07:28.306+0200][gc,stringtable] GC(2) Cleaned string and symbol table, strings: 5720 processed, 0 removed, symbols: 53457 processed, 45 removed
[2025-04-26T10:07:28.306+0200][gc            ] GC(2) Pause Remark 9M->9M(1024M) 7.453ms
[2025-04-26T10:07:28.306+0200][gc,cpu        ] GC(2) User=0.03s Sys=0.01s Real=0.01s
[2025-04-26T10:07:28.307+0200][gc,marking    ] GC(2) Concurrent Rebuild Remembered Sets
[2025-04-26T10:07:28.312+0200][gc,marking    ] GC(2) Concurrent Rebuild Remembered Sets 5.116ms
[2025-04-26T10:07:28.312+0200][gc,start      ] GC(2) Pause Cleanup
[2025-04-26T10:07:28.312+0200][gc            ] GC(2) Pause Cleanup 9M->9M(1024M) 0.354ms
[2025-04-26T10:07:28.313+0200][gc,cpu        ] GC(2) User=0.01s Sys=0.00s Real=0.00s
[2025-04-26T10:07:28.313+0200][gc,marking    ] GC(2) Concurrent Cleanup for Next Mark
[2025-04-26T10:07:28.327+0200][gc,marking    ] GC(2) Concurrent Cleanup for Next Mark 14.173ms
[2025-04-26T10:07:28.327+0200][gc            ] GC(2) Concurrent Cycle 40.084ms
[2025-04-26T10:07:29.686+0200][gc,start      ] GC(3) Pause Young (Normal) (G1 Evacuation Pause)
[2025-04-26T10:07:29.687+0200][gc,task       ] GC(3) Using 8 workers of 8 for evacuation
[2025-04-26T10:07:29.691+0200][gc,phases     ] GC(3)   Pre Evacuate Collection Set: 0.0ms
[2025-04-26T10:07:29.691+0200][gc,phases     ] GC(3)   Evacuate Collection Set: 3.6ms
[2025-04-26T10:07:29.691+0200][gc,phases     ] GC(3)   Post Evacuate Collection Set: 0.8ms
[2025-04-26T10:07:29.691+0200][gc,phases     ] GC(3)   Other: 0.4ms
[2025-04-26T10:07:29.692+0200][gc,heap       ] GC(3) Eden regions: 49->0(46)
[2025-04-26T10:07:29.692+0200][gc,heap       ] GC(3) Survivor regions: 2->5(7)
[2025-04-26T10:07:29.692+0200][gc,heap       ] GC(3) Old regions: 10->10
[2025-04-26T10:07:29.692+0200][gc,heap       ] GC(3) Humongous regions: 129->129
[2025-04-26T10:07:29.692+0200][gc,metaspace  ] GC(3) Metaspace: 28275K(29440K)->28275K(29440K) NonClass: 24981K(25600K)->24981K(25600K) Class: 3294K(3840K)->3294K(3840K)
[2025-04-26T10:07:29.692+0200][gc            ] GC(3) Pause Young (Normal) (G1 Evacuation Pause) 186M->141M(1024M) 5.146ms
[2025-04-26T10:07:29.692+0200][gc,cpu        ] GC(3) User=0.01s Sys=0.02s Real=0.01s
[2025-04-26T10:07:30.359+0200][gc,start      ] GC(4) Pause Young (Concurrent Start) (Metadata GC Threshold)
[2025-04-26T10:07:30.359+0200][gc,task       ] GC(4) Using 8 workers of 8 for evacuation
[2025-04-26T10:07:30.373+0200][gc,phases     ] GC(4)   Pre Evacuate Collection Set: 0.1ms
[2025-04-26T10:07:30.373+0200][gc,phases     ] GC(4)   Evacuate Collection Set: 12.7ms
[2025-04-26T10:07:30.373+0200][gc,phases     ] GC(4)   Post Evacuate Collection Set: 0.6ms
[2025-04-26T10:07:30.373+0200][gc,phases     ] GC(4)   Other: 0.5ms
[2025-04-26T10:07:30.373+0200][gc,heap       ] GC(4) Eden regions: 33->0(48)
[2025-04-26T10:07:30.373+0200][gc,heap       ] GC(4) Survivor regions: 5->3(7)
[2025-04-26T10:07:30.373+0200][gc,heap       ] GC(4) Old regions: 10->14
[2025-04-26T10:07:30.373+0200][gc,heap       ] GC(4) Humongous regions: 129->129
[2025-04-26T10:07:30.373+0200][gc,metaspace  ] GC(4) Metaspace: 34323K(35840K)->34323K(35840K) NonClass: 30321K(31232K)->30321K(31232K) Class: 4002K(4608K)->4002K(4608K)
[2025-04-26T10:07:30.373+0200][gc            ] GC(4) Pause Young (Concurrent Start) (Metadata GC Threshold) 173M->143M(1024M) 14.162ms
[2025-04-26T10:07:30.373+0200][gc,cpu        ] GC(4) User=0.03s Sys=0.01s Real=0.02s
[2025-04-26T10:07:30.373+0200][gc            ] GC(5) Concurrent Cycle
[2025-04-26T10:07:30.373+0200][gc,marking    ] GC(5) Concurrent Clear Claimed Marks
[2025-04-26T10:07:30.373+0200][gc,marking    ] GC(5) Concurrent Clear Claimed Marks 0.053ms
[2025-04-26T10:07:30.373+0200][gc,marking    ] GC(5) Concurrent Scan Root Regions
[2025-04-26T10:07:30.375+0200][gc,marking    ] GC(5) Concurrent Scan Root Regions 1.646ms
[2025-04-26T10:07:30.375+0200][gc,marking    ] GC(5) Concurrent Mark (5.771s)
[2025-04-26T10:07:30.375+0200][gc,marking    ] GC(5) Concurrent Mark From Roots
[2025-04-26T10:07:30.375+0200][gc,task       ] GC(5) Using 2 workers of 2 for marking
[2025-04-26T10:07:30.398+0200][gc,marking    ] GC(5) Concurrent Mark From Roots 23.354ms
[2025-04-26T10:07:30.399+0200][gc,marking    ] GC(5) Concurrent Preclean
[2025-04-26T10:07:30.399+0200][gc,marking    ] GC(5) Concurrent Preclean 0.535ms
[2025-04-26T10:07:30.399+0200][gc,marking    ] GC(5) Concurrent Mark (5.771s, 5.795s) 23.999ms
[2025-04-26T10:07:30.409+0200][gc,start      ] GC(5) Pause Remark
[2025-04-26T10:07:30.413+0200][gc,stringtable] GC(5) Cleaned string and symbol table, strings: 11521 processed, 12 removed, symbols: 87022 processed, 16 removed
[2025-04-26T10:07:30.414+0200][gc            ] GC(5) Pause Remark 145M->145M(1024M) 4.992ms
[2025-04-26T10:07:30.414+0200][gc,cpu        ] GC(5) User=0.02s Sys=0.00s Real=0.00s
[2025-04-26T10:07:30.414+0200][gc,marking    ] GC(5) Concurrent Rebuild Remembered Sets
[2025-04-26T10:07:30.428+0200][gc,marking    ] GC(5) Concurrent Rebuild Remembered Sets 13.724ms
[2025-04-26T10:07:30.429+0200][gc,start      ] GC(5) Pause Cleanup
[2025-04-26T10:07:30.429+0200][gc            ] GC(5) Pause Cleanup 146M->146M(1024M) 0.375ms
[2025-04-26T10:07:30.429+0200][gc,cpu        ] GC(5) User=0.00s Sys=0.00s Real=0.00s
[2025-04-26T10:07:30.430+0200][gc,marking    ] GC(5) Concurrent Cleanup for Next Mark
[2025-04-26T10:07:30.450+0200][gc,marking    ] GC(5) Concurrent Cleanup for Next Mark 20.150ms
[2025-04-26T10:07:30.450+0200][gc            ] GC(5) Concurrent Cycle 76.459ms
[2025-04-26T10:09:23.661+0200][gc,start      ] GC(6) Pause Young (Normal) (G1 Evacuation Pause)
[2025-04-26T10:09:23.661+0200][gc,task       ] GC(6) Using 8 workers of 8 for evacuation
[2025-04-26T10:09:23.672+0200][gc,phases     ] GC(6)   Pre Evacuate Collection Set: 0.0ms
[2025-04-26T10:09:23.672+0200][gc,phases     ] GC(6)   Evacuate Collection Set: 6.1ms
[2025-04-26T10:09:23.672+0200][gc,phases     ] GC(6)   Post Evacuate Collection Set: 4.2ms
[2025-04-26T10:09:23.672+0200][gc,phases     ] GC(6)   Other: 0.4ms
[2025-04-26T10:09:23.672+0200][gc,heap       ] GC(6) Eden regions: 48->0(45)
[2025-04-26T10:09:23.672+0200][gc,heap       ] GC(6) Survivor regions: 3->6(7)
[2025-04-26T10:09:23.672+0200][gc,heap       ] GC(6) Old regions: 14->14
[2025-04-26T10:09:23.672+0200][gc,heap       ] GC(6) Humongous regions: 129->129
[2025-04-26T10:09:23.672+0200][gc,metaspace  ] GC(6) Metaspace: 40978K(43596K)->40978K(43596K) NonClass: 35705K(37068K)->35705K(37068K) Class: 5273K(6528K)->5273K(6528K)
[2025-04-26T10:09:23.672+0200][gc            ] GC(6) Pause Young (Normal) (G1 Evacuation Pause) 191M->146M(1024M) 10.955ms
[2025-04-26T10:09:23.672+0200][gc,cpu        ] GC(6) User=0.05s Sys=0.00s Real=0.01s
[2025-04-26T10:33:41.895+0200][gc,start      ] GC(7) Pause Young (Normal) (G1 Evacuation Pause)
[2025-04-26T10:33:41.895+0200][gc,task       ] GC(7) Using 8 workers of 8 for evacuation
[2025-04-26T10:33:41.902+0200][gc,phases     ] GC(7)   Pre Evacuate Collection Set: 0.0ms
[2025-04-26T10:33:41.902+0200][gc,phases     ] GC(7)   Evacuate Collection Set: 5.6ms
[2025-04-26T10:33:41.902+0200][gc,phases     ] GC(7)   Post Evacuate Collection Set: 1.0ms
[2025-04-26T10:33:41.902+0200][gc,phases     ] GC(7)   Other: 0.5ms
[2025-04-26T10:33:41.902+0200][gc,heap       ] GC(7) Eden regions: 45->0(47)
[2025-04-26T10:33:41.902+0200][gc,heap       ] GC(7) Survivor regions: 6->4(7)
[2025-04-26T10:33:41.902+0200][gc,heap       ] GC(7) Old regions: 14->16
[2025-04-26T10:33:41.902+0200][gc,heap       ] GC(7) Humongous regions: 129->129
[2025-04-26T10:33:41.902+0200][gc,metaspace  ] GC(7) Metaspace: 43129K(45900K)->43129K(45900K) NonClass: 37506K(38860K)->37506K(38860K) Class: 5623K(7040K)->5623K(7040K)
[2025-04-26T10:33:41.902+0200][gc            ] GC(7) Pause Young (Normal) (G1 Evacuation Pause) 191M->147M(1024M) 7.314ms
[2025-04-26T10:33:41.902+0200][gc,cpu        ] GC(7) User=0.04s Sys=0.01s Real=0.01s
[2025-04-26T10:59:58.460+0200][gc,start      ] GC(8) Pause Young (Normal) (G1 Evacuation Pause)
[2025-04-26T10:59:58.460+0200][gc,task       ] GC(8) Using 8 workers of 8 for evacuation
[2025-04-26T10:59:58.468+0200][gc,phases     ] GC(8)   Pre Evacuate Collection Set: 0.8ms
[2025-04-26T10:59:58.468+0200][gc,phases     ] GC(8)   Evacuate Collection Set: 5.7ms
[2025-04-26T10:59:58.468+0200][gc,phases     ] GC(8)   Post Evacuate Collection Set: 1.7ms
[2025-04-26T10:59:58.468+0200][gc,phases     ] GC(8)   Other: 0.5ms
[2025-04-26T10:59:58.468+0200][gc,heap       ] GC(8) Eden regions: 47->0(45)
[2025-04-26T10:59:58.469+0200][gc,heap       ] GC(8) Survivor regions: 4->6(7)
[2025-04-26T10:59:58.469+0200][gc,heap       ] GC(8) Old regions: 16->16
[2025-04-26T10:59:58.469+0200][gc,heap       ] GC(8) Humongous regions: 129->129
[2025-04-26T10:59:58.469+0200][gc,metaspace  ] GC(8) Metaspace: 43949K(46924K)->43949K(46924K) NonClass: 38320K(39884K)->38320K(39884K) Class: 5629K(7040K)->5629K(7040K)
[2025-04-26T10:59:58.469+0200][gc            ] GC(8) Pause Young (Normal) (G1 Evacuation Pause) 194M->148M(1024M) 8.988ms
[2025-04-26T10:59:58.469+0200][gc,cpu        ] GC(8) User=0.04s Sys=0.00s Real=0.01s
[2025-04-26T11:12:18.102+0200][gc,start      ] GC(9) Pause Young (Normal) (G1 Evacuation Pause)
[2025-04-26T11:12:18.102+0200][gc,task       ] GC(9) Using 8 workers of 8 for evacuation
[2025-04-26T11:12:18.109+0200][gc,phases     ] GC(9)   Pre Evacuate Collection Set: 0.0ms
[2025-04-26T11:12:18.109+0200][gc,phases     ] GC(9)   Evacuate Collection Set: 5.5ms
[2025-04-26T11:12:18.109+0200][gc,phases     ] GC(9)   Post Evacuate Collection Set: 1.1ms
[2025-04-26T11:12:18.109+0200][gc,phases     ] GC(9)   Other: 0.5ms
[2025-04-26T11:12:18.109+0200][gc,heap       ] GC(9) Eden regions: 45->0(48)
[2025-04-26T11:12:18.109+0200][gc,heap       ] GC(9) Survivor regions: 6->3(7)
[2025-04-26T11:12:18.109+0200][gc,heap       ] GC(9) Old regions: 16->19
[2025-04-26T11:12:18.110+0200][gc,heap       ] GC(9) Humongous regions: 129->129
[2025-04-26T11:12:18.110+0200][gc,metaspace  ] GC(9) Metaspace: 44119K(46924K)->44119K(46924K) NonClass: 38480K(39884K)->38480K(39884K) Class: 5639K(7040K)->5639K(7040K)
[2025-04-26T11:12:18.110+0200][gc            ] GC(9) Pause Young (Normal) (G1 Evacuation Pause) 193M->148M(1024M) 7.396ms
[2025-04-26T11:12:18.110+0200][gc,cpu        ] GC(9) User=0.04s Sys=0.00s Real=0.01s
[2025-04-26T11:27:24.028+0200][gc,start      ] GC(10) Pause Young (Normal) (G1 Evacuation Pause)
[2025-04-26T11:27:24.028+0200][gc,task       ] GC(10) Using 8 workers of 8 for evacuation
[2025-04-26T11:27:24.039+0200][gc,phases     ] GC(10)   Pre Evacuate Collection Set: 0.7ms
[2025-04-26T11:27:24.039+0200][gc,phases     ] GC(10)   Evacuate Collection Set: 8.7ms
[2025-04-26T11:27:24.039+0200][gc,phases     ] GC(10)   Post Evacuate Collection Set: 1.1ms
[2025-04-26T11:27:24.039+0200][gc,phases     ] GC(10)   Other: 0.5ms
[2025-04-26T11:27:24.039+0200][gc,heap       ] GC(10) Eden regions: 48->0(54)
[2025-04-26T11:27:24.039+0200][gc,heap       ] GC(10) Survivor regions: 3->4(7)
[2025-04-26T11:27:24.039+0200][gc,heap       ] GC(10) Old regions: 19->19
[2025-04-26T11:27:24.039+0200][gc,heap       ] GC(10) Humongous regions: 129->129
[2025-04-26T11:27:24.039+0200][gc,metaspace  ] GC(10) Metaspace: 44196K(47180K)->44196K(47180K) NonClass: 38555K(40140K)->38555K(40140K) Class: 5640K(7040K)->5640K(7040K)
[2025-04-26T11:27:24.039+0200][gc            ] GC(10) Pause Young (Normal) (G1 Evacuation Pause) 196M->149M(1024M) 11.269ms
[2025-04-26T11:27:24.039+0200][gc,cpu        ] GC(10) User=0.05s Sys=0.00s Real=0.00s
[2025-04-26T11:44:21.883+0200][gc,start      ] GC(11) Pause Young (Normal) (G1 Evacuation Pause)
[2025-04-26T11:44:21.883+0200][gc,task       ] GC(11) Using 8 workers of 8 for evacuation
[2025-04-26T11:44:21.905+0200][gc,mmu        ] GC(11) MMU target violated: 21.0ms (20.0ms/21.0ms)
[2025-04-26T11:44:21.905+0200][gc,phases     ] GC(11)   Pre Evacuate Collection Set: 0.1ms
[2025-04-26T11:44:21.905+0200][gc,phases     ] GC(11)   Evacuate Collection Set: 20.8ms
[2025-04-26T11:44:21.905+0200][gc,phases     ] GC(11)   Post Evacuate Collection Set: 0.9ms
[2025-04-26T11:44:21.905+0200][gc,phases     ] GC(11)   Other: 0.6ms
[2025-04-26T11:44:21.905+0200][gc,heap       ] GC(11) Eden regions: 54->0(273)
[2025-04-26T11:44:21.905+0200][gc,heap       ] GC(11) Survivor regions: 4->3(8)
[2025-04-26T11:44:21.905+0200][gc,heap       ] GC(11) Old regions: 19->19
[2025-04-26T11:44:21.905+0200][gc,heap       ] GC(11) Humongous regions: 129->129
[2025-04-26T11:44:21.905+0200][gc,metaspace  ] GC(11) Metaspace: 44224K(47180K)->44224K(47180K) NonClass: 38583K(40140K)->38583K(40140K) Class: 5640K(7040K)->5640K(7040K)
[2025-04-26T11:44:21.905+0200][gc            ] GC(11) Pause Young (Normal) (G1 Evacuation Pause) 203M->148M(1024M) 22.633ms
[2025-04-26T11:44:21.905+0200][gc,cpu        ] GC(11) User=0.14s Sys=0.01s Real=0.02s
[2025-04-26T13:11:59.315+0200][gc,start      ] GC(12) Pause Young (Normal) (G1 Evacuation Pause)
[2025-04-26T13:11:59.315+0200][gc,task       ] GC(12) Using 8 workers of 8 for evacuation
[2025-04-26T13:11:59.343+0200][gc,mmu        ] GC(12) MMU target violated: 21.0ms (20.0ms/21.0ms)
[2025-04-26T13:11:59.343+0200][gc,phases     ] GC(12)   Pre Evacuate Collection Set: 0.1ms
[2025-04-26T13:11:59.343+0200][gc,phases     ] GC(12)   Evacuate Collection Set: 26.0ms
[2025-04-26T13:11:59.343+0200][gc,phases     ] GC(12)   Post Evacuate Collection Set: 1.0ms
[2025-04-26T13:11:59.343+0200][gc,phases     ] GC(12)   Other: 0.9ms
[2025-04-26T13:11:59.343+0200][gc,heap       ] GC(12) Eden regions: 273->0(50)
[2025-04-26T13:11:59.343+0200][gc,heap       ] GC(12) Survivor regions: 3->4(35)
[2025-04-26T13:11:59.343+0200][gc,heap       ] GC(12) Old regions: 19->19
[2025-04-26T13:11:59.343+0200][gc,heap       ] GC(12) Humongous regions: 129->129
[2025-04-26T13:11:59.343+0200][gc,metaspace  ] GC(12) Metaspace: 44268K(47180K)->44268K(47180K) NonClass: 38627K(40140K)->38627K(40140K) Class: 5640K(7040K)->5640K(7040K)
[2025-04-26T13:11:59.343+0200][gc            ] GC(12) Pause Young (Normal) (G1 Evacuation Pause) 421M->149M(1024M) 28.258ms
[2025-04-26T13:11:59.343+0200][gc,cpu        ] GC(12) User=0.18s Sys=0.00s Real=0.03s
[2025-04-26T13:28:19.514+0200][gc,start      ] GC(13) Pause Young (Normal) (G1 Evacuation Pause)
[2025-04-26T13:28:19.514+0200][gc,task       ] GC(13) Using 8 workers of 8 for evacuation
[2025-04-26T13:28:19.544+0200][gc,mmu        ] GC(13) MMU target violated: 21.0ms (20.0ms/21.0ms)
[2025-04-26T13:28:19.544+0200][gc,phases     ] GC(13)   Pre Evacuate Collection Set: 0.4ms
[2025-04-26T13:28:19.544+0200][gc,phases     ] GC(13)   Evacuate Collection Set: 19.9ms
[2025-04-26T13:28:19.544+0200][gc,phases     ] GC(13)   Post Evacuate Collection Set: 9.3ms
[2025-04-26T13:28:19.545+0200][gc,phases     ] GC(13)   Other: 0.6ms
[2025-04-26T13:28:19.545+0200][gc,heap       ] GC(13) Eden regions: 50->0(47)
[2025-04-26T13:28:19.545+0200][gc,heap       ] GC(13) Survivor regions: 4->4(7)
[2025-04-26T13:28:19.545+0200][gc,heap       ] GC(13) Old regions: 19->19
[2025-04-26T13:28:19.545+0200][gc,heap       ] GC(13) Humongous regions: 129->129
[2025-04-26T13:28:19.545+0200][gc,metaspace  ] GC(13) Metaspace: 44274K(47180K)->44274K(47180K) NonClass: 38633K(40140K)->38633K(40140K) Class: 5640K(7040K)->5640K(7040K)
[2025-04-26T13:28:19.545+0200][gc            ] GC(13) Pause Young (Normal) (G1 Evacuation Pause) 199M->149M(1024M) 30.323ms
[2025-04-26T13:28:19.545+0200][gc,cpu        ] GC(13) User=0.19s Sys=0.01s Real=0.03s
[2025-04-26T13:43:26.895+0200][gc,start      ] GC(14) Pause Young (Normal) (G1 Evacuation Pause)
[2025-04-26T13:43:26.895+0200][gc,task       ] GC(14) Using 8 workers of 8 for evacuation
[2025-04-26T13:43:26.905+0200][gc,phases     ] GC(14)   Pre Evacuate Collection Set: 0.0ms
[2025-04-26T13:43:26.905+0200][gc,phases     ] GC(14)   Evacuate Collection Set: 7.6ms
[2025-04-26T13:43:26.905+0200][gc,phases     ] GC(14)   Post Evacuate Collection Set: 2.2ms
[2025-04-26T13:43:26.905+0200][gc,phases     ] GC(14)   Other: 0.7ms
[2025-04-26T13:43:26.906+0200][gc,heap       ] GC(14) Eden regions: 47->0(135)
[2025-04-26T13:43:26.906+0200][gc,heap       ] GC(14) Survivor regions: 4->4(7)
[2025-04-26T13:43:26.906+0200][gc,heap       ] GC(14) Old regions: 19->19
[2025-04-26T13:43:26.906+0200][gc,heap       ] GC(14) Humongous regions: 129->129
[2025-04-26T13:43:26.906+0200][gc,metaspace  ] GC(14) Metaspace: 44300K(47180K)->44300K(47180K) NonClass: 38659K(40140K)->38659K(40140K) Class: 5640K(7040K)->5640K(7040K)
[2025-04-26T13:43:26.906+0200][gc            ] GC(14) Pause Young (Normal) (G1 Evacuation Pause) 196M->148M(1024M) 10.790ms
[2025-04-26T13:43:26.906+0200][gc,cpu        ] GC(14) User=0.06s Sys=0.00s Real=0.01s
[2025-04-26T15:21:17.020+0200][gc,start      ] GC(15) Pause Young (Normal) (G1 Evacuation Pause)
[2025-04-26T15:21:17.020+0200][gc,task       ] GC(15) Using 8 workers of 8 for evacuation
[2025-04-26T15:21:17.041+0200][gc,mmu        ] GC(15) MMU target violated: 21.0ms (20.0ms/21.0ms)
[2025-04-26T15:21:17.041+0200][gc,phases     ] GC(15)   Pre Evacuate Collection Set: 0.1ms
[2025-04-26T15:21:17.041+0200][gc,phases     ] GC(15)   Evacuate Collection Set: 11.6ms
[2025-04-26T15:21:17.041+0200][gc,phases     ] GC(15)   Post Evacuate Collection Set: 9.2ms
[2025-04-26T15:21:17.042+0200][gc,phases     ] GC(15)   Other: 0.6ms
[2025-04-26T15:21:17.042+0200][gc,heap       ] GC(15) Eden regions: 126->0(155)
[2025-04-26T15:21:17.042+0200][gc,heap       ] GC(15) Survivor regions: 4->3(17)
[2025-04-26T15:21:17.042+0200][gc,heap       ] GC(15) Old regions: 19->19
[2025-04-26T15:21:17.042+0200][gc,heap       ] GC(15) Humongous regions: 129->129
[2025-04-26T15:21:17.042+0200][gc,metaspace  ] GC(15) Metaspace: 44338K(47180K)->44338K(47180K) NonClass: 38697K(40140K)->38697K(40140K) Class: 5640K(7040K)->5640K(7040K)
[2025-04-26T15:21:17.042+0200][gc            ] GC(15) Pause Young (Normal) (G1 Evacuation Pause) 274M->148M(1024M) 21.599ms
[2025-04-26T15:21:17.042+0200][gc,cpu        ] GC(15) User=0.13s Sys=0.00s Real=0.02s
[2025-04-26T17:24:30.215+0200][gc,start      ] GC(16) Pause Young (Normal) (G1 Evacuation Pause)
[2025-04-26T17:24:30.215+0200][gc,task       ] GC(16) Using 8 workers of 8 for evacuation
[2025-04-26T17:24:30.234+0200][gc,phases     ] GC(16)   Pre Evacuate Collection Set: 0.1ms
[2025-04-26T17:24:30.234+0200][gc,phases     ] GC(16)   Evacuate Collection Set: 17.4ms
[2025-04-26T17:24:30.235+0200][gc,phases     ] GC(16)   Post Evacuate Collection Set: 1.0ms
[2025-04-26T17:24:30.235+0200][gc,phases     ] GC(16)   Other: 1.0ms
[2025-04-26T17:24:30.235+0200][gc,heap       ] GC(16) Eden regions: 155->0(158)
[2025-04-26T17:24:30.235+0200][gc,heap       ] GC(16) Survivor regions: 3->3(20)
[2025-04-26T17:24:30.235+0200][gc,heap       ] GC(16) Old regions: 19->19
[2025-04-26T17:24:30.235+0200][gc,heap       ] GC(16) Humongous regions: 129->129
[2025-04-26T17:24:30.235+0200][gc,metaspace  ] GC(16) Metaspace: 44350K(47180K)->44350K(47180K) NonClass: 38709K(40140K)->38709K(40140K) Class: 5640K(7040K)->5640K(7040K)
[2025-04-26T17:24:30.235+0200][gc            ] GC(16) Pause Young (Normal) (G1 Evacuation Pause) 303M->148M(1024M) 19.702ms
[2025-04-26T17:24:30.235+0200][gc,cpu        ] GC(16) User=0.10s Sys=0.00s Real=0.02s
[2025-04-26T18:25:45.726+0200][gc,heap,exit  ] Heap
[2025-04-26T18:25:45.726+0200][gc,heap,exit  ]  garbage-first heap   total 1048576K, used 241240K [0x00000000c0000000, 0x0000000100000000)
[2025-04-26T18:25:45.726+0200][gc,heap,exit  ]   region size 1024K, 92 young (94208K), 3 survivors (3072K)
[2025-04-26T18:25:45.726+0200][gc,heap,exit  ]  Metaspace       used 45069K, capacity 48012K, committed 48204K, reserved 1089536K
[2025-04-26T18:25:45.726+0200][gc,heap,exit  ]   class space    used 5851K, capacity 7288K, committed 7296K, reserved 1048576K
