[2025-04-29T08:49:46.331+0200][gc,heap] Heap region size: 1M
[2025-04-29T08:49:46.351+0200][gc     ] Using G1
[2025-04-29T08:49:46.351+0200][gc,heap,coops] Heap address: 0x00000000e0000000, size: 512 MB, Compressed Oops mode: 32-bit
[2025-04-29T08:49:46.352+0200][gc,cds       ] Mark closed archive regions in map: [0x00000000fff00000, 0x00000000fff6bff8]
[2025-04-29T08:49:46.353+0200][gc,cds       ] Mark open archive regions in map: [0x00000000ffe00000, 0x00000000ffe47ff8]
[2025-04-29T08:49:59.251+0200][gc,start     ] GC(0) Pause Young (Normal) (G1 Evacuation Pause)
[2025-04-29T08:49:59.253+0200][gc,task      ] GC(0) Using 8 workers of 8 for evacuation
[2025-04-29T08:49:59.266+0200][gc,phases    ] GC(0)   Pre Evacuate Collection Set: 0.0ms
[2025-04-29T08:49:59.266+0200][gc,phases    ] GC(0)   Evacuate Collection Set: 11.9ms
[2025-04-29T08:49:59.266+0200][gc,phases    ] GC(0)   Post Evacuate Collection Set: 0.6ms
[2025-04-29T08:49:59.266+0200][gc,phases    ] GC(0)   Other: 2.2ms
[2025-04-29T08:49:59.266+0200][gc,heap      ] GC(0) Eden regions: 25->0(21)
[2025-04-29T08:49:59.266+0200][gc,heap      ] GC(0) Survivor regions: 0->4(4)
[2025-04-29T08:49:59.266+0200][gc,heap      ] GC(0) Old regions: 2->6
[2025-04-29T08:49:59.266+0200][gc,heap      ] GC(0) Humongous regions: 0->0
[2025-04-29T08:49:59.266+0200][gc,metaspace ] GC(0) Metaspace: 7314K(7936K)->7314K(7936K) NonClass: 6486K(6912K)->6486K(6912K) Class: 828K(1024K)->828K(1024K)
[2025-04-29T08:49:59.266+0200][gc           ] GC(0) Pause Young (Normal) (G1 Evacuation Pause) 25M->7M(512M) 15.023ms
[2025-04-29T08:49:59.266+0200][gc,cpu       ] GC(0) User=0.07s Sys=0.01s Real=0.02s
[2025-04-29T12:06:16.656+0200][gc,start     ] GC(1) Pause Young (Normal) (G1 Evacuation Pause)
[2025-04-29T12:06:16.660+0200][gc,task      ] GC(1) Using 8 workers of 8 for evacuation
[2025-04-29T12:06:16.683+0200][gc,mmu       ] GC(1) MMU target violated: 21.0ms (20.0ms/21.0ms)
[2025-04-29T12:06:16.683+0200][gc,phases    ] GC(1)   Pre Evacuate Collection Set: 0.3ms
[2025-04-29T12:06:16.683+0200][gc,phases    ] GC(1)   Evacuate Collection Set: 22.1ms
[2025-04-29T12:06:16.683+0200][gc,phases    ] GC(1)   Post Evacuate Collection Set: 0.6ms
[2025-04-29T12:06:16.683+0200][gc,phases    ] GC(1)   Other: 21.8ms
[2025-04-29T12:06:16.683+0200][gc,heap      ] GC(1) Eden regions: 21->0(24)
[2025-04-29T12:06:16.683+0200][gc,heap      ] GC(1) Survivor regions: 4->1(4)
[2025-04-29T12:06:16.683+0200][gc,heap      ] GC(1) Old regions: 6->10
[2025-04-29T12:06:16.683+0200][gc,heap      ] GC(1) Humongous regions: 0->0
[2025-04-29T12:06:16.683+0200][gc,metaspace ] GC(1) Metaspace: 9360K(9984K)->9360K(9984K) NonClass: 8362K(8704K)->8362K(8704K) Class: 998K(1280K)->998K(1280K)
[2025-04-29T12:06:16.692+0200][gc           ] GC(1) Pause Young (Normal) (G1 Evacuation Pause) 28M->8M(512M) 27.656ms
[2025-04-29T12:06:16.692+0200][gc,cpu       ] GC(1) User=0.14s Sys=0.03s Real=0.03s
[2025-04-29T18:34:13.656+0200][gc,start     ] GC(2) Pause Young (Normal) (G1 Evacuation Pause)
[2025-04-29T18:34:13.689+0200][gc,task      ] GC(2) Using 8 workers of 8 for evacuation
[2025-04-29T18:34:13.859+0200][gc,mmu       ] GC(2) MMU target violated: 21.0ms (20.0ms/21.0ms)
[2025-04-29T18:34:13.859+0200][gc,phases    ] GC(2)   Pre Evacuate Collection Set: 0.1ms
[2025-04-29T18:34:13.859+0200][gc,phases    ] GC(2)   Evacuate Collection Set: 159.6ms
[2025-04-29T18:34:13.859+0200][gc,phases    ] GC(2)   Post Evacuate Collection Set: 9.8ms
[2025-04-29T18:34:13.859+0200][gc,phases    ] GC(2)   Other: 33.2ms
[2025-04-29T18:34:13.859+0200][gc,heap      ] GC(2) Eden regions: 24->0(24)
[2025-04-29T18:34:13.859+0200][gc,heap      ] GC(2) Survivor regions: 1->1(4)
[2025-04-29T18:34:13.859+0200][gc,heap      ] GC(2) Old regions: 10->10
[2025-04-29T18:34:13.859+0200][gc,heap      ] GC(2) Humongous regions: 0->0
[2025-04-29T18:34:13.859+0200][gc,metaspace ] GC(2) Metaspace: 9440K(9984K)->9440K(9984K) NonClass: 8442K(8704K)->8442K(8704K) Class: 998K(1280K)->998K(1280K)
[2025-04-29T18:34:13.859+0200][gc           ] GC(2) Pause Young (Normal) (G1 Evacuation Pause) 32M->8M(512M) 202.728ms
[2025-04-29T18:34:13.859+0200][gc,cpu       ] GC(2) User=0.73s Sys=0.00s Real=0.20s
