[2025-04-28T08:54:34.657+0200][gc,heap] Heap region size: 1M
[2025-04-28T08:54:34.677+0200][gc     ] Using G1
[2025-04-28T08:54:34.677+0200][gc,heap,coops] Heap address: 0x00000000e0000000, size: 512 MB, Compressed Oops mode: 32-bit
[2025-04-28T08:54:34.678+0200][gc,cds       ] Mark closed archive regions in map: [0x00000000fff00000, 0x00000000fff6bff8]
[2025-04-28T08:54:34.678+0200][gc,cds       ] Mark open archive regions in map: [0x00000000ffe00000, 0x00000000ffe47ff8]
[2025-04-28T08:54:53.424+0200][gc,start     ] GC(0) Pause Young (Normal) (G1 Evacuation Pause)
[2025-04-28T08:54:53.426+0200][gc,task      ] GC(0) Using 8 workers of 8 for evacuation
[2025-04-28T08:54:53.450+0200][gc,mmu       ] GC(0) MMU target violated: 21.0ms (20.0ms/21.0ms)
[2025-04-28T08:54:53.450+0200][gc,phases    ] GC(0)   Pre Evacuate Collection Set: 0.0ms
[2025-04-28T08:54:53.450+0200][gc,phases    ] GC(0)   Evacuate Collection Set: 23.4ms
[2025-04-28T08:54:53.450+0200][gc,phases    ] GC(0)   Post Evacuate Collection Set: 0.6ms
[2025-04-28T08:54:53.450+0200][gc,phases    ] GC(0)   Other: 2.1ms
[2025-04-28T08:54:53.450+0200][gc,heap      ] GC(0) Eden regions: 25->0(21)
[2025-04-28T08:54:53.450+0200][gc,heap      ] GC(0) Survivor regions: 0->4(4)
[2025-04-28T08:54:53.450+0200][gc,heap      ] GC(0) Old regions: 2->6
[2025-04-28T08:54:53.450+0200][gc,heap      ] GC(0) Humongous regions: 0->0
[2025-04-28T08:54:53.450+0200][gc,metaspace ] GC(0) Metaspace: 7376K(7936K)->7376K(7936K) NonClass: 6547K(6912K)->6547K(6912K) Class: 829K(1024K)->829K(1024K)
[2025-04-28T08:54:53.450+0200][gc           ] GC(0) Pause Young (Normal) (G1 Evacuation Pause) 25M->8M(512M) 26.339ms
[2025-04-28T08:54:53.451+0200][gc,cpu       ] GC(0) User=0.06s Sys=0.11s Real=0.03s
[2025-04-28T12:06:41.891+0200][gc,start     ] GC(1) Pause Young (Normal) (G1 Evacuation Pause)
[2025-04-28T12:06:41.912+0200][gc,task      ] GC(1) Using 8 workers of 8 for evacuation
[2025-04-28T12:06:41.931+0200][gc,phases    ] GC(1)   Pre Evacuate Collection Set: 0.5ms
[2025-04-28T12:06:41.931+0200][gc,phases    ] GC(1)   Evacuate Collection Set: 17.5ms
[2025-04-28T12:06:41.931+0200][gc,phases    ] GC(1)   Post Evacuate Collection Set: 0.6ms
[2025-04-28T12:06:41.931+0200][gc,phases    ] GC(1)   Other: 21.6ms
[2025-04-28T12:06:41.931+0200][gc,heap      ] GC(1) Eden regions: 21->0(24)
[2025-04-28T12:06:41.931+0200][gc,heap      ] GC(1) Survivor regions: 4->1(4)
[2025-04-28T12:06:41.931+0200][gc,heap      ] GC(1) Old regions: 6->10
[2025-04-28T12:06:41.931+0200][gc,heap      ] GC(1) Humongous regions: 0->0
[2025-04-28T12:06:41.931+0200][gc,metaspace ] GC(1) Metaspace: 9393K(9984K)->9393K(9984K) NonClass: 8395K(8704K)->8395K(8704K) Class: 998K(1280K)->998K(1280K)
[2025-04-28T12:06:41.931+0200][gc           ] GC(1) Pause Young (Normal) (G1 Evacuation Pause) 29M->8M(512M) 40.391ms
[2025-04-28T12:06:41.931+0200][gc,cpu       ] GC(1) User=0.07s Sys=0.00s Real=0.04s
[2025-04-28T18:32:00.607+0200][gc,start     ] GC(2) Pause Young (Normal) (G1 Evacuation Pause)
[2025-04-28T18:32:00.630+0200][gc,task      ] GC(2) Using 8 workers of 8 for evacuation
[2025-04-28T18:32:01.481+0200][gc,mmu       ] GC(2) MMU target violated: 21.0ms (20.0ms/21.0ms)
[2025-04-28T18:32:01.481+0200][gc,phases    ] GC(2)   Pre Evacuate Collection Set: 78.6ms
[2025-04-28T18:32:01.481+0200][gc,phases    ] GC(2)   Evacuate Collection Set: 717.1ms
[2025-04-28T18:32:01.481+0200][gc,phases    ] GC(2)   Post Evacuate Collection Set: 37.4ms
[2025-04-28T18:32:01.481+0200][gc,phases    ] GC(2)   Other: 75.2ms
[2025-04-28T18:32:01.482+0200][gc,heap      ] GC(2) Eden regions: 24->0(24)
[2025-04-28T18:32:01.482+0200][gc,heap      ] GC(2) Survivor regions: 1->1(4)
[2025-04-28T18:32:01.482+0200][gc,heap      ] GC(2) Old regions: 10->10
[2025-04-28T18:32:01.482+0200][gc,heap      ] GC(2) Humongous regions: 0->0
[2025-04-28T18:32:01.482+0200][gc,metaspace ] GC(2) Metaspace: 9476K(10240K)->9476K(10240K) NonClass: 8477K(8960K)->8477K(8960K) Class: 998K(1280K)->998K(1280K)
[2025-04-28T18:32:01.482+0200][gc           ] GC(2) Pause Young (Normal) (G1 Evacuation Pause) 32M->8M(512M) 875.002ms
[2025-04-28T18:32:01.482+0200][gc,cpu       ] GC(2) User=1.55s Sys=0.00s Real=0.88s
