[2025-04-25T10:45:09.975+0200][gc,heap] Heap region size: 1M
[2025-04-25T10:45:09.995+0200][gc     ] Using G1
[2025-04-25T10:45:09.995+0200][gc,heap,coops] Heap address: 0x00000000e0000000, size: 512 MB, Compressed Oops mode: 32-bit
[2025-04-25T10:45:09.996+0200][gc,cds       ] Mark closed archive regions in map: [0x00000000fff00000, 0x00000000fff6bff8]
[2025-04-25T10:45:09.996+0200][gc,cds       ] Mark open archive regions in map: [0x00000000ffe00000, 0x00000000ffe47ff8]
[2025-04-25T10:45:11.601+0200][gc,start     ] GC(0) Pause Young (Normal) (G1 Evacuation Pause)
[2025-04-25T10:45:11.603+0200][gc,task      ] GC(0) Using 8 workers of 8 for evacuation
[2025-04-25T10:45:11.624+0200][gc,mmu       ] GC(0) MMU target violated: 21.0ms (20.0ms/21.0ms)
[2025-04-25T10:45:11.624+0200][gc,phases    ] GC(0)   Pre Evacuate Collection Set: 0.0ms
[2025-04-25T10:45:11.624+0200][gc,phases    ] GC(0)   Evacuate Collection Set: 20.4ms
[2025-04-25T10:45:11.624+0200][gc,phases    ] GC(0)   Post Evacuate Collection Set: 0.8ms
[2025-04-25T10:45:11.624+0200][gc,phases    ] GC(0)   Other: 2.2ms
[2025-04-25T10:45:11.624+0200][gc,heap      ] GC(0) Eden regions: 25->0(21)
[2025-04-25T10:45:11.624+0200][gc,heap      ] GC(0) Survivor regions: 0->4(4)
[2025-04-25T10:45:11.624+0200][gc,heap      ] GC(0) Old regions: 2->6
[2025-04-25T10:45:11.624+0200][gc,heap      ] GC(0) Humongous regions: 0->0
[2025-04-25T10:45:11.624+0200][gc,metaspace ] GC(0) Metaspace: 7338K(7936K)->7338K(7936K) NonClass: 6510K(6912K)->6510K(6912K) Class: 828K(1024K)->828K(1024K)
[2025-04-25T10:45:11.625+0200][gc           ] GC(0) Pause Young (Normal) (G1 Evacuation Pause) 25M->7M(512M) 23.633ms
[2025-04-25T10:45:11.625+0200][gc,cpu       ] GC(0) User=0.09s Sys=0.02s Real=0.02s
[2025-04-25T13:15:11.443+0200][gc,start     ] GC(1) Pause Young (Normal) (G1 Evacuation Pause)
[2025-04-25T13:15:11.443+0200][gc,task      ] GC(1) Using 8 workers of 8 for evacuation
[2025-04-25T13:15:11.467+0200][gc,mmu       ] GC(1) MMU target violated: 21.0ms (20.0ms/21.0ms)
[2025-04-25T13:15:11.467+0200][gc,phases    ] GC(1)   Pre Evacuate Collection Set: 0.4ms
[2025-04-25T13:15:11.467+0200][gc,phases    ] GC(1)   Evacuate Collection Set: 22.6ms
[2025-04-25T13:15:11.467+0200][gc,phases    ] GC(1)   Post Evacuate Collection Set: 0.7ms
[2025-04-25T13:15:11.467+0200][gc,phases    ] GC(1)   Other: 0.8ms
[2025-04-25T13:15:11.467+0200][gc,heap      ] GC(1) Eden regions: 21->0(24)
[2025-04-25T13:15:11.467+0200][gc,heap      ] GC(1) Survivor regions: 4->1(4)
[2025-04-25T13:15:11.467+0200][gc,heap      ] GC(1) Old regions: 6->10
[2025-04-25T13:15:11.467+0200][gc,heap      ] GC(1) Humongous regions: 0->0
[2025-04-25T13:15:11.467+0200][gc,metaspace ] GC(1) Metaspace: 9429K(9984K)->9429K(9984K) NonClass: 8430K(8704K)->8430K(8704K) Class: 998K(1280K)->998K(1280K)
[2025-04-25T13:15:11.468+0200][gc           ] GC(1) Pause Young (Normal) (G1 Evacuation Pause) 28M->8M(512M) 24.579ms
[2025-04-25T13:15:11.468+0200][gc,cpu       ] GC(1) User=0.15s Sys=0.01s Real=0.02s
[2025-04-25T20:48:48.764+0200][gc,start     ] GC(2) Pause Young (Normal) (G1 Evacuation Pause)
[2025-04-25T20:48:48.779+0200][gc,task      ] GC(2) Using 8 workers of 8 for evacuation
[2025-04-25T20:48:49.009+0200][gc,mmu       ] GC(2) MMU target violated: 21.0ms (20.0ms/21.0ms)
[2025-04-25T20:48:49.009+0200][gc,phases    ] GC(2)   Pre Evacuate Collection Set: 58.7ms
[2025-04-25T20:48:49.009+0200][gc,phases    ] GC(2)   Evacuate Collection Set: 158.6ms
[2025-04-25T20:48:49.009+0200][gc,phases    ] GC(2)   Post Evacuate Collection Set: 1.9ms
[2025-04-25T20:48:49.009+0200][gc,phases    ] GC(2)   Other: 56.7ms
[2025-04-25T20:48:49.009+0200][gc,heap      ] GC(2) Eden regions: 24->0(24)
[2025-04-25T20:48:49.009+0200][gc,heap      ] GC(2) Survivor regions: 1->1(4)
[2025-04-25T20:48:49.009+0200][gc,heap      ] GC(2) Old regions: 10->10
[2025-04-25T20:48:49.009+0200][gc,heap      ] GC(2) Humongous regions: 0->0
[2025-04-25T20:48:49.009+0200][gc,metaspace ] GC(2) Metaspace: 9441K(9984K)->9441K(9984K) NonClass: 8442K(8704K)->8442K(8704K) Class: 998K(1280K)->998K(1280K)
[2025-04-25T20:48:49.009+0200][gc           ] GC(2) Pause Young (Normal) (G1 Evacuation Pause) 32M->8M(512M) 244.927ms
[2025-04-25T20:48:49.009+0200][gc,cpu       ] GC(2) User=0.14s Sys=0.06s Real=0.24s
