[2025-04-22T09:15:09.733+0200][gc,heap] Heap region size: 1M
[2025-04-22T09:15:09.755+0200][gc     ] Using G1
[2025-04-22T09:15:09.755+0200][gc,heap,coops] Heap address: 0x00000000e0000000, size: 512 MB, Compressed Oops mode: 32-bit
[2025-04-22T09:15:09.755+0200][gc,cds       ] Mark closed archive regions in map: [0x00000000fff00000, 0x00000000fff6bff8]
[2025-04-22T09:15:09.755+0200][gc,cds       ] Mark open archive regions in map: [0x00000000ffe00000, 0x00000000ffe47ff8]
[2025-04-22T09:15:13.899+0200][gc,start     ] GC(0) Pause Young (Normal) (G1 Evacuation Pause)
[2025-04-22T09:15:13.901+0200][gc,task      ] GC(0) Using 8 workers of 8 for evacuation
[2025-04-22T09:15:13.912+0200][gc,phases    ] GC(0)   Pre Evacuate Collection Set: 0.0ms
[2025-04-22T09:15:13.912+0200][gc,phases    ] GC(0)   Evacuate Collection Set: 10.5ms
[2025-04-22T09:15:13.912+0200][gc,phases    ] GC(0)   Post Evacuate Collection Set: 0.7ms
[2025-04-22T09:15:13.913+0200][gc,phases    ] GC(0)   Other: 2.4ms
[2025-04-22T09:15:13.913+0200][gc,heap      ] GC(0) Eden regions: 25->0(21)
[2025-04-22T09:15:13.913+0200][gc,heap      ] GC(0) Survivor regions: 0->4(4)
[2025-04-22T09:15:13.913+0200][gc,heap      ] GC(0) Old regions: 2->6
[2025-04-22T09:15:13.913+0200][gc,heap      ] GC(0) Humongous regions: 0->0
[2025-04-22T09:15:13.913+0200][gc,metaspace ] GC(0) Metaspace: 7355K(7936K)->7355K(7936K) NonClass: 6527K(6912K)->6527K(6912K) Class: 828K(1024K)->828K(1024K)
[2025-04-22T09:15:13.913+0200][gc           ] GC(0) Pause Young (Normal) (G1 Evacuation Pause) 25M->8M(512M) 13.856ms
[2025-04-22T09:15:13.913+0200][gc,cpu       ] GC(0) User=0.05s Sys=0.02s Real=0.02s
[2025-04-22T12:27:09.215+0200][gc,start     ] GC(1) Pause Young (Normal) (G1 Evacuation Pause)
[2025-04-22T12:27:09.215+0200][gc,task      ] GC(1) Using 8 workers of 8 for evacuation
[2025-04-22T12:27:09.226+0200][gc,phases    ] GC(1)   Pre Evacuate Collection Set: 0.1ms
[2025-04-22T12:27:09.226+0200][gc,phases    ] GC(1)   Evacuate Collection Set: 9.3ms
[2025-04-22T12:27:09.226+0200][gc,phases    ] GC(1)   Post Evacuate Collection Set: 0.7ms
[2025-04-22T12:27:09.226+0200][gc,phases    ] GC(1)   Other: 0.5ms
[2025-04-22T12:27:09.226+0200][gc,heap      ] GC(1) Eden regions: 21->0(24)
[2025-04-22T12:27:09.226+0200][gc,heap      ] GC(1) Survivor regions: 4->1(4)
[2025-04-22T12:27:09.226+0200][gc,heap      ] GC(1) Old regions: 6->10
[2025-04-22T12:27:09.226+0200][gc,heap      ] GC(1) Humongous regions: 0->0
[2025-04-22T12:27:09.226+0200][gc,metaspace ] GC(1) Metaspace: 9390K(9984K)->9390K(9984K) NonClass: 8391K(8704K)->8391K(8704K) Class: 998K(1280K)->998K(1280K)
[2025-04-22T12:27:09.226+0200][gc           ] GC(1) Pause Young (Normal) (G1 Evacuation Pause) 29M->8M(512M) 10.807ms
[2025-04-22T12:27:09.226+0200][gc,cpu       ] GC(1) User=0.07s Sys=0.00s Real=0.01s
[2025-04-22T18:54:26.174+0200][gc,start     ] GC(2) Pause Young (Normal) (G1 Evacuation Pause)
[2025-04-22T18:54:26.174+0200][gc,task      ] GC(2) Using 8 workers of 8 for evacuation
[2025-04-22T18:54:26.182+0200][gc,phases    ] GC(2)   Pre Evacuate Collection Set: 0.2ms
[2025-04-22T18:54:26.182+0200][gc,phases    ] GC(2)   Evacuate Collection Set: 4.3ms
[2025-04-22T18:54:26.182+0200][gc,phases    ] GC(2)   Post Evacuate Collection Set: 3.4ms
[2025-04-22T18:54:26.182+0200][gc,phases    ] GC(2)   Other: 0.3ms
[2025-04-22T18:54:26.182+0200][gc,heap      ] GC(2) Eden regions: 24->0(24)
[2025-04-22T18:54:26.182+0200][gc,heap      ] GC(2) Survivor regions: 1->1(4)
[2025-04-22T18:54:26.182+0200][gc,heap      ] GC(2) Old regions: 10->10
[2025-04-22T18:54:26.182+0200][gc,heap      ] GC(2) Humongous regions: 0->0
[2025-04-22T18:54:26.182+0200][gc,metaspace ] GC(2) Metaspace: 9455K(9984K)->9455K(9984K) NonClass: 8457K(8704K)->8457K(8704K) Class: 998K(1280K)->998K(1280K)
[2025-04-22T18:54:26.182+0200][gc           ] GC(2) Pause Young (Normal) (G1 Evacuation Pause) 32M->8M(512M) 8.458ms
[2025-04-22T18:54:26.183+0200][gc,cpu       ] GC(2) User=0.04s Sys=0.00s Real=0.01s
