[2025-04-20T22:51:55.077+0200][gc,heap] Heap region size: 1M
[2025-04-20T22:51:55.097+0200][gc     ] Using G1
[2025-04-20T22:51:55.097+0200][gc,heap,coops] Heap address: 0x00000000e0000000, size: 512 MB, Compressed Oops mode: 32-bit
[2025-04-20T22:51:55.098+0200][gc,cds       ] Mark closed archive regions in map: [0x00000000fff00000, 0x00000000fff6bff8]
[2025-04-20T22:51:55.098+0200][gc,cds       ] Mark open archive regions in map: [0x00000000ffe00000, 0x00000000ffe47ff8]
[2025-04-20T22:51:59.244+0200][gc,start     ] GC(0) Pause Young (Normal) (G1 Evacuation Pause)
[2025-04-20T22:51:59.245+0200][gc,task      ] GC(0) Using 8 workers of 8 for evacuation
[2025-04-20T22:51:59.261+0200][gc,phases    ] GC(0)   Pre Evacuate Collection Set: 0.0ms
[2025-04-20T22:51:59.261+0200][gc,phases    ] GC(0)   Evacuate Collection Set: 14.7ms
[2025-04-20T22:51:59.261+0200][gc,phases    ] GC(0)   Post Evacuate Collection Set: 0.7ms
[2025-04-20T22:51:59.261+0200][gc,phases    ] GC(0)   Other: 1.9ms
[2025-04-20T22:51:59.261+0200][gc,heap      ] GC(0) Eden regions: 25->0(21)
[2025-04-20T22:51:59.261+0200][gc,heap      ] GC(0) Survivor regions: 0->4(4)
[2025-04-20T22:51:59.261+0200][gc,heap      ] GC(0) Old regions: 2->6
[2025-04-20T22:51:59.261+0200][gc,heap      ] GC(0) Humongous regions: 0->0
[2025-04-20T22:51:59.261+0200][gc,metaspace ] GC(0) Metaspace: 7357K(7936K)->7357K(7936K) NonClass: 6529K(6912K)->6529K(6912K) Class: 828K(1024K)->828K(1024K)
[2025-04-20T22:51:59.261+0200][gc           ] GC(0) Pause Young (Normal) (G1 Evacuation Pause) 25M->7M(512M) 17.584ms
[2025-04-20T22:51:59.261+0200][gc,cpu       ] GC(0) User=0.05s Sys=0.03s Real=0.02s
[2025-04-21T01:18:12.576+0200][gc,start     ] GC(1) Pause Young (Normal) (G1 Evacuation Pause)
[2025-04-21T01:18:12.576+0200][gc,task      ] GC(1) Using 8 workers of 8 for evacuation
[2025-04-21T01:18:12.606+0200][gc,mmu       ] GC(1) MMU target violated: 21.0ms (20.0ms/21.0ms)
[2025-04-21T01:18:12.606+0200][gc,phases    ] GC(1)   Pre Evacuate Collection Set: 0.1ms
[2025-04-21T01:18:12.606+0200][gc,phases    ] GC(1)   Evacuate Collection Set: 26.5ms
[2025-04-21T01:18:12.606+0200][gc,phases    ] GC(1)   Post Evacuate Collection Set: 3.1ms
[2025-04-21T01:18:12.606+0200][gc,phases    ] GC(1)   Other: 0.5ms
[2025-04-21T01:18:12.606+0200][gc,heap      ] GC(1) Eden regions: 21->0(24)
[2025-04-21T01:18:12.606+0200][gc,heap      ] GC(1) Survivor regions: 4->1(4)
[2025-04-21T01:18:12.606+0200][gc,heap      ] GC(1) Old regions: 6->10
[2025-04-21T01:18:12.606+0200][gc,heap      ] GC(1) Humongous regions: 0->0
[2025-04-21T01:18:12.606+0200][gc,metaspace ] GC(1) Metaspace: 9410K(9984K)->9410K(9984K) NonClass: 8412K(8704K)->8412K(8704K) Class: 998K(1280K)->998K(1280K)
[2025-04-21T01:18:12.607+0200][gc           ] GC(1) Pause Young (Normal) (G1 Evacuation Pause) 28M->8M(512M) 30.226ms
[2025-04-21T01:18:12.607+0200][gc,cpu       ] GC(1) User=0.09s Sys=0.01s Real=0.03s
