[2025-04-27T07:54:20.303+0200][gc,heap] Heap region size: 1M
[2025-04-27T07:54:20.324+0200][gc     ] Using G1
[2025-04-27T07:54:20.324+0200][gc,heap,coops] Heap address: 0x00000000e0000000, size: 512 MB, Compressed Oops mode: 32-bit
[2025-04-27T07:54:20.325+0200][gc,cds       ] Mark closed archive regions in map: [0x00000000fff00000, 0x00000000fff6bff8]
[2025-04-27T07:54:20.325+0200][gc,cds       ] Mark open archive regions in map: [0x00000000ffe00000, 0x00000000ffe47ff8]
[2025-04-27T07:54:24.221+0200][gc,start     ] GC(0) Pause Young (Normal) (G1 Evacuation Pause)
[2025-04-27T07:54:24.223+0200][gc,task      ] GC(0) Using 8 workers of 8 for evacuation
[2025-04-27T07:54:24.233+0200][gc,phases    ] GC(0)   Pre Evacuate Collection Set: 0.0ms
[2025-04-27T07:54:24.233+0200][gc,phases    ] GC(0)   Evacuate Collection Set: 9.2ms
[2025-04-27T07:54:24.233+0200][gc,phases    ] GC(0)   Post Evacuate Collection Set: 0.7ms
[2025-04-27T07:54:24.233+0200][gc,phases    ] GC(0)   Other: 2.5ms
[2025-04-27T07:54:24.233+0200][gc,heap      ] GC(0) Eden regions: 25->0(21)
[2025-04-27T07:54:24.233+0200][gc,heap      ] GC(0) Survivor regions: 0->4(4)
[2025-04-27T07:54:24.233+0200][gc,heap      ] GC(0) Old regions: 2->6
[2025-04-27T07:54:24.233+0200][gc,heap      ] GC(0) Humongous regions: 0->0
[2025-04-27T07:54:24.233+0200][gc,metaspace ] GC(0) Metaspace: 7355K(7936K)->7355K(7936K) NonClass: 6527K(6912K)->6527K(6912K) Class: 828K(1024K)->828K(1024K)
[2025-04-27T07:54:24.233+0200][gc           ] GC(0) Pause Young (Normal) (G1 Evacuation Pause) 25M->8M(512M) 12.691ms
[2025-04-27T07:54:24.233+0200][gc,cpu       ] GC(0) User=0.06s Sys=0.01s Real=0.01s
[2025-04-27T10:16:54.765+0200][gc,start     ] GC(1) Pause Young (Normal) (G1 Evacuation Pause)
[2025-04-27T10:16:54.766+0200][gc,task      ] GC(1) Using 8 workers of 8 for evacuation
[2025-04-27T10:16:54.795+0200][gc,mmu       ] GC(1) MMU target violated: 21.0ms (20.0ms/21.0ms)
[2025-04-27T10:16:54.796+0200][gc,phases    ] GC(1)   Pre Evacuate Collection Set: 0.9ms
[2025-04-27T10:16:54.796+0200][gc,phases    ] GC(1)   Evacuate Collection Set: 28.0ms
[2025-04-27T10:16:54.796+0200][gc,phases    ] GC(1)   Post Evacuate Collection Set: 0.6ms
[2025-04-27T10:16:54.796+0200][gc,phases    ] GC(1)   Other: 0.6ms
[2025-04-27T10:16:54.796+0200][gc,heap      ] GC(1) Eden regions: 21->0(24)
[2025-04-27T10:16:54.796+0200][gc,heap      ] GC(1) Survivor regions: 4->1(4)
[2025-04-27T10:16:54.796+0200][gc,heap      ] GC(1) Old regions: 6->10
[2025-04-27T10:16:54.796+0200][gc,heap      ] GC(1) Humongous regions: 0->0
[2025-04-27T10:16:54.796+0200][gc,metaspace ] GC(1) Metaspace: 9460K(10240K)->9460K(10240K) NonClass: 8462K(8960K)->8462K(8960K) Class: 998K(1280K)->998K(1280K)
[2025-04-27T10:16:54.796+0200][gc           ] GC(1) Pause Young (Normal) (G1 Evacuation Pause) 29M->8M(512M) 30.298ms
[2025-04-27T10:16:54.796+0200][gc,cpu       ] GC(1) User=0.22s Sys=0.00s Real=0.03s
[2025-04-27T16:29:36.012+0200][gc,heap,exit ] Heap
[2025-04-27T16:29:36.012+0200][gc,heap,exit ]  garbage-first heap   total 524288K, used 29535K [0x00000000e0000000, 0x0000000100000000)
[2025-04-27T16:29:36.012+0200][gc,heap,exit ]   region size 1024K, 22 young (22528K), 1 survivors (1024K)
[2025-04-27T16:29:36.012+0200][gc,heap,exit ]  Metaspace       used 9489K, capacity 9912K, committed 10240K, reserved 1058816K
[2025-04-27T16:29:36.012+0200][gc,heap,exit ]   class space    used 999K, capacity 1163K, committed 1280K, reserved 1048576K
