[2025-04-24T09:31:40.369+0200][gc,heap] Heap region size: 1M
[2025-04-24T09:31:40.390+0200][gc     ] Using G1
[2025-04-24T09:31:40.390+0200][gc,heap,coops] Heap address: 0x00000000e0000000, size: 512 MB, Compressed Oops mode: 32-bit
[2025-04-24T09:31:40.391+0200][gc,cds       ] Mark closed archive regions in map: [0x00000000fff00000, 0x00000000fff6bff8]
[2025-04-24T09:31:40.391+0200][gc,cds       ] Mark open archive regions in map: [0x00000000ffe00000, 0x00000000ffe47ff8]
[2025-04-24T09:31:53.297+0200][gc,start     ] GC(0) Pause Young (Normal) (G1 Evacuation Pause)
[2025-04-24T09:31:53.298+0200][gc,task      ] GC(0) Using 8 workers of 8 for evacuation
[2025-04-24T09:31:53.310+0200][gc,phases    ] GC(0)   Pre Evacuate Collection Set: 0.0ms
[2025-04-24T09:31:53.310+0200][gc,phases    ] GC(0)   Evacuate Collection Set: 10.9ms
[2025-04-24T09:31:53.310+0200][gc,phases    ] GC(0)   Post Evacuate Collection Set: 0.7ms
[2025-04-24T09:31:53.310+0200][gc,phases    ] GC(0)   Other: 2.1ms
[2025-04-24T09:31:53.310+0200][gc,heap      ] GC(0) Eden regions: 25->0(21)
[2025-04-24T09:31:53.310+0200][gc,heap      ] GC(0) Survivor regions: 0->4(4)
[2025-04-24T09:31:53.310+0200][gc,heap      ] GC(0) Old regions: 2->6
[2025-04-24T09:31:53.310+0200][gc,heap      ] GC(0) Humongous regions: 0->0
[2025-04-24T09:31:53.310+0200][gc,metaspace ] GC(0) Metaspace: 7351K(7936K)->7351K(7936K) NonClass: 6523K(6912K)->6523K(6912K) Class: 828K(1024K)->828K(1024K)
[2025-04-24T09:31:53.310+0200][gc           ] GC(0) Pause Young (Normal) (G1 Evacuation Pause) 25M->7M(512M) 13.881ms
[2025-04-24T09:31:53.311+0200][gc,cpu       ] GC(0) User=0.07s Sys=0.01s Real=0.01s
[2025-04-24T11:45:42.192+0200][gc,start     ] GC(1) Pause Young (Normal) (G1 Evacuation Pause)
[2025-04-24T11:45:42.193+0200][gc,task      ] GC(1) Using 8 workers of 8 for evacuation
[2025-04-24T11:45:42.215+0200][gc,mmu       ] GC(1) MMU target violated: 21.0ms (20.0ms/21.0ms)
[2025-04-24T11:45:42.215+0200][gc,phases    ] GC(1)   Pre Evacuate Collection Set: 0.4ms
[2025-04-24T11:45:42.215+0200][gc,phases    ] GC(1)   Evacuate Collection Set: 20.9ms
[2025-04-24T11:45:42.215+0200][gc,phases    ] GC(1)   Post Evacuate Collection Set: 0.7ms
[2025-04-24T11:45:42.215+0200][gc,phases    ] GC(1)   Other: 0.7ms
[2025-04-24T11:45:42.215+0200][gc,heap      ] GC(1) Eden regions: 21->0(24)
[2025-04-24T11:45:42.215+0200][gc,heap      ] GC(1) Survivor regions: 4->1(4)
[2025-04-24T11:45:42.215+0200][gc,heap      ] GC(1) Old regions: 6->10
[2025-04-24T11:45:42.215+0200][gc,heap      ] GC(1) Humongous regions: 0->0
[2025-04-24T11:45:42.215+0200][gc,metaspace ] GC(1) Metaspace: 9456K(10240K)->9456K(10240K) NonClass: 8458K(8960K)->8458K(8960K) Class: 998K(1280K)->998K(1280K)
[2025-04-24T11:45:42.215+0200][gc           ] GC(1) Pause Young (Normal) (G1 Evacuation Pause) 28M->8M(512M) 22.907ms
[2025-04-24T11:45:42.215+0200][gc,cpu       ] GC(1) User=0.15s Sys=0.01s Real=0.02s
[2025-04-24T19:10:13.124+0200][gc,start     ] GC(2) Pause Young (Normal) (G1 Evacuation Pause)
[2025-04-24T19:10:13.143+0200][gc,task      ] GC(2) Using 8 workers of 8 for evacuation
[2025-04-24T19:10:13.160+0200][gc,phases    ] GC(2)   Pre Evacuate Collection Set: 0.5ms
[2025-04-24T19:10:13.160+0200][gc,phases    ] GC(2)   Evacuate Collection Set: 9.0ms
[2025-04-24T19:10:13.160+0200][gc,phases    ] GC(2)   Post Evacuate Collection Set: 7.7ms
[2025-04-24T19:10:13.160+0200][gc,phases    ] GC(2)   Other: 19.1ms
[2025-04-24T19:10:13.160+0200][gc,heap      ] GC(2) Eden regions: 24->0(24)
[2025-04-24T19:10:13.160+0200][gc,heap      ] GC(2) Survivor regions: 1->1(4)
[2025-04-24T19:10:13.160+0200][gc,heap      ] GC(2) Old regions: 10->10
[2025-04-24T19:10:13.160+0200][gc,heap      ] GC(2) Humongous regions: 0->0
[2025-04-24T19:10:13.160+0200][gc,metaspace ] GC(2) Metaspace: 9468K(10240K)->9468K(10240K) NonClass: 8470K(8960K)->8470K(8960K) Class: 998K(1280K)->998K(1280K)
[2025-04-24T19:10:13.161+0200][gc           ] GC(2) Pause Young (Normal) (G1 Evacuation Pause) 32M->8M(512M) 36.444ms
[2025-04-24T19:10:13.161+0200][gc,cpu       ] GC(2) User=0.10s Sys=0.00s Real=0.04s
[2025-04-25T02:55:27.012+0200][gc,start     ] GC(3) Pause Young (Normal) (G1 Evacuation Pause)
[2025-04-25T02:55:27.012+0200][gc,task      ] GC(3) Using 8 workers of 8 for evacuation
[2025-04-25T02:55:27.024+0200][gc,phases    ] GC(3)   Pre Evacuate Collection Set: 0.0ms
[2025-04-25T02:55:27.024+0200][gc,phases    ] GC(3)   Evacuate Collection Set: 10.7ms
[2025-04-25T02:55:27.024+0200][gc,phases    ] GC(3)   Post Evacuate Collection Set: 1.3ms
[2025-04-25T02:55:27.024+0200][gc,phases    ] GC(3)   Other: 0.3ms
[2025-04-25T02:55:27.025+0200][gc,heap      ] GC(3) Eden regions: 24->0(24)
[2025-04-25T02:55:27.025+0200][gc,heap      ] GC(3) Survivor regions: 1->1(4)
[2025-04-25T02:55:27.025+0200][gc,heap      ] GC(3) Old regions: 10->10
[2025-04-25T02:55:27.025+0200][gc,heap      ] GC(3) Humongous regions: 0->0
[2025-04-25T02:55:27.025+0200][gc,metaspace ] GC(3) Metaspace: 9468K(10240K)->9468K(10240K) NonClass: 8470K(8960K)->8470K(8960K) Class: 998K(1280K)->998K(1280K)
[2025-04-25T02:55:27.025+0200][gc           ] GC(3) Pause Young (Normal) (G1 Evacuation Pause) 32M->8M(512M) 12.531ms
[2025-04-25T02:55:27.025+0200][gc,cpu       ] GC(3) User=0.09s Sys=0.00s Real=0.01s
[2025-04-25T02:55:40.471+0200][gc,heap,exit ] Heap
[2025-04-25T02:55:40.471+0200][gc,heap,exit ]  garbage-first heap   total 524288K, used 9933K [0x00000000e0000000, 0x0000000100000000)
[2025-04-25T02:55:40.471+0200][gc,heap,exit ]   region size 1024K, 3 young (3072K), 1 survivors (1024K)
[2025-04-25T02:55:40.471+0200][gc,heap,exit ]  Metaspace       used 9490K, capacity 9912K, committed 10240K, reserved 1058816K
[2025-04-25T02:55:40.471+0200][gc,heap,exit ]   class space    used 999K, capacity 1163K, committed 1280K, reserved 1048576K
